 andyos

 Timestamp is 59e8f03c (Thu Oct 19 20:34:36 2017)

 Preferred load address is 00100000

 Start         Length     Name                   Class
 0001:00000000 0000c24eH .text$mn                CODE
 0002:00000000 00000000H .gfids$y                DATA
 0002:00000000 000007f4H .rdata                  DATA
 0002:000007f4 00000254H .rdata$r                DATA
 0002:00000a48 00000000H .edata                  DATA
 0002:00000a48 00000100H .rdata$zzzdbg           DATA
 0003:00000000 00001200H .data                   DATA
 0003:00001200 000000d0H .data$r                 DATA
 0003:000012d0 00002fbcH .bss                    DATA

  Address         Publics by Value              Rva+Base       Lib:Object

 0000:00000000       ___hybrid_code_map         00000000     <absolute>
 0000:00000000       ___guard_longjmp_count     00000000     <absolute>
 0000:00000000       ___safe_se_handler_count   00000000     <absolute>
 0000:00000000       ___hybrid_auxiliary_iat    00000000     <absolute>
 0000:00000000       ___guard_longjmp_table     00000000     <absolute>
 0000:00000000       ___guard_flags             00000000     <absolute>
 0000:00000000       ___dynamic_value_reloc_table 00000000     <absolute>
 0000:00000000       ___guard_iat_count         00000000     <absolute>
 0000:00000000       ___guard_fids_count        00000000     <absolute>
 0000:00000000       ___hybrid_code_map_count   00000000     <absolute>
 0000:00000000       ___enclave_config          00000000     <absolute>
 0000:00000000       ___guard_fids_table        00000000     <absolute>
 0000:00000000       ___guard_iat_table         00000000     <absolute>
 0000:00000000       ___safe_se_handler_table   00000000     <absolute>
 0001:00000000       ?Entry@@YAXPAUMULTIBOOT_HEADER@@@Z 00100400 f   boot.obj
 0001:00000030       ??0BMP@@QAE@PAX@Z          00100430 f   bmp.obj
 0001:000000c0       ??0BMP@@QAE@PAXHH@Z        001004c0 f   bmp.obj
 0001:00000110       ?BitBlt@Drawing@@SAXUGC@@HHHH0HH_N@Z 00100510 f   drawing.obj
 0001:00000370       ?BlendAlpha@Drawing@@CAIII@Z 00100770 f i drawing.obj
 0001:00000430       ?Clear@Drawing@@SAXIUGC@@@Z 00100830 f   drawing.obj
 0001:00000480       ?Draw@Drawing@@SAXUGC@@@Z  00100880 f   drawing.obj
 0001:000004b0       ?DrawBezierCube@Drawing@@SAXPAUPoint@@HUGC@@@Z 001008b0 f   drawing.obj
 0001:00000710       ?DrawBezierQuad@Drawing@@SAXPAUPoint@@HUGC@@@Z 00100b10 f   drawing.obj
 0001:00000850       ?DrawImage@Drawing@@SAXHHHHPAUBMP@@UGC@@@Z 00100c50 f   drawing.obj
 0001:00000950       ?DrawLine@Drawing@@SAXHHHHIUGC@@@Z 00100d50 f   drawing.obj
 0001:00000a70       ?DrawRect@Drawing@@SAXHHHHHIUGC@@@Z 00100e70 f   drawing.obj
 0001:00000b40       ?DrawText@Drawing@@SAXHHPADIIUGC@@@Z 00100f40 f   drawing.obj
 0001:00000c50       ?DrawText@Drawing@@SAXHHPADIUGC@@@Z 00101050 f   drawing.obj
 0001:00000d20       ?FillRect@Drawing@@SAXHHHHIUGC@@@Z 00101120 f   drawing.obj
 0001:00000dd0       ?Init@Drawing@@SAIHHPAI@Z  001011d0 f   drawing.obj
 0001:00000e60       ?SetPixel@Drawing@@SAXHHIUGC@@@Z 00101260 f   drawing.obj
 0001:00000eb0       ??0Font@@QAE@PAD@Z         001012b0 f   font.obj
 0001:000010b0       ?FindTable@Font@@AAEPAUTTF_TABLE@@PAD@Z 001014b0 f   font.obj
 0001:00001100       ?GetGlyphOffset@Font@@AAEIH@Z 00101500 f   font.obj
 0001:00001180       ?Print@Font@@AAE_NHHHM@Z   00101580 f   font.obj
 0001:000016d0       ?ReadHead@Font@@AAEXXZ     00101ad0 f   font.obj
 0001:00001880       ?Init@VBE@@SAIPAUVBE_MODE_INFO@@@Z 00101c80 f   vbe.obj
 0001:000018f0       ?AC97_ISR@AC97@@CAXXZ      00101cf0 f   ac97.obj
 0001:000019b0       ?Init@AC97@@SAIPAUPCI_DEVICE@@@Z 00101db0 f   ac97.obj
 0001:00001ca0       ?ATA_Interrupt@ATA@@CAXXZ  001020a0 f   ata.obj
 0001:00001cb0       ?Init@ATA@@SAIXZ           001020b0 f   ata.obj
 0001:00001ce0       ?Read@ATA@@SAIHHHAAPADH@Z  001020e0 f   ata.obj
 0001:00001ef0       ?ReadSector@ATA@@CAIHHHPAD@Z 001022f0 f   ata.obj
 0001:000020a0       ?e1000_eeprom_gettype@@YAXPAUe1000@@@Z 001024a0 f   e1000.obj
 0001:00002110       ?e1000_eeprom_read@@YAIPAUe1000@@E@Z 00102510 f   e1000.obj
 0001:000021c0       ?e1000_getmac@@YAXPAUe1000@@PAD@Z 001025c0 f   e1000.obj
 0001:00002210       ?e1000_init@@YAPAUnetwork_dev@@PAUPCI_CONFIG_SPACE@@@Z 00102610 f   e1000.obj
 0001:00002460       ?e1000_inl@@YAIPAUe1000@@G@Z 00102860 f   e1000.obj
 0001:00002490       ?e1000_interrupt_enable@@YAXPAUe1000@@@Z 00102890 f   e1000.obj
 0001:00002510       ?e1000_linkup@@YAXPAUe1000@@@Z 00102910 f   e1000.obj
 0001:00002560       ?e1000_outb@@YAXPAUe1000@@GI@Z 00102960 f   e1000.obj
 0001:00002590       ?e1000_outl@@YAXPAUe1000@@GI@Z 00102990 f   e1000.obj
 0001:000025c0       ?e1000_received@@YAXPAUe1000@@@Z 001029c0 f   e1000.obj
 0001:000028f0       ?e1000_rxinit@@YAXPAUe1000@@@Z 00102cf0 f   e1000.obj
 0001:00002a40       ?e1000_send@@YAIPAUe1000@@PAEI@Z 00102e40 f   e1000.obj
 0001:00002af0       ?e1000_start@@YAXPAUe1000@@@Z 00102ef0 f   e1000.obj
 0001:00002eb0       ?e1000_txinit@@YAXPAUe1000@@@Z 001032b0 f   e1000.obj
 0001:00003040       ?ip_checksum@@YAGPAXI@Z    00103440 f   e1000.obj
 0001:000030e0       ?isr@@YAXXZ                001034e0 f   e1000.obj
 0001:00003140       ?kcalloc@@YAPAXH@Z         00103540 f   e1000.obj
 0001:00003170       ?kmalloc@@YAPAXH@Z         00103570 f   e1000.obj
 0001:00003190       ?print_mac@@YAXPAD@Z       00103590 f   e1000.obj
 0001:000031b0       ?send_arp_request@@YAXPAUethp@@@Z 001035b0 f   e1000.obj
 0001:00003290       ?send_icmp_response@@YAXPAUethp@@@Z 00103690 f   e1000.obj
 0001:000033c0       ?switch_endian16@@YAGG@Z   001037c0 f   e1000.obj
 0001:000033e0       ?switch_endian32@@YAII@Z   001037e0 f   e1000.obj
 0001:000033f0       ?Init@i825@@SAIPAUPCI_DEVICE@@@Z 001037f0 f   i825.obj
 0001:00003410       ?DecodeAscii@Keyboard@@CAXAAUKEY_PACKET@@@Z 00103810 f   keyboard.obj
 0001:000036e0       ?DiscardLastKey@Keyboard@@SAXXZ 00103ae0 f   keyboard.obj
 0001:000036f0       ?GetKeyDown@Keyboard@@SA_NW4KEYCODE@@@Z 00103af0 f   keyboard.obj
 0001:00003700       ?GetLastKey@Keyboard@@SA?AUKEY_PACKET@@XZ 00103b00 f   keyboard.obj
 0001:00003720       ?Init@Keyboard@@SAIXZ      00103b20 f   keyboard.obj
 0001:00003740       ?Keyboard_ISR@Keyboard@@CAXXZ 00103b40 f   keyboard.obj
 0001:00003930       ?Init@Mouse@@SAIIIM@Z      00103d30 f   mouse.obj
 0001:00003c20       ?MouseRead@Mouse@@CAEXZ    00104020 f   mouse.obj
 0001:00003c50       ?MouseWait@Mouse@@CAXE@Z   00104050 f   mouse.obj
 0001:00003c90       ?MouseWrite@Mouse@@CAXE@Z  00104090 f   mouse.obj
 0001:00003cf0       ?Mouse_ISR@Mouse@@CAXXZ    001040f0 f   mouse.obj
 0001:00003e30       ??0E1000@@QAE@PAUPCI_DEVICE@@@Z 00104230 f   ne1000.obj
 0001:00003f50       ?DetectEEPROM@E1000@@AAE_NXZ 00104350 f   ne1000.obj
 0001:00003fc0       ?E1000_Interrupt@E1000@@CAXXZ 001043c0 f   ne1000.obj
 0001:00004020       ?EnableIRQ@E1000@@AAEXXZ   00104420 f   ne1000.obj
 0001:000040b0       ?GetIP@E1000@@UAE?AUIPv4Address@@XZ 001044b0 f   ne1000.obj
 0001:000040d0       ?GetMac@E1000@@UAE?AUMacAddress@@XZ 001044d0 f   ne1000.obj
 0001:000040f0       ?InitRX@E1000@@AAEXXZ      001044f0 f   ne1000.obj
 0001:00004250       ?InitTX@E1000@@AAEXXZ      00104650 f   ne1000.obj
 0001:000043d0       ?Linkup@E1000@@AAEXXZ      001047d0 f   ne1000.obj
 0001:00004420       ?Poll@E1000@@UAEXXZ        00104820 f   ne1000.obj
 0001:000044c0       ?ReadCommand@E1000@@AAEIG@Z 001048c0 f   ne1000.obj
 0001:000044f0       ?ReadEEPROM@E1000@@AAEIE@Z 001048f0 f   ne1000.obj
 0001:000045b0       ?ReadMac@E1000@@AAEXXZ     001049b0 f   ne1000.obj
 0001:000045f0       ?Send@E1000@@UAEXPAUNetPacket@@@Z 001049f0 f   ne1000.obj
 0001:00004690       ?Start@E1000@@AAEXXZ       00104a90 f   ne1000.obj
 0001:00004aa0       ?WriteCommand@E1000@@AAEXGI@Z 00104ea0 f   ne1000.obj
 0001:00004ae0       ?Read@Disk@@SAIHAAPADH@Z   00104ee0 f   disk.obj
 0001:00004b00       ?Init@FS@@SAIXZ            00104f00 f   FileSystem.obj
 0001:00004b10       ?ReadFile@FS@@SAIPADAAPAD@Z 00104f10 f   FileSystem.obj
 0001:00004b20       ?FindFile@ISO_FS@@SAPAUISO_DIRECTORY@@PAD@Z 00104f20 f   iso.obj
 0001:00004bf0       ?Init@ISO_FS@@SAIXZ        00104ff0 f   iso.obj
 0001:00004c40       ?ListFiles@ISO_FS@@SAHPAD@Z 00105040 f   iso.obj
 0001:00004ce0       ?ReadFile@ISO_FS@@SAIPADAAPAD@Z 001050e0 f   iso.obj
 0001:00004dd0       ?ReadFile@ISO_FS@@SAIPAUISO_DIRECTORY@@AAPAD@Z 001051d0 f   iso.obj
 0001:00004df0       ??0Button@gui@@QAE@XZ      001051f0 f   Button.obj
 0001:00004e50       ?Paint@Button@gui@@UAEXXZ  00105250 f   Button.obj
 0001:00004ef0       ?Paint@Control@gui@@UAEXXZ 001052f0 f i Button.obj
 0001:00004f00       ?ReceiveSendMessage@Button@gui@@UAEXUWND_MSG@2@@Z 00105300 f   Button.obj
 0001:00004f50       ?ReceiveSendMessage@Control@gui@@UAEXUWND_MSG@2@@Z 00105350 f i Button.obj
 0001:00004f60       ??0Canvas@gui@@QAE@XZ      00105360 f   Canvas.obj
 0001:00004fc0       ?Close@Control@gui@@QAEXXZ 001053c0 f   Control.obj
 0001:00005010       ??0Label@gui@@QAE@XZ       00105410 f   Label.obj
 0001:00005070       ?Paint@Label@gui@@UAEXXZ   00105470 f   Label.obj
 0001:000050a0       ??0TextBox@gui@@QAE@XZ     001054a0 f   TextBox.obj
 0001:00005120       ?Paint@TextBox@gui@@UAEXXZ 00105520 f   TextBox.obj
 0001:000051d0       ?ReceiveSendMessage@TextBox@gui@@UAEXUWND_MSG@2@@Z 001055d0 f   TextBox.obj
 0001:00005200       ?CloseWindow@WindowManager@gui@@SAXPAVWindow@2@@Z 00105600 f   GUI.obj
 0001:00005280       ?Contains@Rect@@QAE_NHH@Z  00105680 f i GUI.obj
 0001:000052c0       ?CreateWindow@WindowManager@gui@@SAPAVWindow@2@PAD@Z 001056c0 f   GUI.obj
 0001:00005340       ?GetWindowAtCursor@WindowManager@gui@@CAPAVWindow@2@XZ 00105740 f   GUI.obj
 0001:00005390       ?HandleKeyInput@WindowManager@gui@@CAXXZ 00105790 f   GUI.obj
 0001:00005400       ?HandleMouseInput@WindowManager@gui@@CAXXZ 00105800 f   GUI.obj
 0001:00005830       ?Init@WindowManager@gui@@SAIXZ 00105c30 f   GUI.obj
 0001:00005930       ?PaintBackground@WindowManager@gui@@CAXXZ 00105d30 f   GUI.obj
 0001:000059d0       ?PaintCursor@WindowManager@gui@@CAXXZ 00105dd0 f   GUI.obj
 0001:00005a90       ?PaintTaskbar@WindowManager@gui@@CAXXZ 00105e90 f   GUI.obj
 0001:00005b30       ?PaintWindows@WindowManager@gui@@CAXXZ 00105f30 f   GUI.obj
 0001:00005bb0       ?SetFocusedWindow@WindowManager@gui@@CAXPAVWindow@2@@Z 00105fb0 f   GUI.obj
 0001:00005c90       ?Start@WindowManager@gui@@SAXXZ 00106090 f   GUI.obj
 0001:00005ca0       ?UpdateLoop@WindowManager@gui@@CAXXZ 001060a0 f   GUI.obj
 0001:00006010       ??0GC@@QAE@HH@Z            00106410 f i Window.obj
 0001:00006060       ??0Window@gui@@QAE@XZ      00106460 f   Window.obj
 0001:00006190       ?Close@Window@gui@@QAEXXZ  00106590 f   Window.obj
 0001:00006210       ?CreateControl@Window@gui@@QAEPAVControl@2@W4CONTROL_TYPE@2@PADHHHHH@Z 00106610 f   Window.obj
 0001:00006440       ?DispatchMessage@Window@gui@@QAEXUWND_MSG@2@@Z 00106840 f   Window.obj
 0001:00006480       ?GetControlAt@Window@gui@@QAEPAVControl@2@HH@Z 00106880 f   Window.obj
 0001:000064e0       ?GetMessage@Window@gui@@QAE?AUWND_MSG@2@XZ 001068e0 f   Window.obj
 0001:00006530       ?Paint@Window@gui@@QAEXXZ  00106930 f   Window.obj
 0001:00006690       ?PaintControls@Window@gui@@AAEXXZ 00106a90 f   Window.obj
 0001:00006730       ?PaintWindow@Window@gui@@AAEXXZ 00106b30 f   Window.obj
 0001:00006800       ?ReceiveSendMessage@Window@gui@@QAEXUWND_MSG@2@@Z 00106c00 f   Window.obj
 0001:00006860       ?SetFocus@Window@gui@@QAEX_N@Z 00106c60 f   Window.obj
 0001:00006880       ?SetState@Window@gui@@QAEXW4WINDOW_STATE@2@@Z 00106c80 f   Window.obj
 0001:000068d0       ?EnableFPU@CPU@@CAIXZ      00106cd0 f   cpu.obj
 0001:000068f0       ?EnableSSE@CPU@@CAIXZ      00106cf0 f   cpu.obj
 0001:00006920       ?Init@CPU@@SAIXZ           00106d20 f   cpu.obj
 0001:00006950       ?Init@HAL@@SAIXZ           00106d50 f   hal.obj
 0001:00006980       ?inb@@YAEG@Z               00106d80 f   hal.obj
 0001:000069a0       ?inl@@YAIG@Z               00106da0 f   hal.obj
 0001:000069c0       ?inw@@YAGG@Z               00106dc0 f   hal.obj
 0001:000069e0       ?outb@@YAXGE@Z             00106de0 f   hal.obj
 0001:000069f0       ?outl@@YAXGI@Z             00106df0 f   hal.obj
 0001:00006a00       ?outw@@YAXGG@Z             00106e00 f   hal.obj
 0001:00006a10       ?EmptyISR@IDT@@SAXXZ       00106e10 f   idt.obj
 0001:00006a20       ?GetIR@IDT@@SAPAUIDT_DESCRIPTOR@@I@Z 00106e20 f   idt.obj
 0001:00006a30       ?GetVect@IDT@@SAP6AXXZH@Z  00106e30 f   idt.obj
 0001:00006a60       ?Init@IDT@@SAIXZ           00106e60 f   idt.obj
 0001:00006ad0       ?SetISR@IDT@@SAIIP6AXXZ@Z  00106ed0 f   idt.obj
 0001:00006b10       ?Init@PIC@@SAIXZ           00106f10 f   pic.obj
 0001:00006b70       ?InterruptDone@PIC@@SAXG@Z 00106f70 f   pic.obj
 0001:00006ba0       ?ReadData@PIC@@CAEE@Z      00106fa0 f   pic.obj
 0001:00006bd0       ?SendCommand@PIC@@CAXEE@Z  00106fd0 f   pic.obj
 0001:00006c00       ?SendData@PIC@@CAXGE@Z     00107000 f   pic.obj
 0001:00006c30       ?Init@PIT@@SAIXZ           00107030 f   pit.obj
 0001:00006c70       ?PIT_ISR@PIT@@CAXXZ        00107070 f   pit.obj
 0001:00006c80       ?ReadData@PIT@@CAEE@Z      00107080 f   pit.obj
 0001:00006cb0       ?SendData@PIT@@CAXGE@Z     001070b0 f   pit.obj
 0001:00006cf0       ?Sleep@PIT@@SAXI@Z         001070f0 f   pit.obj
 0001:00006d10       ?Start@PIT@@CAIXZ          00107110 f   pit.obj
 0001:00006d50       ?Day@RTC@@QAEHXZ           00107150 f   rtc.obj
 0001:00006d60       ?GetReg@@YAEH@Z            00107160 f   rtc.obj
 0001:00006d80       ?GetUpdateFlag@@YAHXZ      00107180 f   rtc.obj
 0001:00006da0       ?Hour@RTC@@QAEHXZ          001071a0 f   rtc.obj
 0001:00006db0       ?Minute@RTC@@QAEHXZ        001071b0 f   rtc.obj
 0001:00006dc0       ?Month@RTC@@QAEHXZ         001071c0 f   rtc.obj
 0001:00006dd0       ?ReadRTC@@YAXXZ            001071d0 f   rtc.obj
 0001:00007170       ?Second@RTC@@QAEHXZ        00107570 f   rtc.obj
 0001:00007180       ?Year@RTC@@QAEHXZ          00107580 f   rtc.obj
 0001:00007190       ?DefaultISR@Exceptions@@SAXXZ 00107590 f   exceptions.obj
 0001:000071b0       ?ISR0@Exceptions@@CAXXZ    001075b0 f   exceptions.obj
 0001:000071d0       ?ISR10@Exceptions@@CAXXZ   001075d0 f   exceptions.obj
 0001:000071f0       ?ISR11@Exceptions@@CAXXZ   001075f0 f   exceptions.obj
 0001:00007210       ?ISR12@Exceptions@@CAXXZ   00107610 f   exceptions.obj
 0001:00007230       ?ISR13@Exceptions@@CAXXZ   00107630 f   exceptions.obj
 0001:00007250       ?ISR14@Exceptions@@CAXXZ   00107650 f   exceptions.obj
 0001:00007270       ?ISR15@Exceptions@@CAXXZ   00107670 f   exceptions.obj
 0001:00007290       ?ISR16@Exceptions@@CAXXZ   00107690 f   exceptions.obj
 0001:000072b0       ?ISR17@Exceptions@@CAXXZ   001076b0 f   exceptions.obj
 0001:000072d0       ?ISR18@Exceptions@@CAXXZ   001076d0 f   exceptions.obj
 0001:000072f0       ?ISR19@Exceptions@@CAXXZ   001076f0 f   exceptions.obj
 0001:00007310       ?ISR1@Exceptions@@CAXXZ    00107710 f   exceptions.obj
 0001:00007330       ?ISR2@Exceptions@@CAXXZ    00107730 f   exceptions.obj
 0001:00007350       ?ISR3@Exceptions@@CAXXZ    00107750 f   exceptions.obj
 0001:00007370       ?ISR4@Exceptions@@CAXXZ    00107770 f   exceptions.obj
 0001:00007390       ?ISR5@Exceptions@@CAXXZ    00107790 f   exceptions.obj
 0001:000073b0       ?ISR6@Exceptions@@CAXIII@Z 001077b0 f   exceptions.obj
 0001:00007430       ?ISR7@Exceptions@@CAXXZ    00107830 f   exceptions.obj
 0001:00007450       ?ISR8@Exceptions@@CAXXZ    00107850 f   exceptions.obj
 0001:00007470       ?ISR9@Exceptions@@CAXXZ    00107870 f   exceptions.obj
 0001:00007490       ?Init@Exceptions@@SAIXZ    00107890 f   exceptions.obj
 0001:00007590       ?ThrowException@Exceptions@@SAXPAD0@Z 00107990 f   exceptions.obj
 0001:000075a0       ??2@YAPAXI@Z               001079a0 f   kernel.obj
 0001:000075f0       ??3@YAXPAX@Z               001079f0 f   kernel.obj
 0001:00007610       ??_U@YAPAXI@Z              00107a10 f   kernel.obj
 0001:000076a0       ??_V@YAXPAX@Z              00107aa0 f   kernel.obj
 0001:000076b0       ?Main@Kernel@@SAXPAUMULTIBOOT_INFO@@@Z 00107ab0 f   kernel.obj
 0001:00007770       ??_H@YGXPAXIIP6EPAX0@Z@Z   00107b70 f i OS.obj
 0001:000077a0       ?Audio@@YAXXZ              00107ba0 f   OS.obj
 0001:000077e0       ?GUI@@YAXXZ                00107be0 f   OS.obj
 0001:00007810       ?Main@OS@@SAXXZ            00107c10 f   OS.obj
 0001:00007820       ?_Font@@YAXXZ              00107c20 f   OS.obj
 0001:00007840       ?render@@YAXXZ             00107c40 f   OS.obj
 0001:000078a0       ?KernelPanic@Panic@@SAXPAD0@Z 00107ca0 f   panic.obj
 0001:00007940       ?CreateThread@Task@@SAPAVThread@@PAX@Z 00107d40 f   task.obj
 0001:000079e0       ?Idle@Task@@CAXXZ          00107de0 f   task.obj
 0001:000079f0       ?Init@Task@@SAIXZ          00107df0 f   task.obj
 0001:00007af0       ?InsertThread@Task@@SAXPAVThread@@@Z 00107ef0 f   task.obj
 0001:00007b30       ?Schedule@Task@@CAXXZ      00107f30 f   task.obj
 0001:00007b50       ?StartThreading@Task@@SAXXZ 00107f50 f   task.obj
 0001:00007b90       ?Task_ISR@Task@@CAXXZ      00107f90 f   task.obj
 0001:00007bd0       ?Clear@Debug@@SAXI@Z       00107fd0 f   debug.obj
 0001:00007bf0       ?Dump@Debug@@SAXPAXH_N@Z   00107ff0 f   debug.obj
 0001:00007d90       ?Print@Debug@@SAXPADZZ     00108190 f   debug.obj
 0001:00008000       ?Putc@Debug@@SAXD_N@Z      00108400 f   debug.obj
 0001:00008220       ?acos@@YAMM@Z              00108620 f   math.obj
 0001:00008280       ?asin@@YAMM@Z              00108680 f   math.obj
 0001:000082e0       ?atan2@@YAMMM@Z            001086e0 f   math.obj
 0001:000083e0       ?atan@@YAMM@Z              001087e0 f   math.obj
 0001:00008410       ?ceil@@YAHM@Z              00108810 f   math.obj
 0001:00008430       ?cos@@YAMM@Z               00108830 f   math.obj
 0001:00008450       ?fact@@YAMM@Z              00108850 f   math.obj
 0001:00008490       ?floor@@YAHM@Z             00108890 f   math.obj
 0001:000084b0       ?log10@@YAMM@Z             001088b0 f   math.obj
 0001:000084d0       ?log2@@YAMM@Z              001088d0 f   math.obj
 0001:000084f0       ?log@@YAMM@Z               001088f0 f   math.obj
 0001:00008510       ?logn@@YAMMM@Z             00108910 f   math.obj
 0001:00008540       ?pow@@YAMMH@Z              00108940 f   math.obj
 0001:00008620       ?rand@@YAHXZ               00108a20 f   math.obj
 0001:00008640       ?round@@YAHM@Z             00108a40 f   math.obj
 0001:00008660       ?sin@@YAMM@Z               00108a60 f   math.obj
 0001:00008680       ?sqrt@@YAMM@Z              00108a80 f   math.obj
 0001:000086a0       ?srand@@YAXI@Z             00108aa0 f   math.obj
 0001:000086b0       ?tan@@YAMM@Z               00108ab0 f   math.obj
 0001:000086e0       ?atof@@YAMPBD@Z            00108ae0 f   stdio.obj
 0001:00008780       ?atoi@@YAHPBD@Z            00108b80 f   stdio.obj
 0001:000087a0       ?ftoa@@YAPADMIPAD@Z        00108ba0 f   stdio.obj
 0001:000088c0       ?itoa@@YAPADHIPAD_N@Z      00108cc0 f   stdio.obj
 0001:00008950       ?strtol@@YAJPBDPAPADH@Z    00108d50 f   stdio.obj
 0001:00008aa0       ?vprintf@@YAPADPADPBDZZ    00108ea0 f   stdio.obj
 0001:00008ac0       ?vsprintf@@YAPADPADPBDPAE@Z 00108ec0 f   stdio.obj
 0001:00008e30       ?memcmp@@YAHPBX0I@Z        00109230 f   string.obj
 0001:00008e70       ?memcpy@@YAPAXPAX0I@Z      00109270 f   string.obj
 0001:00008ea0       ?memcpy_fast_128@@YAXPAX0I@Z 001092a0 f   string.obj
 0001:00008f20       ?memset16@@YAPAXPAXGI@Z    00109320 f   string.obj
 0001:00008f40       ?memset32@@YAPAXPAXII@Z    00109340 f   string.obj
 0001:00008f60       ?memset_fast_128@@YAPAXPAXII@Z 00109360 f   string.obj
 0001:00008fe0       ?strcat@@YAPADPADPBD@Z     001093e0 f   string.obj
 0001:00009010       ?strcmp@@YAIPBD0@Z         00109410 f   string.obj
 0001:00009060       ?strcpy@@YAPADPADPBD@Z     00109460 f   string.obj
 0001:00009080       ?strlen@@YAIPBD@Z          00109480 f   string.obj
 0001:000090a0       ?strncat@@YAPADPADPBDH@Z   001094a0 f   string.obj
 0001:000090e0       _memset                    001094e0 f   string.obj
 0001:00009100       ?AllocBlocks@Memory@@SAPAXI@Z 00109500 f   memory.obj
 0001:00009230       ?DeInitRegion@Memory@@SAXPAXI@Z 00109630 f   memory.obj
 0001:00009280       ?FirstFree@Memory@@CAIXZ   00109680 f   memory.obj
 0001:000092c0       ?FirstFreeNum@Memory@@CAII@Z 001096c0 f   memory.obj
 0001:000093b0       ?FreeBlocks@Memory@@SAXPAXI@Z 001097b0 f   memory.obj
 0001:00009410       ?Init@Memory@@SAIIPAI@Z    00109810 f   memory.obj
 0001:00009490       ?InitRegion@Memory@@SAXPAXI@Z 00109890 f   memory.obj
 0001:000094e0       ?AddEntry@ARP@@SAXUMacAddress@@UIPv4Address@@@Z 001098e0 f   arp.obj
 0001:00009570       ?Decode@ARP@@SA_NPAUARP_Header@@PAUNetPacket@@@Z 00109970 f   arp.obj
 0001:000095e0       ?Init@ARP@@SAIXZ           001099e0 f   arp.obj
 0001:00009640       ?LookupMac@ARP@@SA?AUMacAddress@@UIPv4Address@@@Z 00109a40 f   arp.obj
 0001:000096c0       ?Receive@ARP@@SAXPAVNetInterface@@PAUNetPacket@@@Z 00109ac0 f   arp.obj
 0001:00009800       ?Send@ARP@@SAXPAVNetInterface@@UMacAddress@@UIPv4Address@@G@Z 00109c00 f   arp.obj
 0001:000098c0       ?SendReply@ARP@@CAXPAVNetInterface@@PAUARP_Header@@@Z 00109cc0 f   arp.obj
 0001:00009900       ?SendRequest@ARP@@SAXPAVNetInterface@@UIPv4Address@@@Z 00109d00 f   arp.obj
 0001:00009940       ?DoStuff@DHCP@@SAXPAVNetInterface@@UIPv4Address@@@Z 00109d40 f   dhcp.obj
 0001:00009a20       ?Receive@DHCP@@SAXPAVNetInterface@@PAUIPv4_Header@@PAUUDP_Packet@@PAUNetPacket@@@Z 00109e20 f   dhcp.obj
 0001:00009a30       ?AddEntry@DNS@@SAXPADUIPv4Address@@@Z 00109e30 f   dns.obj
 0001:00009ab0       ?AppendDomain@DNS@@CAPAEPAEPAD@Z 00109eb0 f   dns.obj
 0001:00009b10       ?Decode@DNS@@SA_NPAUDNS_Packet@@PAUUDP_Packet@@@Z 00109f10 f   dns.obj
 0001:00009b90       ?Init@DNS@@SAIXZ           00109f90 f   dns.obj
 0001:00009bd0       ?LookupAddress@DNS@@SA?AUIPv4Address@@PAD@Z 00109fd0 f   dns.obj
 0001:00009c10       ?ParseAnswer@DNS@@CAPAEPAUDNS_Answer@@PAE@Z 0010a010 f   dns.obj
 0001:00009c70       ?ParseDomain@DNS@@CAPAEPADPAE@Z 0010a070 f   dns.obj
 0001:00009cb0       ?Query@DNS@@SAXPAVNetInterface@@PAD@Z 0010a0b0 f   dns.obj
 0001:00009d90       ?Receive@DNS@@SAXPAVNetInterface@@PAUIPv4_Header@@PAUUDP_Packet@@PAUNetPacket@@@Z 0010a190 f   dns.obj
 0001:00009ef0       ?CreatePacket@Eth@@SAPAUNetPacket@@PAVNetInterface@@UMacAddress@@GI@Z 0010a2f0 f   eth.obj
 0001:00009f60       ?Decode@Eth@@SA_NPAUEthPacket@@PAUNetPacket@@@Z 0010a360 f   eth.obj
 0001:00009fe0       ?Receive@Eth@@SAXPAVNetInterface@@PAUNetPacket@@@Z 0010a3e0 f   eth.obj
 0001:0000a080       ?Send@Eth@@SAXPAVNetInterface@@PAUNetPacket@@@Z 0010a480 f   eth.obj
 0001:0000a090       ??0WebClient@@QAE@XZ       0010a490 f   http.obj
 0001:0000a0a0       ?Download@WebClient@@QAEHVString@@AAPAE@Z 0010a4a0 f   http.obj
 0001:0000a0c0       ?Send@WebClient@@QAEXVString@@PAEI@Z 0010a4c0 f   http.obj
 0001:0000a150       ?Decode@ICMP@@SA_NPAUICMP_Packet@@PAUNetPacket@@@Z 0010a550 f   icmp.obj
 0001:0000a1c0       ?Receive@ICMP@@SAXPAVNetInterface@@PAUIPv4_Header@@PAUNetPacket@@@Z 0010a5c0 f   icmp.obj
 0001:0000a210       ?Send@ICMP@@SAXPAVNetInterface@@PAUICMP_Packet@@UIPv4Address@@E@Z 0010a610 f   icmp.obj
 0001:0000a2b0       ?SendReply@ICMP@@SAXPAVNetInterface@@PAUICMP_Packet@@UIPv4Address@@@Z 0010a6b0 f   icmp.obj
 0001:0000a340       ?CreatePacket@IPv4@@SAPAUNetPacket@@PAVNetInterface@@UIPv4Address@@EI@Z 0010a740 f   ipv4.obj
 0001:0000a4c0       ?Decode@IPv4@@SA_NPAUIPv4_Header@@PAUNetPacket@@@Z 0010a8c0 f   ipv4.obj
 0001:0000a530       ?Receive@IPv4@@SAXPAVNetInterface@@PAUEthPacket@@PAUNetPacket@@@Z 0010a930 f   ipv4.obj
 0001:0000a630       ?Send@IPv4@@SAXPAVNetInterface@@PAUNetPacket@@@Z 0010aa30 f   ipv4.obj
 0001:0000a640       ?Checksum@Net@@SAGPAXH@Z   0010aa40 f   net.obj
 0001:0000a6c0       ?ChecksumDouble@Net@@SAGPAXH0H@Z 0010aac0 f   net.obj
 0001:0000a7a0       ?Init@Net@@SAIXZ           0010aba0 f   net.obj
 0001:0000a810       ?PrintIP@Net@@SAXPADUIPv4Address@@@Z 0010ac10 f   net.obj
 0001:0000a850       ?PrintMac@Net@@SAXPADUMacAddress@@@Z 0010ac50 f   net.obj
 0001:0000a8a0       ?htonl@@YAII@Z             0010aca0 f   net.obj
 0001:0000a8b0       ?htons@@YAGG@Z             0010acb0 f   net.obj
 0001:0000a8d0       ?ntohl@@YAII@Z             0010acd0 f   net.obj
 0001:0000a8e0       ?ntohs@@YAGG@Z             0010ace0 f   net.obj
 0001:0000a900       ??0NetInterface@@QAE@PAUPCI_DEVICE@@@Z 0010ad00 f   netinterface.obj
 0001:0000a920       ?GetIP@NetInterface@@UAE?AUIPv4Address@@XZ 0010ad20 f i netinterface.obj
 0001:0000a930       ?GetMac@NetInterface@@UAE?AUMacAddress@@XZ 0010ad30 f i netinterface.obj
 0001:0000a950       ?Poll@NetInterface@@UAEXXZ 0010ad50 f i netinterface.obj
 0001:0000a960       ?Send@NetInterface@@UAEXPAUNetPacket@@@Z 0010ad60 f i netinterface.obj
 0001:0000a970       ?CreatePacket@TCP@@SAPAUNetPacket@@PAVNetInterface@@UIPv4Address@@GGEIIPAEI@Z 0010ad70 f   tcp.obj
 0001:0000aa60       ?CreateSession@TCP@@SAPAVTcpSession@@XZ 0010ae60 f   tcp.obj
 0001:0000aaa0       ?Decode@TCP@@SA_NPAUTCP_Packet@@PAUNetPacket@@@Z 0010aea0 f   tcp.obj
 0001:0000ab60       ?Receive@TCP@@SAXPAVNetInterface@@PAUIPv4_Header@@PAUNetPacket@@@Z 0010af60 f   tcp.obj
 0001:0000ac60       ?Send@TCP@@SAXPAVNetInterface@@PAUNetPacket@@@Z 0010b060 f   tcp.obj
 0001:0000ac70       ??0TcpSession@@QAE@XZ      0010b070 f   tcpsession.obj
 0001:0000ac90       ?Close@TcpSession@@QAEXXZ  0010b090 f   tcpsession.obj
 0001:0000ad90       ?Connect@TcpSession@@QAEXUIPv4Address@@G@Z 0010b190 f   tcpsession.obj
 0001:0000af10       ?Listen@TcpSession@@QAEXG@Z 0010b310 f   tcpsession.obj
 0001:0000af40       ?Receive@TcpSession@@QAEXPAUIPv4_Header@@PAUTCP_Packet@@@Z 0010b340 f   tcpsession.obj
 0001:0000b0d0       ?ReceivedData@TcpSession@@QAEXPAUIPv4_Header@@PAUTCP_Packet@@@Z 0010b4d0 f   tcpsession.obj
 0001:0000b130       ?Reset@TcpSession@@AAEXXZ  0010b530 f   tcpsession.obj
 0001:0000b150       ?Send@TcpSession@@AAE_NEPAEI@Z 0010b550 f   tcpsession.obj
 0001:0000b1a0       ?SendData@TcpSession@@QAE_NPAEI@Z 0010b5a0 f   tcpsession.obj
 0001:0000b1f0       ??0TcpSocket@@QAE@XZ       0010b5f0 f   tcpsocket.obj
 0001:0000b200       ?Close@TcpSocket@@QAE_NXZ  0010b600 f   tcpsocket.obj
 0001:0000b220       ?Connect@TcpSocket@@QAE_NUIPv4Address@@G@Z 0010b620 f   tcpsocket.obj
 0001:0000b250       ?Listen@TcpSocket@@QAE_NG@Z 0010b650 f   tcpsocket.obj
 0001:0000b280       ?Send@TcpSocket@@QAE_NPAEI@Z 0010b680 f   tcpsocket.obj
 0001:0000b2b0       ?CreatePacket@UDP@@SAPAUNetPacket@@PAVNetInterface@@UIPv4Address@@GGPAEI@Z 0010b6b0 f   udp.obj
 0001:0000b370       ?CreateSocket@UDP@@SAPAVUdpSocket@@H@Z 0010b770 f   udp.obj
 0001:0000b3b0       ?Decode@UDP@@SA_NPAUUDP_Packet@@PAUNetPacket@@@Z 0010b7b0 f   udp.obj
 0001:0000b420       ?Init@UDP@@SAIXZ           0010b820 f   udp.obj
 0001:0000b450       ?Receive@UDP@@SAXPAVNetInterface@@PAUIPv4_Header@@PAUNetPacket@@@Z 0010b850 f   udp.obj
 0001:0000b520       ?Send@UDP@@SAXPAVNetInterface@@PAUNetPacket@@@Z 0010b920 f   udp.obj
 0001:0000b530       ??0UdpSocket@@QAE@GG@Z     0010b930 f   udpsocket.obj
 0001:0000b570       ??1UdpSocket@@QAE@XZ       0010b970 f   udpsocket.obj
 0001:0000b580       ?Receive@UdpSocket@@QAEHAAPAEAAUIPv4Address@@@Z 0010b980 f   udpsocket.obj
 0001:0000b5d0       ?Send@UdpSocket@@QAEXUIPv4Address@@PAEG@Z 0010b9d0 f   udpsocket.obj
 0001:0000b610       ?SetReceivedData@UdpSocket@@QAEXUIPv4Address@@PAEG@Z 0010ba10 f   udpsocket.obj
 0001:0000b640       ?Create@PCI@@CAPAUPCI_DEVICE@@EEE@Z 0010ba40 f   pci.obj
 0001:0000b700       ?GetDevice@PCI@@SAPAUPCI_DEVICE@@HHH@Z 0010bb00 f   pci.obj
 0001:0000b8b0       ?Init@PCI@@SAIXZ           0010bcb0 f   pci.obj
 0001:0000b8c0       ?Read@PCI@@CAIEEEEE@Z      0010bcc0 f   pci.obj
 0001:0000b930       ?printdev@@YAXPAUPCI_DEVICE@@@Z 0010bd30 f   pci.obj
 0001:0000b970       ??0Mandelbrot@@QAE@UGC@@@Z 0010bd70 f   Mandelbrot.obj
 0001:0000b9f0       ?Run@Mandelbrot@@QAEXXZ    0010bdf0 f   Mandelbrot.obj
 0001:0000be60       ?stuff@@YAXXZ              0010c260 f   Mandelbrot.obj
 0001:0000bee0       ?Receive@apps@@YAXXZ       0010c2e0 f   TextEdit.obj
 0001:0000bf20       ?RunTextEdit@apps@@YAXXZ   0010c320 f   TextEdit.obj
 0001:0000c1d0       ?UpdateCanvas@apps@@YAXXZ  0010c5d0 f   TextEdit.obj
 0001:0000c216       ??1type_info@@UAE@XZ       0010c616 f   LIBCMT:std_type_info_static.obj
 0001:0000c21d       ??_Gtype_info@@UAEPAXI@Z   0010c61d f i LIBCMT:std_type_info_static.obj
 0001:0000c21d       ??_Etype_info@@UAEPAXI@Z   0010c61d f i LIBCMT:std_type_info_static.obj
 0001:0000c240       ??3@YAXPAXI@Z              0010c640 f   LIBCMT:delete_scalar_size.obj
 0002:00000000       __real@3c000000            0010c800     drawing.obj
 0002:00000004       ??_C@_04MDCOKCOB@?4ttf?$AA@ 0010c804     font.obj
 0002:0000000c       ??_C@_0BF@FDJBNMIG@Font?5not?5found?5?$CC?$CFs?$CC?6?$AA@ 0010c80c     font.obj
 0002:00000024       ??_C@_04NEODDMOL@head?$AA@ 0010c824     font.obj
 0002:0000002c       ??_C@_04DACNFKGE@loca?$AA@ 0010c82c     font.obj
 0002:00000034       ??_C@_04LLIHEPK@glyf?$AA@  0010c834     font.obj
 0002:0000003c       __real@42800000            0010c83c     font.obj
 0002:00000040       ??_C@_06NIEMCLMH@0x?$CFux?6?$AA@ 0010c840     ac97.obj
 0002:00000048       ??_C@_0BD@DMEBPKNG@Sample?5rate?548kHz?6?$AA@ 0010c848     ac97.obj
 0002:0000005c       ??_C@_0BF@CIKPHNMK@Sample?5rate?544?41kHz?6?$AA@ 0010c85c     ac97.obj
 0002:00000074       ??_C@_0L@FDAJDMJO@SR?3?5?$CFx?5?5?5?6?$AA@ 0010c874     ac97.obj
 0002:00000080       ??_C@_02NPPIEBMA@1?6?$AA@  0010c880     ac97.obj
 0002:00000084       ??_C@_02NNLOPPJJ@2?6?$AA@  0010c884     ac97.obj
 0002:00000088       ??_C@_02NJDDIDCL@4?6?$AA@  0010c888     ac97.obj
 0002:0000008c       ??_C@_03IGDBGCKF@?$CFx?5?$AA@ 0010c88c     e1000.obj
 0002:00000090       ??_C@_05ODKBDAFC@PING?6?$AA@ 0010c890     e1000.obj
 0002:00000098       ??_C@_08JKONHMIG@ARP?5REQ?6?$AA@ 0010c898     e1000.obj
 0002:000000a4       ??_C@_09DFIMEAAO@ARP?5RESP?6?$AA@ 0010c8a4     e1000.obj
 0002:000000b0       ??_C@_05MMECAFBK@Mac?3?5?$AA@ 0010c8b0     e1000.obj
 0002:000000b8       ??_C@_0BA@PKMFIKDM@Threshold?5good?6?$AA@ 0010c8b8     e1000.obj
 0002:000000c8       ??_C@_0BF@DCOPOOMC@I?1O?5base?5address?5?$CFx?6?$AA@ 0010c8c8     e1000.obj
 0002:000000e0       ??_C@_06OOEHBIHM@?$CFx?5?$CFx?6?$AA@ 0010c8e0     e1000.obj
 0002:0000025c       ??_7E1000@@6B@             0010ca5c     ne1000.obj
 0002:0000026c       ??_C@_04BLELHJJM@IP?3?5?$AA@ 0010ca6c     ne1000.obj
 0002:00000274       ??_C@_06JJGECBPI@?$CFs?5?$CFi?6?$AA@ 0010ca74     iso.obj
 0002:0000027c       ??_C@_03OFAPEBGM@?$CFs?6?$AA@ 0010ca7c     iso.obj
 0002:00000284       ??_7Control@gui@@6B@       0010ca84     Button.obj
 0002:00000290       ??_7Button@gui@@6B@        0010ca90     Button.obj
 0002:0000029c       ??_7Canvas@gui@@6B@        0010ca9c     Canvas.obj
 0002:000002a8       ??_7Label@gui@@6B@         0010caa8     Label.obj
 0002:000002b4       ??_7TextBox@gui@@6B@       0010cab4     TextBox.obj
 0002:000002bc       ??_C@_0BC@HJLBEKHE@Delta?3?5?$CFi?7FPS?3?5?$CFi?$AA@ 0010cabc     GUI.obj
 0002:000002d0       ??_C@_06LAFIDHKA@?$CFi?6?$CFi?6?$AA@ 0010cad0     GUI.obj
 0002:000002e0       __xmm@0000000e000000080000000000000000 0010cae0     GUI.obj
 0002:000002f0       ??_C@_00CNPNBAHC@?$AA@     0010caf0     exceptions.obj
 0002:000002f4       ??_C@_0BK@KHJFGGEJ@Default?5interrupt?5handler?$AA@ 0010caf4     exceptions.obj
 0002:00000310       ??_C@_0BB@CAGHCAFL@Division?5by?5zero?$AA@ 0010cb10     exceptions.obj
 0002:00000324       ??_C@_05GCIPIGEI@Debug?$AA@ 0010cb24     exceptions.obj
 0002:0000032c       ??_C@_0BH@DLMGGJOP@Non?9Maskable?5interrupt?$AA@ 0010cb2c     exceptions.obj
 0002:00000344       ??_C@_0L@DEJAMIEF@Breakpoint?$AA@ 0010cb44     exceptions.obj
 0002:00000350       ??_C@_08KJPBNJGC@Overflow?$AA@ 0010cb50     exceptions.obj
 0002:0000035c       ??_C@_0BF@KABNNNC@Bound?5range?5exceeded?$AA@ 0010cb5c     exceptions.obj
 0002:00000374       ??_C@_0BJ@JILCCCBH@0x?$CFux?70x?$CFux?70x?$CFux?70x?$CFux?6?$AA@ 0010cb74     exceptions.obj
 0002:00000390       ??_C@_0P@GJJPHHDN@Invalid?5opcode?$AA@ 0010cb90     exceptions.obj
 0002:000003a0       ??_C@_0BF@COPPNEEP@Device?5not?5available?$AA@ 0010cba0     exceptions.obj
 0002:000003b8       ??_C@_0N@EMHPBCJE@Double?5fault?$AA@ 0010cbb8     exceptions.obj
 0002:000003c8       ??_C@_0BM@FLNHCLJG@Coprocessor?5segment?5overrun?$AA@ 0010cbc8     exceptions.obj
 0002:000003e4       ??_C@_0M@OLMALBPG@Invalid?5TSS?$AA@ 0010cbe4     exceptions.obj
 0002:000003f0       ??_C@_0BE@FPPPAKKN@Segment?5not?5present?$AA@ 0010cbf0     exceptions.obj
 0002:00000404       ??_C@_0BE@OLMOIPB@Stack?9segment?5fault?$AA@ 0010cc04     exceptions.obj
 0002:00000418       ??_C@_0BJ@LDJBBLLL@General?5protection?5fault?$AA@ 0010cc18     exceptions.obj
 0002:00000434       ??_C@_0L@JBNHOLPF@Page?5fault?$AA@ 0010cc34     exceptions.obj
 0002:00000440       ??_C@_0O@EBPJONIA@15?5?$CIReserved?$CJ?$AA@ 0010cc40     exceptions.obj
 0002:00000450       ??_C@_0BN@OAPCMCOK@x87?5Floating?9point?5exception?$AA@ 0010cc50     exceptions.obj
 0002:00000470       ??_C@_0BA@DMDLEFCI@Alignment?5check?$AA@ 0010cc70     exceptions.obj
 0002:00000480       ??_C@_0O@LHBOKIFP@Machine?5check?$AA@ 0010cc80     exceptions.obj
 0002:00000490       ??_C@_0BO@PAHIJHOM@SIMD?5floating?9point?5exception?$AA@ 0010cc90     exceptions.obj
 0002:000004b0       ??_C@_0BE@FFHLEPEC@Found?5network?5card?6?$AA@ 0010ccb0     kernel.obj
 0002:000004c4       __real@39800000            0010ccc4     kernel.obj
 0002:000004d0       __xmm@41f00000000000000000000000000000 0010ccd0     kernel.obj
 0002:000004e0       ??_C@_0BE@FOMLPMPJ@Found?5audio?5device?6?$AA@ 0010cce0     OS.obj
 0002:000004f4       ??_C@_0BJ@MJFONFFA@Audio?5device?5not?5found?$CB?6?$AA@ 0010ccf4     OS.obj
 0002:00000510       ??_C@_08EHJIPPF@consolas?$AA@ 0010cd10     OS.obj
 0002:0000051c       ??_C@_04PFOHOKJK@?5?5?5?5?$AA@ 0010cd1c     debug.obj
 0002:00000524       ??_C@_01CLKCMJKC@?5?$AA@   0010cd24     debug.obj
 0002:00000528       ??_C@_03IKGEINEE@?$CFs?5?$AA@ 0010cd28     debug.obj
 0002:0000052c       __real@00000000            0010cd2c     math.obj
 0002:00000530       __real@3e8f5c29            0010cd30     math.obj
 0002:00000534       __real@3f800000            0010cd34     math.obj
 0002:00000538       __real@3fe0000000000000    0010cd38     math.obj
 0002:00000540       __real@3ff0000000000000    0010cd40     math.obj
 0002:00000548       __real@3ff921fb54442eea    0010cd48     math.obj
 0002:00000550       __real@400921fb54442eea    0010cd50     math.obj
 0002:00000558       __real@40490fdb            0010cd58     math.obj
 0002:0000055c       __real@bfc90fdb            0010cd5c     math.obj
 0002:00000560       __xmm@7fffffff7fffffff7fffffff7fffffff 0010cd60     math.obj
 0002:00000570       ??_C@_03LHCJEHON@nan?$AA@  0010cd70     stdio.obj
 0002:00000574       ??_C@_03OJHLLCGB@inf?$AA@  0010cd74     stdio.obj
 0002:00000578       ??_C@_01GBGANLPD@0?$AA@    0010cd78     stdio.obj
 0002:00000580       __real@3f1a36e2eb1c432d    0010cd80     stdio.obj
 0002:00000588       __real@41200000            0010cd88     stdio.obj
 0002:0000058c       __real@bf800000            0010cd8c     stdio.obj
 0002:00000590       __xmm@46454443424139383736353433323130 0010cd90     stdio.obj
 0002:000005a0       ??_C@_0BJ@FHJFEPME@arp?3?5sending?5request?5to?5?$AA@ 0010cda0     arp.obj
 0002:000005bc       ??_C@_0BH@NFEPIOCG@arp?3?5sending?5reply?5to?5?$AA@ 0010cdbc     arp.obj
 0002:000005d4       ??_C@_0BB@NPEPEJMJ@ARP?5added?5entry?5?$AA@ 0010cdd4     arp.obj
 0002:000005e8       ??_C@_0O@MBFFJLEF@DHCP?5RECEIVE?6?$AA@ 0010cde8     dhcp.obj
 0002:000005f8       ??_C@_03PELOGHMK@?$CFi?6?$AA@ 0010cdf8     dhcp.obj
 0002:000005fc       ??_C@_0O@IJAKJLNJ@Received?5DNS?6?$AA@ 0010cdfc     dns.obj
 0002:0000060c       ??_C@_0BF@DPFFLPFA@DNS?5added?5entry?3?5?$CFs?5?$AA@ 0010ce0c     dns.obj
 0002:00000624       ??_C@_0M@KNKKGHNO@PARSED?5IP?3?5?$AA@ 0010ce24     http.obj
 0002:00000630       ??_C@_0P@JJOCPBNH@?$CFs?$CFi?4?$CFi?4?$CFi?4?$CFi?6?$AA@ 0010ce30     net.obj
 0002:00000640       ??_C@_0BF@MCJEFIGG@?$CFs?$CFx?3?$CFx?3?$CFx?3?$CFx?3?$CFx?3?$CFx?6?$AA@ 0010ce40     net.obj
 0002:0000065c       ??_7NetInterface@@6B@      0010ce5c     netinterface.obj
 0002:0000066c       ??_C@_0BO@OHMKJDEI@Flags?3?5?$CFux?7ACK?3?5?$CFui?7SEQ?3?5?$CFui?6?$AA@ 0010ce6c     tcpsession.obj
 0002:0000068c       ??_C@_0L@EIILFCEB@Connected?6?$AA@ 0010ce8c     tcpsession.obj
 0002:00000698       ??_C@_07IPMAGINO@Closed?6?$AA@ 0010ce98     tcpsession.obj
 0002:000006a0       ??_C@_0BA@FHBAHEGN@Timeout?5closed?6?$AA@ 0010cea0     tcpsession.obj
 0002:000006b0       ??_C@_0EO@NIHBEAOP@Bus?3?5?$CFx?5Device?3?5?$CFx?5Function?3?5?$CFx?5@ 0010ceb0     pci.obj
 0002:00000700       ??_C@_06CMGOICJA@Start?6?$AA@ 0010cf00     Mandelbrot.obj
 0002:00000708       ??_C@_0BD@OAOOOKEK@Ticks?3?5?$CFi?7FPS?3?5?$CFi?6?$AA@ 0010cf08     Mandelbrot.obj
 0002:0000071c       ??_C@_09JHEKFLJE@Zoom?3?5?$CFf?6?$AA@ 0010cf1c     Mandelbrot.obj
 0002:00000728       __real@1adaca00            0010cf28     Mandelbrot.obj
 0002:00000730       __real@4010000000000000    0010cf30     Mandelbrot.obj
 0002:00000738       __real@40f0000000000000    0010cf38     Mandelbrot.obj
 0002:00000740       __real@437f0000            0010cf40     Mandelbrot.obj
 0002:00000744       __real@447a0000            0010cf44     Mandelbrot.obj
 0002:00000748       ??_C@_05PABKJLOM@Title?$AA@ 0010cf48     TextEdit.obj
 0002:00000750       ??_C@_05IEIONIFO@Label?$AA@ 0010cf50     TextEdit.obj
 0002:00000758       ??_C@_06LKBCGDFD@Button?$AA@ 0010cf58     TextEdit.obj
 0002:00000760       ??_C@_04LBABLPF@Exit?$AA@  0010cf60     TextEdit.obj
 0002:00000768       ??_C@_07IFDKABCP@Receive?$AA@ 0010cf68     TextEdit.obj
 0002:00000770       ??_C@_0O@FOFNHLMB@Another?5title?$AA@ 0010cf70     TextEdit.obj
 0002:00000780       ??_C@_07CDBKEHGM@Clicked?$AA@ 0010cf80     TextEdit.obj
 0002:00000788       ??_C@_05KHPFCEDO@?$CFi?5?$CFi?$AA@ 0010cf88     TextEdit.obj
 0002:00000794       ??_7type_info@@6B@         0010cf94     LIBCMT:std_type_info_static.obj
 0002:000007f4       ??_R4E1000@@6B@            0010cff4     ne1000.obj
 0002:00000808       ??_R3E1000@@8              0010d008     ne1000.obj
 0002:00000818       ??_R2E1000@@8              0010d018     ne1000.obj
 0002:00000824       ??_R1A@?0A@EA@E1000@@8     0010d024     ne1000.obj
 0002:00000840       ??_R1A@?0A@EA@NetInterface@@8 0010d040     ne1000.obj
 0002:0000085c       ??_R3NetInterface@@8       0010d05c     ne1000.obj
 0002:0000086c       ??_R2NetInterface@@8       0010d06c     ne1000.obj
 0002:00000874       ??_R4Control@gui@@6B@      0010d074     Button.obj
 0002:00000888       ??_R3Control@gui@@8        0010d088     Button.obj
 0002:00000898       ??_R2Control@gui@@8        0010d098     Button.obj
 0002:000008a0       ??_R1A@?0A@EA@Control@gui@@8 0010d0a0     Button.obj
 0002:000008bc       ??_R4Button@gui@@6B@       0010d0bc     Button.obj
 0002:000008d0       ??_R3Button@gui@@8         0010d0d0     Button.obj
 0002:000008e0       ??_R2Button@gui@@8         0010d0e0     Button.obj
 0002:000008ec       ??_R1A@?0A@EA@Button@gui@@8 0010d0ec     Button.obj
 0002:00000908       ??_R4Canvas@gui@@6B@       0010d108     Canvas.obj
 0002:0000091c       ??_R3Canvas@gui@@8         0010d11c     Canvas.obj
 0002:0000092c       ??_R2Canvas@gui@@8         0010d12c     Canvas.obj
 0002:00000938       ??_R1A@?0A@EA@Canvas@gui@@8 0010d138     Canvas.obj
 0002:00000954       ??_R4Label@gui@@6B@        0010d154     Label.obj
 0002:00000968       ??_R3Label@gui@@8          0010d168     Label.obj
 0002:00000978       ??_R2Label@gui@@8          0010d178     Label.obj
 0002:00000984       ??_R1A@?0A@EA@Label@gui@@8 0010d184     Label.obj
 0002:000009a0       ??_R4TextBox@gui@@6B@      0010d1a0     TextBox.obj
 0002:000009b4       ??_R3TextBox@gui@@8        0010d1b4     TextBox.obj
 0002:000009c4       ??_R2TextBox@gui@@8        0010d1c4     TextBox.obj
 0002:000009d0       ??_R1A@?0A@EA@TextBox@gui@@8 0010d1d0     TextBox.obj
 0002:000009ec       ??_R4NetInterface@@6B@     0010d1ec     netinterface.obj
 0002:00000a00       ??_R4type_info@@6B@        0010d200     LIBCMT:std_type_info_static.obj
 0002:00000a14       ??_R3type_info@@8          0010d214     LIBCMT:std_type_info_static.obj
 0002:00000a24       ??_R2type_info@@8          0010d224     LIBCMT:std_type_info_static.obj
 0002:00000a2c       ??_R1A@?0A@EA@type_info@@8 0010d22c     LIBCMT:std_type_info_static.obj
 0003:00000000       ?__LINE__Var@?0???0GC@@QAE@XZ@4JA 0010d400     drawing.obj
 0003:00001008       ?target_ip@@3IA            0010e408     e1000.obj
 0003:0000100c       ?local_ip@@3IA             0010e40c     e1000.obj
 0003:00001010       ?cursor_bitmap@gui@@3PAIA  0010e410     GUI.obj
 0003:000011d0       ?col_taskbar@gui@@3IA      0010e5d0     GUI.obj
 0003:000011d4       ?col_desktop_bg@gui@@3IA   0010e5d4     GUI.obj
 0003:000011d8       ?col_background@gui@@3IA   0010e5d8     Window.obj
 0003:000011dc       ?col_foreground@gui@@3IA   0010e5dc     Window.obj
 0003:000011e0       ?col_title@gui@@3IA        0010e5e0     Window.obj
 0003:000011e8       ?color@Debug@@2IA          0010e5e8     debug.obj
 0003:000011ec       ?bcolor@Debug@@2IA         0010e5ec     debug.obj
 0003:000011f4       ?__LINE__Var@?0???0Complex@@QAE@XZ@4JA 0010e5f4     Mandelbrot.obj
 0003:000011f8       ?count@@3HA                0010e5f8     Mandelbrot.obj
 0003:000011fc       __fltused                  0010e5fc     LIBCMT:fltused.obj
 0003:00001200       ??_R0?AVE1000@@@8          0010e600     ne1000.obj
 0003:00001214       ??_R0?AVNetInterface@@@8   0010e614     ne1000.obj
 0003:00001230       ??_R0?AVControl@gui@@@8    0010e630     Button.obj
 0003:0000124c       ??_R0?AVButton@gui@@@8     0010e64c     Button.obj
 0003:00001268       ??_R0?AVCanvas@gui@@@8     0010e668     Canvas.obj
 0003:00001284       ??_R0?AVLabel@gui@@@8      0010e684     Label.obj
 0003:0000129c       ??_R0?AVTextBox@gui@@@8    0010e69c     TextBox.obj
 0003:000012b8       ??_R0?AVtype_info@@@8      0010e6b8     LIBCMT:std_type_info_static.obj
 0003:000012d0       ?_kernel_stack@@3PADA      0010e6d0     boot.obj
 0003:00003270       ?screenBuffer@@3PAIA       00110670     drawing.obj
 0003:00003274       ?gc@Drawing@@2UGC@@A       00110674     drawing.obj
 0003:0000328c       ?gc_direct@Drawing@@2UGC@@A 0011068c     drawing.obj
 0003:000032a8       ?mode@VBE@@2UVBE_MODE_INFO@@A 001106a8     vbe.obj
 0003:000033a8       ?mem_base@@3PAIA           001107a8     vbe.obj
 0003:000033ac       ?mem_max@@3PAIA            001107ac     vbe.obj
 0003:000033b0       ?mem_size@@3IA             001107b0     vbe.obj
 0003:000033b4       ?bytes_per_pixel@@3IA      001107b4     vbe.obj
 0003:000033b8       ?pixel_count@@3IA          001107b8     vbe.obj
 0003:000033bc       ?device@AC97@@2UAC97_DEVICE@@A 001107bc     ac97.obj
 0003:000033d0       ?buf@@3PAEA                001107d0     ac97.obj
 0003:000033d4       ?e1000_global@@3PAUe1000@@A 001107d4     e1000.obj
 0003:000033d8       ?global_e@@3PAUe1000@@A    001107d8     e1000.obj
 0003:000033e0       ?ctrl@Keyboard@@2_NA       001107e0     keyboard.obj
 0003:000033e1       ?shift@Keyboard@@2_NA      001107e1     keyboard.obj
 0003:000033e2       ?alt@Keyboard@@2_NA        001107e2     keyboard.obj
 0003:000033e3       ?caps@Keyboard@@2_NA       001107e3     keyboard.obj
 0003:000033e4       ?num@Keyboard@@2_NA        001107e4     keyboard.obj
 0003:000033e5       ?scroll@Keyboard@@2_NA     001107e5     keyboard.obj
 0003:000033e6       ?extended@@3_NA            001107e6     keyboard.obj
 0003:000033e7       ?scancode@@3EA             001107e7     keyboard.obj
 0003:000033e8       ?keystates@@3PA_NA         001107e8     keyboard.obj
 0003:000034e7       ?scan@@3EA                 001108e7     keyboard.obj
 0003:000034e8       ?last_key@@3UKEY_PACKET@@A 001108e8     keyboard.obj
 0003:000034f4       ?pressed@@3_NA             001108f4     keyboard.obj
 0003:000034f8       ?key@@3W4KEYCODE@@A        001108f8     keyboard.obj
 0003:000034fc       ?x@Mouse@@2HA              001108fc     mouse.obj
 0003:00003500       ?y@Mouse@@2HA              00110900     mouse.obj
 0003:00003504       ?sensitivity@Mouse@@2MA    00110904     mouse.obj
 0003:00003508       ?mouse_L@Mouse@@2_NA       00110908     mouse.obj
 0003:00003509       ?mouse_R@Mouse@@2_NA       00110909     mouse.obj
 0003:0000350a       ?mouse_M@Mouse@@2_NA       0011090a     mouse.obj
 0003:0000350b       ?mouse_cycle@Mouse@@0EA    0011090b     mouse.obj
 0003:0000350c       ?scroll_x@Mouse@@2HA       0011090c     mouse.obj
 0003:00003510       ?scroll_y@Mouse@@2HA       00110910     mouse.obj
 0003:00003514       ?w@Mouse@@0IA              00110914     mouse.obj
 0003:00003518       ?h@Mouse@@0IA              00110918     mouse.obj
 0003:0000351c       ?mouse_byte@Mouse@@0PACA   0011091c     mouse.obj
 0003:00003520       ?initialized@Mouse@@0_NA   00110920     mouse.obj
 0003:00003524       ?global_e@E1000@@0PAV1@A   00110924     ne1000.obj
 0003:00003528       ?desc@@3PAUISO_PRIMARYDESC@@A 00110928     iso.obj
 0003:0000352c       ?root@@3PAUISO_DIRECTORY@@A 0011092c     iso.obj
 0003:00003530       ?bmp_background@gui@@3PAUBMP@@A 00110930     GUI.obj
 0003:00003534       ?window_count@gui@@3HA     00110934     GUI.obj
 0003:00003538       ?first_window@gui@@3PAVWindow@1@A 00110938     GUI.obj
 0003:0000353c       ?last_window@gui@@3PAVWindow@1@A 0011093c     GUI.obj
 0003:00003540       ?focused_window@gui@@3PAVWindow@1@A 00110940     GUI.obj
 0003:00003544       ?cursor_x@gui@@3HA         00110944     GUI.obj
 0003:00003548       ?cursor_y@gui@@3HA         00110948     GUI.obj
 0003:0000354c       ?mouse_click_L@gui@@3_NA   0011094c     GUI.obj
 0003:0000354d       ?mouse_click_R@gui@@3_NA   0011094d     GUI.obj
 0003:0000354e       ?mouse_click_M@gui@@3_NA   0011094e     GUI.obj
 0003:0000354f       ?window_drag@gui@@3_NA     0011094f     GUI.obj
 0003:00003550       ?mouse_click_L_info@gui@@3UMOUSE_CLICK_INFO@1@A 00110950     GUI.obj
 0003:00003570       ?mouse_click_R_info@gui@@3UMOUSE_CLICK_INFO@1@A 00110970     GUI.obj
 0003:00003590       ?mouse_click_M_info@gui@@3UMOUSE_CLICK_INFO@1@A 00110990     GUI.obj
 0003:000035b0       ?window_drag_info@gui@@3UWINDOW_DRAG_INFO@1@A 001109b0     GUI.obj
 0003:000035bc       ?hover_window@gui@@3PAVWindow@1@A 001109bc     GUI.obj
 0003:000035c0       ?hover_control@gui@@3PAVControl@1@A 001109c0     GUI.obj
 0003:000035c4       ?gc_taskbar@gui@@3UGC@@A   001109c4     GUI.obj
 0003:000035dc       ?gc_background@gui@@3UGC@@A 001109dc     GUI.obj
 0003:000035f4       ?gc_cursor@gui@@3UGC@@A    001109f4     GUI.obj
 0003:00003610       ?idt@IDT@@0PAUIDT_DESCRIPTOR@@A 00110a10     idt.obj
 0003:00003e10       ?idt_reg@IDT@@0UIDT_REG@@A 00111210     idt.obj
 0003:00003e18       ?ticks@PIT@@2IA            00111218     pit.obj
 0003:00003e1c       ?century_reg@@3HA          0011121c     rtc.obj
 0003:00003e20       ?second@@3EA               00111220     rtc.obj
 0003:00003e21       ?minute@@3EA               00111221     rtc.obj
 0003:00003e22       ?hour@@3EA                 00111222     rtc.obj
 0003:00003e23       ?day@@3EA                  00111223     rtc.obj
 0003:00003e24       ?month@@3EA                00111224     rtc.obj
 0003:00003e28       ?year@@3IA                 00111228     rtc.obj
 0003:00003e2c       ?mem_left@@3HA             0011122c     kernel.obj
 0003:00003e30       ?mem_ptr@@3PAEA            00111230     kernel.obj
 0003:00003e34       ?gameGC@@3UGC@@A           00111234     OS.obj
 0003:00003e4c       ?idle_thread@@3PAVThread@@A 0011124c     task.obj
 0003:00003e50       ?current_thread@@3PAVThread@@A 00111250     task.obj
 0003:00003e54       ?first_thread@@3PAVThread@@A 00111254     task.obj
 0003:00003e58       ?last_thread@@3PAVThread@@A 00111258     task.obj
 0003:00003e5c       ?pit_isr@@3PAXA            0011125c     task.obj
 0003:00003e60       ?x@Debug@@2HA              00111260     debug.obj
 0003:00003e64       ?y@Debug@@2HA              00111264     debug.obj
 0003:00003e68       ?x0@Debug@@2HA             00111268     debug.obj
 0003:00003e6c       ?num_blocks@Memory@@2IA    0011126c     memory.obj
 0003:00003e70       ?num_free@Memory@@2IA      00111270     memory.obj
 0003:00003e74       ?mem_size@Memory@@2IA      00111274     memory.obj
 0003:00003e78       ?mem_map@Memory@@0PAIA     00111278     memory.obj
 0003:00003e80       ?arp_cache@ARP@@0PAUARP_TABLE_ENTRY@@A 00111280     arp.obj
 0003:00003fc0       ?dns_server@DNS@@2UIPv4Address@@A 001113c0     dns.obj
 0003:00003fc8       ?dns_cache@DNS@@0PAUDNS_TABLE_ENTRY@@A 001113c8     dns.obj
 0003:000041c8       ?intf@Net@@2PAVNetInterface@@A 001115c8     net.obj
 0003:000041cc       ?GatewayIPv4@Net@@2UIPv4Address@@A 001115cc     net.obj
 0003:000041d0       ?GatewayMAC@Net@@2UMacAddress@@A 001115d0     net.obj
 0003:000041d8       ?BroadcastMAC@Net@@2UMacAddress@@A 001115d8     net.obj
 0003:000041e0       ?BroadcastIPv4@Net@@2UIPv4Address@@A 001115e0     net.obj
 0003:000041e4       ?NullMAC@Net@@2UMacAddress@@A 001115e4     net.obj
 0003:000041ec       ?NullIPv4@Net@@2UIPv4Address@@A 001115ec     net.obj
 0003:000041f0       ?sessions@TCP@@2PAPAVTcpSession@@A 001115f0     tcp.obj
 0003:00004270       ?sockets@@3PAPAVUdpSocket@@A 00111670     udp.obj
 0003:00004274       ?tz@@3UComplex@@A          00111674     Mandelbrot.obj
 0003:0000427c       ?tmp1@apps@@3PAVCanvas@gui@@A 0011167c     TextEdit.obj
 0003:00004280       ?tmp2@apps@@3PAVCanvas@gui@@A 00111680     TextEdit.obj
 0003:00004284       ?socket@apps@@3PAVUdpSocket@@A 00111684     TextEdit.obj
 0003:00004288       ?rec_label@apps@@3PAVLabel@gui@@A 00111688     TextEdit.obj

 entry point at        0000:00000000

 Static symbols

 0002:ffff3800       __guard_fids__             00100000     LIBCMT:std_type_info_static.obj
 0001:00003600       $LN64                      00103a00     keyboard.obj
 0001:00003614       $LN61                      00103a14     keyboard.obj
 0001:00003620       $LN65                      00103a20     keyboard.obj
 0001:00003650       $LN66                      00103a50     keyboard.obj
 0001:00003678       $LN67                      00103a78     keyboard.obj
 0001:000036b0       $LN62                      00103ab0     keyboard.obj
 0001:00004f38       $LN11                      00105338     Button.obj
 0001:0000641c       $LN55                      0010681c     Window.obj
 0001:00007fdc       $LN29                      001083dc     debug.obj
 0001:00008204       $LN22                      00108604     debug.obj
 0001:00008de8       $LN49                      001091e8     stdio.obj
 0001:00008e04       $LN44                      00109204     stdio.obj
 0001:0000b0a8       $LN28                      0010b4a8     tcpsession.obj
 0002:000000e8       ?scancodes@@3QBW4KEYCODE@@B 0010c8e8     keyboard.obj
 0003:00000008       ?DEFAULT_FONT@@3PAEA       0010d408     drawing.obj
 0003:000011e4       ?new_id@gui@@3HA           0010e5e4     Window.obj
 0003:000011f0       ?next@@3KA                 0010e5f0     math.obj
