 andyos

 Timestamp is 59e8f361 (Thu Oct 19 20:48:01 2017)

 Preferred load address is 00100000

 Start         Length     Name                   Class
 0001:00000000 000000d0H .text$di                CODE
 0001:000000d0 000195e0H .text$mn                CODE
 0002:00000000 00000000H .gfids$y                DATA
 0002:00000000 00000af4H .rdata                  DATA
 0002:00000af4 00000548H .rdata$r                DATA
 0002:0000103c 00000000H .edata                  DATA
 0002:0000103c 00000128H .rdata$zzzdbg           DATA
 0003:00000000 00004214H .data                   DATA
 0003:00004214 000001ccH .data$r                 DATA
 0003:000043e0 00004108H .bss                    DATA
 0004:00000000 00000024H .CRT$XCU                DATA

  Address         Publics by Value              Rva+Base       Lib:Object

 0000:00000000       ___guard_flags             00000000     <absolute>
 0000:00000000       ___guard_longjmp_table     00000000     <absolute>
 0000:00000000       ___hybrid_code_map_count   00000000     <absolute>
 0000:00000000       ___safe_se_handler_count   00000000     <absolute>
 0000:00000000       ___guard_iat_count         00000000     <absolute>
 0000:00000000       ___guard_fids_count        00000000     <absolute>
 0000:00000000       ___guard_iat_table         00000000     <absolute>
 0000:00000000       ___hybrid_auxiliary_iat    00000000     <absolute>
 0000:00000000       ___guard_fids_table        00000000     <absolute>
 0000:00000000       ___dynamic_value_reloc_table 00000000     <absolute>
 0000:00000000       ___safe_se_handler_table   00000000     <absolute>
 0000:00000000       ___enclave_config          00000000     <absolute>
 0000:00000000       ___hybrid_code_map         00000000     <absolute>
 0000:00000000       ___guard_longjmp_count     00000000     <absolute>
 0001:000000d0       ?Entry@@YAXPAUMULTIBOOT_HEADER@@@Z 001004d0 f   boot.obj
 0001:00000100       ??0BMP@@QAE@PAX@Z          00100500 f   bmp.obj
 0001:00000190       ??0BMP@@QAE@PAXHH@Z        00100590 f   bmp.obj
 0001:000001e0       ?BitBlt@Drawing@@SAXUGC@@HHHH0HH_N@Z 001005e0 f   drawing.obj
 0001:00000440       ?BlendAlpha@Drawing@@CAIII@Z 00100840 f i drawing.obj
 0001:00000500       ?Clear@Drawing@@SAXIUGC@@@Z 00100900 f   drawing.obj
 0001:00000550       ?Draw@Drawing@@SAXUGC@@@Z  00100950 f   drawing.obj
 0001:00000580       ?DrawBezierCube@Drawing@@SAXPAUPoint@@HUGC@@@Z 00100980 f   drawing.obj
 0001:000007e0       ?DrawBezierQuad@Drawing@@SAXPAUPoint@@HUGC@@@Z 00100be0 f   drawing.obj
 0001:00000920       ?DrawImage@Drawing@@SAXHHHHPAUBMP@@UGC@@@Z 00100d20 f   drawing.obj
 0001:00000a20       ?DrawLine@Drawing@@SAXHHHHIUGC@@@Z 00100e20 f   drawing.obj
 0001:00000b40       ?DrawRect@Drawing@@SAXHHHHHIUGC@@@Z 00100f40 f   drawing.obj
 0001:00000c10       ?DrawText@Drawing@@SAXHHPADIIUGC@@@Z 00101010 f   drawing.obj
 0001:00000d20       ?DrawText@Drawing@@SAXHHPADIUGC@@@Z 00101120 f   drawing.obj
 0001:00000df0       ?FillRect@Drawing@@SAXHHHHIUGC@@@Z 001011f0 f   drawing.obj
 0001:00000ea0       ?Init@Drawing@@SAIHHPAI@Z  001012a0 f   drawing.obj
 0001:00000f30       ?SetPixel@Drawing@@SAXHHIUGC@@@Z 00101330 f   drawing.obj
 0001:00000f80       ??0Font@@QAE@PAD@Z         00101380 f   font.obj
 0001:00001180       ?FindTable@Font@@AAEPAUTTF_TABLE@@PAD@Z 00101580 f   font.obj
 0001:000011d0       ?GetGlyphOffset@Font@@AAEIH@Z 001015d0 f   font.obj
 0001:00001250       ?Print@Font@@AAE_NHHHM@Z   00101650 f   font.obj
 0001:000017a0       ?ReadHead@Font@@AAEXXZ     00101ba0 f   font.obj
 0001:00001950       ?Init@VBE@@SAIPAUVBE_MODE_INFO@@@Z 00101d50 f   vbe.obj
 0001:000019c0       ?AC97_ISR@AC97@@CAXXZ      00101dc0 f   ac97.obj
 0001:00001a90       ?Init@AC97@@SAIPAUPCI_DEVICE@@@Z 00101e90 f   ac97.obj
 0001:00001d80       ?ATA_Interrupt@ATA@@CAXXZ  00102180 f   ata.obj
 0001:00001d90       ?Init@ATA@@SAIXZ           00102190 f   ata.obj
 0001:00001dc0       ?Read@ATA@@SAIHHHAAPADH@Z  001021c0 f   ata.obj
 0001:00001fd0       ?ReadSector@ATA@@CAIHHHPAD@Z 001023d0 f   ata.obj
 0001:00002180       ?e1000_eeprom_gettype@@YAXPAUe1000@@@Z 00102580 f   e1000.obj
 0001:000021f0       ?e1000_eeprom_read@@YAIPAUe1000@@E@Z 001025f0 f   e1000.obj
 0001:000022a0       ?e1000_getmac@@YAXPAUe1000@@PAD@Z 001026a0 f   e1000.obj
 0001:000022f0       ?e1000_init@@YAPAUnetwork_dev@@PAUPCI_CONFIG_SPACE@@@Z 001026f0 f   e1000.obj
 0001:00002540       ?e1000_inl@@YAIPAUe1000@@G@Z 00102940 f   e1000.obj
 0001:00002570       ?e1000_interrupt_enable@@YAXPAUe1000@@@Z 00102970 f   e1000.obj
 0001:000025f0       ?e1000_linkup@@YAXPAUe1000@@@Z 001029f0 f   e1000.obj
 0001:00002640       ?e1000_outb@@YAXPAUe1000@@GI@Z 00102a40 f   e1000.obj
 0001:00002670       ?e1000_outl@@YAXPAUe1000@@GI@Z 00102a70 f   e1000.obj
 0001:000026a0       ?e1000_received@@YAXPAUe1000@@@Z 00102aa0 f   e1000.obj
 0001:000029d0       ?e1000_rxinit@@YAXPAUe1000@@@Z 00102dd0 f   e1000.obj
 0001:00002b20       ?e1000_send@@YAIPAUe1000@@PAEI@Z 00102f20 f   e1000.obj
 0001:00002bd0       ?e1000_start@@YAXPAUe1000@@@Z 00102fd0 f   e1000.obj
 0001:00002f90       ?e1000_txinit@@YAXPAUe1000@@@Z 00103390 f   e1000.obj
 0001:00003120       ?ip_checksum@@YAGPAXI@Z    00103520 f   e1000.obj
 0001:000031c0       ?isr@@YAXXZ                001035c0 f   e1000.obj
 0001:00003220       ?kcalloc@@YAPAXH@Z         00103620 f   e1000.obj
 0001:00003250       ?kmalloc@@YAPAXH@Z         00103650 f   e1000.obj
 0001:00003270       ?print_mac@@YAXPAD@Z       00103670 f   e1000.obj
 0001:00003290       ?send_arp_request@@YAXPAUethp@@@Z 00103690 f   e1000.obj
 0001:00003370       ?send_icmp_response@@YAXPAUethp@@@Z 00103770 f   e1000.obj
 0001:000034a0       ?switch_endian16@@YAGG@Z   001038a0 f   e1000.obj
 0001:000034c0       ?switch_endian32@@YAII@Z   001038c0 f   e1000.obj
 0001:000034d0       ?Init@i825@@SAIPAUPCI_DEVICE@@@Z 001038d0 f   i825.obj
 0001:000034f0       ?DecodeAscii@Keyboard@@CAXAAUKEY_PACKET@@@Z 001038f0 f   keyboard.obj
 0001:000037c0       ?DiscardLastKey@Keyboard@@SAXXZ 00103bc0 f   keyboard.obj
 0001:000037d0       ?GetKeyDown@Keyboard@@SA_NW4KEYCODE@@@Z 00103bd0 f   keyboard.obj
 0001:000037e0       ?GetLastKey@Keyboard@@SA?AUKEY_PACKET@@XZ 00103be0 f   keyboard.obj
 0001:00003800       ?Init@Keyboard@@SAIXZ      00103c00 f   keyboard.obj
 0001:00003820       ?Keyboard_ISR@Keyboard@@CAXXZ 00103c20 f   keyboard.obj
 0001:00003a10       ?Init@Mouse@@SAIIIM@Z      00103e10 f   mouse.obj
 0001:00003d00       ?MouseRead@Mouse@@CAEXZ    00104100 f   mouse.obj
 0001:00003d30       ?MouseWait@Mouse@@CAXE@Z   00104130 f   mouse.obj
 0001:00003d70       ?MouseWrite@Mouse@@CAXE@Z  00104170 f   mouse.obj
 0001:00003dd0       ?Mouse_ISR@Mouse@@CAXXZ    001041d0 f   mouse.obj
 0001:00003f10       ??0E1000@@QAE@PAUPCI_DEVICE@@@Z 00104310 f   ne1000.obj
 0001:00004030       ?DetectEEPROM@E1000@@AAE_NXZ 00104430 f   ne1000.obj
 0001:000040a0       ?E1000_Interrupt@E1000@@CAXXZ 001044a0 f   ne1000.obj
 0001:00004100       ?EnableIRQ@E1000@@AAEXXZ   00104500 f   ne1000.obj
 0001:00004190       ?GetIP@E1000@@UAE?AUIPv4Address@@XZ 00104590 f   ne1000.obj
 0001:000041b0       ?GetMac@E1000@@UAE?AUMacAddress@@XZ 001045b0 f   ne1000.obj
 0001:000041d0       ?InitRX@E1000@@AAEXXZ      001045d0 f   ne1000.obj
 0001:00004330       ?InitTX@E1000@@AAEXXZ      00104730 f   ne1000.obj
 0001:000044b0       ?Linkup@E1000@@AAEXXZ      001048b0 f   ne1000.obj
 0001:00004500       ?Poll@E1000@@UAEXXZ        00104900 f   ne1000.obj
 0001:000045a0       ?ReadCommand@E1000@@AAEIG@Z 001049a0 f   ne1000.obj
 0001:000045d0       ?ReadEEPROM@E1000@@AAEIE@Z 001049d0 f   ne1000.obj
 0001:00004690       ?ReadMac@E1000@@AAEXXZ     00104a90 f   ne1000.obj
 0001:000046d0       ?Send@E1000@@UAEXPAUNetPacket@@@Z 00104ad0 f   ne1000.obj
 0001:00004770       ?Start@E1000@@AAEXXZ       00104b70 f   ne1000.obj
 0001:00004b80       ?WriteCommand@E1000@@AAEXGI@Z 00104f80 f   ne1000.obj
 0001:00004bc0       ?Read@Disk@@SAIHAAPADH@Z   00104fc0 f   disk.obj
 0001:00004be0       ?Init@FS@@SAIXZ            00104fe0 f   FileSystem.obj
 0001:00004bf0       ?ReadFile@FS@@SAIPADAAPAD@Z 00104ff0 f   FileSystem.obj
 0001:00004c00       ?FindFile@ISO_FS@@SAPAUISO_DIRECTORY@@PAD@Z 00105000 f   iso.obj
 0001:00004cd0       ?Init@ISO_FS@@SAIXZ        001050d0 f   iso.obj
 0001:00004d20       ?ListFiles@ISO_FS@@SAHPAD@Z 00105120 f   iso.obj
 0001:00004dc0       ?ReadFile@ISO_FS@@SAIPADAAPAD@Z 001051c0 f   iso.obj
 0001:00004eb0       ?ReadFile@ISO_FS@@SAIPAUISO_DIRECTORY@@AAPAD@Z 001052b0 f   iso.obj
 0001:00004ed0       ??0Button@gui@@QAE@XZ      001052d0 f   Button.obj
 0001:00004f30       ?Paint@Button@gui@@UAEXXZ  00105330 f   Button.obj
 0001:00004fd0       ?Paint@Control@gui@@UAEXXZ 001053d0 f i Button.obj
 0001:00004fe0       ?ReceiveSendMessage@Button@gui@@UAEXUWND_MSG@2@@Z 001053e0 f   Button.obj
 0001:00005030       ?ReceiveSendMessage@Control@gui@@UAEXUWND_MSG@2@@Z 00105430 f i Button.obj
 0001:00005040       ??0Canvas@gui@@QAE@XZ      00105440 f   Canvas.obj
 0001:000050a0       ?Close@Control@gui@@QAEXXZ 001054a0 f   Control.obj
 0001:000050f0       ??0Label@gui@@QAE@XZ       001054f0 f   Label.obj
 0001:00005150       ?Paint@Label@gui@@UAEXXZ   00105550 f   Label.obj
 0001:00005180       ??0TextBox@gui@@QAE@XZ     00105580 f   TextBox.obj
 0001:00005200       ?Paint@TextBox@gui@@UAEXXZ 00105600 f   TextBox.obj
 0001:000052b0       ?ReceiveSendMessage@TextBox@gui@@UAEXUWND_MSG@2@@Z 001056b0 f   TextBox.obj
 0001:000052e0       ?CloseWindow@WindowManager@gui@@SAXPAVWindow@2@@Z 001056e0 f   GUI.obj
 0001:00005360       ?Contains@Rect@@QAE_NHH@Z  00105760 f i GUI.obj
 0001:000053a0       ?CreateWindow@WindowManager@gui@@SAPAVWindow@2@PAD@Z 001057a0 f   GUI.obj
 0001:00005420       ?GetWindowAtCursor@WindowManager@gui@@CAPAVWindow@2@XZ 00105820 f   GUI.obj
 0001:00005470       ?HandleKeyInput@WindowManager@gui@@CAXXZ 00105870 f   GUI.obj
 0001:000054e0       ?HandleMouseInput@WindowManager@gui@@CAXXZ 001058e0 f   GUI.obj
 0001:00005910       ?Init@WindowManager@gui@@SAIXZ 00105d10 f   GUI.obj
 0001:00005a10       ?PaintBackground@WindowManager@gui@@CAXXZ 00105e10 f   GUI.obj
 0001:00005ab0       ?PaintCursor@WindowManager@gui@@CAXXZ 00105eb0 f   GUI.obj
 0001:00005b70       ?PaintTaskbar@WindowManager@gui@@CAXXZ 00105f70 f   GUI.obj
 0001:00005c10       ?PaintWindows@WindowManager@gui@@CAXXZ 00106010 f   GUI.obj
 0001:00005c80       ?SetFocusedWindow@WindowManager@gui@@CAXPAVWindow@2@@Z 00106080 f   GUI.obj
 0001:00005d60       ?Start@WindowManager@gui@@SAXXZ 00106160 f   GUI.obj
 0001:00005d70       ?UpdateLoop@WindowManager@gui@@CAXXZ 00106170 f   GUI.obj
 0001:000060e0       ??0GC@@QAE@HH@Z            001064e0 f i Window.obj
 0001:00006130       ??0Window@gui@@QAE@XZ      00106530 f   Window.obj
 0001:00006260       ?Close@Window@gui@@QAEXXZ  00106660 f   Window.obj
 0001:000062e0       ?CreateControl@Window@gui@@QAEPAVControl@2@W4CONTROL_TYPE@2@PADHHHHH@Z 001066e0 f   Window.obj
 0001:00006510       ?DispatchMessage@Window@gui@@QAEXUWND_MSG@2@@Z 00106910 f   Window.obj
 0001:00006550       ?GetControlAt@Window@gui@@QAEPAVControl@2@HH@Z 00106950 f   Window.obj
 0001:000065b0       ?GetMessage@Window@gui@@QAE?AUWND_MSG@2@XZ 001069b0 f   Window.obj
 0001:00006600       ?Paint@Window@gui@@QAEXXZ  00106a00 f   Window.obj
 0001:00006760       ?PaintControls@Window@gui@@AAEXXZ 00106b60 f   Window.obj
 0001:00006800       ?PaintWindow@Window@gui@@AAEXXZ 00106c00 f   Window.obj
 0001:000068d0       ?ReceiveSendMessage@Window@gui@@QAEXUWND_MSG@2@@Z 00106cd0 f   Window.obj
 0001:00006930       ?SetFocus@Window@gui@@QAEX_N@Z 00106d30 f   Window.obj
 0001:00006950       ?SetState@Window@gui@@QAEXW4WINDOW_STATE@2@@Z 00106d50 f   Window.obj
 0001:000069a0       ?EnableFPU@CPU@@CAIXZ      00106da0 f   cpu.obj
 0001:000069c0       ?EnableSSE@CPU@@CAIXZ      00106dc0 f   cpu.obj
 0001:000069f0       ?Init@CPU@@SAIXZ           00106df0 f   cpu.obj
 0001:00006a20       ?Init@HAL@@SAIXZ           00106e20 f   hal.obj
 0001:00006a50       ?inb@@YAEG@Z               00106e50 f   hal.obj
 0001:00006a70       ?inl@@YAIG@Z               00106e70 f   hal.obj
 0001:00006a90       ?inw@@YAGG@Z               00106e90 f   hal.obj
 0001:00006ab0       ?outb@@YAXGE@Z             00106eb0 f   hal.obj
 0001:00006ac0       ?outl@@YAXGI@Z             00106ec0 f   hal.obj
 0001:00006ad0       ?outw@@YAXGG@Z             00106ed0 f   hal.obj
 0001:00006ae0       ?EmptyISR@IDT@@SAXXZ       00106ee0 f   idt.obj
 0001:00006af0       ?GetIR@IDT@@SAPAUIDT_DESCRIPTOR@@I@Z 00106ef0 f   idt.obj
 0001:00006b00       ?GetVect@IDT@@SAP6AXXZH@Z  00106f00 f   idt.obj
 0001:00006b30       ?Init@IDT@@SAIXZ           00106f30 f   idt.obj
 0001:00006ba0       ?SetISR@IDT@@SAIIP6AXXZ@Z  00106fa0 f   idt.obj
 0001:00006be0       ?Init@PIC@@SAIXZ           00106fe0 f   pic.obj
 0001:00006c40       ?InterruptDone@PIC@@SAXG@Z 00107040 f   pic.obj
 0001:00006c70       ?ReadData@PIC@@CAEE@Z      00107070 f   pic.obj
 0001:00006ca0       ?SendCommand@PIC@@CAXEE@Z  001070a0 f   pic.obj
 0001:00006cd0       ?SendData@PIC@@CAXGE@Z     001070d0 f   pic.obj
 0001:00006d00       ?Init@PIT@@SAIXZ           00107100 f   pit.obj
 0001:00006d40       ?PIT_ISR@PIT@@CAXXZ        00107140 f   pit.obj
 0001:00006d50       ?ReadData@PIT@@CAEE@Z      00107150 f   pit.obj
 0001:00006d80       ?SendData@PIT@@CAXGE@Z     00107180 f   pit.obj
 0001:00006dc0       ?Sleep@PIT@@SAXI@Z         001071c0 f   pit.obj
 0001:00006de0       ?Start@PIT@@CAIXZ          001071e0 f   pit.obj
 0001:00006e20       ?Day@RTC@@QAEHXZ           00107220 f   rtc.obj
 0001:00006e30       ?GetReg@@YAEH@Z            00107230 f   rtc.obj
 0001:00006e50       ?GetUpdateFlag@@YAHXZ      00107250 f   rtc.obj
 0001:00006e70       ?Hour@RTC@@QAEHXZ          00107270 f   rtc.obj
 0001:00006e80       ?Minute@RTC@@QAEHXZ        00107280 f   rtc.obj
 0001:00006e90       ?Month@RTC@@QAEHXZ         00107290 f   rtc.obj
 0001:00006ea0       ?ReadRTC@@YAXXZ            001072a0 f   rtc.obj
 0001:00007240       ?Second@RTC@@QAEHXZ        00107640 f   rtc.obj
 0001:00007250       ?Year@RTC@@QAEHXZ          00107650 f   rtc.obj
 0001:00007260       ?DefaultISR@Exceptions@@SAXXZ 00107660 f   exceptions.obj
 0001:00007280       ?ISR0@Exceptions@@CAXXZ    00107680 f   exceptions.obj
 0001:000072a0       ?ISR10@Exceptions@@CAXXZ   001076a0 f   exceptions.obj
 0001:000072c0       ?ISR11@Exceptions@@CAXXZ   001076c0 f   exceptions.obj
 0001:000072e0       ?ISR12@Exceptions@@CAXXZ   001076e0 f   exceptions.obj
 0001:00007300       ?ISR13@Exceptions@@CAXXZ   00107700 f   exceptions.obj
 0001:00007320       ?ISR14@Exceptions@@CAXXZ   00107720 f   exceptions.obj
 0001:00007340       ?ISR15@Exceptions@@CAXXZ   00107740 f   exceptions.obj
 0001:00007360       ?ISR16@Exceptions@@CAXXZ   00107760 f   exceptions.obj
 0001:00007380       ?ISR17@Exceptions@@CAXXZ   00107780 f   exceptions.obj
 0001:000073a0       ?ISR18@Exceptions@@CAXXZ   001077a0 f   exceptions.obj
 0001:000073c0       ?ISR19@Exceptions@@CAXXZ   001077c0 f   exceptions.obj
 0001:000073e0       ?ISR1@Exceptions@@CAXXZ    001077e0 f   exceptions.obj
 0001:00007400       ?ISR2@Exceptions@@CAXXZ    00107800 f   exceptions.obj
 0001:00007420       ?ISR3@Exceptions@@CAXXZ    00107820 f   exceptions.obj
 0001:00007440       ?ISR4@Exceptions@@CAXXZ    00107840 f   exceptions.obj
 0001:00007460       ?ISR5@Exceptions@@CAXXZ    00107860 f   exceptions.obj
 0001:00007480       ?ISR6@Exceptions@@CAXIII@Z 00107880 f   exceptions.obj
 0001:00007500       ?ISR7@Exceptions@@CAXXZ    00107900 f   exceptions.obj
 0001:00007520       ?ISR8@Exceptions@@CAXXZ    00107920 f   exceptions.obj
 0001:00007540       ?ISR9@Exceptions@@CAXXZ    00107940 f   exceptions.obj
 0001:00007560       ?Init@Exceptions@@SAIXZ    00107960 f   exceptions.obj
 0001:00007660       ?ThrowException@Exceptions@@SAXPAD0@Z 00107a60 f   exceptions.obj
 0001:00007670       ??2@YAPAXI@Z               00107a70 f   kernel.obj
 0001:000076c0       ??3@YAXPAX@Z               00107ac0 f   kernel.obj
 0001:000076e0       ??_U@YAPAXI@Z              00107ae0 f   kernel.obj
 0001:00007770       ??_V@YAXPAX@Z              00107b70 f   kernel.obj
 0001:00007780       ?Main@Kernel@@SAXPAUMULTIBOOT_INFO@@@Z 00107b80 f   kernel.obj
 0001:00007840       ??_H@YGXPAXIIP6EPAX0@Z@Z   00107c40 f i OS.obj
 0001:00007870       ?Audio@@YAXXZ              00107c70 f   OS.obj
 0001:000078b0       ?GUI@@YAXXZ                00107cb0 f   OS.obj
 0001:000078e0       ?Game@@YAXXZ               00107ce0 f   OS.obj
 0001:00007970       ?Main@OS@@SAXXZ            00107d70 f   OS.obj
 0001:00007980       ?_Font@@YAXXZ              00107d80 f   OS.obj
 0001:000079a0       ?render@@YAXXZ             00107da0 f   OS.obj
 0001:00007a00       ?KernelPanic@Panic@@SAXPAD0@Z 00107e00 f   panic.obj
 0001:00007aa0       ?CreateThread@Task@@SAPAVThread@@PAX@Z 00107ea0 f   task.obj
 0001:00007b40       ?Idle@Task@@CAXXZ          00107f40 f   task.obj
 0001:00007b60       ?Init@Task@@SAIXZ          00107f60 f   task.obj
 0001:00007c60       ?InsertThread@Task@@SAXPAVThread@@@Z 00108060 f   task.obj
 0001:00007ca0       ?Schedule@Task@@CAXXZ      001080a0 f   task.obj
 0001:00007cc0       ?StartThreading@Task@@SAXXZ 001080c0 f   task.obj
 0001:00007d00       ?Task_ISR@Task@@CAXXZ      00108100 f   task.obj
 0001:00007d40       ?Clear@Debug@@SAXI@Z       00108140 f   debug.obj
 0001:00007d60       ?Dump@Debug@@SAXPAXH_N@Z   00108160 f   debug.obj
 0001:00007f00       ?Print@Debug@@SAXPADZZ     00108300 f   debug.obj
 0001:00008170       ?Putc@Debug@@SAXD_N@Z      00108570 f   debug.obj
 0001:00008390       ?acos@@YAMM@Z              00108790 f   math.obj
 0001:000083f0       ?asin@@YAMM@Z              001087f0 f   math.obj
 0001:00008450       ?atan2@@YAMMM@Z            00108850 f   math.obj
 0001:00008550       ?atan@@YAMM@Z              00108950 f   math.obj
 0001:00008580       ?ceil@@YAHM@Z              00108980 f   math.obj
 0001:000085a0       ?cos@@YAMM@Z               001089a0 f   math.obj
 0001:000085c0       ?fact@@YAMM@Z              001089c0 f   math.obj
 0001:00008600       ?floor@@YAHM@Z             00108a00 f   math.obj
 0001:00008620       ?log10@@YAMM@Z             00108a20 f   math.obj
 0001:00008640       ?log2@@YAMM@Z              00108a40 f   math.obj
 0001:00008660       ?log@@YAMM@Z               00108a60 f   math.obj
 0001:00008680       ?logn@@YAMMM@Z             00108a80 f   math.obj
 0001:000086b0       ?pow@@YAMMH@Z              00108ab0 f   math.obj
 0001:00008790       ?rand@@YAHXZ               00108b90 f   math.obj
 0001:000087b0       ?round@@YAHM@Z             00108bb0 f   math.obj
 0001:000087d0       ?sin@@YAMM@Z               00108bd0 f   math.obj
 0001:000087f0       ?sqrt@@YAMM@Z              00108bf0 f   math.obj
 0001:00008810       ?srand@@YAXI@Z             00108c10 f   math.obj
 0001:00008820       ?tan@@YAMM@Z               00108c20 f   math.obj
 0001:00008850       ?atof@@YAMPBD@Z            00108c50 f   stdio.obj
 0001:000088f0       ?atoi@@YAHPBD@Z            00108cf0 f   stdio.obj
 0001:00008910       ?ftoa@@YAPADMIPAD@Z        00108d10 f   stdio.obj
 0001:00008a30       ?itoa@@YAPADHIPAD_N@Z      00108e30 f   stdio.obj
 0001:00008ac0       ?strtol@@YAJPBDPAPADH@Z    00108ec0 f   stdio.obj
 0001:00008c10       ?vprintf@@YAPADPADPBDZZ    00109010 f   stdio.obj
 0001:00008c30       ?vsprintf@@YAPADPADPBDPAE@Z 00109030 f   stdio.obj
 0001:00008fa0       ?memcmp@@YAHPBX0I@Z        001093a0 f   string.obj
 0001:00008fe0       ?memcpy@@YAPAXPAX0I@Z      001093e0 f   string.obj
 0001:00009010       ?memcpy_fast_128@@YAXPAX0I@Z 00109410 f   string.obj
 0001:00009090       ?memset16@@YAPAXPAXGI@Z    00109490 f   string.obj
 0001:000090b0       ?memset32@@YAPAXPAXII@Z    001094b0 f   string.obj
 0001:000090d0       ?memset_fast_128@@YAPAXPAXII@Z 001094d0 f   string.obj
 0001:00009150       ?strcat@@YAPADPADPBD@Z     00109550 f   string.obj
 0001:00009180       ?strcmp@@YAIPBD0@Z         00109580 f   string.obj
 0001:000091d0       ?strcpy@@YAPADPADPBD@Z     001095d0 f   string.obj
 0001:000091f0       ?strlen@@YAIPBD@Z          001095f0 f   string.obj
 0001:00009210       ?strncat@@YAPADPADPBDH@Z   00109610 f   string.obj
 0001:00009250       _memset                    00109650 f   string.obj
 0001:00009270       ?AllocBlocks@Memory@@SAPAXI@Z 00109670 f   memory.obj
 0001:000093a0       ?DeInitRegion@Memory@@SAXPAXI@Z 001097a0 f   memory.obj
 0001:000093f0       ?FirstFree@Memory@@CAIXZ   001097f0 f   memory.obj
 0001:00009430       ?FirstFreeNum@Memory@@CAII@Z 00109830 f   memory.obj
 0001:00009520       ?FreeBlocks@Memory@@SAXPAXI@Z 00109920 f   memory.obj
 0001:00009580       ?Init@Memory@@SAIIPAI@Z    00109980 f   memory.obj
 0001:00009600       ?InitRegion@Memory@@SAXPAXI@Z 00109a00 f   memory.obj
 0001:00009650       ?AddEntry@ARP@@SAXUMacAddress@@UIPv4Address@@@Z 00109a50 f   arp.obj
 0001:000096e0       ?Decode@ARP@@SA_NPAUARP_Header@@PAUNetPacket@@@Z 00109ae0 f   arp.obj
 0001:00009750       ?Init@ARP@@SAIXZ           00109b50 f   arp.obj
 0001:000097b0       ?LookupMac@ARP@@SA?AUMacAddress@@UIPv4Address@@@Z 00109bb0 f   arp.obj
 0001:00009830       ?Receive@ARP@@SAXPAVNetInterface@@PAUNetPacket@@@Z 00109c30 f   arp.obj
 0001:00009970       ?Send@ARP@@SAXPAVNetInterface@@UMacAddress@@UIPv4Address@@G@Z 00109d70 f   arp.obj
 0001:00009a30       ?SendReply@ARP@@CAXPAVNetInterface@@PAUARP_Header@@@Z 00109e30 f   arp.obj
 0001:00009a70       ?SendRequest@ARP@@SAXPAVNetInterface@@UIPv4Address@@@Z 00109e70 f   arp.obj
 0001:00009ab0       ?DoStuff@DHCP@@SAXPAVNetInterface@@UIPv4Address@@@Z 00109eb0 f   dhcp.obj
 0001:00009b90       ?Receive@DHCP@@SAXPAVNetInterface@@PAUIPv4_Header@@PAUUDP_Packet@@PAUNetPacket@@@Z 00109f90 f   dhcp.obj
 0001:00009ba0       ?AddEntry@DNS@@SAXPADUIPv4Address@@@Z 00109fa0 f   dns.obj
 0001:00009c20       ?AppendDomain@DNS@@CAPAEPAEPAD@Z 0010a020 f   dns.obj
 0001:00009c80       ?Decode@DNS@@SA_NPAUDNS_Packet@@PAUUDP_Packet@@@Z 0010a080 f   dns.obj
 0001:00009d00       ?Init@DNS@@SAIXZ           0010a100 f   dns.obj
 0001:00009d40       ?LookupAddress@DNS@@SA?AUIPv4Address@@PAD@Z 0010a140 f   dns.obj
 0001:00009d80       ?ParseAnswer@DNS@@CAPAEPAUDNS_Answer@@PAE@Z 0010a180 f   dns.obj
 0001:00009de0       ?ParseDomain@DNS@@CAPAEPADPAE@Z 0010a1e0 f   dns.obj
 0001:00009e20       ?Query@DNS@@SAXPAVNetInterface@@PAD@Z 0010a220 f   dns.obj
 0001:00009f00       ?Receive@DNS@@SAXPAVNetInterface@@PAUIPv4_Header@@PAUUDP_Packet@@PAUNetPacket@@@Z 0010a300 f   dns.obj
 0001:0000a060       ?CreatePacket@Eth@@SAPAUNetPacket@@PAVNetInterface@@UMacAddress@@GI@Z 0010a460 f   eth.obj
 0001:0000a0d0       ?Decode@Eth@@SA_NPAUEthPacket@@PAUNetPacket@@@Z 0010a4d0 f   eth.obj
 0001:0000a150       ?Receive@Eth@@SAXPAVNetInterface@@PAUNetPacket@@@Z 0010a550 f   eth.obj
 0001:0000a1f0       ?Send@Eth@@SAXPAVNetInterface@@PAUNetPacket@@@Z 0010a5f0 f   eth.obj
 0001:0000a200       ??0WebClient@@QAE@XZ       0010a600 f   http.obj
 0001:0000a210       ?Download@WebClient@@QAEHVString@@AAPAE@Z 0010a610 f   http.obj
 0001:0000a230       ?Send@WebClient@@QAEXVString@@PAEI@Z 0010a630 f   http.obj
 0001:0000a2c0       ?Decode@ICMP@@SA_NPAUICMP_Packet@@PAUNetPacket@@@Z 0010a6c0 f   icmp.obj
 0001:0000a330       ?Receive@ICMP@@SAXPAVNetInterface@@PAUIPv4_Header@@PAUNetPacket@@@Z 0010a730 f   icmp.obj
 0001:0000a380       ?Send@ICMP@@SAXPAVNetInterface@@PAUICMP_Packet@@UIPv4Address@@E@Z 0010a780 f   icmp.obj
 0001:0000a420       ?SendReply@ICMP@@SAXPAVNetInterface@@PAUICMP_Packet@@UIPv4Address@@@Z 0010a820 f   icmp.obj
 0001:0000a4b0       ?CreatePacket@IPv4@@SAPAUNetPacket@@PAVNetInterface@@UIPv4Address@@EI@Z 0010a8b0 f   ipv4.obj
 0001:0000a630       ?Decode@IPv4@@SA_NPAUIPv4_Header@@PAUNetPacket@@@Z 0010aa30 f   ipv4.obj
 0001:0000a6a0       ?Receive@IPv4@@SAXPAVNetInterface@@PAUEthPacket@@PAUNetPacket@@@Z 0010aaa0 f   ipv4.obj
 0001:0000a7a0       ?Send@IPv4@@SAXPAVNetInterface@@PAUNetPacket@@@Z 0010aba0 f   ipv4.obj
 0001:0000a7b0       ?Checksum@Net@@SAGPAXH@Z   0010abb0 f   net.obj
 0001:0000a830       ?ChecksumDouble@Net@@SAGPAXH0H@Z 0010ac30 f   net.obj
 0001:0000a910       ?Init@Net@@SAIXZ           0010ad10 f   net.obj
 0001:0000a980       ?PrintIP@Net@@SAXPADUIPv4Address@@@Z 0010ad80 f   net.obj
 0001:0000a9c0       ?PrintMac@Net@@SAXPADUMacAddress@@@Z 0010adc0 f   net.obj
 0001:0000aa10       ?htonl@@YAII@Z             0010ae10 f   net.obj
 0001:0000aa20       ?htons@@YAGG@Z             0010ae20 f   net.obj
 0001:0000aa40       ?ntohl@@YAII@Z             0010ae40 f   net.obj
 0001:0000aa50       ?ntohs@@YAGG@Z             0010ae50 f   net.obj
 0001:0000aa70       ??0NetInterface@@QAE@PAUPCI_DEVICE@@@Z 0010ae70 f   netinterface.obj
 0001:0000aa90       ?GetIP@NetInterface@@UAE?AUIPv4Address@@XZ 0010ae90 f i netinterface.obj
 0001:0000aaa0       ?GetMac@NetInterface@@UAE?AUMacAddress@@XZ 0010aea0 f i netinterface.obj
 0001:0000aac0       ?Poll@NetInterface@@UAEXXZ 0010aec0 f i netinterface.obj
 0001:0000aad0       ?Send@NetInterface@@UAEXPAUNetPacket@@@Z 0010aed0 f i netinterface.obj
 0001:0000aae0       ?CreatePacket@TCP@@SAPAUNetPacket@@PAVNetInterface@@UIPv4Address@@GGEIIPAEI@Z 0010aee0 f   tcp.obj
 0001:0000abe0       ?CreateSession@TCP@@SAPAVTcpSession@@XZ 0010afe0 f   tcp.obj
 0001:0000ac20       ?Decode@TCP@@SA_NPAUTCP_Packet@@PAUNetPacket@@@Z 0010b020 f   tcp.obj
 0001:0000acd0       ?Receive@TCP@@SAXPAVNetInterface@@PAUIPv4_Header@@PAUNetPacket@@@Z 0010b0d0 f   tcp.obj
 0001:0000add0       ?Send@TCP@@SAXPAVNetInterface@@PAUNetPacket@@@Z 0010b1d0 f   tcp.obj
 0001:0000ade0       ??0TcpSession@@QAE@XZ      0010b1e0 f   tcpsession.obj
 0001:0000ae00       ?Close@TcpSession@@QAEXXZ  0010b200 f   tcpsession.obj
 0001:0000af00       ?Connect@TcpSession@@QAEXUIPv4Address@@G@Z 0010b300 f   tcpsession.obj
 0001:0000b080       ?Listen@TcpSession@@QAEXG@Z 0010b480 f   tcpsession.obj
 0001:0000b0b0       ?Receive@TcpSession@@QAEXPAUIPv4_Header@@PAUTCP_Packet@@@Z 0010b4b0 f   tcpsession.obj
 0001:0000b240       ?ReceivedData@TcpSession@@QAEXPAUIPv4_Header@@PAUTCP_Packet@@@Z 0010b640 f   tcpsession.obj
 0001:0000b2a0       ?Reset@TcpSession@@AAEXXZ  0010b6a0 f   tcpsession.obj
 0001:0000b2c0       ?Send@TcpSession@@AAE_NEPAEI@Z 0010b6c0 f   tcpsession.obj
 0001:0000b310       ?SendData@TcpSession@@QAE_NPAEI@Z 0010b710 f   tcpsession.obj
 0001:0000b360       ??0TcpSocket@@QAE@XZ       0010b760 f   tcpsocket.obj
 0001:0000b370       ?Close@TcpSocket@@QAE_NXZ  0010b770 f   tcpsocket.obj
 0001:0000b390       ?Connect@TcpSocket@@QAE_NUIPv4Address@@G@Z 0010b790 f   tcpsocket.obj
 0001:0000b3c0       ?Listen@TcpSocket@@QAE_NG@Z 0010b7c0 f   tcpsocket.obj
 0001:0000b3f0       ?Send@TcpSocket@@QAE_NPAEI@Z 0010b7f0 f   tcpsocket.obj
 0001:0000b420       ?CreatePacket@UDP@@SAPAUNetPacket@@PAVNetInterface@@UIPv4Address@@GGPAEI@Z 0010b820 f   udp.obj
 0001:0000b4e0       ?CreateSocket@UDP@@SAPAVUdpSocket@@H@Z 0010b8e0 f   udp.obj
 0001:0000b520       ?Decode@UDP@@SA_NPAUUDP_Packet@@PAUNetPacket@@@Z 0010b920 f   udp.obj
 0001:0000b590       ?Init@UDP@@SAIXZ           0010b990 f   udp.obj
 0001:0000b5c0       ?Receive@UDP@@SAXPAVNetInterface@@PAUIPv4_Header@@PAUNetPacket@@@Z 0010b9c0 f   udp.obj
 0001:0000b690       ?Send@UDP@@SAXPAVNetInterface@@PAUNetPacket@@@Z 0010ba90 f   udp.obj
 0001:0000b6a0       ??0UdpSocket@@QAE@GG@Z     0010baa0 f   udpsocket.obj
 0001:0000b6e0       ??1UdpSocket@@QAE@XZ       0010bae0 f   udpsocket.obj
 0001:0000b6f0       ?Receive@UdpSocket@@QAEHAAPAEAAUIPv4Address@@@Z 0010baf0 f   udpsocket.obj
 0001:0000b740       ?Send@UdpSocket@@QAEXUIPv4Address@@PAEG@Z 0010bb40 f   udpsocket.obj
 0001:0000b780       ?SetReceivedData@UdpSocket@@QAEXUIPv4Address@@PAEG@Z 0010bb80 f   udpsocket.obj
 0001:0000b7b0       ?Create@PCI@@CAPAUPCI_DEVICE@@EEE@Z 0010bbb0 f   pci.obj
 0001:0000b870       ?GetDevice@PCI@@SAPAUPCI_DEVICE@@HHH@Z 0010bc70 f   pci.obj
 0001:0000ba20       ?Init@PCI@@SAIXZ           0010be20 f   pci.obj
 0001:0000ba30       ?Read@PCI@@CAIEEEEE@Z      0010be30 f   pci.obj
 0001:0000baa0       ?printdev@@YAXPAUPCI_DEVICE@@@Z 0010bea0 f   pci.obj
 0001:0000bae0       ??0Mandelbrot@@QAE@UGC@@@Z 0010bee0 f   Mandelbrot.obj
 0001:0000bb60       ?Run@Mandelbrot@@QAEXXZ    0010bf60 f   Mandelbrot.obj
 0001:0000bfd0       ?stuff@@YAXXZ              0010c3d0 f   Mandelbrot.obj
 0001:0000c050       ?Receive@apps@@YAXXZ       0010c450 f   TextEdit.obj
 0001:0000c090       ?RunTextEdit@apps@@YAXXZ   0010c490 f   TextEdit.obj
 0001:0000c340       ?UpdateCanvas@apps@@YAXXZ  0010c740 f   TextEdit.obj
 0001:0000c390       ??0GEngine@@QAE@UGC@@@Z    0010c790 f   GameEngine:Engine.obj
 0001:0000c430       ?Add@?$List@PAVRigidbody@@@@QAEXPAVRigidbody@@@Z 0010c830 f i GameEngine:Engine.obj
 0001:0000c4b0       ?Collision@GEngine@@AAEXXZ 0010c8b0 f   GameEngine:Engine.obj
 0001:0000d8f0       ?Render@GEngine@@AAEXXZ    0010dcf0 f   GameEngine:Engine.obj
 0001:0000dda0       ?Rotate@Quaternion@@QAEXUVector3@@M@Z 0010e1a0 f i GameEngine:Engine.obj
 0001:0000df10       ?StartGame@GEngine@@QAEXPAVGame@@@Z 0010e310 f   GameEngine:Engine.obj
 0001:0000e310       ?Update@GEngine@@AAEXXZ    0010e710 f   GameEngine:Engine.obj
 0001:0000f170       ??0Vector3@@QAE@MMM@Z      0010f570 f   GameEngine:Vector3.obj
 0001:0000f1a0       ??0Vector3@@QAE@XZ         0010f5a0 f   GameEngine:Vector3.obj
 0001:0000f1c0       ?Cross@Vector3@@SA?AU1@ABU1@0@Z 0010f5c0 f   GameEngine:Vector3.obj
 0001:0000f220       ?Dot@Vector3@@SAMABU1@0@Z  0010f620 f   GameEngine:Vector3.obj
 0001:0000f240       ?EulerAngles@Vector3@@QAE?AU1@XZ 0010f640 f   GameEngine:Vector3.obj
 0001:0000f2f0       ?ToVector4@Vector3@@QAE?AUVector4@gl@@XZ 0010f6f0 f   GameEngine:Vector3.obj
 0001:0000f330       ??0Matrix3@@QAE@QAM@Z      0010f730 f   GameEngine:Matrix3.obj
 0001:0000f370       ??0Matrix3@@QAE@XZ         0010f770 f   GameEngine:Matrix3.obj
 0001:0000f3c0       ??D@YA?AUMatrix3@@ABU0@0@Z 0010f7c0 f i GameEngine:Matrix3.obj
 0001:0000f590       ??D@YA?AUMatrix3@@ABU0@ABM@Z 0010f990 f i GameEngine:Matrix3.obj
 0001:0000f630       ??D@YA?AUVector3@@ABUMatrix3@@ABU0@@Z 0010fa30 f i GameEngine:Matrix3.obj
 0001:0000f6d0       ??G@YA?AUMatrix3@@ABU0@0@Z 0010fad0 f i GameEngine:Matrix3.obj
 0001:0000f780       ??H@YA?AUMatrix3@@ABU0@0@Z 0010fb80 f i GameEngine:Matrix3.obj
 0001:0000f830       ?CreateRotation@Matrix3@@SA?AU1@UVector3@@@Z 0010fc30 f   GameEngine:Matrix3.obj
 0001:0000f9c0       ?Inverse@Matrix3@@QAE?AU1@XZ 0010fdc0 f   GameEngine:Matrix3.obj
 0001:0000fbd0       ?Transpose@Matrix3@@QAE?AU1@XZ 0010ffd0 f   GameEngine:Matrix3.obj
 0001:0000fc20       ??0Quaternion@@QAE@XZ      00110020 f   GameEngine:Quaternion.obj
 0001:0000fc40       ?FromAxisAngle@Quaternion@@SA?AU1@ABUVector3@@M@Z 00110040 f   GameEngine:Quaternion.obj
 0001:0000fce0       ?FromEuler@Quaternion@@SA?AU1@ABUVector3@@@Z 001100e0 f   GameEngine:Quaternion.obj
 0001:0000fe50       ??0Transform@@QAE@UVector3@@UQuaternion@@0@Z 00110250 f   GameEngine:Transform.obj
 0001:0000fea0       ??0Transform@@QAE@XZ       001102a0 f   GameEngine:Transform.obj
 0001:0000ff20       ??DQuaternion@@QAEAAUVector3@@AAU1@@Z 00110320 f i GameEngine:Transform.obj
 0001:00010060       ?GetForwardVector@Transform@@QAE?AUVector3@@XZ 00110460 f   GameEngine:Transform.obj
 0001:000100b0       ?GetRightVector@Transform@@QAE?AUVector3@@XZ 001104b0 f   GameEngine:Transform.obj
 0001:00010100       ?GetUpVector@Transform@@QAE?AUVector3@@XZ 00110500 f   GameEngine:Transform.obj
 0001:00010150       ?Rotate@Transform@@QAEXUQuaternion@@@Z 00110550 f   GameEngine:Transform.obj
 0001:00010250       ?Rotate@Transform@@QAEXUVector3@@M@Z 00110650 f   GameEngine:Transform.obj
 0001:00010470       ?Scale@Transform@@QAEXUVector3@@@Z 00110870 f   GameEngine:Transform.obj
 0001:000104b0       ?ToString@Transform@@QAEPADPAD@Z 001108b0 f   GameEngine:Transform.obj
 0001:00010560       ?Translate@Transform@@QAEXUVector3@@@Z 00110960 f   GameEngine:Transform.obj
 0001:000105a0       ??0Rigidbody@@QAE@XZ       001109a0 f   GameEngine:Rigidbody.obj
 0001:000105f0       ?AddImpulse@Rigidbody@@QAEXUVector3@@@Z 001109f0 f   GameEngine:Rigidbody.obj
 0001:00010630       ?AddImpulseAt@Rigidbody@@QAEXUVector3@@0@Z 00110a30 f   GameEngine:Rigidbody.obj
 0001:00010640       ?Speed@Rigidbody@@QAEMXZ   00110a40 f   GameEngine:Rigidbody.obj
 0001:00010680       ?SpeedSquared@Rigidbody@@QAEMXZ 00110a80 f   GameEngine:Rigidbody.obj
 0001:000106d0       ?Start@Rigidbody@@UAEXXZ   00110ad0 f   GameEngine:Rigidbody.obj
 0001:000106e0       ?Update@Rigidbody@@UAEXM@Z 00110ae0 f   GameEngine:Rigidbody.obj
 0001:00010b00       ??0GameObject@@QAE@XZ      00110f00 f   GameEngine:GameObject.obj
 0001:00010bb0       ??A?$List@PAVComponent@@@@QAEAAPAVComponent@@H@Z 00110fb0 f i GameEngine:GameObject.obj
 0001:00010c00       ?Add@?$List@PAVComponent@@@@QAEXPAVComponent@@@Z 00111000 f i GameEngine:GameObject.obj
 0001:00010c80       ?Add@?$List@PAVMeshComponent@@@@QAEXPAVMeshComponent@@@Z 00111080 f i GameEngine:GameObject.obj
 0001:00010d00       ?AddComponent@GameObject@@QAEXPAVComponent@@@Z 00111100 f   GameEngine:GameObject.obj
 0001:00010e80       ?Contains@String@@QAE_NV1@@Z 00111280 f i GameEngine:GameObject.obj
 0001:00010ee0       ?GetComponent@GameObject@@QAEPAVComponent@@VString@@@Z 001112e0 f   GameEngine:GameObject.obj
 0001:00010f80       ?GetName@GameObject@@QAE?AVString@@XZ 00111380 f   GameEngine:GameObject.obj
 0001:00010f90       ?GetWorldPosition@GameObject@@QAE?AUVector3@@XZ 00111390 f   GameEngine:GameObject.obj
 0001:00011010       ?GetWorldRotation@GameObject@@QAE?AUQuaternion@@XZ 00111410 f   GameEngine:GameObject.obj
 0001:00011030       ?GetWorldScale@GameObject@@QAE?AUVector3@@XZ 00111430 f   GameEngine:GameObject.obj
 0001:000110b0       ?GetWorldTransform@GameObject@@QAE?AUTransform@@XZ 001114b0 f   GameEngine:GameObject.obj
 0001:000111c0       ?SetName@GameObject@@QAEXVString@@@Z 001115c0 f   GameEngine:GameObject.obj
 0001:000111e0       ?Start@GameObject@@UAEXXZ  001115e0 f i GameEngine:GameObject.obj
 0001:000111f0       ?Update@GameObject@@UAEXM@Z 001115f0 f i GameEngine:GameObject.obj
 0001:00011200       ??0Camera@@QAE@XZ          00111600 f   GameEngine:Camera.obj
 0001:00011220       ?RotateEuler@Camera@@QAEXABUVector3@@@Z 00111620 f   GameEngine:Camera.obj
 0001:00011280       ??0Game@@QAE@XZ            00111680 f   GameEngine:Game.obj
 0001:000112d0       ?Add@?$List@PAVCamera@@@@QAEXPAVCamera@@@Z 001116d0 f i GameEngine:Game.obj
 0001:00011350       ?Add@?$List@PAVGameObject@@@@QAEXPAVGameObject@@@Z 00111750 f i GameEngine:Game.obj
 0001:000113d0       ?Add@?$List@PAVLightSource@@@@QAEXPAVLightSource@@@Z 001117d0 f i GameEngine:Game.obj
 0001:00011450       ?AddCamera@Game@@QAEXPAVCamera@@@Z 00111850 f   GameEngine:Game.obj
 0001:000114d0       ?AddLightSource@Game@@QAEXPAVLightSource@@@Z 001118d0 f   GameEngine:Game.obj
 0001:00011550       ?AddObject@Game@@QAEXPAVGameObject@@@Z 00111950 f   GameEngine:Game.obj
 0001:000115d0       ?GetActiveCamera@Game@@QAEPAVCamera@@XZ 001119d0 f   GameEngine:Game.obj
 0001:000115e0       ?GetCamera@Game@@QAEPAVCamera@@VString@@@Z 001119e0 f   GameEngine:Game.obj
 0001:00011680       ?GetLightSource@Game@@QAEPAVLightSource@@VString@@@Z 00111a80 f   GameEngine:Game.obj
 0001:00011720       ?GetObject@Game@@QAEPAVGameObject@@VString@@@Z 00111b20 f   GameEngine:Game.obj
 0001:00011840       ?SetActiveCamera@Game@@QAEXPAVCamera@@@Z 00111c40 f   GameEngine:Game.obj
 0001:00011850       ??0Manifold@@QAE@XZ        00111c50 f i GameEngine:Collision.obj
 0001:00011870       ?CollisionPoint@Collision@@QAEPAUManifold@@AAVRigidbody@@0AAH@Z 00111c70 f   GameEngine:Collision.obj
 0001:00012cc0       ?GetInterval@Collision@@QAEXAAVRigidbody@@UVector3@@AAM2@Z 001130c0 f   GameEngine:Collision.obj
 0001:00012f40       ?Normalized@Vector3@@QAE?AU1@XZ 00113340 f i GameEngine:Collision.obj
 0001:00013000       ?Start@Component@@UAEXXZ   00113400 f i GameEngine:Collision.obj
 0001:00013010       ?TestIntersection@Collision@@QAE_NAAVRigidbody@@0PAUVector3@@AAPAUManifold@@AAH@Z 00113410 f   GameEngine:Collision.obj
 0001:00013660       ?Update@Component@@UAEXM@Z 00113a60 f i GameEngine:Collision.obj
 0001:00013670       ?closest_Point@Collision@@QAEXUVector3@@000AAU2@1@Z 00113a70 f   GameEngine:Collision.obj
 0001:000139c0       ?distance@@YAMMMMM@Z       00113dc0 f   GameEngine:Collision.obj
 0001:000139e0       ?getNormalEdge@Collision@@QAE?AUVector3@@AAU2@000@Z 00113de0 f   GameEngine:Collision.obj
 0001:00013ae0       ?getNormalFace@Collision@@QAE?AUVector3@@AAVRigidbody@@U2@@Z 00113ee0 f   GameEngine:Collision.obj
 0001:00013da0       ?isInside@Collision@@QAE_NUVector3@@VRigidbody@@@Z 001141a0 f   GameEngine:Collision.obj
 0001:00013ec0       ??0Component@@QAE@XZ       001142c0 f   GameEngine:Component.obj
 0001:00013ef0       ?GetName@Component@@QAE?AVString@@XZ 001142f0 f   GameEngine:Component.obj
 0001:00013f00       ?SetName@Component@@QAEXVString@@@Z 00114300 f   GameEngine:Component.obj
 0001:00013f20       ??$CreateCamera@VCamera@@@Game@@QAEPAVCamera@@VString@@@Z 00114320 f i 3DGame:3DGame.obj
 0001:00013f90       ??$CreateObject@VMyBox@@@Game@@QAEPAVMyBox@@VString@@@Z 00114390 f i 3DGame:3DGame.obj
 0001:00014000       ??$CreateObject@VThing@@@Game@@QAEPAVThing@@VString@@@Z 00114400 f i 3DGame:3DGame.obj
 0001:00014070       ??0MyGame@@QAE@XZ          00114470 f   3DGame:3DGame.obj
 0001:00014420       ??0String@@QAE@PAD@Z       00114820 f i 3DGame:3DGame.obj
 0001:00014490       ??1String@@QAE@XZ          00114890 f i 3DGame:3DGame.obj
 0001:000144c0       ??YString@@QAEAAV0@D@Z     001148c0 f i 3DGame:3DGame.obj
 0001:00014510       ?Length@String@@QAEHXZ     00114910 f i 3DGame:3DGame.obj
 0001:00014540       ??$CreateComponent@VMeshComponent@@@GameObject@@QAEPAVMeshComponent@@VString@@@Z 00114940 f i 3DGame:MyBox.obj
 0001:000145b0       ??$CreateComponent@VRigidbody@@@GameObject@@QAEPAVRigidbody@@VString@@@Z 001149b0 f i 3DGame:MyBox.obj
 0001:00014620       ??0MyBox@@QAE@XZ           00114a20 f   3DGame:MyBox.obj
 0001:00014780       ??0Thing@@QAE@XZ           00114b80 f   3DGame:Thing.obj
 0001:000148d0       ??DVector3@@QAE?AU0@M@Z    00114cd0 f i 3DGame:Thing.obj
 0001:00014930       ?Update@Thing@@UAEXM@Z     00114d30 f   3DGame:Thing.obj
 0001:00014c6b       ??1type_info@@UAE@XZ       0011506b f   LIBCMT:std_type_info_static.obj
 0001:00014c72       ??_Gtype_info@@UAEPAXI@Z   00115072 f i LIBCMT:std_type_info_static.obj
 0001:00014c72       ??_Etype_info@@UAEPAXI@Z   00115072 f i LIBCMT:std_type_info_static.obj
 0001:00014c95       ??3@YAXPAXI@Z              00115095 f   LIBCMT:delete_scalar_size.obj
 0001:00014cb0       ??0Vector4@gl@@QAE@MMMM@Z  001150b0 f   GL:Vector4.obj
 0001:00014ce0       ??0Vector4@gl@@QAE@XZ      001150e0 f   GL:Vector4.obj
 0001:00014d00       ?Cross@Vector4@gl@@SA?AU12@ABU12@0@Z 00115100 f   GL:Vector4.obj
 0001:00014d70       ?Dot@Vector4@gl@@SAMABU12@0@Z 00115170 f   GL:Vector4.obj
 0001:00014d90       ??0Matrix4@gl@@QAE@QAM@Z   00115190 f   GL:Matrix4.obj
 0001:00014e00       ??0Matrix4@gl@@QAE@XZ      00115200 f   GL:Matrix4.obj
 0001:00014e30       ??Dgl@@YA?AUMatrix4@0@ABU10@0@Z 00115230 f i GL:Matrix4.obj
 0001:00014e70       ??Dgl@@YA?AUMatrix4@0@ABU10@ABM@Z 00115270 f i GL:Matrix4.obj
 0001:00014eb0       ??Dgl@@YA?AUVector4@0@ABUMatrix4@0@ABU10@@Z 001152b0 f i GL:Matrix4.obj
 0001:00014fb0       ??Ggl@@YA?AUMatrix4@0@ABU10@0@Z 001153b0 f i GL:Matrix4.obj
 0001:00015020       ??Hgl@@YA?AUMatrix4@0@ABU10@0@Z 00115420 f i GL:Matrix4.obj
 0001:00015090       ??XMatrix4@gl@@QAEAAU01@ABM@Z 00115490 f i GL:Matrix4.obj
 0001:00015130       ??XMatrix4@gl@@QAEAAU01@ABU01@@Z 00115530 f i GL:Matrix4.obj
 0001:000154e0       ?CreateOrthographicProjection@Matrix4@gl@@SA?AU12@MMMMMM@Z 001158e0 f   GL:Matrix4.obj
 0001:00015590       ?CreatePerspectiveProjection@Matrix4@gl@@SA?AU12@MMMMM@Z 00115990 f   GL:Matrix4.obj
 0001:00015670       ?CreateRotation@Matrix4@gl@@SA?AU12@UVector4@2@@Z 00115a70 f   GL:Matrix4.obj
 0001:00015880       ?CreateScale@Matrix4@gl@@SA?AU12@UVector4@2@@Z 00115c80 f   GL:Matrix4.obj
 0001:000158c0       ?CreateTransformation@Matrix4@gl@@SA?AU12@UVector4@2@00@Z 00115cc0 f   GL:Matrix4.obj
 0001:00015c00       ?CreateTranslation@Matrix4@gl@@SA?AU12@UVector4@2@@Z 00116000 f   GL:Matrix4.obj
 0001:00015c60       ?CreateView@Matrix4@gl@@SA?AU12@UVector4@2@000@Z 00116060 f   GL:Matrix4.obj
 0001:00015d80       ?GetElementsPointer@Matrix4@gl@@QAEPAMXZ 00116180 f   GL:Matrix4.obj
 0001:00015d90       ?Inverse@Matrix4@gl@@QAE?AU12@XZ 00116190 f   GL:Matrix4.obj
 0001:00016560       ?AddTexture@GL@gl@@SAHPAUBMP@@@Z 00116960 f   GL:GL.obj
 0001:000165a0       ?BindTexture@GL@gl@@SAXH@Z 001169a0 f   GL:GL.obj
 0001:000165b0       ?Clear@GL@gl@@SAXI@Z       001169b0 f   GL:GL.obj
 0001:00016610       ?Draw@GL@gl@@SAXHH@Z       00116a10 f   GL:GL.obj
 0001:00016980       ?Init@GL@gl@@SAIUGC@@@Z    00116d80 f   GL:GL.obj
 0001:00016a90       ?LightSource@GL@gl@@SAHUVector4@2@@Z 00116e90 f   GL:GL.obj
 0001:00016b10       ?LoadIdentity@GL@gl@@SAXXZ 00116f10 f   GL:GL.obj
 0001:00016b70       ?LoadMatrix@GL@gl@@SAXABUMatrix4@2@@Z 00116f70 f   GL:GL.obj
 0001:00016bc0       ?MatrixMode@GL@gl@@SAXW4GLMatrixMode@@@Z 00116fc0 f   GL:GL.obj
 0001:00016bd0       ?MulMatrix@GL@gl@@SAXABUMatrix4@2@@Z 00116fd0 f   GL:GL.obj
 0001:00016c30       ?PopMatrix@GL@gl@@SAXXZ    00117030 f   GL:GL.obj
 0001:00016c90       ?PushMatrix@GL@gl@@SAXXZ   00117090 f   GL:GL.obj
 0001:00016cf0       ?SelectedMatrix@GL@gl@@CAAAUMatrix4@2@XZ 001170f0 f   GL:GL.obj
 0001:00016d10       ?SwapBuffers@GL@gl@@SAXXZ  00117110 f   GL:GL.obj
 0001:00016d70       ?VertexPointer@GL@gl@@SAXPAUVertex@2@@Z 00117170 f   GL:GL.obj
 0001:00016d80       ??0ColRGB@gl@@QAE@I@Z      00117180 f   GL:Color.obj
 0001:00016e10       ??0ColRGB@gl@@QAE@MMM@Z    00117210 f   GL:Color.obj
 0001:00016e70       ??0ColRGB@gl@@QAE@XZ       00117270 f   GL:Color.obj
 0001:00016e90       ??DColRGB@gl@@QAE?AU01@M@Z 00117290 f   GL:Color.obj
 0001:00016f00       ??HColRGB@gl@@QAE?AU01@U01@@Z 00117300 f   GL:Color.obj
 0001:00016f70       ??XColRGB@gl@@QAE?AU01@M@Z 00117370 f   GL:Color.obj
 0001:00016fe0       ?Luminosity@ColRGB@gl@@QAEMXZ 001173e0 f   GL:Color.obj
 0001:00017030       ?ToInt@ColRGB@gl@@QAEIXZ   00117430 f   GL:Color.obj
 0001:00017070       ??0Vertex@gl@@QAE@MMMUColRGB@1@UVector4@1@@Z 00117470 f   GL:Vertex.obj
 0001:00017110       ??0Vertex@gl@@QAE@XZ       00117510 f   GL:Vertex.obj
 0001:00017160       ?MulMatrix@Vertex@gl@@QAEXABUMatrix4@2@@Z 00117560 f   GL:Vertex.obj
 0001:00017230       ?DrawTriangle2@Rasterizer@gl@@SAXAAUVertex@2@00PAUBMP@@@Z 00117630 f   GL:Rasterizer.obj
 0001:00017980       ?DrawTriangle@Rasterizer@gl@@SAXAAUVertex@2@00PAUBMP@@@Z 00117d80 f   GL:Rasterizer.obj
 0001:00017d10       ?EdgeFunction@gl@@YAMABUVector4@1@00@Z 00118110 f   GL:Rasterizer.obj
 0001:00017d60       ?EdgeFunction@gl@@YAMABUVector4@1@0MM@Z 00118160 f   GL:Rasterizer.obj
 0001:00017db0       ?Init@Rasterizer@gl@@SAIXZ 001181b0 f   GL:Rasterizer.obj
 0001:00017de0       ??0MeshComponent@@QAE@XZ   001181e0 f   GameEngine:MeshComponent.obj
 0001:00017e10       ?Update@MeshComponent@@UAEXM@Z 00118210 f   GameEngine:MeshComponent.obj
 0001:00017e20       ??0BoxCollider@@QAE@XZ     00118220 f   GameEngine:BoxCollider.obj
 0001:00017e40       ?GetEdge@Collider@@UAEPAUVector3@@H@Z 00118240 f i GameEngine:BoxCollider.obj
 0001:00017fa0       ?GetEdgeDir@Collider@@UAE?AUVector3@@H@Z 001183a0 f i GameEngine:BoxCollider.obj
 0001:00018030       ?GetFaceDir@Collider@@UAE?AUVector3@@H@Z 00118430 f i GameEngine:BoxCollider.obj
 0001:00018150       ?GetVertex@Collider@@UAE?AUVector3@@H@Z 00118550 f i GameEngine:BoxCollider.obj
 0001:00018290       ?IsColliding@BoxCollider@@QAE_NPAV1@AAUVector3@@@Z 00118690 f   GameEngine:BoxCollider.obj
 0001:000182a0       ?SupportFunction@@YA?AUVector3@@U1@UTransform@@@Z 001186a0 f   GameEngine:BoxCollider.obj
 0001:00018670       ?cross_aba@@YA?AUVector3@@ABU1@0@Z 00118a70 f i GameEngine:BoxCollider.obj
 0001:000186a0       ?update@@YA_NUVector3@@@Z  00118aa0 f   GameEngine:BoxCollider.obj
 0001:00019090       ?LoadModel@ModelLoader@@SAPAVModel3D@@PADW4Format3D@@@Z 00119490 f   GameEngine:ModelLoader.obj
 0001:00019110       ??0Collider@@QAE@XZ        00119510 f   GameEngine:Collider.obj
 0001:00019170       ??0Obj@@QAE@PAD@Z          00119570 f   GameEngine:Obj.obj
 0001:000191e0       ?CreateVertices@Obj@@AAEXXZ 001195e0 f   GameEngine:Obj.obj
 0001:00019500       ?ReadFile@Obj@@AAEXPAD@Z   00119900 f   GameEngine:Obj.obj
 0001:00019510       ??0A3D@@QAE@PAD@Z          00119910 f   GameEngine:A3D.obj
 0002:00000000       __real@3c000000            00119c00     drawing.obj
 0002:00000004       ??_C@_04MDCOKCOB@?4ttf?$AA@ 00119c04     font.obj
 0002:0000000c       ??_C@_0BF@FDJBNMIG@Font?5not?5found?5?$CC?$CFs?$CC?6?$AA@ 00119c0c     font.obj
 0002:00000024       ??_C@_04NEODDMOL@head?$AA@ 00119c24     font.obj
 0002:0000002c       ??_C@_04DACNFKGE@loca?$AA@ 00119c2c     font.obj
 0002:00000034       ??_C@_04LLIHEPK@glyf?$AA@  00119c34     font.obj
 0002:0000003c       __real@42800000            00119c3c     font.obj
 0002:00000040       ??_C@_06NIEMCLMH@0x?$CFux?6?$AA@ 00119c40     ac97.obj
 0002:00000048       ??_C@_0BD@DMEBPKNG@Sample?5rate?548kHz?6?$AA@ 00119c48     ac97.obj
 0002:0000005c       ??_C@_0BF@CIKPHNMK@Sample?5rate?544?41kHz?6?$AA@ 00119c5c     ac97.obj
 0002:00000074       ??_C@_0L@FDAJDMJO@SR?3?5?$CFx?5?5?5?6?$AA@ 00119c74     ac97.obj
 0002:00000080       ??_C@_02NPPIEBMA@1?6?$AA@  00119c80     ac97.obj
 0002:00000084       ??_C@_02NNLOPPJJ@2?6?$AA@  00119c84     ac97.obj
 0002:00000088       ??_C@_02NJDDIDCL@4?6?$AA@  00119c88     ac97.obj
 0002:0000008c       ??_C@_03IGDBGCKF@?$CFx?5?$AA@ 00119c8c     e1000.obj
 0002:00000090       ??_C@_05ODKBDAFC@PING?6?$AA@ 00119c90     e1000.obj
 0002:00000098       ??_C@_08JKONHMIG@ARP?5REQ?6?$AA@ 00119c98     e1000.obj
 0002:000000a4       ??_C@_09DFIMEAAO@ARP?5RESP?6?$AA@ 00119ca4     e1000.obj
 0002:000000b0       ??_C@_05MMECAFBK@Mac?3?5?$AA@ 00119cb0     e1000.obj
 0002:000000b8       ??_C@_0BA@PKMFIKDM@Threshold?5good?6?$AA@ 00119cb8     e1000.obj
 0002:000000c8       ??_C@_0BF@DCOPOOMC@I?1O?5base?5address?5?$CFx?6?$AA@ 00119cc8     e1000.obj
 0002:000000e0       ??_C@_06OOEHBIHM@?$CFx?5?$CFx?6?$AA@ 00119ce0     e1000.obj
 0002:0000025c       ??_7E1000@@6B@             00119e5c     ne1000.obj
 0002:0000026c       ??_C@_04BLELHJJM@IP?3?5?$AA@ 00119e6c     ne1000.obj
 0002:00000274       ??_C@_06JJGECBPI@?$CFs?5?$CFi?6?$AA@ 00119e74     iso.obj
 0002:0000027c       ??_C@_03OFAPEBGM@?$CFs?6?$AA@ 00119e7c     iso.obj
 0002:00000284       ??_7Control@gui@@6B@       00119e84     Button.obj
 0002:00000290       ??_7Button@gui@@6B@        00119e90     Button.obj
 0002:0000029c       ??_7Canvas@gui@@6B@        00119e9c     Canvas.obj
 0002:000002a8       ??_7Label@gui@@6B@         00119ea8     Label.obj
 0002:000002b4       ??_7TextBox@gui@@6B@       00119eb4     TextBox.obj
 0002:000002bc       ??_C@_0BC@HJLBEKHE@Delta?3?5?$CFi?7FPS?3?5?$CFi?$AA@ 00119ebc     GUI.obj
 0002:000002d0       ??_C@_06LAFIDHKA@?$CFi?6?$CFi?6?$AA@ 00119ed0     GUI.obj
 0002:000002e0       __xmm@0000000e000000080000000000000000 00119ee0     GUI.obj
 0002:000002f0       ??_C@_00CNPNBAHC@?$AA@     00119ef0     exceptions.obj
 0002:000002f4       ??_C@_0BK@KHJFGGEJ@Default?5interrupt?5handler?$AA@ 00119ef4     exceptions.obj
 0002:00000310       ??_C@_0BB@CAGHCAFL@Division?5by?5zero?$AA@ 00119f10     exceptions.obj
 0002:00000324       ??_C@_05GCIPIGEI@Debug?$AA@ 00119f24     exceptions.obj
 0002:0000032c       ??_C@_0BH@DLMGGJOP@Non?9Maskable?5interrupt?$AA@ 00119f2c     exceptions.obj
 0002:00000344       ??_C@_0L@DEJAMIEF@Breakpoint?$AA@ 00119f44     exceptions.obj
 0002:00000350       ??_C@_08KJPBNJGC@Overflow?$AA@ 00119f50     exceptions.obj
 0002:0000035c       ??_C@_0BF@KABNNNC@Bound?5range?5exceeded?$AA@ 00119f5c     exceptions.obj
 0002:00000374       ??_C@_0BJ@JILCCCBH@0x?$CFux?70x?$CFux?70x?$CFux?70x?$CFux?6?$AA@ 00119f74     exceptions.obj
 0002:00000390       ??_C@_0P@GJJPHHDN@Invalid?5opcode?$AA@ 00119f90     exceptions.obj
 0002:000003a0       ??_C@_0BF@COPPNEEP@Device?5not?5available?$AA@ 00119fa0     exceptions.obj
 0002:000003b8       ??_C@_0N@EMHPBCJE@Double?5fault?$AA@ 00119fb8     exceptions.obj
 0002:000003c8       ??_C@_0BM@FLNHCLJG@Coprocessor?5segment?5overrun?$AA@ 00119fc8     exceptions.obj
 0002:000003e4       ??_C@_0M@OLMALBPG@Invalid?5TSS?$AA@ 00119fe4     exceptions.obj
 0002:000003f0       ??_C@_0BE@FPPPAKKN@Segment?5not?5present?$AA@ 00119ff0     exceptions.obj
 0002:00000404       ??_C@_0BE@OLMOIPB@Stack?9segment?5fault?$AA@ 0011a004     exceptions.obj
 0002:00000418       ??_C@_0BJ@LDJBBLLL@General?5protection?5fault?$AA@ 0011a018     exceptions.obj
 0002:00000434       ??_C@_0L@JBNHOLPF@Page?5fault?$AA@ 0011a034     exceptions.obj
 0002:00000440       ??_C@_0O@EBPJONIA@15?5?$CIReserved?$CJ?$AA@ 0011a040     exceptions.obj
 0002:00000450       ??_C@_0BN@OAPCMCOK@x87?5Floating?9point?5exception?$AA@ 0011a050     exceptions.obj
 0002:00000470       ??_C@_0BA@DMDLEFCI@Alignment?5check?$AA@ 0011a070     exceptions.obj
 0002:00000480       ??_C@_0O@LHBOKIFP@Machine?5check?$AA@ 0011a080     exceptions.obj
 0002:00000490       ??_C@_0BO@PAHIJHOM@SIMD?5floating?9point?5exception?$AA@ 0011a090     exceptions.obj
 0002:000004b0       ??_C@_0BE@FFHLEPEC@Found?5network?5card?6?$AA@ 0011a0b0     kernel.obj
 0002:000004c4       __real@39800000            0011a0c4     kernel.obj
 0002:000004d0       __xmm@41f00000000000000000000000000000 0011a0d0     kernel.obj
 0002:000004e0       ??_C@_0BE@FOMLPMPJ@Found?5audio?5device?6?$AA@ 0011a0e0     OS.obj
 0002:000004f4       ??_C@_0BJ@MJFONFFA@Audio?5device?5not?5found?$CB?6?$AA@ 0011a0f4     OS.obj
 0002:00000510       ??_C@_08EHJIPPF@consolas?$AA@ 0011a110     OS.obj
 0002:0000051c       ??_C@_04PFOHOKJK@?5?5?5?5?$AA@ 0011a11c     debug.obj
 0002:00000524       ??_C@_01CLKCMJKC@?5?$AA@   0011a124     debug.obj
 0002:00000528       ??_C@_03IKGEINEE@?$CFs?5?$AA@ 0011a128     debug.obj
 0002:0000052c       __real@00000000            0011a12c     math.obj
 0002:00000530       __real@3e8f5c29            0011a130     math.obj
 0002:00000534       __real@3f800000            0011a134     math.obj
 0002:00000538       __real@3fe0000000000000    0011a138     math.obj
 0002:00000540       __real@3ff0000000000000    0011a140     math.obj
 0002:00000548       __real@3ff921fb54442eea    0011a148     math.obj
 0002:00000550       __real@400921fb54442eea    0011a150     math.obj
 0002:00000558       __real@40490fdb            0011a158     math.obj
 0002:0000055c       __real@bfc90fdb            0011a15c     math.obj
 0002:00000560       __xmm@7fffffff7fffffff7fffffff7fffffff 0011a160     math.obj
 0002:00000570       ??_C@_03LHCJEHON@nan?$AA@  0011a170     stdio.obj
 0002:00000574       ??_C@_03OJHLLCGB@inf?$AA@  0011a174     stdio.obj
 0002:00000578       ??_C@_01GBGANLPD@0?$AA@    0011a178     stdio.obj
 0002:00000580       __real@3f1a36e2eb1c432d    0011a180     stdio.obj
 0002:00000588       __real@41200000            0011a188     stdio.obj
 0002:0000058c       __real@bf800000            0011a18c     stdio.obj
 0002:00000590       __xmm@46454443424139383736353433323130 0011a190     stdio.obj
 0002:000005a0       ??_C@_0BJ@FHJFEPME@arp?3?5sending?5request?5to?5?$AA@ 0011a1a0     arp.obj
 0002:000005bc       ??_C@_0BH@NFEPIOCG@arp?3?5sending?5reply?5to?5?$AA@ 0011a1bc     arp.obj
 0002:000005d4       ??_C@_0BB@NPEPEJMJ@ARP?5added?5entry?5?$AA@ 0011a1d4     arp.obj
 0002:000005e8       ??_C@_0O@MBFFJLEF@DHCP?5RECEIVE?6?$AA@ 0011a1e8     dhcp.obj
 0002:000005f8       ??_C@_03PELOGHMK@?$CFi?6?$AA@ 0011a1f8     dhcp.obj
 0002:000005fc       ??_C@_0O@IJAKJLNJ@Received?5DNS?6?$AA@ 0011a1fc     dns.obj
 0002:0000060c       ??_C@_0BF@DPFFLPFA@DNS?5added?5entry?3?5?$CFs?5?$AA@ 0011a20c     dns.obj
 0002:00000624       ??_C@_0M@KNKKGHNO@PARSED?5IP?3?5?$AA@ 0011a224     http.obj
 0002:00000630       ??_C@_0P@JJOCPBNH@?$CFs?$CFi?4?$CFi?4?$CFi?4?$CFi?6?$AA@ 0011a230     net.obj
 0002:00000640       ??_C@_0BF@MCJEFIGG@?$CFs?$CFx?3?$CFx?3?$CFx?3?$CFx?3?$CFx?3?$CFx?6?$AA@ 0011a240     net.obj
 0002:0000065c       ??_7NetInterface@@6B@      0011a25c     netinterface.obj
 0002:0000066c       ??_C@_0BO@OHMKJDEI@Flags?3?5?$CFux?7ACK?3?5?$CFui?7SEQ?3?5?$CFui?6?$AA@ 0011a26c     tcpsession.obj
 0002:0000068c       ??_C@_0L@EIILFCEB@Connected?6?$AA@ 0011a28c     tcpsession.obj
 0002:00000698       ??_C@_07IPMAGINO@Closed?6?$AA@ 0011a298     tcpsession.obj
 0002:000006a0       ??_C@_0BA@FHBAHEGN@Timeout?5closed?6?$AA@ 0011a2a0     tcpsession.obj
 0002:000006b0       ??_C@_0EO@NIHBEAOP@Bus?3?5?$CFx?5Device?3?5?$CFx?5Function?3?5?$CFx?5@ 0011a2b0     pci.obj
 0002:00000700       ??_C@_06CMGOICJA@Start?6?$AA@ 0011a300     Mandelbrot.obj
 0002:00000708       ??_C@_0BD@OAOOOKEK@Ticks?3?5?$CFi?7FPS?3?5?$CFi?6?$AA@ 0011a308     Mandelbrot.obj
 0002:0000071c       ??_C@_09JHEKFLJE@Zoom?3?5?$CFf?6?$AA@ 0011a31c     Mandelbrot.obj
 0002:00000728       __real@1adaca00            0011a328     Mandelbrot.obj
 0002:00000730       __real@4010000000000000    0011a330     Mandelbrot.obj
 0002:00000738       __real@40f0000000000000    0011a338     Mandelbrot.obj
 0002:00000740       __real@437f0000            0011a340     Mandelbrot.obj
 0002:00000744       __real@447a0000            0011a344     Mandelbrot.obj
 0002:00000748       ??_C@_05PABKJLOM@Title?$AA@ 0011a348     TextEdit.obj
 0002:00000750       ??_C@_05IEIONIFO@Label?$AA@ 0011a350     TextEdit.obj
 0002:00000758       ??_C@_06LKBCGDFD@Button?$AA@ 0011a358     TextEdit.obj
 0002:00000760       ??_C@_04LBABLPF@Exit?$AA@  0011a360     TextEdit.obj
 0002:00000768       ??_C@_07IFDKABCP@Receive?$AA@ 0011a368     TextEdit.obj
 0002:00000770       ??_C@_0O@FOFNHLMB@Another?5title?$AA@ 0011a370     TextEdit.obj
 0002:00000780       ??_C@_07CDBKEHGM@Clicked?$AA@ 0011a380     TextEdit.obj
 0002:00000788       ??_C@_05KHPFCEDO@?$CFi?5?$CFi?$AA@ 0011a388     TextEdit.obj
 0002:00000790       ??_C@_05JODGIKH@Light?$AA@ 0011a390     GameEngine:Engine.obj
 0002:00000798       ??_C@_05FOLLILPC@Thing?$AA@ 0011a398     GameEngine:Engine.obj
 0002:000007a0       ??_C@_06LOJNHMMK@Thing2?$AA@ 0011a3a0     GameEngine:Engine.obj
 0002:000007a8       ??_C@_05PGDJFNFN@Floor?$AA@ 0011a3a8     GameEngine:Engine.obj
 0002:000007b0       ??_C@_04GONFKEIN@Mesh?$AA@ 0011a3b0     GameEngine:Engine.obj
 0002:000007b8       ??_C@_0BJ@JEFINMGB@FPS?3?5?$CFi?7DT?3?$CFi?7AvgDT?3?5?$CFi?6?$AA@ 0011a3b8     GameEngine:Engine.obj
 0002:000007d4       ??_C@_0L@KCHEIND@Ticks?3?5?$CFi?6?$AA@ 0011a3d4     GameEngine:Engine.obj
 0002:000007e0       ??_C@_08DAHIJCLH@Free?5?$CFi?6?$AA@ 0011a3e0     GameEngine:Engine.obj
 0002:000007ec       ??_C@_08FHFNDDND@Cam?3?5?$CFs?6?$AA@ 0011a3ec     GameEngine:Engine.obj
 0002:000007f8       ??_C@_07JOHLBHPG@P1?3?5?$CFs?6?$AA@ 0011a3f8     GameEngine:Engine.obj
 0002:00000800       ??_C@_0BC@KLOOLLKI@V1?3?5?$FL?$CFf?0?5?$CFf?0?5?$CFf?$FN?6?$AA@ 0011a400     GameEngine:Engine.obj
 0002:00000814       ??_C@_0M@CBHEFHKI@Energy?3?5?$CFf?6?$AA@ 0011a414     GameEngine:Engine.obj
 0002:00000820       ??_C@_0N@MDOCIACE@?$CFf?5?$CFf?5?$CFf?5?$CFf?6?$AA@ 0011a420     GameEngine:Engine.obj
 0002:00000830       ??_C@_08FNAIPBCN@Err?3?5?$CFf?6?$AA@ 0011a430     GameEngine:Engine.obj
 0002:0000083c       ??_C@_0BA@DLCGCPOP@?$CFi?5?$CFi?7?$CFf?5?$CFf?5?$CFf?6?$AA@ 0011a43c     GameEngine:Engine.obj
 0002:0000084c       ??_C@_09MALOBAAJ@?$CFf?5?$CFf?5?$CFf?6?$AA@ 0011a44c     GameEngine:Engine.obj
 0002:00000858       ??_C@_08GDLGNBJK@?$CFf?7?$CFf?7?$CFf?$AA@ 0011a458     GameEngine:Engine.obj
 0002:00000864       ??_C@_0BB@PIJAIOHM@List?3?3operator?$FL?$FN?$AA@ 0011a464     GameEngine:Engine.obj
 0002:00000878       ??_C@_0BN@NJEFJLOF@Index?5out?5of?5range?5exception?$AA@ 0011a478     GameEngine:Engine.obj
 0002:00000898       __real@2edbe6ff            0011a498     GameEngine:Engine.obj
 0002:0000089c       __real@3c23d70a            0011a49c     GameEngine:Engine.obj
 0002:000008a0       __real@401921fb54442eea    0011a4a0     GameEngine:Engine.obj
 0002:000008a8       __real@402399999999999a    0011a4a8     GameEngine:Engine.obj
 0002:000008b0       __real@40800000            0011a4b0     GameEngine:Engine.obj
 0002:000008b4       __real@41400000            0011a4b4     GameEngine:Engine.obj
 0002:000008b8       __real@43c80000            0011a4b8     GameEngine:Engine.obj
 0002:000008bc       __real@44fa0000            0011a4bc     GameEngine:Engine.obj
 0002:000008c0       __real@501502f9            0011a4c0     GameEngine:Engine.obj
 0002:000008d0       __xmm@80000000800000008000000080000000 0011a4d0     GameEngine:Engine.obj
 0002:000008e0       __real@0000000000000000    0011a4e0     GameEngine:Matrix3.obj
 0002:000008f0       __xmm@0000000000000000000000003f800000 0011a4f0     GameEngine:Matrix3.obj
 0002:00000900       __xmm@3f800000000000000000000000000000 0011a500     GameEngine:Matrix3.obj
 0002:00000910       ??_C@_0CL@CEJFKDDD@?$FL?$CFf?0?5?$CFf?0?5?$CFf?$FN?5?$FL?$CFf?0?5?$CFf?0?5?$CFf?0?5?$CFf?$FN?5?$FL?$CF@ 0011a510     GameEngine:Transform.obj
 0002:0000093c       __real@3f000000            0011a53c     GameEngine:Transform.obj
 0002:00000944       ??_7Rigidbody@@6B@         0011a544     GameEngine:Rigidbody.obj
 0002:00000950       ??_7GameObject@@6B@        0011a550     GameEngine:GameObject.obj
 0002:00000958       ??_C@_0L@EJMOOPIK@GameObject?$AA@ 0011a558     GameEngine:GameObject.obj
 0002:00000964       ??_C@_09DHKFHJOA@Rigidbody?$AA@ 0011a564     GameEngine:GameObject.obj
 0002:00000974       ??_7Camera@@6B@            0011a574     GameEngine:Camera.obj
 0002:00000980       ??_7Component@@6B@         0011a580     GameEngine:Collision.obj
 0002:00000988       ??_C@_03PPOCCAPH@?$CFf?6?$AA@ 0011a588     GameEngine:Collision.obj
 0002:0000098c       __real@3727c5ac            0011a58c     GameEngine:Collision.obj
 0002:00000990       __real@3d4ccccd            0011a590     GameEngine:Collision.obj
 0002:00000994       __real@3dcccccd            0011a594     GameEngine:Collision.obj
 0002:00000998       __real@7f800000            0011a598     GameEngine:Collision.obj
 0002:0000099c       ??_C@_04CDEGOFNM@Cam1?$AA@ 0011a59c     3DGame:3DGame.obj
 0002:000009a4       ??_C@_04BPGKJMON@Box_?$AA@ 0011a5a4     3DGame:3DGame.obj
 0002:000009ac       __real@40a00000            0011a5ac     3DGame:3DGame.obj
 0002:000009b0       __real@c1700000            0011a5b0     3DGame:3DGame.obj
 0002:000009b8       ??_7MyBox@@6B@             0011a5b8     3DGame:MyBox.obj
 0002:000009c0       ??_C@_08GGPPOII@cube?4a3d?$AA@ 0011a5c0     3DGame:MyBox.obj
 0002:000009cc       ??_C@_07CKAHAGKJ@img?4bmp?$AA@ 0011a5cc     3DGame:MyBox.obj
 0002:000009d4       ??_C@_0O@NJFLLBAD@bmp?5not?5found?$AA@ 0011a5d4     3DGame:MyBox.obj
 0002:000009e8       ??_7Thing@@6B@             0011a5e8     3DGame:Thing.obj
 0002:000009f0       ??_C@_09PCLIKNNA@earth?4bmp?$AA@ 0011a5f0     3DGame:Thing.obj
 0002:000009fc       __real@41a00000            0011a5fc     3DGame:Thing.obj
 0002:00000a04       ??_7type_info@@6B@         0011a604     LIBCMT:std_type_info_static.obj
 0002:00000a08       __real@40000000            0011a608     GL:Matrix4.obj
 0002:00000a10       __real@4066800000000000    0011a610     GL:Matrix4.obj
 0002:00000a18       __real@3fb1eb851eb851ec    0011a618     GL:Color.obj
 0002:00000a20       __real@3fcae147ae147ae1    0011a620     GL:Color.obj
 0002:00000a28       __real@3fe70a3d70a3d70a    0011a628     GL:Color.obj
 0002:00000a34       ??_7MeshComponent@@6B@     0011a634     GameEngine:MeshComponent.obj
 0002:00000a40       ??_7BoxCollider@@6B@       0011a640     GameEngine:BoxCollider.obj
 0002:00000a50       __real@bff921fb54442eea    0011a650     GameEngine:BoxCollider.obj
 0002:00000a60       __xmm@7fffffffffffffff7fffffffffffffff 0011a660     GameEngine:BoxCollider.obj
 0002:00000a70       __xmm@80000000000000008000000000000000 0011a670     GameEngine:BoxCollider.obj
 0002:00000a80       ??_C@_05MBDEGLCK@ERROR?$AA@ 0011a680     GameEngine:ModelLoader.obj
 0002:00000a8c       ??_7Collider@@6B@          0011a68c     GameEngine:Collider.obj
 0002:00000af4       ??_R4E1000@@6B@            0011a6f4     ne1000.obj
 0002:00000b08       ??_R3E1000@@8              0011a708     ne1000.obj
 0002:00000b18       ??_R2E1000@@8              0011a718     ne1000.obj
 0002:00000b24       ??_R1A@?0A@EA@E1000@@8     0011a724     ne1000.obj
 0002:00000b40       ??_R1A@?0A@EA@NetInterface@@8 0011a740     ne1000.obj
 0002:00000b5c       ??_R3NetInterface@@8       0011a75c     ne1000.obj
 0002:00000b6c       ??_R2NetInterface@@8       0011a76c     ne1000.obj
 0002:00000b74       ??_R4Control@gui@@6B@      0011a774     Button.obj
 0002:00000b88       ??_R3Control@gui@@8        0011a788     Button.obj
 0002:00000b98       ??_R2Control@gui@@8        0011a798     Button.obj
 0002:00000ba0       ??_R1A@?0A@EA@Control@gui@@8 0011a7a0     Button.obj
 0002:00000bbc       ??_R4Button@gui@@6B@       0011a7bc     Button.obj
 0002:00000bd0       ??_R3Button@gui@@8         0011a7d0     Button.obj
 0002:00000be0       ??_R2Button@gui@@8         0011a7e0     Button.obj
 0002:00000bec       ??_R1A@?0A@EA@Button@gui@@8 0011a7ec     Button.obj
 0002:00000c08       ??_R4Canvas@gui@@6B@       0011a808     Canvas.obj
 0002:00000c1c       ??_R3Canvas@gui@@8         0011a81c     Canvas.obj
 0002:00000c2c       ??_R2Canvas@gui@@8         0011a82c     Canvas.obj
 0002:00000c38       ??_R1A@?0A@EA@Canvas@gui@@8 0011a838     Canvas.obj
 0002:00000c54       ??_R4Label@gui@@6B@        0011a854     Label.obj
 0002:00000c68       ??_R3Label@gui@@8          0011a868     Label.obj
 0002:00000c78       ??_R2Label@gui@@8          0011a878     Label.obj
 0002:00000c84       ??_R1A@?0A@EA@Label@gui@@8 0011a884     Label.obj
 0002:00000ca0       ??_R4TextBox@gui@@6B@      0011a8a0     TextBox.obj
 0002:00000cb4       ??_R3TextBox@gui@@8        0011a8b4     TextBox.obj
 0002:00000cc4       ??_R2TextBox@gui@@8        0011a8c4     TextBox.obj
 0002:00000cd0       ??_R1A@?0A@EA@TextBox@gui@@8 0011a8d0     TextBox.obj
 0002:00000cec       ??_R4NetInterface@@6B@     0011a8ec     netinterface.obj
 0002:00000d00       ??_R4Rigidbody@@6B@        0011a900     GameEngine:Rigidbody.obj
 0002:00000d14       ??_R3Rigidbody@@8          0011a914     GameEngine:Rigidbody.obj
 0002:00000d24       ??_R2Rigidbody@@8          0011a924     GameEngine:Rigidbody.obj
 0002:00000d30       ??_R1A@?0A@EA@Rigidbody@@8 0011a930     GameEngine:Rigidbody.obj
 0002:00000d4c       ??_R1A@?0A@EA@Component@@8 0011a94c     GameEngine:Rigidbody.obj
 0002:00000d68       ??_R3Component@@8          0011a968     GameEngine:Rigidbody.obj
 0002:00000d78       ??_R2Component@@8          0011a978     GameEngine:Rigidbody.obj
 0002:00000d80       ??_R4GameObject@@6B@       0011a980     GameEngine:GameObject.obj
 0002:00000d94       ??_R3GameObject@@8         0011a994     GameEngine:GameObject.obj
 0002:00000da4       ??_R2GameObject@@8         0011a9a4     GameEngine:GameObject.obj
 0002:00000dac       ??_R1A@?0A@EA@GameObject@@8 0011a9ac     GameEngine:GameObject.obj
 0002:00000dc8       ??_R4Camera@@6B@           0011a9c8     GameEngine:Camera.obj
 0002:00000ddc       ??_R3Camera@@8             0011a9dc     GameEngine:Camera.obj
 0002:00000dec       ??_R2Camera@@8             0011a9ec     GameEngine:Camera.obj
 0002:00000df8       ??_R1A@?0A@EA@Camera@@8    0011a9f8     GameEngine:Camera.obj
 0002:00000e14       ??_R4Component@@6B@        0011aa14     GameEngine:Collision.obj
 0002:00000e28       ??_R4MyBox@@6B@            0011aa28     3DGame:MyBox.obj
 0002:00000e3c       ??_R3MyBox@@8              0011aa3c     3DGame:MyBox.obj
 0002:00000e4c       ??_R2MyBox@@8              0011aa4c     3DGame:MyBox.obj
 0002:00000e58       ??_R1A@?0A@EA@MyBox@@8     0011aa58     3DGame:MyBox.obj
 0002:00000e74       ??_R4Thing@@6B@            0011aa74     3DGame:Thing.obj
 0002:00000e88       ??_R3Thing@@8              0011aa88     3DGame:Thing.obj
 0002:00000e98       ??_R2Thing@@8              0011aa98     3DGame:Thing.obj
 0002:00000ea4       ??_R1A@?0A@EA@Thing@@8     0011aaa4     3DGame:Thing.obj
 0002:00000ec0       ??_R4type_info@@6B@        0011aac0     LIBCMT:std_type_info_static.obj
 0002:00000ed4       ??_R3type_info@@8          0011aad4     LIBCMT:std_type_info_static.obj
 0002:00000ee4       ??_R2type_info@@8          0011aae4     LIBCMT:std_type_info_static.obj
 0002:00000eec       ??_R1A@?0A@EA@type_info@@8 0011aaec     LIBCMT:std_type_info_static.obj
 0002:00000f08       ??_R4MeshComponent@@6B@    0011ab08     GameEngine:MeshComponent.obj
 0002:00000f1c       ??_R3MeshComponent@@8      0011ab1c     GameEngine:MeshComponent.obj
 0002:00000f2c       ??_R2MeshComponent@@8      0011ab2c     GameEngine:MeshComponent.obj
 0002:00000f3c       ??_R1A@?0A@EA@MeshComponent@@8 0011ab3c     GameEngine:MeshComponent.obj
 0002:00000f58       ??_R1M@?0A@EA@IMesh@@8     0011ab58     GameEngine:MeshComponent.obj
 0002:00000f74       ??_R3IMesh@@8              0011ab74     GameEngine:MeshComponent.obj
 0002:00000f84       ??_R2IMesh@@8              0011ab84     GameEngine:MeshComponent.obj
 0002:00000f8c       ??_R1A@?0A@EA@IMesh@@8     0011ab8c     GameEngine:MeshComponent.obj
 0002:00000fa8       ??_R4BoxCollider@@6B@      0011aba8     GameEngine:BoxCollider.obj
 0002:00000fbc       ??_R3BoxCollider@@8        0011abbc     GameEngine:BoxCollider.obj
 0002:00000fcc       ??_R2BoxCollider@@8        0011abcc     GameEngine:BoxCollider.obj
 0002:00000fd8       ??_R1A@?0A@EA@BoxCollider@@8 0011abd8     GameEngine:BoxCollider.obj
 0002:00000ff4       ??_R1A@?0A@EA@Collider@@8  0011abf4     GameEngine:BoxCollider.obj
 0002:00001010       ??_R3Collider@@8           0011ac10     GameEngine:BoxCollider.obj
 0002:00001020       ??_R2Collider@@8           0011ac20     GameEngine:BoxCollider.obj
 0002:00001028       ??_R4Collider@@6B@         0011ac28     GameEngine:Collider.obj
 0003:00000000       ?__LINE__Var@?0???0GC@@QAE@XZ@4JA 0011ae00     drawing.obj
 0003:00001008       ?target_ip@@3IA            0011be08     e1000.obj
 0003:0000100c       ?local_ip@@3IA             0011be0c     e1000.obj
 0003:00001010       ?cursor_bitmap@gui@@3PAIA  0011be10     GUI.obj
 0003:000011d0       ?col_taskbar@gui@@3IA      0011bfd0     GUI.obj
 0003:000011d4       ?col_desktop_bg@gui@@3IA   0011bfd4     GUI.obj
 0003:000011d8       ?col_background@gui@@3IA   0011bfd8     Window.obj
 0003:000011dc       ?col_foreground@gui@@3IA   0011bfdc     Window.obj
 0003:000011e0       ?col_title@gui@@3IA        0011bfe0     Window.obj
 0003:000011e8       ?color@Debug@@2IA          0011bfe8     debug.obj
 0003:000011ec       ?bcolor@Debug@@2IA         0011bfec     debug.obj
 0003:000011f4       ?__LINE__Var@?0???0Complex@@QAE@XZ@4JA 0011bff4     Mandelbrot.obj
 0003:000011f8       ?count@@3HA                0011bff8     Mandelbrot.obj
 0003:000011fc       ?p4@@3MA                   0011bffc     GameEngine:Engine.obj
 0003:00001200       ?p5@@3MA                   0011c000     GameEngine:Engine.obj
 0003:00001204       ?__LINE__Var@?0???0Manifold@@QAE@XZ@4JA 0011c004     GameEngine:Collision.obj
 0003:00004208       ?acc@@3MA                  0011f008     3DGame:Thing.obj
 0003:0000420c       __fltused                  0011f00c     LIBCMT:fltused.obj
 0003:00004210       ?bound_tex@gl@@3HA         0011f010     GL:GL.obj
 0003:00004214       ??_R0?AVE1000@@@8          0011f014     ne1000.obj
 0003:00004228       ??_R0?AVNetInterface@@@8   0011f028     ne1000.obj
 0003:00004244       ??_R0?AVControl@gui@@@8    0011f044     Button.obj
 0003:00004260       ??_R0?AVButton@gui@@@8     0011f060     Button.obj
 0003:0000427c       ??_R0?AVCanvas@gui@@@8     0011f07c     Canvas.obj
 0003:00004298       ??_R0?AVLabel@gui@@@8      0011f098     Label.obj
 0003:000042b0       ??_R0?AVTextBox@gui@@@8    0011f0b0     TextBox.obj
 0003:000042cc       ??_R0?AVRigidbody@@@8      0011f0cc     GameEngine:Rigidbody.obj
 0003:000042e4       ??_R0?AVComponent@@@8      0011f0e4     GameEngine:Rigidbody.obj
 0003:000042fc       ??_R0?AVGameObject@@@8     0011f0fc     GameEngine:GameObject.obj
 0003:00004318       ??_R0?AVCamera@@@8         0011f118     GameEngine:Camera.obj
 0003:00004330       ??_R0?AVMyBox@@@8          0011f130     3DGame:MyBox.obj
 0003:00004344       ??_R0?AVThing@@@8          0011f144     3DGame:Thing.obj
 0003:00004358       ??_R0?AVtype_info@@@8      0011f158     LIBCMT:std_type_info_static.obj
 0003:00004370       ??_R0?AVMeshComponent@@@8  0011f170     GameEngine:MeshComponent.obj
 0003:0000438c       ??_R0?AVIMesh@@@8          0011f18c     GameEngine:MeshComponent.obj
 0003:000043a0       ??_R0?AVBoxCollider@@@8    0011f1a0     GameEngine:BoxCollider.obj
 0003:000043bc       ??_R0?AVCollider@@@8       0011f1bc     GameEngine:BoxCollider.obj
 0003:000043e0       ?_kernel_stack@@3PADA      0011f1e0     boot.obj
 0003:00006380       ?screenBuffer@@3PAIA       00121180     drawing.obj
 0003:00006384       ?gc@Drawing@@2UGC@@A       00121184     drawing.obj
 0003:0000639c       ?gc_direct@Drawing@@2UGC@@A 0012119c     drawing.obj
 0003:000063b8       ?mode@VBE@@2UVBE_MODE_INFO@@A 001211b8     vbe.obj
 0003:000064b8       ?mem_base@@3PAIA           001212b8     vbe.obj
 0003:000064bc       ?mem_max@@3PAIA            001212bc     vbe.obj
 0003:000064c0       ?mem_size@@3IA             001212c0     vbe.obj
 0003:000064c4       ?bytes_per_pixel@@3IA      001212c4     vbe.obj
 0003:000064c8       ?pixel_count@@3IA          001212c8     vbe.obj
 0003:000064cc       ?device@AC97@@2UAC97_DEVICE@@A 001212cc     ac97.obj
 0003:000064e0       ?buf@@3PAEA                001212e0     ac97.obj
 0003:000064e4       ?e1000_global@@3PAUe1000@@A 001212e4     e1000.obj
 0003:000064e8       ?global_e@@3PAUe1000@@A    001212e8     e1000.obj
 0003:000064f0       ?ctrl@Keyboard@@2_NA       001212f0     keyboard.obj
 0003:000064f1       ?shift@Keyboard@@2_NA      001212f1     keyboard.obj
 0003:000064f2       ?alt@Keyboard@@2_NA        001212f2     keyboard.obj
 0003:000064f3       ?caps@Keyboard@@2_NA       001212f3     keyboard.obj
 0003:000064f4       ?num@Keyboard@@2_NA        001212f4     keyboard.obj
 0003:000064f5       ?scroll@Keyboard@@2_NA     001212f5     keyboard.obj
 0003:000064f6       ?extended@@3_NA            001212f6     keyboard.obj
 0003:000064f7       ?scancode@@3EA             001212f7     keyboard.obj
 0003:000064f8       ?keystates@@3PA_NA         001212f8     keyboard.obj
 0003:000065f7       ?scan@@3EA                 001213f7     keyboard.obj
 0003:000065f8       ?last_key@@3UKEY_PACKET@@A 001213f8     keyboard.obj
 0003:00006604       ?pressed@@3_NA             00121404     keyboard.obj
 0003:00006608       ?key@@3W4KEYCODE@@A        00121408     keyboard.obj
 0003:0000660c       ?x@Mouse@@2HA              0012140c     mouse.obj
 0003:00006610       ?y@Mouse@@2HA              00121410     mouse.obj
 0003:00006614       ?sensitivity@Mouse@@2MA    00121414     mouse.obj
 0003:00006618       ?mouse_L@Mouse@@2_NA       00121418     mouse.obj
 0003:00006619       ?mouse_R@Mouse@@2_NA       00121419     mouse.obj
 0003:0000661a       ?mouse_M@Mouse@@2_NA       0012141a     mouse.obj
 0003:0000661b       ?mouse_cycle@Mouse@@0EA    0012141b     mouse.obj
 0003:0000661c       ?scroll_x@Mouse@@2HA       0012141c     mouse.obj
 0003:00006620       ?scroll_y@Mouse@@2HA       00121420     mouse.obj
 0003:00006624       ?w@Mouse@@0IA              00121424     mouse.obj
 0003:00006628       ?h@Mouse@@0IA              00121428     mouse.obj
 0003:0000662c       ?mouse_byte@Mouse@@0PACA   0012142c     mouse.obj
 0003:00006630       ?initialized@Mouse@@0_NA   00121430     mouse.obj
 0003:00006634       ?global_e@E1000@@0PAV1@A   00121434     ne1000.obj
 0003:00006638       ?desc@@3PAUISO_PRIMARYDESC@@A 00121438     iso.obj
 0003:0000663c       ?root@@3PAUISO_DIRECTORY@@A 0012143c     iso.obj
 0003:00006640       ?bmp_background@gui@@3PAUBMP@@A 00121440     GUI.obj
 0003:00006644       ?window_count@gui@@3HA     00121444     GUI.obj
 0003:00006648       ?first_window@gui@@3PAVWindow@1@A 00121448     GUI.obj
 0003:0000664c       ?last_window@gui@@3PAVWindow@1@A 0012144c     GUI.obj
 0003:00006650       ?focused_window@gui@@3PAVWindow@1@A 00121450     GUI.obj
 0003:00006654       ?cursor_x@gui@@3HA         00121454     GUI.obj
 0003:00006658       ?cursor_y@gui@@3HA         00121458     GUI.obj
 0003:0000665c       ?mouse_click_L@gui@@3_NA   0012145c     GUI.obj
 0003:0000665d       ?mouse_click_R@gui@@3_NA   0012145d     GUI.obj
 0003:0000665e       ?mouse_click_M@gui@@3_NA   0012145e     GUI.obj
 0003:0000665f       ?window_drag@gui@@3_NA     0012145f     GUI.obj
 0003:00006660       ?mouse_click_L_info@gui@@3UMOUSE_CLICK_INFO@1@A 00121460     GUI.obj
 0003:00006680       ?mouse_click_R_info@gui@@3UMOUSE_CLICK_INFO@1@A 00121480     GUI.obj
 0003:000066a0       ?mouse_click_M_info@gui@@3UMOUSE_CLICK_INFO@1@A 001214a0     GUI.obj
 0003:000066c0       ?window_drag_info@gui@@3UWINDOW_DRAG_INFO@1@A 001214c0     GUI.obj
 0003:000066cc       ?hover_window@gui@@3PAVWindow@1@A 001214cc     GUI.obj
 0003:000066d0       ?hover_control@gui@@3PAVControl@1@A 001214d0     GUI.obj
 0003:000066d4       ?gc_taskbar@gui@@3UGC@@A   001214d4     GUI.obj
 0003:000066ec       ?gc_background@gui@@3UGC@@A 001214ec     GUI.obj
 0003:00006704       ?gc_cursor@gui@@3UGC@@A    00121504     GUI.obj
 0003:00006720       ?idt@IDT@@0PAUIDT_DESCRIPTOR@@A 00121520     idt.obj
 0003:00006f20       ?idt_reg@IDT@@0UIDT_REG@@A 00121d20     idt.obj
 0003:00006f28       ?ticks@PIT@@2IA            00121d28     pit.obj
 0003:00006f2c       ?century_reg@@3HA          00121d2c     rtc.obj
 0003:00006f30       ?second@@3EA               00121d30     rtc.obj
 0003:00006f31       ?minute@@3EA               00121d31     rtc.obj
 0003:00006f32       ?hour@@3EA                 00121d32     rtc.obj
 0003:00006f33       ?day@@3EA                  00121d33     rtc.obj
 0003:00006f34       ?month@@3EA                00121d34     rtc.obj
 0003:00006f38       ?year@@3IA                 00121d38     rtc.obj
 0003:00006f3c       ?mem_left@@3HA             00121d3c     kernel.obj
 0003:00006f40       ?mem_ptr@@3PAEA            00121d40     kernel.obj
 0003:00006f44       ?gameGC@@3UGC@@A           00121d44     OS.obj
 0003:00006f5c       ?idle_thread@@3PAVThread@@A 00121d5c     task.obj
 0003:00006f60       ?current_thread@@3PAVThread@@A 00121d60     task.obj
 0003:00006f64       ?first_thread@@3PAVThread@@A 00121d64     task.obj
 0003:00006f68       ?last_thread@@3PAVThread@@A 00121d68     task.obj
 0003:00006f6c       ?pit_isr@@3PAXA            00121d6c     task.obj
 0003:00006f70       ?x@Debug@@2HA              00121d70     debug.obj
 0003:00006f74       ?y@Debug@@2HA              00121d74     debug.obj
 0003:00006f78       ?x0@Debug@@2HA             00121d78     debug.obj
 0003:00006f7c       ?num_blocks@Memory@@2IA    00121d7c     memory.obj
 0003:00006f80       ?num_free@Memory@@2IA      00121d80     memory.obj
 0003:00006f84       ?mem_size@Memory@@2IA      00121d84     memory.obj
 0003:00006f88       ?mem_map@Memory@@0PAIA     00121d88     memory.obj
 0003:00006f90       ?arp_cache@ARP@@0PAUARP_TABLE_ENTRY@@A 00121d90     arp.obj
 0003:000070d0       ?dns_server@DNS@@2UIPv4Address@@A 00121ed0     dns.obj
 0003:000070d8       ?dns_cache@DNS@@0PAUDNS_TABLE_ENTRY@@A 00121ed8     dns.obj
 0003:000072d8       ?intf@Net@@2PAVNetInterface@@A 001220d8     net.obj
 0003:000072dc       ?GatewayIPv4@Net@@2UIPv4Address@@A 001220dc     net.obj
 0003:000072e0       ?GatewayMAC@Net@@2UMacAddress@@A 001220e0     net.obj
 0003:000072e8       ?BroadcastMAC@Net@@2UMacAddress@@A 001220e8     net.obj
 0003:000072f0       ?BroadcastIPv4@Net@@2UIPv4Address@@A 001220f0     net.obj
 0003:000072f4       ?NullMAC@Net@@2UMacAddress@@A 001220f4     net.obj
 0003:000072fc       ?NullIPv4@Net@@2UIPv4Address@@A 001220fc     net.obj
 0003:00007300       ?sessions@TCP@@2PAPAVTcpSession@@A 00122100     tcp.obj
 0003:00007380       ?sockets@@3PAPAVUdpSocket@@A 00122180     udp.obj
 0003:00007384       ?tz@@3UComplex@@A          00122184     Mandelbrot.obj
 0003:0000738c       ?tmp1@apps@@3PAVCanvas@gui@@A 0012218c     TextEdit.obj
 0003:00007390       ?tmp2@apps@@3PAVCanvas@gui@@A 00122190     TextEdit.obj
 0003:00007394       ?socket@apps@@3PAVUdpSocket@@A 00122194     TextEdit.obj
 0003:00007398       ?rec_label@apps@@3PAVLabel@gui@@A 00122198     TextEdit.obj
 0003:0000739c       ?p1@@3HA                   0012219c     GameEngine:Engine.obj
 0003:000073a0       ?p2@@3MA                   001221a0     GameEngine:Engine.obj
 0003:000073a4       ?p3@@3MA                   001221a4     GameEngine:Engine.obj
 0003:000073a8       ?ticks@@3HA                001221a8     GameEngine:Engine.obj
 0003:000073ac       ?totalFrames@@3HA          001221ac     GameEngine:Engine.obj
 0003:000073b0       ?startTicks@@3HA           001221b0     GameEngine:Engine.obj
 0003:000073b4       ?BOOL1@@3_NA               001221b4     GameEngine:Engine.obj
 0003:000073b8       ?err@@3MA                  001221b8     GameEngine:Engine.obj
 0003:000073bc       ?last_mouse_pos@@3UVector3@@A 001221bc     GameEngine:Engine.obj
 0003:000073c8       ?_gc@@3UGC@@A              001221c8     GameEngine:Engine.obj
 0003:000073e0       ?cols@@3PAUManifold@@A     001221e0     GameEngine:Collision.obj
 0003:00008380       ?mod@@3PAVModel3D@@A       00123180     3DGame:MyBox.obj
 0003:00008384       ?img_buf@@3PADA            00123184     3DGame:MyBox.obj
 0003:00008388       ?bmp@@3PAUBMP@@A           00123188     3DGame:MyBox.obj
 0003:0000838c       ?phys@@3PAVRigidbody@@A    0012318c     3DGame:Thing.obj
 0003:00008390       ?vel@@3MA                  00123190     3DGame:Thing.obj
 0003:00008398       ?m_width@GL@gl@@2IA        00123198     GL:GL.obj
 0003:0000839c       ?m_height@GL@gl@@2IA       0012319c     GL:GL.obj
 0003:000083a0       ?m_stride@GL@gl@@2IA       001231a0     GL:GL.obj
 0003:000083a4       ?m_textures@GL@gl@@2PAPAUBMP@@A 001231a4     GL:GL.obj
 0003:000083a8       ?tex_index@gl@@3HA         001231a8     GL:GL.obj
 0003:000083ac       ?light_index@gl@@3HA       001231ac     GL:GL.obj
 0003:000083b0       ?mat_mode@gl@@3W4GLMatrixMode@@A 001231b0     GL:GL.obj
 0003:000083b4       ?mat_stack@gl@@3PAUMatrix4@1@A 001231b4     GL:GL.obj
 0003:000083b8       ?mat_stack_index@gl@@3HA   001231b8     GL:GL.obj
 0003:000083bc       ?vert_ptr@gl@@3PAUVertex@1@A 001231bc     GL:GL.obj
 0003:000083c0       ?mat_viewmodel@gl@@3UMatrix4@1@A 001231c0     GL:GL.obj
 0003:00008400       ?lightsources@gl@@3PAUVector4@1@A 00123200     GL:GL.obj
 0003:00008440       ?gc_out@GL@gl@@2UGC@@A     00123240     GL:GL.obj
 0003:00008458       ?gc_buf@GL@gl@@2UGC@@A     00123258     GL:GL.obj
 0003:00008470       ?mat_projection@gl@@3UMatrix4@1@A 00123270     GL:GL.obj
 0003:000084b0       ?depth_buffer@Rasterizer@gl@@2PAMA 001232b0     GL:Rasterizer.obj
 0003:000084b4       ?n@@3HA                    001232b4     GameEngine:BoxCollider.obj
 0003:000084b8       ?c@@3UVector3@@A           001232b8     GameEngine:BoxCollider.obj
 0003:000084c4       ?v@@3UVector3@@A           001232c4     GameEngine:BoxCollider.obj
 0003:000084d0       ?d@@3UVector3@@A           001232d0     GameEngine:BoxCollider.obj
 0003:000084dc       ?b@@3UVector3@@A           001232dc     GameEngine:BoxCollider.obj

 entry point at        0000:00000000

 Static symbols

 0002:fffe6400       __guard_fids__             00100000     LIBCMT:std_type_info_static.obj
 0001:fffffd08       $LN15                      00100108     GameEngine:Collider.obj
 0001:fffffd18       $LN24                      00100118     GameEngine:Collider.obj
 0001:fffffd24       $LN29                      00100124     GameEngine:Collider.obj
 0001:00000000       ??__Elast_mouse_pos@@YAXXZ 00100400 f   GameEngine:Engine.obj
 0001:00000010       ??__Ecols@@YAXXZ           00100410 f   GameEngine:Collision.obj
 0001:00000040       ??__Elightsources@gl@@YAXXZ 00100440 f   GL:GL.obj
 0001:00000070       ??__Emat_projection@gl@@YAXXZ 00100470 f   GL:GL.obj
 0001:00000080       ??__Emat_viewmodel@gl@@YAXXZ 00100480 f   GL:GL.obj
 0001:00000090       ??__Eb@@YAXXZ              00100490 f   GameEngine:BoxCollider.obj
 0001:000000a0       ??__Ec@@YAXXZ              001004a0 f   GameEngine:BoxCollider.obj
 0001:000000b0       ??__Ed@@YAXXZ              001004b0 f   GameEngine:BoxCollider.obj
 0001:000000c0       ??__Ev@@YAXXZ              001004c0 f   GameEngine:BoxCollider.obj
 0001:000036e0       $LN64                      00103ae0     keyboard.obj
 0001:000036f4       $LN61                      00103af4     keyboard.obj
 0001:00003700       $LN65                      00103b00     keyboard.obj
 0001:00003730       $LN66                      00103b30     keyboard.obj
 0001:00003758       $LN67                      00103b58     keyboard.obj
 0001:00003790       $LN62                      00103b90     keyboard.obj
 0001:00005018       $LN11                      00105418     Button.obj
 0001:000064ec       $LN55                      001068ec     Window.obj
 0001:0000814c       $LN29                      0010854c     debug.obj
 0001:00008374       $LN22                      00108774     debug.obj
 0001:00008f58       $LN49                      00109358     stdio.obj
 0001:00008f74       $LN44                      00109374     stdio.obj
 0001:0000b218       $LN28                      0010b618     tcpsession.obj
 0001:00017f64       $LN29                      00118364     GameEngine:BoxCollider.obj
 0001:00018138       $LN15                      00118538     GameEngine:BoxCollider.obj
 0001:00018268       $LN24                      00118668     GameEngine:BoxCollider.obj
 0001:00019068       $LN70                      00119468     GameEngine:BoxCollider.obj
 0002:000000e8       ?scancodes@@3QBW4KEYCODE@@B 00119ce8     keyboard.obj
 0003:00000008       ?DEFAULT_FONT@@3PAEA       0011ae08     drawing.obj
 0003:000011e4       ?new_id@gui@@3HA           0011bfe4     Window.obj
 0003:000011f0       ?next@@3KA                 0011bff0     math.obj
 0003:00001208       ?DEFAULT_FONT@@3PAEA       0011c008     3DGame:3DGame.obj
 0003:00002208       ?DEFAULT_FONT@@3PAEA       0011d008     3DGame:MyBox.obj
 0003:00003208       ?DEFAULT_FONT@@3PAEA       0011e008     3DGame:Thing.obj
 0004:00000000       ?last_mouse_pos$initializer$@@3P6AXXZA 00123400     GameEngine:Engine.obj
 0004:00000004       ?cols$initializer$@@3P6AXXZA 00123404     GameEngine:Collision.obj
 0004:00000008       ?lightsources$initializer$@gl@@3P6AXXZA 00123408     GL:GL.obj
 0004:0000000c       ?mat_projection$initializer$@gl@@3P6AXXZA 0012340c     GL:GL.obj
 0004:00000010       ?mat_viewmodel$initializer$@gl@@3P6AXXZA 00123410     GL:GL.obj
 0004:00000014       ?v$initializer$@@3P6AXXZA  00123414     GameEngine:BoxCollider.obj
 0004:00000018       ?c$initializer$@@3P6AXXZA  00123418     GameEngine:BoxCollider.obj
 0004:0000001c       ?b$initializer$@@3P6AXXZA  0012341c     GameEngine:BoxCollider.obj
 0004:00000020       ?d$initializer$@@3P6AXXZA  00123420     GameEngine:BoxCollider.obj
