 AndyOS

 Timestamp is 59e22ef9 (Sat Oct 14 17:36:25 2017)

 Preferred load address is 00100000

 Start         Length     Name                   Class
 0001:00000000 00008325H .text$mn                CODE
 0002:00000000 00000000H .gfids$y                DATA
 0002:00000000 00000654H .rdata                  DATA
 0002:00000654 00000128H .rdata$r                DATA
 0002:0000077c 00000000H .edata                  DATA
 0002:0000077c 00000100H .rdata$zzzdbg           DATA
 0003:00000000 000011ecH .data                   DATA
 0003:000011ec 00000074H .data$r                 DATA
 0003:00001260 00002f4eH .bss                    DATA

  Address         Publics by Value              Rva+Base       Lib:Object

 0000:00000000       ___guard_iat_count         00000000     <absolute>
 0000:00000000       ___hybrid_auxiliary_iat    00000000     <absolute>
 0000:00000000       ___dynamic_value_reloc_table 00000000     <absolute>
 0000:00000000       ___guard_longjmp_table     00000000     <absolute>
 0000:00000000       ___guard_iat_table         00000000     <absolute>
 0000:00000000       ___safe_se_handler_count   00000000     <absolute>
 0000:00000000       ___guard_fids_table        00000000     <absolute>
 0000:00000000       ___safe_se_handler_table   00000000     <absolute>
 0000:00000000       ___guard_flags             00000000     <absolute>
 0000:00000000       ___guard_fids_count        00000000     <absolute>
 0000:00000000       ___hybrid_code_map_count   00000000     <absolute>
 0000:00000000       ___guard_longjmp_count     00000000     <absolute>
 0000:00000000       ___hybrid_code_map         00000000     <absolute>
 0000:00000000       ___enclave_config          00000000     <absolute>
 0001:00000000       ?OSBoot@@YAXPAUMULTIBOOT_HEADER@@@Z 00100400 f   boot.obj
 0001:00000050       ??0Button@gui@@QAE@XZ      00100450 f   Button.obj
 0001:00000090       ?Paint@Button@gui@@UAEXXZ  00100490 f   Button.obj
 0001:000000f0       ?Paint@Control@gui@@UAEXXZ 001004f0 f i Button.obj
 0001:00000100       ?ReadFile@FileSystem@@SAIPADAAPAD@Z 00100500 f   FileSystem.obj
 0001:00000110       ?Contains@Rect@@QAE_NHH@Z  00100510 f i GUI.obj
 0001:00000150       ?CreateWindow@WindowManager@gui@@SAPAVWindow@2@PAD@Z 00100550 f   GUI.obj
 0001:000001d0       ?GetWindowAtCursor@WindowManager@gui@@CAPAVWindow@2@XZ 001005d0 f   GUI.obj
 0001:00000220       ?HandleMouseInput@WindowManager@gui@@CAXXZ 00100620 f   GUI.obj
 0001:000004c0       ?Init@WindowManager@gui@@SAIXZ 001008c0 f   GUI.obj
 0001:000005c0       ?PaintBackground@WindowManager@gui@@CAXXZ 001009c0 f   GUI.obj
 0001:00000660       ?PaintCursor@WindowManager@gui@@CAXXZ 00100a60 f   GUI.obj
 0001:00000720       ?PaintTaskbar@WindowManager@gui@@CAXXZ 00100b20 f   GUI.obj
 0001:000007c0       ?PaintWindows@WindowManager@gui@@CAXXZ 00100bc0 f   GUI.obj
 0001:00000830       ?SetFocusedWindow@WindowManager@gui@@CAXPAVWindow@2@@Z 00100c30 f   GUI.obj
 0001:00000910       ?Start@WindowManager@gui@@SAXXZ 00100d10 f   GUI.obj
 0001:00000930       ?UpdateLoop@WindowManager@gui@@CAXXZ 00100d30 f   GUI.obj
 0001:00000c40       ?FindFile@ISO_FS@@SAPAUISO_DIRECTORY@@PAD@Z 00101040 f   iso.obj
 0001:00000d10       ?Init@ISO_FS@@SAIXZ        00101110 f   iso.obj
 0001:00000d80       ?ListFiles@ISO_FS@@SAHPAD@Z 00101180 f   iso.obj
 0001:00000e20       ?ReadFile@ISO_FS@@SAIPADAAPAD@Z 00101220 f   iso.obj
 0001:00000f10       ?ReadFile@ISO_FS@@SAIPAUISO_DIRECTORY@@AAPAD@Z 00101310 f   iso.obj
 0001:00000f40       ??0Label@gui@@QAE@XZ       00101340 f   Label.obj
 0001:00000f80       ?Paint@Label@gui@@UAEXXZ   00101380 f   Label.obj
 0001:00000fb0       ?Create@Mandelbrot@@SAXHH@Z 001013b0 f   Mandelbrot.obj
 0001:000013e0       ?stuff@@YAXXZ              001017e0 f   Mandelbrot.obj
 0001:00001460       ?AddEntry@ARP@@SAXUMacAddress@@UIPv4Address@@@Z 00101860 f   arp.obj
 0001:000014f0       ?Decode@ARP@@SA_NPAUARP_Header@@PAUNetPacket@@@Z 001018f0 f   arp.obj
 0001:00001560       ?Init@ARP@@SAIXZ           00101960 f   arp.obj
 0001:000015c0       ?LookupMac@ARP@@SA?AUMacAddress@@UIPv4Address@@@Z 001019c0 f   arp.obj
 0001:00001640       ?Receive@ARP@@SAXPAVNetInterface@@PAUNetPacket@@@Z 00101a40 f   arp.obj
 0001:00001780       ?Send@ARP@@SAXPAVNetInterface@@UMacAddress@@UIPv4Address@@G@Z 00101b80 f   arp.obj
 0001:00001840       ?SendReply@ARP@@CAXPAVNetInterface@@PAUARP_Header@@@Z 00101c40 f   arp.obj
 0001:00001880       ?SendRequest@ARP@@SAXPAVNetInterface@@UIPv4Address@@@Z 00101c80 f   arp.obj
 0001:000018c0       ?DoStuff@DHCP@@SAXPAVNetInterface@@UIPv4Address@@@Z 00101cc0 f   dhcp.obj
 0001:000019a0       ?Receive@DHCP@@SAXPAVNetInterface@@PAUIPv4_Header@@PAUUDP_Packet@@PAUNetPacket@@@Z 00101da0 f   dhcp.obj
 0001:000019b0       ?AddEntry@DNS@@SAXPADUIPv4Address@@@Z 00101db0 f   dns.obj
 0001:00001a30       ?AppendDomain@DNS@@CAPAEPAEPAD@Z 00101e30 f   dns.obj
 0001:00001a90       ?Decode@DNS@@SA_NPAUDNS_Packet@@PAUUDP_Packet@@@Z 00101e90 f   dns.obj
 0001:00001b10       ?Init@DNS@@SAIXZ           00101f10 f   dns.obj
 0001:00001b50       ?LookupAddress@DNS@@SA?AUIPv4Address@@PAD@Z 00101f50 f   dns.obj
 0001:00001b90       ?ParseAnswer@DNS@@CAPAEPAUDNS_Answer@@PAE@Z 00101f90 f   dns.obj
 0001:00001bf0       ?ParseDomain@DNS@@CAPAEPADPAE@Z 00101ff0 f   dns.obj
 0001:00001c30       ?Query@DNS@@SAXPAVNetInterface@@PAD@Z 00102030 f   dns.obj
 0001:00001d10       ?Receive@DNS@@SAXPAVNetInterface@@PAUIPv4_Header@@PAUUDP_Packet@@PAUNetPacket@@@Z 00102110 f   dns.obj
 0001:00001e70       ?CreatePacket@Eth@@SAPAUNetPacket@@PAVNetInterface@@UMacAddress@@GI@Z 00102270 f   eth.obj
 0001:00001ee0       ?Decode@Eth@@SA_NPAUEthPacket@@PAUNetPacket@@@Z 001022e0 f   eth.obj
 0001:00001f60       ?Receive@Eth@@SAXPAVNetInterface@@PAUNetPacket@@@Z 00102360 f   eth.obj
 0001:00002000       ?Send@Eth@@SAXPAVNetInterface@@PAUNetPacket@@@Z 00102400 f   eth.obj
 0001:00002010       ??0WebClient@@QAE@XZ       00102410 f   http.obj
 0001:00002020       ?Download@WebClient@@QAEHVString@std@@AAPAE@Z 00102420 f   http.obj
 0001:00002040       ?Send@WebClient@@QAEXVString@std@@PAEI@Z 00102440 f   http.obj
 0001:000020d0       ?Decode@ICMP@@SA_NPAUICMP_Packet@@PAUNetPacket@@@Z 001024d0 f   icmp.obj
 0001:00002140       ?Receive@ICMP@@SAXPAVNetInterface@@PAUIPv4_Header@@PAUNetPacket@@@Z 00102540 f   icmp.obj
 0001:00002190       ?Send@ICMP@@SAXPAVNetInterface@@PAUICMP_Packet@@UIPv4Address@@E@Z 00102590 f   icmp.obj
 0001:00002230       ?SendReply@ICMP@@SAXPAVNetInterface@@PAUICMP_Packet@@UIPv4Address@@@Z 00102630 f   icmp.obj
 0001:000022c0       ?CreatePacket@IPv4@@SAPAUNetPacket@@PAVNetInterface@@UIPv4Address@@EI@Z 001026c0 f   ipv4.obj
 0001:00002440       ?Decode@IPv4@@SA_NPAUIPv4_Header@@PAUNetPacket@@@Z 00102840 f   ipv4.obj
 0001:000024b0       ?Receive@IPv4@@SAXPAVNetInterface@@PAUEthPacket@@PAUNetPacket@@@Z 001028b0 f   ipv4.obj
 0001:000025b0       ?Send@IPv4@@SAXPAVNetInterface@@PAUNetPacket@@@Z 001029b0 f   ipv4.obj
 0001:000025c0       ?Init@Net@@SAIXZ           001029c0 f   net.obj
 0001:000025d0       ?NetEthReceive@@YAXPAVNetInterface@@PAUNetPacket@@@Z 001029d0 f   net.obj
 0001:000025e0       ?CreatePacket@TCP@@SAPAUNetPacket@@PAVNetInterface@@UIPv4Address@@GGEIIPAEI@Z 001029e0 f   tcp.obj
 0001:000026d0       ?CreateSession@TCP@@SAPAVTcpSession@@XZ 00102ad0 f   tcp.obj
 0001:00002710       ?Decode@TCP@@SA_NPAUTCP_Packet@@PAUNetPacket@@@Z 00102b10 f   tcp.obj
 0001:000027c0       ?Receive@TCP@@SAXPAVNetInterface@@PAUIPv4_Header@@PAUNetPacket@@@Z 00102bc0 f   tcp.obj
 0001:000028c0       ?Send@TCP@@SAXPAVNetInterface@@PAUNetPacket@@@Z 00102cc0 f   tcp.obj
 0001:000028d0       ??0TcpSession@@QAE@XZ      00102cd0 f   tcpsession.obj
 0001:000028f0       ?Close@TcpSession@@QAEXXZ  00102cf0 f   tcpsession.obj
 0001:000029f0       ?Connect@TcpSession@@QAEXUIPv4Address@@G@Z 00102df0 f   tcpsession.obj
 0001:00002b70       ?Listen@TcpSession@@QAEXG@Z 00102f70 f   tcpsession.obj
 0001:00002ba0       ?Receive@TcpSession@@QAEXPAUIPv4_Header@@PAUTCP_Packet@@@Z 00102fa0 f   tcpsession.obj
 0001:00002d30       ?ReceivedData@TcpSession@@QAEXPAUIPv4_Header@@PAUTCP_Packet@@@Z 00103130 f   tcpsession.obj
 0001:00002d90       ?Reset@TcpSession@@AAEXXZ  00103190 f   tcpsession.obj
 0001:00002db0       ?Send@TcpSession@@AAE_NEPAEI@Z 001031b0 f   tcpsession.obj
 0001:00002e00       ?SendData@TcpSession@@QAE_NPAEI@Z 00103200 f   tcpsession.obj
 0001:00002e50       ??0TcpSocket@@QAE@XZ       00103250 f   tcpsocket.obj
 0001:00002e60       ?Close@TcpSocket@@QAE_NXZ  00103260 f   tcpsocket.obj
 0001:00002e80       ?Connect@TcpSocket@@QAE_NUIPv4Address@@G@Z 00103280 f   tcpsocket.obj
 0001:00002eb0       ?Listen@TcpSocket@@QAE_NG@Z 001032b0 f   tcpsocket.obj
 0001:00002ee0       ?Send@TcpSocket@@QAE_NPAEI@Z 001032e0 f   tcpsocket.obj
 0001:00002f10       ?RunTextEdit@apps@@YAXXZ   00103310 f   TextEdit.obj
 0001:00002fa0       ?CreatePacket@UDP@@SAPAUNetPacket@@PAVNetInterface@@UIPv4Address@@GGPAEI@Z 001033a0 f   udp.obj
 0001:00003060       ?Decode@UDP@@SA_NPAUUDP_Packet@@PAUNetPacket@@@Z 00103460 f   udp.obj
 0001:000030d0       ?Receive@UDP@@SAXPAVNetInterface@@PAUIPv4_Header@@PAUNetPacket@@@Z 001034d0 f   udp.obj
 0001:00003180       ?Send@UDP@@SAXPAVNetInterface@@PAUNetPacket@@@Z 00103580 f   udp.obj
 0001:00003190       ??0UdpSocket@@QAE@G@Z      00103590 f   udpsocket.obj
 0001:000031b0       ??1UdpSocket@@QAE@XZ       001035b0 f   udpsocket.obj
 0001:000031c0       ?Receive@UdpSocket@@QAEHAAPAE@Z 001035c0 f   udpsocket.obj
 0001:000031d0       ?Send@UdpSocket@@QAEXUIPv4Address@@PAEG@Z 001035d0 f   udpsocket.obj
 0001:00003210       ??_H@YGXPAXIIP6EPAX0@Z@Z   00103610 f i OS.obj
 0001:00003240       ?Main@OS@@SAXXZ            00103640 f   OS.obj
 0001:00003280       ?ThrowException@OS@@SAXPAD0@Z 00103680 f   OS.obj
 0001:00003290       ?Add@?$List@VString@std@@@std@@QAEXVString@2@@Z 00103690 f i string.obj
 0001:00003390       ?Split@String@std@@QAEXAAV?$List@VString@std@@@2@D@Z 00103790 f   string.obj
 0001:000034d0       ??0Window@gui@@QAE@XZ      001038d0 f   Window.obj
 0001:000035f0       ?CreateControl@Window@gui@@QAEPAVControl@2@W4CONTROL_TYPE@2@PADHHHHH@Z 001039f0 f   Window.obj
 0001:00003750       ?GetControlAt@Window@gui@@QAEPAVControl@2@HH@Z 00103b50 f   Window.obj
 0001:000037b0       ?GetMessage@Window@gui@@QAE?AUWINDOW_MESSAGE@2@XZ 00103bb0 f   Window.obj
 0001:000037e0       ?Paint@Window@gui@@QAEXXZ  00103be0 f   Window.obj
 0001:000038d0       ?PaintControls@Window@gui@@AAEXXZ 00103cd0 f   Window.obj
 0001:000038f0       ?PaintWindow@Window@gui@@AAEXXZ 00103cf0 f   Window.obj
 0001:000039c0       ?ReceiveSendMessage@Window@gui@@QAEXUWINDOW_MESSAGE@2@@Z 00103dc0 f   Window.obj
 0001:000039e0       ?SetFocus@Window@gui@@QAEX_N@Z 00103de0 f   Window.obj
 0001:00003a00       ?SetState@Window@gui@@QAEXW4WINDOW_STATE@2@@Z 00103e00 f   Window.obj
 0001:00003a50       ?memcmp@@YAHPBX0I@Z        00103e50 f   Lib:string.obj
 0001:00003a90       ?memcpy@@YAPAXPAX0I@Z      00103e90 f   Lib:string.obj
 0001:00003ac0       ?memcpy_fast_128@@YAXPAX0I@Z 00103ec0 f   Lib:string.obj
 0001:00003b40       ?memset16@@YAPAXPAXGI@Z    00103f40 f   Lib:string.obj
 0001:00003b60       ?memset32@@YAPAXPAXII@Z    00103f60 f   Lib:string.obj
 0001:00003b80       ?memset_fast_128@@YAPAXPAXII@Z 00103f80 f   Lib:string.obj
 0001:00003c00       ?strcat@@YAPADPADPBD@Z     00104000 f   Lib:string.obj
 0001:00003c30       ?strcmp@@YAIPBD0@Z         00104030 f   Lib:string.obj
 0001:00003c80       ?strcpy@@YAPADPADPBD@Z     00104080 f   Lib:string.obj
 0001:00003ca0       ?strlen@@YAIPBD@Z          001040a0 f   Lib:string.obj
 0001:00003cc0       ?strncat@@YAPADPADPBDH@Z   001040c0 f   Lib:string.obj
 0001:00003d00       _memset                    00104100 f   Lib:string.obj
 0001:00003d20       ?acos@@YAMM@Z              00104120 f   Lib:math.obj
 0001:00003d80       ?asin@@YAMM@Z              00104180 f   Lib:math.obj
 0001:00003de0       ?atan2@@YAMMM@Z            001041e0 f   Lib:math.obj
 0001:00003ee0       ?atan@@YAMM@Z              001042e0 f   Lib:math.obj
 0001:00003f10       ?ceil@@YAHM@Z              00104310 f   Lib:math.obj
 0001:00003f30       ?cos@@YAMM@Z               00104330 f   Lib:math.obj
 0001:00003f50       ?fact@@YAMM@Z              00104350 f   Lib:math.obj
 0001:00003f90       ?floor@@YAHM@Z             00104390 f   Lib:math.obj
 0001:00003fb0       ?log10@@YAMM@Z             001043b0 f   Lib:math.obj
 0001:00003fd0       ?log2@@YAMM@Z              001043d0 f   Lib:math.obj
 0001:00003ff0       ?log@@YAMM@Z               001043f0 f   Lib:math.obj
 0001:00004010       ?logn@@YAMMM@Z             00104410 f   Lib:math.obj
 0001:00004040       ?pow@@YAMMH@Z              00104440 f   Lib:math.obj
 0001:00004120       ?rand@@YAIXZ               00104520 f   Lib:math.obj
 0001:00004140       ?round@@YAHM@Z             00104540 f   Lib:math.obj
 0001:00004160       ?sin@@YAMM@Z               00104560 f   Lib:math.obj
 0001:00004180       ?sqrt@@YAMM@Z              00104580 f   Lib:math.obj
 0001:000041a0       ?srand@@YAXI@Z             001045a0 f   Lib:math.obj
 0001:000041b0       ?tan@@YAMM@Z               001045b0 f   Lib:math.obj
 0001:000041e0       ??2@YAPAXI@Z               001045e0 f   KERNEL:kernel.obj
 0001:00004230       ??3@YAXPAX@Z               00104630 f   KERNEL:kernel.obj
 0001:00004250       ??_U@YAPAXI@Z              00104650 f   KERNEL:kernel.obj
 0001:000042e0       ??_V@YAXPAX@Z              001046e0 f   KERNEL:kernel.obj
 0001:000042f0       ?Init@Kernel@@SAXPAUMULTIBOOT_INFO@@@Z 001046f0 f   KERNEL:kernel.obj
 0001:00004390       ?CreateThread@Task@@SAPAVThread@@PAX@Z 00104790 f   KERNEL:task.obj
 0001:00004430       ?Idle@Task@@CAXXZ          00104830 f   KERNEL:task.obj
 0001:00004440       ?Init@Task@@SAIXZ          00104840 f   KERNEL:task.obj
 0001:00004540       ?InsertThread@Task@@SAXPAVThread@@@Z 00104940 f   KERNEL:task.obj
 0001:00004580       ?Schedule@Task@@CAXXZ      00104980 f   KERNEL:task.obj
 0001:000045a0       ?StartThreading@Task@@SAXXZ 001049a0 f   KERNEL:task.obj
 0001:000045e0       ?Task_ISR@Task@@CAXXZ      001049e0 f   KERNEL:task.obj
 0001:00004620       ?BitBlt@Drawing@@SAXUGC@@HHHH0HH_N@Z 00104a20 f   KERNEL:drawing.obj
 0001:00004860       ?BlendAlpha@Drawing@@CAIII@Z 00104c60 f i KERNEL:drawing.obj
 0001:00004920       ?Clear@Drawing@@SAXIUGC@@@Z 00104d20 f   KERNEL:drawing.obj
 0001:00004950       ?Draw@Drawing@@SAXUGC@@@Z  00104d50 f   KERNEL:drawing.obj
 0001:00004980       ?DrawBezierCube@Drawing@@SAXPAUPoint@@HUGC@@@Z 00104d80 f   KERNEL:drawing.obj
 0001:00004be0       ?DrawBezierQuad@Drawing@@SAXPAUPoint@@HUGC@@@Z 00104fe0 f   KERNEL:drawing.obj
 0001:00004d80       ?DrawImage@Drawing@@SAXHHHHPAUBMP@@UGC@@@Z 00105180 f   KERNEL:drawing.obj
 0001:00004e80       ?DrawLine@Drawing@@SAXHHHHIUGC@@@Z 00105280 f   KERNEL:drawing.obj
 0001:00004fb0       ?DrawRect@Drawing@@SAXHHHHHIUGC@@@Z 001053b0 f   KERNEL:drawing.obj
 0001:00005080       ?DrawText@Drawing@@SAXHHPADIIUGC@@@Z 00105480 f   KERNEL:drawing.obj
 0001:00005190       ?DrawText@Drawing@@SAXHHPADIUGC@@@Z 00105590 f   KERNEL:drawing.obj
 0001:00005260       ?FillRect@Drawing@@SAXHHHHIUGC@@@Z 00105660 f   KERNEL:drawing.obj
 0001:00005310       ?Init@Drawing@@SAIHHPAI@Z  00105710 f   KERNEL:drawing.obj
 0001:000053a0       ?SetPixel@Drawing@@SAXHHIUGC@@@Z 001057a0 f   KERNEL:drawing.obj
 0001:000053f0       ?Clear@Debug@@SAXI@Z       001057f0 f   KERNEL:debug.obj
 0001:00005410       ?Dump@Debug@@SAXPAXH_N@Z   00105810 f   KERNEL:debug.obj
 0001:000055b0       ?Print@Debug@@SAXPADZZ     001059b0 f   KERNEL:debug.obj
 0001:00005810       ?Putc@Debug@@SAXD_N@Z      00105c10 f   KERNEL:debug.obj
 0001:00005a30       ?Init@Mouse@@SAIIIM@Z      00105e30 f   KERNEL:mouse.obj
 0001:00005d20       ?MouseRead@Mouse@@CAEXZ    00106120 f   KERNEL:mouse.obj
 0001:00005d50       ?MouseWait@Mouse@@CAXE@Z   00106150 f   KERNEL:mouse.obj
 0001:00005d90       ?MouseWrite@Mouse@@CAXE@Z  00106190 f   KERNEL:mouse.obj
 0001:00005df0       ?Mouse_ISR@Mouse@@CAXXZ    001061f0 f   KERNEL:mouse.obj
 0001:00005f30       ?Init@PIT@@SAIXZ           00106330 f   KERNEL:pit.obj
 0001:00005f70       ?PIT_ISR@PIT@@CAXXZ        00106370 f   KERNEL:pit.obj
 0001:00005f80       ?ReadData@PIT@@CAEE@Z      00106380 f   KERNEL:pit.obj
 0001:00005fb0       ?SendData@PIT@@CAXGE@Z     001063b0 f   KERNEL:pit.obj
 0001:00005ff0       ?Sleep@PIT@@SAXI@Z         001063f0 f   KERNEL:pit.obj
 0001:00006010       ?Start@PIT@@CAIXZ          00106410 f   KERNEL:pit.obj
 0001:00006050       ?ATA_Interrupt@ATA@@CAXXZ  00106450 f   KERNEL:ata.obj
 0001:00006060       ?Init@ATA@@SAIXZ           00106460 f   KERNEL:ata.obj
 0001:00006090       ?Read@ATA@@SAIHHHAAPADH@Z  00106490 f   KERNEL:ata.obj
 0001:000062a0       ?ReadSector@ATA@@CAIHHHPAD@Z 001066a0 f   KERNEL:ata.obj
 0001:00006450       ?DecodeAscii@Keyboard@@CAXAAUKEY_PACKET@@@Z 00106850 f   KERNEL:keyboard.obj
 0001:00006720       ?DiscardLastKey@Keyboard@@SAXXZ 00106b20 f   KERNEL:keyboard.obj
 0001:00006730       ?GetKeyDown@Keyboard@@SA_NW4KEYCODE@@@Z 00106b30 f   KERNEL:keyboard.obj
 0001:00006740       ?GetLastKey@Keyboard@@SA?AUKEY_PACKET@@XZ 00106b40 f   KERNEL:keyboard.obj
 0001:00006760       ?Init@Keyboard@@SAIXZ      00106b60 f   KERNEL:keyboard.obj
 0001:00006780       ?Keyboard_ISR@Keyboard@@CAXXZ 00106b80 f   KERNEL:keyboard.obj
 0001:00006970       ?Checksum@KNet@@SAGPAXH@Z  00106d70 f   KERNEL:net.obj
 0001:000069f0       ?ChecksumDouble@KNet@@SAGPAXH0H@Z 00106df0 f   KERNEL:net.obj
 0001:00006ad0       ?Init@KNet@@SAIXZ          00106ed0 f   KERNEL:net.obj
 0001:00006b30       ?PrintIP@KNet@@SAXPADUIPv4Address@@@Z 00106f30 f   KERNEL:net.obj
 0001:00006b70       ?PrintMac@KNet@@SAXPADUMacAddress@@@Z 00106f70 f   KERNEL:net.obj
 0001:00006bc0       ?htonl@@YAII@Z             00106fc0 f   KERNEL:net.obj
 0001:00006bd0       ?htons@@YAGG@Z             00106fd0 f   KERNEL:net.obj
 0001:00006bf0       ?ntohl@@YAII@Z             00106ff0 f   KERNEL:net.obj
 0001:00006c00       ?ntohs@@YAGG@Z             00107000 f   KERNEL:net.obj
 0001:00006c20       ?KernelPanic@Panic@@SAXPAD0@Z 00107020 f   KERNEL:panic.obj
 0001:00006cc0       ?AllocBlocks@Memory@@SAPAXI@Z 001070c0 f   KERNEL:memory.obj
 0001:00006df0       ?DeInitRegion@Memory@@SAXPAXI@Z 001071f0 f   KERNEL:memory.obj
 0001:00006e40       ?FirstFree@Memory@@CAIXZ   00107240 f   KERNEL:memory.obj
 0001:00006e80       ?FirstFreeNum@Memory@@CAII@Z 00107280 f   KERNEL:memory.obj
 0001:00006f70       ?FreeBlocks@Memory@@SAXPAXI@Z 00107370 f   KERNEL:memory.obj
 0001:00006fd0       ?Init@Memory@@SAIIPAI@Z    001073d0 f   KERNEL:memory.obj
 0001:00007050       ?InitRegion@Memory@@SAXPAXI@Z 00107450 f   KERNEL:memory.obj
 0001:000070a0       ?EnableFPU@CPU@@CAIXZ      001074a0 f   KERNEL:cpu.obj
 0001:000070c0       ?EnableSSE@CPU@@CAIXZ      001074c0 f   KERNEL:cpu.obj
 0001:000070f0       ?Init@CPU@@SAIXZ           001074f0 f   KERNEL:cpu.obj
 0001:00007120       ?Init@VBE@@SAIPAUVBE_MODE_INFO@@@Z 00107520 f   KERNEL:vbe.obj
 0001:00007190       ?Init@HAL@@SAIXZ           00107590 f   KERNEL:hal.obj
 0001:000071c0       ?inb@@YAEG@Z               001075c0 f   KERNEL:hal.obj
 0001:000071e0       ?inl@@YAIG@Z               001075e0 f   KERNEL:hal.obj
 0001:00007200       ?inw@@YAGG@Z               00107600 f   KERNEL:hal.obj
 0001:00007220       ?outb@@YAXGE@Z             00107620 f   KERNEL:hal.obj
 0001:00007230       ?outl@@YAXGI@Z             00107630 f   KERNEL:hal.obj
 0001:00007240       ?outw@@YAXGG@Z             00107640 f   KERNEL:hal.obj
 0001:00007250       ?DefaultISR@Exceptions@@SAXXZ 00107650 f   KERNEL:exceptions.obj
 0001:00007270       ?ISR0@Exceptions@@CAXXZ    00107670 f   KERNEL:exceptions.obj
 0001:00007290       ?ISR10@Exceptions@@CAXXZ   00107690 f   KERNEL:exceptions.obj
 0001:000072b0       ?ISR11@Exceptions@@CAXXZ   001076b0 f   KERNEL:exceptions.obj
 0001:000072d0       ?ISR12@Exceptions@@CAXXZ   001076d0 f   KERNEL:exceptions.obj
 0001:000072f0       ?ISR13@Exceptions@@CAXXZ   001076f0 f   KERNEL:exceptions.obj
 0001:00007310       ?ISR14@Exceptions@@CAXXZ   00107710 f   KERNEL:exceptions.obj
 0001:00007330       ?ISR15@Exceptions@@CAXXZ   00107730 f   KERNEL:exceptions.obj
 0001:00007350       ?ISR16@Exceptions@@CAXXZ   00107750 f   KERNEL:exceptions.obj
 0001:00007370       ?ISR17@Exceptions@@CAXXZ   00107770 f   KERNEL:exceptions.obj
 0001:00007390       ?ISR18@Exceptions@@CAXXZ   00107790 f   KERNEL:exceptions.obj
 0001:000073b0       ?ISR19@Exceptions@@CAXXZ   001077b0 f   KERNEL:exceptions.obj
 0001:000073d0       ?ISR1@Exceptions@@CAXXZ    001077d0 f   KERNEL:exceptions.obj
 0001:000073f0       ?ISR2@Exceptions@@CAXXZ    001077f0 f   KERNEL:exceptions.obj
 0001:00007410       ?ISR3@Exceptions@@CAXXZ    00107810 f   KERNEL:exceptions.obj
 0001:00007430       ?ISR4@Exceptions@@CAXXZ    00107830 f   KERNEL:exceptions.obj
 0001:00007450       ?ISR5@Exceptions@@CAXXZ    00107850 f   KERNEL:exceptions.obj
 0001:00007470       ?ISR6@Exceptions@@CAXIII@Z 00107870 f   KERNEL:exceptions.obj
 0001:000074f0       ?ISR7@Exceptions@@CAXXZ    001078f0 f   KERNEL:exceptions.obj
 0001:00007510       ?ISR8@Exceptions@@CAXXZ    00107910 f   KERNEL:exceptions.obj
 0001:00007530       ?ISR9@Exceptions@@CAXXZ    00107930 f   KERNEL:exceptions.obj
 0001:00007550       ?Init@Exceptions@@SAIXZ    00107950 f   KERNEL:exceptions.obj
 0001:00007650       ?Create@PCI@@CAPAUPCI_DEVICE@@EEE@Z 00107a50 f   KERNEL:pci.obj
 0001:00007710       ?GetDevice@PCI@@SAPAUPCI_DEVICE@@HHH@Z 00107b10 f   KERNEL:pci.obj
 0001:000078c0       ?Init@PCI@@SAIXZ           00107cc0 f   KERNEL:pci.obj
 0001:000078d0       ?Read@PCI@@CAIEEEEE@Z      00107cd0 f   KERNEL:pci.obj
 0001:00007940       ?printdev@@YAXPAUPCI_DEVICE@@@Z 00107d40 f   KERNEL:pci.obj
 0001:00007980       ?EmptyISR@IDT@@SAXXZ       00107d80 f   KERNEL:idt.obj
 0001:00007990       ?GetIR@IDT@@SAPAUIDT_DESCRIPTOR@@I@Z 00107d90 f   KERNEL:idt.obj
 0001:000079a0       ?GetVect@IDT@@SAP6AXXZH@Z  00107da0 f   KERNEL:idt.obj
 0001:000079d0       ?Init@IDT@@SAIXZ           00107dd0 f   KERNEL:idt.obj
 0001:00007a40       ?SetISR@IDT@@SAIIP6AXXZ@Z  00107e40 f   KERNEL:idt.obj
 0001:00007a80       ?Init@PIC@@SAIXZ           00107e80 f   KERNEL:pic.obj
 0001:00007ae0       ?InterruptDone@PIC@@SAXG@Z 00107ee0 f   KERNEL:pic.obj
 0001:00007b10       ?ReadData@PIC@@CAEE@Z      00107f10 f   KERNEL:pic.obj
 0001:00007b40       ?SendCommand@PIC@@CAXEE@Z  00107f40 f   KERNEL:pic.obj
 0001:00007b70       ?SendData@PIC@@CAXGE@Z     00107f70 f   KERNEL:pic.obj
 0001:00007b99       ??1type_info@@UAE@XZ       00107f99 f   LIBCMT:std_type_info_static.obj
 0001:00007ba0       ??_Etype_info@@UAEPAXI@Z   00107fa0 f i LIBCMT:std_type_info_static.obj
 0001:00007ba0       ??_Gtype_info@@UAEPAXI@Z   00107fa0 f i LIBCMT:std_type_info_static.obj
 0001:00007bc3       ??3@YAXPAXI@Z              00107fc3 f   LIBCMT:delete_scalar_size.obj
 0001:00007be0       ?atof@@YAMPBD@Z            00107fe0 f   Lib:stdio.obj
 0001:00007c80       ?atoi@@YAHPBD@Z            00108080 f   Lib:stdio.obj
 0001:00007ca0       ?ftoa@@YAPADMIPAD@Z        001080a0 f   Lib:stdio.obj
 0001:00007dc0       ?itoa@@YAPADHIPAD_N@Z      001081c0 f   Lib:stdio.obj
 0001:00007e50       ?strtol@@YAJPBDPAPADH@Z    00108250 f   Lib:stdio.obj
 0001:00007fa0       ?vprintf@@YAPADPADPBDZZ    001083a0 f   Lib:stdio.obj
 0001:00007fc0       ?vsprintf@@YAPADPADPBDPAE@Z 001083c0 f   Lib:stdio.obj
 0002:00000004       ??_7Control@gui@@6B@       00108804     Button.obj
 0002:0000000c       ??_7Button@gui@@6B@        0010880c     Button.obj
 0002:00000010       ??_C@_0BC@HJLBEKHE@Delta?3?5?$CFi?7FPS?3?5?$CFi?$AA@ 00108810     GUI.obj
 0002:00000030       __xmm@0000000e000000080000000000000000 00108830     GUI.obj
 0002:00000040       ??_C@_06JJGECBPI@?$CFs?5?$CFi?6?$AA@ 00108840     iso.obj
 0002:00000048       ??_C@_03OFAPEBGM@?$CFs?6?$AA@ 00108848     iso.obj
 0002:00000050       ??_7Label@gui@@6B@         00108850     Label.obj
 0002:00000054       ??_C@_03PELOGHMK@?$CFi?6?$AA@ 00108854     Mandelbrot.obj
 0002:00000058       ??_C@_06CMGOICJA@Start?6?$AA@ 00108858     Mandelbrot.obj
 0002:00000060       ??_C@_0BD@OAOOOKEK@Ticks?3?5?$CFi?7FPS?3?5?$CFi?6?$AA@ 00108860     Mandelbrot.obj
 0002:00000074       ??_C@_09JHEKFLJE@Zoom?3?5?$CFf?6?$AA@ 00108874     Mandelbrot.obj
 0002:00000080       __real@1adaca00            00108880     Mandelbrot.obj
 0002:00000088       __real@3ff0000000000000    00108888     Mandelbrot.obj
 0002:00000090       __real@4010000000000000    00108890     Mandelbrot.obj
 0002:00000098       __real@4088000000000000    00108898     Mandelbrot.obj
 0002:000000a0       __real@40f0000000000000    001088a0     Mandelbrot.obj
 0002:000000a8       __real@437f0000            001088a8     Mandelbrot.obj
 0002:000000ac       __real@447a0000            001088ac     Mandelbrot.obj
 0002:000000b0       ??_C@_0BJ@FHJFEPME@arp?3?5sending?5request?5to?5?$AA@ 001088b0     arp.obj
 0002:000000cc       ??_C@_0BH@NFEPIOCG@arp?3?5sending?5reply?5to?5?$AA@ 001088cc     arp.obj
 0002:000000e4       ??_C@_0BB@NPEPEJMJ@ARP?5added?5entry?5?$AA@ 001088e4     arp.obj
 0002:000000f8       ??_C@_0O@MBFFJLEF@DHCP?5RECEIVE?6?$AA@ 001088f8     dhcp.obj
 0002:00000108       ??_C@_0O@IJAKJLNJ@Received?5DNS?6?$AA@ 00108908     dns.obj
 0002:00000118       ??_C@_0BF@DPFFLPFA@DNS?5added?5entry?3?5?$CFs?5?$AA@ 00108918     dns.obj
 0002:0000012d       ??_C@_00CNPNBAHC@?$AA@     0010892d     dns.obj
 0002:00000130       ??_C@_0M@KNKKGHNO@PARSED?5IP?3?5?$AA@ 00108930     http.obj
 0002:0000013c       ??_C@_0BO@OHMKJDEI@Flags?3?5?$CFux?7ACK?3?5?$CFui?7SEQ?3?5?$CFui?6?$AA@ 0010893c     tcpsession.obj
 0002:0000015c       ??_C@_0L@EIILFCEB@Connected?6?$AA@ 0010895c     tcpsession.obj
 0002:00000168       ??_C@_07IPMAGINO@Closed?6?$AA@ 00108968     tcpsession.obj
 0002:00000170       ??_C@_0BA@FHBAHEGN@Timeout?5closed?6?$AA@ 00108970     tcpsession.obj
 0002:00000180       ??_C@_08MJHFHPFP@TextEdit?$AA@ 00108980     TextEdit.obj
 0002:0000018c       ??_C@_05COLMCDPH@Hello?$AA@ 0010898c     TextEdit.obj
 0002:00000194       ??_C@_06LKBCGDFD@Button?$AA@ 00108994     TextEdit.obj
 0002:0000019c       ??_C@_07CDBKEHGM@Clicked?$AA@ 0010899c     TextEdit.obj
 0002:000001a4       __real@00000000            001089a4     Lib:math.obj
 0002:000001a8       __real@3e8f5c29            001089a8     Lib:math.obj
 0002:000001ac       __real@3f800000            001089ac     Lib:math.obj
 0002:000001b0       __real@3fe0000000000000    001089b0     Lib:math.obj
 0002:000001b8       __real@3ff921fb54442eea    001089b8     Lib:math.obj
 0002:000001c0       __real@400921fb54442eea    001089c0     Lib:math.obj
 0002:000001c8       __real@40490fdb            001089c8     Lib:math.obj
 0002:000001cc       __real@bfc90fdb            001089cc     Lib:math.obj
 0002:000001d0       __xmm@7fffffff7fffffff7fffffff7fffffff 001089d0     Lib:math.obj
 0002:000001e0       __real@39800000            001089e0     KERNEL:kernel.obj
 0002:000001f0       __xmm@41f00000000000000000000000000000 001089f0     KERNEL:kernel.obj
 0002:00000200       __real@3c000000            00108a00     KERNEL:drawing.obj
 0002:00000204       ??_C@_04PFOHOKJK@?5?5?5?5?$AA@ 00108a04     KERNEL:debug.obj
 0002:0000020c       ??_C@_01CLKCMJKC@?5?$AA@   00108a0c     KERNEL:debug.obj
 0002:00000210       ??_C@_03IKGEINEE@?$CFs?5?$AA@ 00108a10     KERNEL:debug.obj
 0002:00000388       ??_C@_0P@JJOCPBNH@?$CFs?$CFi?4?$CFi?4?$CFi?4?$CFi?6?$AA@ 00108b88     KERNEL:net.obj
 0002:00000398       ??_C@_0BF@MCJEFIGG@?$CFs?$CFx?3?$CFx?3?$CFx?3?$CFx?3?$CFx?3?$CFx?6?$AA@ 00108b98     KERNEL:net.obj
 0002:000003b0       ??_C@_0BK@KHJFGGEJ@Default?5interrupt?5handler?$AA@ 00108bb0     KERNEL:exceptions.obj
 0002:000003cc       ??_C@_0BB@CAGHCAFL@Division?5by?5zero?$AA@ 00108bcc     KERNEL:exceptions.obj
 0002:000003e0       ??_C@_05GCIPIGEI@Debug?$AA@ 00108be0     KERNEL:exceptions.obj
 0002:000003e8       ??_C@_0BH@DLMGGJOP@Non?9Maskable?5interrupt?$AA@ 00108be8     KERNEL:exceptions.obj
 0002:00000400       ??_C@_0L@DEJAMIEF@Breakpoint?$AA@ 00108c00     KERNEL:exceptions.obj
 0002:0000040c       ??_C@_08KJPBNJGC@Overflow?$AA@ 00108c0c     KERNEL:exceptions.obj
 0002:00000418       ??_C@_0BF@KABNNNC@Bound?5range?5exceeded?$AA@ 00108c18     KERNEL:exceptions.obj
 0002:00000430       ??_C@_0BJ@JILCCCBH@0x?$CFux?70x?$CFux?70x?$CFux?70x?$CFux?6?$AA@ 00108c30     KERNEL:exceptions.obj
 0002:0000044c       ??_C@_06NIEMCLMH@0x?$CFux?6?$AA@ 00108c4c     KERNEL:exceptions.obj
 0002:00000454       ??_C@_0P@GJJPHHDN@Invalid?5opcode?$AA@ 00108c54     KERNEL:exceptions.obj
 0002:00000464       ??_C@_0BF@COPPNEEP@Device?5not?5available?$AA@ 00108c64     KERNEL:exceptions.obj
 0002:0000047c       ??_C@_0N@EMHPBCJE@Double?5fault?$AA@ 00108c7c     KERNEL:exceptions.obj
 0002:0000048c       ??_C@_0BM@FLNHCLJG@Coprocessor?5segment?5overrun?$AA@ 00108c8c     KERNEL:exceptions.obj
 0002:000004a8       ??_C@_0M@OLMALBPG@Invalid?5TSS?$AA@ 00108ca8     KERNEL:exceptions.obj
 0002:000004b4       ??_C@_0BE@FPPPAKKN@Segment?5not?5present?$AA@ 00108cb4     KERNEL:exceptions.obj
 0002:000004c8       ??_C@_0BE@OLMOIPB@Stack?9segment?5fault?$AA@ 00108cc8     KERNEL:exceptions.obj
 0002:000004dc       ??_C@_0BJ@LDJBBLLL@General?5protection?5fault?$AA@ 00108cdc     KERNEL:exceptions.obj
 0002:000004f8       ??_C@_0L@JBNHOLPF@Page?5fault?$AA@ 00108cf8     KERNEL:exceptions.obj
 0002:00000504       ??_C@_0O@EBPJONIA@15?5?$CIReserved?$CJ?$AA@ 00108d04     KERNEL:exceptions.obj
 0002:00000514       ??_C@_0BN@OAPCMCOK@x87?5Floating?9point?5exception?$AA@ 00108d14     KERNEL:exceptions.obj
 0002:00000534       ??_C@_0BA@DMDLEFCI@Alignment?5check?$AA@ 00108d34     KERNEL:exceptions.obj
 0002:00000544       ??_C@_0O@LHBOKIFP@Machine?5check?$AA@ 00108d44     KERNEL:exceptions.obj
 0002:00000554       ??_C@_0BO@PAHIJHOM@SIMD?5floating?9point?5exception?$AA@ 00108d54     KERNEL:exceptions.obj
 0002:00000578       ??_C@_0EO@NIHBEAOP@Bus?3?5?$CFx?5Device?3?5?$CFx?5Function?3?5?$CFx?5@ 00108d78     KERNEL:pci.obj
 0002:000005cc       ??_7type_info@@6B@         00108dcc     LIBCMT:std_type_info_static.obj
 0002:000005d0       ??_C@_03LHCJEHON@nan?$AA@  00108dd0     Lib:stdio.obj
 0002:000005d4       ??_C@_03OJHLLCGB@inf?$AA@  00108dd4     Lib:stdio.obj
 0002:000005d8       ??_C@_01GBGANLPD@0?$AA@    00108dd8     Lib:stdio.obj
 0002:000005e0       __real@3f1a36e2eb1c432d    00108de0     Lib:stdio.obj
 0002:000005e8       __real@41200000            00108de8     Lib:stdio.obj
 0002:000005ec       __real@bf800000            00108dec     Lib:stdio.obj
 0002:000005f0       __xmm@46454443424139383736353433323130 00108df0     Lib:stdio.obj
 0002:00000654       ??_R4Control@gui@@6B@      00108e54     Button.obj
 0002:00000668       ??_R3Control@gui@@8        00108e68     Button.obj
 0002:00000678       ??_R2Control@gui@@8        00108e78     Button.obj
 0002:00000680       ??_R1A@?0A@EA@Control@gui@@8 00108e80     Button.obj
 0002:0000069c       ??_R4Button@gui@@6B@       00108e9c     Button.obj
 0002:000006b0       ??_R3Button@gui@@8         00108eb0     Button.obj
 0002:000006c0       ??_R2Button@gui@@8         00108ec0     Button.obj
 0002:000006cc       ??_R1A@?0A@EA@Button@gui@@8 00108ecc     Button.obj
 0002:000006e8       ??_R4Label@gui@@6B@        00108ee8     Label.obj
 0002:000006fc       ??_R3Label@gui@@8          00108efc     Label.obj
 0002:0000070c       ??_R2Label@gui@@8          00108f0c     Label.obj
 0002:00000718       ??_R1A@?0A@EA@Label@gui@@8 00108f18     Label.obj
 0002:00000734       ??_R4type_info@@6B@        00108f34     LIBCMT:std_type_info_static.obj
 0002:00000748       ??_R3type_info@@8          00108f48     LIBCMT:std_type_info_static.obj
 0002:00000758       ??_R2type_info@@8          00108f58     LIBCMT:std_type_info_static.obj
 0002:00000760       ??_R1A@?0A@EA@type_info@@8 00108f60     LIBCMT:std_type_info_static.obj
 0003:00000000       ?cursor_bitmap@gui@@3PAIA  00109200     GUI.obj
 0003:000001c0       ?col_taskbar@gui@@3IA      001093c0     GUI.obj
 0003:000001c4       ?col_desktop_bg@gui@@3IA   001093c4     GUI.obj
 0003:000001c8       ?count@@3HA                001093c8     Mandelbrot.obj
 0003:000001cc       ?col_background@gui@@3IA   001093cc     Window.obj
 0003:000001d0       ?col_foreground@gui@@3IA   001093d0     Window.obj
 0003:000001d4       ?col_title@gui@@3IA        001093d4     Window.obj
 0003:000011e0       ?color@Debug@@2IA          0010a3e0     KERNEL:debug.obj
 0003:000011e4       ?bcolor@Debug@@2IA         0010a3e4     KERNEL:debug.obj
 0003:000011e8       __fltused                  0010a3e8     LIBCMT:fltused.obj
 0003:000011ec       ??_R0?AVControl@gui@@@8    0010a3ec     Button.obj
 0003:00001208       ??_R0?AVButton@gui@@@8     0010a408     Button.obj
 0003:00001224       ??_R0?AVLabel@gui@@@8      0010a424     Label.obj
 0003:0000123c       ??_R0?AVtype_info@@@8      0010a43c     LIBCMT:std_type_info_static.obj
 0003:00001260       ?_kernel_stack@@3PADA      0010a460     boot.obj
 0003:00003200       ?bmp_background@gui@@3PAUBMP@@A 0010c400     GUI.obj
 0003:00003204       ?window_count@gui@@3HA     0010c404     GUI.obj
 0003:00003208       ?first_window@gui@@3PAVWindow@1@A 0010c408     GUI.obj
 0003:0000320c       ?last_window@gui@@3PAVWindow@1@A 0010c40c     GUI.obj
 0003:00003210       ?focused_window@gui@@3PAVWindow@1@A 0010c410     GUI.obj
 0003:00003214       ?cursor_x@gui@@3HA         0010c414     GUI.obj
 0003:00003218       ?cursor_y@gui@@3HA         0010c418     GUI.obj
 0003:0000321c       ?mouse_click_L@gui@@3_NA   0010c41c     GUI.obj
 0003:0000321d       ?mouse_click_R@gui@@3_NA   0010c41d     GUI.obj
 0003:0000321e       ?mouse_click_M@gui@@3_NA   0010c41e     GUI.obj
 0003:0000321f       ?window_drag@gui@@3_NA     0010c41f     GUI.obj
 0003:00003220       ?mouse_click_L_info@gui@@3UMOUSE_CLICK_INFO@1@A 0010c420     GUI.obj
 0003:00003240       ?mouse_click_R_info@gui@@3UMOUSE_CLICK_INFO@1@A 0010c440     GUI.obj
 0003:00003260       ?mouse_click_M_info@gui@@3UMOUSE_CLICK_INFO@1@A 0010c460     GUI.obj
 0003:00003280       ?window_drag_info@gui@@3UWINDOW_DRAG_INFO@1@A 0010c480     GUI.obj
 0003:0000328c       ?gc_taskbar@gui@@3UGC@@A   0010c48c     GUI.obj
 0003:000032a4       ?gc_background@gui@@3UGC@@A 0010c4a4     GUI.obj
 0003:000032bc       ?gc_cursor@gui@@3UGC@@A    0010c4bc     GUI.obj
 0003:000032d4       ?desc@@3PAUISO_PRIMARYDESC@@A 0010c4d4     iso.obj
 0003:000032d8       ?root@@3PAUISO_DIRECTORY@@A 0010c4d8     iso.obj
 0003:000032dc       ?tz@@3UComplex@@A          0010c4dc     Mandelbrot.obj
 0003:000032e8       ?arp_cache@ARP@@0PAUARP_TABLE_ENTRY@@A 0010c4e8     arp.obj
 0003:00003428       ?dns_server@DNS@@2UIPv4Address@@A 0010c628     dns.obj
 0003:00003430       ?dns_cache@DNS@@0PAUDNS_TABLE_ENTRY@@A 0010c630     dns.obj
 0003:00003630       ?sessions@TCP@@2PAPAVTcpSession@@A 0010c830     tcp.obj
 0003:000036b0       ?mem_left@@3HA             0010c8b0     KERNEL:kernel.obj
 0003:000036b4       ?mem_ptr@@3PAEA            0010c8b4     KERNEL:kernel.obj
 0003:000036b8       ?idle_thread@@3PAVThread@@A 0010c8b8     KERNEL:task.obj
 0003:000036bc       ?current_thread@@3PAVThread@@A 0010c8bc     KERNEL:task.obj
 0003:000036c0       ?first_thread@@3PAVThread@@A 0010c8c0     KERNEL:task.obj
 0003:000036c4       ?last_thread@@3PAVThread@@A 0010c8c4     KERNEL:task.obj
 0003:000036c8       ?pit_isr@@3PAXA            0010c8c8     KERNEL:task.obj
 0003:000036cc       ?screenBuffer@@3PAIA       0010c8cc     KERNEL:drawing.obj
 0003:000036d0       ?gc@Drawing@@2UGC@@A       0010c8d0     KERNEL:drawing.obj
 0003:000036e8       ?gc_direct@Drawing@@2UGC@@A 0010c8e8     KERNEL:drawing.obj
 0003:00003700       ?x@Debug@@2HA              0010c900     KERNEL:debug.obj
 0003:00003704       ?y@Debug@@2HA              0010c904     KERNEL:debug.obj
 0003:00003708       ?x@Mouse@@2HA              0010c908     KERNEL:mouse.obj
 0003:0000370c       ?y@Mouse@@2HA              0010c90c     KERNEL:mouse.obj
 0003:00003710       ?sensitivity@Mouse@@2MA    0010c910     KERNEL:mouse.obj
 0003:00003714       ?mouse_L@Mouse@@2_NA       0010c914     KERNEL:mouse.obj
 0003:00003715       ?mouse_R@Mouse@@2_NA       0010c915     KERNEL:mouse.obj
 0003:00003716       ?mouse_M@Mouse@@2_NA       0010c916     KERNEL:mouse.obj
 0003:00003717       ?mouse_cycle@Mouse@@0EA    0010c917     KERNEL:mouse.obj
 0003:00003718       ?scroll_x@Mouse@@2HA       0010c918     KERNEL:mouse.obj
 0003:0000371c       ?scroll_y@Mouse@@2HA       0010c91c     KERNEL:mouse.obj
 0003:00003720       ?w@Mouse@@0IA              0010c920     KERNEL:mouse.obj
 0003:00003724       ?h@Mouse@@0IA              0010c924     KERNEL:mouse.obj
 0003:00003728       ?mouse_byte@Mouse@@0PACA   0010c928     KERNEL:mouse.obj
 0003:0000372c       ?initialized@Mouse@@0_NA   0010c92c     KERNEL:mouse.obj
 0003:00003730       ?ticks@PIT@@2IA            0010c930     KERNEL:pit.obj
 0003:00003738       ?ctrl@Keyboard@@2_NA       0010c938     KERNEL:keyboard.obj
 0003:00003739       ?shift@Keyboard@@2_NA      0010c939     KERNEL:keyboard.obj
 0003:0000373a       ?alt@Keyboard@@2_NA        0010c93a     KERNEL:keyboard.obj
 0003:0000373b       ?caps@Keyboard@@2_NA       0010c93b     KERNEL:keyboard.obj
 0003:0000373c       ?num@Keyboard@@2_NA        0010c93c     KERNEL:keyboard.obj
 0003:0000373d       ?scroll@Keyboard@@2_NA     0010c93d     KERNEL:keyboard.obj
 0003:0000373e       ?extended@@3_NA            0010c93e     KERNEL:keyboard.obj
 0003:0000373f       ?scancode@@3EA             0010c93f     KERNEL:keyboard.obj
 0003:00003740       ?keystates@@3PA_NA         0010c940     KERNEL:keyboard.obj
 0003:0000383f       ?scan@@3EA                 0010ca3f     KERNEL:keyboard.obj
 0003:00003840       ?last_key@@3UKEY_PACKET@@A 0010ca40     KERNEL:keyboard.obj
 0003:0000384c       ?pressed@@3_NA             0010ca4c     KERNEL:keyboard.obj
 0003:00003850       ?key@@3W4KEYCODE@@A        0010ca50     KERNEL:keyboard.obj
 0003:00003854       ?intf@KNet@@2PAVNetInterface@@A 0010ca54     KERNEL:net.obj
 0003:00003858       ?GatewayIPv4@KNet@@2UIPv4Address@@A 0010ca58     KERNEL:net.obj
 0003:0000385c       ?GatewayMAC@KNet@@2UMacAddress@@A 0010ca5c     KERNEL:net.obj
 0003:00003864       ?BroadcastMAC@KNet@@2UMacAddress@@A 0010ca64     KERNEL:net.obj
 0003:0000386c       ?BroadcastIPv4@KNet@@2UIPv4Address@@A 0010ca6c     KERNEL:net.obj
 0003:00003870       ?NullMAC@KNet@@2UMacAddress@@A 0010ca70     KERNEL:net.obj
 0003:00003878       ?NullIPv4@KNet@@2UIPv4Address@@A 0010ca78     KERNEL:net.obj
 0003:0000387c       ?num_blocks@Memory@@2IA    0010ca7c     KERNEL:memory.obj
 0003:00003880       ?num_free@Memory@@2IA      0010ca80     KERNEL:memory.obj
 0003:00003884       ?mem_size@Memory@@2IA      0010ca84     KERNEL:memory.obj
 0003:00003888       ?mem_map@Memory@@0PAIA     0010ca88     KERNEL:memory.obj
 0003:00003890       ?mode@VBE@@2UVBE_MODE_INFO@@A 0010ca90     KERNEL:vbe.obj
 0003:00003990       ?mem_base@@3PAIA           0010cb90     KERNEL:vbe.obj
 0003:00003994       ?mem_max@@3PAIA            0010cb94     KERNEL:vbe.obj
 0003:00003998       ?mem_size@@3IA             0010cb98     KERNEL:vbe.obj
 0003:0000399c       ?bytes_per_pixel@@3IA      0010cb9c     KERNEL:vbe.obj
 0003:000039a0       ?pixel_count@@3IA          0010cba0     KERNEL:vbe.obj
 0003:000039a8       ?idt@IDT@@0PAUIDT_DESCRIPTOR@@A 0010cba8     KERNEL:idt.obj
 0003:000041a8       ?idt_reg@IDT@@0UIDT_REG@@A 0010d3a8     KERNEL:idt.obj

 entry point at        0000:00000000

 Static symbols

 0002:ffff7800       __guard_fids__             00100000     LIBCMT:std_type_info_static.obj
 0001:00002d08       $LN28                      00103108     tcpsession.obj
 0001:000057f8       $LN28                      00105bf8     KERNEL:debug.obj
 0001:00005a14       $LN22                      00105e14     KERNEL:debug.obj
 0001:00006640       $LN64                      00106a40     KERNEL:keyboard.obj
 0001:00006654       $LN61                      00106a54     KERNEL:keyboard.obj
 0001:00006660       $LN65                      00106a60     KERNEL:keyboard.obj
 0001:00006690       $LN66                      00106a90     KERNEL:keyboard.obj
 0001:000066b8       $LN67                      00106ab8     KERNEL:keyboard.obj
 0001:000066f0       $LN62                      00106af0     KERNEL:keyboard.obj
 0001:000082e8       $LN49                      001086e8     Lib:stdio.obj
 0001:00008304       $LN44                      00108704     Lib:stdio.obj
 0002:00000218       ?scancodes@@3QBW4KEYCODE@@B 00108a18     KERNEL:keyboard.obj
 0003:000001d8       ?new_id@gui@@3HA           001093d8     Window.obj
 0003:000001dc       ?next@@3KA                 001093dc     Lib:math.obj
 0003:000001e0       ?DEFAULT_FONT@@3PAEA       001093e0     KERNEL:drawing.obj
