 AndyOS

 Timestamp is 59e27af5 (Sat Oct 14 23:00:37 2017)

 Preferred load address is 00100000

 Start         Length     Name                   Class
 0001:00000000 00000100H .text$di                CODE
 0001:00000100 00016001H .text$mn                CODE
 0002:00000000 00000000H .gfids$y                DATA
 0002:00000000 00000954H .rdata                  DATA
 0002:00000954 00000468H .rdata$r                DATA
 0002:00000dbc 00000000H .edata                  DATA
 0002:00000dbc 00000128H .rdata$zzzdbg           DATA
 0003:00000000 00004204H .data                   DATA
 0003:00004204 0000017cH .data$r                 DATA
 0003:00004380 0000490eH .bss                    DATA
 0004:00000000 00000028H .CRT$XCU                DATA

  Address         Publics by Value              Rva+Base       Lib:Object

 0000:00000000       ___safe_se_handler_table   00000000     <absolute>
 0000:00000000       ___guard_flags             00000000     <absolute>
 0000:00000000       ___guard_fids_count        00000000     <absolute>
 0000:00000000       ___safe_se_handler_count   00000000     <absolute>
 0000:00000000       ___hybrid_code_map         00000000     <absolute>
 0000:00000000       ___guard_longjmp_table     00000000     <absolute>
 0000:00000000       ___enclave_config          00000000     <absolute>
 0000:00000000       ___dynamic_value_reloc_table 00000000     <absolute>
 0000:00000000       ___hybrid_auxiliary_iat    00000000     <absolute>
 0000:00000000       ___guard_longjmp_count     00000000     <absolute>
 0000:00000000       ___guard_iat_count         00000000     <absolute>
 0000:00000000       ___guard_fids_table        00000000     <absolute>
 0000:00000000       ___guard_iat_table         00000000     <absolute>
 0000:00000000       ___hybrid_code_map_count   00000000     <absolute>
 0001:00000100       ?OSBoot@@YAXPAUMULTIBOOT_HEADER@@@Z 00100500 f   boot.obj
 0001:00000150       ??0Button@gui@@QAE@XZ      00100550 f   Button.obj
 0001:000001b0       ?Paint@Button@gui@@UAEXXZ  001005b0 f   Button.obj
 0001:00000250       ?Paint@Control@gui@@UAEXXZ 00100650 f i Button.obj
 0001:00000260       ?ReceiveSendMessage@Button@gui@@UAEXUWND_MSG@2@@Z 00100660 f   Button.obj
 0001:000002b0       ?ReceiveSendMessage@Control@gui@@UAEXUWND_MSG@2@@Z 001006b0 f i Button.obj
 0001:000002c0       ??0Canvas@gui@@QAE@XZ      001006c0 f   Canvas.obj
 0001:00000320       ?Close@Control@gui@@QAEXXZ 00100720 f   Control.obj
 0001:00000370       ?ReadFile@FileSystem@@SAIPADAAPAD@Z 00100770 f   FileSystem.obj
 0001:00000380       ?CloseWindow@WindowManager@gui@@SAXPAVWindow@2@@Z 00100780 f   GUI.obj
 0001:00000400       ?Contains@Rect@@QAE_NHH@Z  00100800 f i GUI.obj
 0001:00000440       ?CreateWindow@WindowManager@gui@@SAPAVWindow@2@PAD@Z 00100840 f   GUI.obj
 0001:000004c0       ?GetWindowAtCursor@WindowManager@gui@@CAPAVWindow@2@XZ 001008c0 f   GUI.obj
 0001:00000510       ?HandleMouseInput@WindowManager@gui@@CAXXZ 00100910 f   GUI.obj
 0001:00000940       ?Init@WindowManager@gui@@SAIXZ 00100d40 f   GUI.obj
 0001:00000a40       ?PaintBackground@WindowManager@gui@@CAXXZ 00100e40 f   GUI.obj
 0001:00000ae0       ?PaintCursor@WindowManager@gui@@CAXXZ 00100ee0 f   GUI.obj
 0001:00000ba0       ?PaintTaskbar@WindowManager@gui@@CAXXZ 00100fa0 f   GUI.obj
 0001:00000c40       ?PaintWindows@WindowManager@gui@@CAXXZ 00101040 f   GUI.obj
 0001:00000cb0       ?SetFocusedWindow@WindowManager@gui@@CAXPAVWindow@2@@Z 001010b0 f   GUI.obj
 0001:00000d90       ?Start@WindowManager@gui@@SAXXZ 00101190 f   GUI.obj
 0001:00000da0       ?UpdateLoop@WindowManager@gui@@CAXXZ 001011a0 f   GUI.obj
 0001:000010b0       ?FindFile@ISO_FS@@SAPAUISO_DIRECTORY@@PAD@Z 001014b0 f   iso.obj
 0001:00001180       ?Init@ISO_FS@@SAIXZ        00101580 f   iso.obj
 0001:000011f0       ?ListFiles@ISO_FS@@SAHPAD@Z 001015f0 f   iso.obj
 0001:00001290       ?ReadFile@ISO_FS@@SAIPADAAPAD@Z 00101690 f   iso.obj
 0001:00001380       ?ReadFile@ISO_FS@@SAIPAUISO_DIRECTORY@@AAPAD@Z 00101780 f   iso.obj
 0001:000013b0       ??0Label@gui@@QAE@XZ       001017b0 f   Label.obj
 0001:00001410       ?Paint@Label@gui@@UAEXXZ   00101810 f   Label.obj
 0001:00001440       ??0Mandelbrot@@QAE@UGC@@@Z 00101840 f   Mandelbrot.obj
 0001:000014c0       ?Run@Mandelbrot@@QAEXXZ    001018c0 f   Mandelbrot.obj
 0001:00001930       ?stuff@@YAXXZ              00101d30 f   Mandelbrot.obj
 0001:000019b0       ?AddEntry@ARP@@SAXUMacAddress@@UIPv4Address@@@Z 00101db0 f   arp.obj
 0001:00001a40       ?Decode@ARP@@SA_NPAUARP_Header@@PAUNetPacket@@@Z 00101e40 f   arp.obj
 0001:00001ab0       ?Init@ARP@@SAIXZ           00101eb0 f   arp.obj
 0001:00001b10       ?LookupMac@ARP@@SA?AUMacAddress@@UIPv4Address@@@Z 00101f10 f   arp.obj
 0001:00001b90       ?Receive@ARP@@SAXPAVNetInterface@@PAUNetPacket@@@Z 00101f90 f   arp.obj
 0001:00001cd0       ?Send@ARP@@SAXPAVNetInterface@@UMacAddress@@UIPv4Address@@G@Z 001020d0 f   arp.obj
 0001:00001d90       ?SendReply@ARP@@CAXPAVNetInterface@@PAUARP_Header@@@Z 00102190 f   arp.obj
 0001:00001dd0       ?SendRequest@ARP@@SAXPAVNetInterface@@UIPv4Address@@@Z 001021d0 f   arp.obj
 0001:00001e10       ?DoStuff@DHCP@@SAXPAVNetInterface@@UIPv4Address@@@Z 00102210 f   dhcp.obj
 0001:00001ef0       ?Receive@DHCP@@SAXPAVNetInterface@@PAUIPv4_Header@@PAUUDP_Packet@@PAUNetPacket@@@Z 001022f0 f   dhcp.obj
 0001:00001f00       ?AddEntry@DNS@@SAXPADUIPv4Address@@@Z 00102300 f   dns.obj
 0001:00001f80       ?AppendDomain@DNS@@CAPAEPAEPAD@Z 00102380 f   dns.obj
 0001:00001fe0       ?Decode@DNS@@SA_NPAUDNS_Packet@@PAUUDP_Packet@@@Z 001023e0 f   dns.obj
 0001:00002060       ?Init@DNS@@SAIXZ           00102460 f   dns.obj
 0001:000020a0       ?LookupAddress@DNS@@SA?AUIPv4Address@@PAD@Z 001024a0 f   dns.obj
 0001:000020e0       ?ParseAnswer@DNS@@CAPAEPAUDNS_Answer@@PAE@Z 001024e0 f   dns.obj
 0001:00002140       ?ParseDomain@DNS@@CAPAEPADPAE@Z 00102540 f   dns.obj
 0001:00002180       ?Query@DNS@@SAXPAVNetInterface@@PAD@Z 00102580 f   dns.obj
 0001:00002260       ?Receive@DNS@@SAXPAVNetInterface@@PAUIPv4_Header@@PAUUDP_Packet@@PAUNetPacket@@@Z 00102660 f   dns.obj
 0001:000023c0       ?CreatePacket@Eth@@SAPAUNetPacket@@PAVNetInterface@@UMacAddress@@GI@Z 001027c0 f   eth.obj
 0001:00002430       ?Decode@Eth@@SA_NPAUEthPacket@@PAUNetPacket@@@Z 00102830 f   eth.obj
 0001:000024b0       ?Receive@Eth@@SAXPAVNetInterface@@PAUNetPacket@@@Z 001028b0 f   eth.obj
 0001:00002550       ?Send@Eth@@SAXPAVNetInterface@@PAUNetPacket@@@Z 00102950 f   eth.obj
 0001:00002560       ??0WebClient@@QAE@XZ       00102960 f   http.obj
 0001:00002570       ?Download@WebClient@@QAEHVString@std@@AAPAE@Z 00102970 f   http.obj
 0001:00002590       ?Send@WebClient@@QAEXVString@std@@PAEI@Z 00102990 f   http.obj
 0001:00002620       ?Decode@ICMP@@SA_NPAUICMP_Packet@@PAUNetPacket@@@Z 00102a20 f   icmp.obj
 0001:00002690       ?Receive@ICMP@@SAXPAVNetInterface@@PAUIPv4_Header@@PAUNetPacket@@@Z 00102a90 f   icmp.obj
 0001:000026e0       ?Send@ICMP@@SAXPAVNetInterface@@PAUICMP_Packet@@UIPv4Address@@E@Z 00102ae0 f   icmp.obj
 0001:00002780       ?SendReply@ICMP@@SAXPAVNetInterface@@PAUICMP_Packet@@UIPv4Address@@@Z 00102b80 f   icmp.obj
 0001:00002810       ?CreatePacket@IPv4@@SAPAUNetPacket@@PAVNetInterface@@UIPv4Address@@EI@Z 00102c10 f   ipv4.obj
 0001:00002990       ?Decode@IPv4@@SA_NPAUIPv4_Header@@PAUNetPacket@@@Z 00102d90 f   ipv4.obj
 0001:00002a00       ?Receive@IPv4@@SAXPAVNetInterface@@PAUEthPacket@@PAUNetPacket@@@Z 00102e00 f   ipv4.obj
 0001:00002b00       ?Send@IPv4@@SAXPAVNetInterface@@PAUNetPacket@@@Z 00102f00 f   ipv4.obj
 0001:00002b10       ?Init@Net@@SAIXZ           00102f10 f   net.obj
 0001:00002b20       ?NetEthReceive@@YAXPAVNetInterface@@PAUNetPacket@@@Z 00102f20 f   net.obj
 0001:00002b30       ?CreatePacket@TCP@@SAPAUNetPacket@@PAVNetInterface@@UIPv4Address@@GGEIIPAEI@Z 00102f30 f   tcp.obj
 0001:00002c20       ?CreateSession@TCP@@SAPAVTcpSession@@XZ 00103020 f   tcp.obj
 0001:00002c60       ?Decode@TCP@@SA_NPAUTCP_Packet@@PAUNetPacket@@@Z 00103060 f   tcp.obj
 0001:00002d10       ?Receive@TCP@@SAXPAVNetInterface@@PAUIPv4_Header@@PAUNetPacket@@@Z 00103110 f   tcp.obj
 0001:00002e10       ?Send@TCP@@SAXPAVNetInterface@@PAUNetPacket@@@Z 00103210 f   tcp.obj
 0001:00002e20       ??0TcpSession@@QAE@XZ      00103220 f   tcpsession.obj
 0001:00002e40       ?Close@TcpSession@@QAEXXZ  00103240 f   tcpsession.obj
 0001:00002f40       ?Connect@TcpSession@@QAEXUIPv4Address@@G@Z 00103340 f   tcpsession.obj
 0001:000030c0       ?Listen@TcpSession@@QAEXG@Z 001034c0 f   tcpsession.obj
 0001:000030f0       ?Receive@TcpSession@@QAEXPAUIPv4_Header@@PAUTCP_Packet@@@Z 001034f0 f   tcpsession.obj
 0001:00003280       ?ReceivedData@TcpSession@@QAEXPAUIPv4_Header@@PAUTCP_Packet@@@Z 00103680 f   tcpsession.obj
 0001:000032e0       ?Reset@TcpSession@@AAEXXZ  001036e0 f   tcpsession.obj
 0001:00003300       ?Send@TcpSession@@AAE_NEPAEI@Z 00103700 f   tcpsession.obj
 0001:00003350       ?SendData@TcpSession@@QAE_NPAEI@Z 00103750 f   tcpsession.obj
 0001:000033a0       ??0TcpSocket@@QAE@XZ       001037a0 f   tcpsocket.obj
 0001:000033b0       ?Close@TcpSocket@@QAE_NXZ  001037b0 f   tcpsocket.obj
 0001:000033d0       ?Connect@TcpSocket@@QAE_NUIPv4Address@@G@Z 001037d0 f   tcpsocket.obj
 0001:00003400       ?Listen@TcpSocket@@QAE_NG@Z 00103800 f   tcpsocket.obj
 0001:00003430       ?Send@TcpSocket@@QAE_NPAEI@Z 00103830 f   tcpsocket.obj
 0001:00003460       ??_H@YGXPAXIIP6EPAX0@Z@Z   00103860 f i TextEdit.obj
 0001:00003490       ?RunTextEdit@apps@@YAXXZ   00103890 f   TextEdit.obj
 0001:000035d0       ?UpdateCanvas@apps@@YAXXZ  001039d0 f   TextEdit.obj
 0001:00003680       ?CreatePacket@UDP@@SAPAUNetPacket@@PAVNetInterface@@UIPv4Address@@GGPAEI@Z 00103a80 f   udp.obj
 0001:00003740       ?Decode@UDP@@SA_NPAUUDP_Packet@@PAUNetPacket@@@Z 00103b40 f   udp.obj
 0001:000037b0       ?Receive@UDP@@SAXPAVNetInterface@@PAUIPv4_Header@@PAUNetPacket@@@Z 00103bb0 f   udp.obj
 0001:00003860       ?Send@UDP@@SAXPAVNetInterface@@PAUNetPacket@@@Z 00103c60 f   udp.obj
 0001:00003870       ??0UdpSocket@@QAE@G@Z      00103c70 f   udpsocket.obj
 0001:00003890       ??1UdpSocket@@QAE@XZ       00103c90 f   udpsocket.obj
 0001:000038a0       ?Receive@UdpSocket@@QAEHAAPAE@Z 00103ca0 f   udpsocket.obj
 0001:000038b0       ?Send@UdpSocket@@QAEXUIPv4Address@@PAEG@Z 00103cb0 f   udpsocket.obj
 0001:000038f0       ?GUI@@YAXXZ                00103cf0 f   OS.obj
 0001:00003920       ?Game@@YAXXZ               00103d20 f   OS.obj
 0001:000039a0       ?Main@OS@@SAXXZ            00103da0 f   OS.obj
 0001:000039e0       ?ThrowException@OS@@SAXPAD0@Z 00103de0 f   OS.obj
 0001:000039f0       ?render@@YAXXZ             00103df0 f   OS.obj
 0001:00003a50       ?Add@?$List@VString@std@@@std@@QAEXVString@2@@Z 00103e50 f i string.obj
 0001:00003b50       ?Split@String@std@@QAEXAAV?$List@VString@std@@@2@D@Z 00103f50 f   string.obj
 0001:00003c90       ??0Window@gui@@QAE@XZ      00104090 f   Window.obj
 0001:00003dc0       ?Close@Window@gui@@QAEXXZ  001041c0 f   Window.obj
 0001:00003e40       ?CreateControl@Window@gui@@QAEPAVControl@2@W4CONTROL_TYPE@2@PADHHHHH@Z 00104240 f   Window.obj
 0001:00004010       ?CreateGraphics@GC@@SA?AU1@HH@Z 00104410 f i Window.obj
 0001:00004060       ?DispatchMessage@Window@gui@@QAEXUWND_MSG@2@@Z 00104460 f   Window.obj
 0001:000040a0       ?GetControlAt@Window@gui@@QAEPAVControl@2@HH@Z 001044a0 f   Window.obj
 0001:00004100       ?GetMessage@Window@gui@@QAE?AUWND_MSG@2@XZ 00104500 f   Window.obj
 0001:00004150       ?Paint@Window@gui@@QAEXXZ  00104550 f   Window.obj
 0001:000042b0       ?PaintControls@Window@gui@@AAEXXZ 001046b0 f   Window.obj
 0001:00004350       ?PaintWindow@Window@gui@@AAEXXZ 00104750 f   Window.obj
 0001:00004420       ?ReceiveSendMessage@Window@gui@@QAEXUWND_MSG@2@@Z 00104820 f   Window.obj
 0001:00004480       ?SetFocus@Window@gui@@QAEX_N@Z 00104880 f   Window.obj
 0001:000044a0       ?SetState@Window@gui@@QAEXW4WINDOW_STATE@2@@Z 001048a0 f   Window.obj
 0001:000044f0       ??$CreateCamera@VCamera@@@Game@@QAEPAVCamera@@VString@std@@@Z 001048f0 f i 3DGame:3DGame.obj
 0001:00004560       ??$CreateObject@VMyBox@@@Game@@QAEPAVMyBox@@VString@std@@@Z 00104960 f i 3DGame:3DGame.obj
 0001:000045d0       ??$CreateObject@VThing@@@Game@@QAEPAVThing@@VString@std@@@Z 001049d0 f i 3DGame:3DGame.obj
 0001:00004640       ??0MyGame@@QAE@XZ          00104a40 f   3DGame:3DGame.obj
 0001:000048a0       ??0String@std@@QAE@PAD@Z   00104ca0 f i 3DGame:3DGame.obj
 0001:00004910       ??1String@std@@QAE@XZ      00104d10 f i 3DGame:3DGame.obj
 0001:00004940       ??$CreateComponent@VMeshComponent@@@GameObject@@QAEPAVMeshComponent@@VString@std@@@Z 00104d40 f i 3DGame:MyBox.obj
 0001:000049b0       ??$CreateComponent@VRigidbody@@@GameObject@@QAEPAVRigidbody@@VString@std@@@Z 00104db0 f i 3DGame:MyBox.obj
 0001:00004a20       ??0MyBox@@QAE@XZ           00104e20 f   3DGame:MyBox.obj
 0001:00004b60       ?Start@GameObject@@UAEXXZ  00104f60 f i 3DGame:MyBox.obj
 0001:00004b80       ?Update@GameObject@@UAEXM@Z 00104f80 f i 3DGame:MyBox.obj
 0001:00004ba0       ??0Thing@@QAE@XZ           00104fa0 f   3DGame:Thing.obj
 0001:00004cf0       ??DVector3@@QAE?AU0@M@Z    001050f0 f i 3DGame:Thing.obj
 0001:00004d50       ?Update@Thing@@UAEXM@Z     00105150 f   3DGame:Thing.obj
 0001:00005090       ?AddTexture@GL@gl@@SAHPAUBMP@@@Z 00105490 f   GL:GL.obj
 0001:000050c0       ?BindTexture@GL@gl@@SAXH@Z 001054c0 f   GL:GL.obj
 0001:000050d0       ?Clear@GL@gl@@SAXI@Z       001054d0 f   GL:GL.obj
 0001:00005130       ?Draw@GL@gl@@SAXHH@Z       00105530 f   GL:GL.obj
 0001:00005480       ?Init@GL@gl@@SAIUGC@@@Z    00105880 f   GL:GL.obj
 0001:00005540       ?LightSource@GL@gl@@SAHUVector4@2@@Z 00105940 f   GL:GL.obj
 0001:000055c0       ?LoadIdentity@GL@gl@@SAXXZ 001059c0 f   GL:GL.obj
 0001:00005620       ?LoadMatrix@GL@gl@@SAXABUMatrix4@2@@Z 00105a20 f   GL:GL.obj
 0001:00005670       ?MatrixMode@GL@gl@@SAXW4GLMatrixMode@@@Z 00105a70 f   GL:GL.obj
 0001:00005680       ?MulMatrix@GL@gl@@SAXABUMatrix4@2@@Z 00105a80 f   GL:GL.obj
 0001:000056e0       ?PopMatrix@GL@gl@@SAXXZ    00105ae0 f   GL:GL.obj
 0001:00005740       ?PushMatrix@GL@gl@@SAXXZ   00105b40 f   GL:GL.obj
 0001:000057a0       ?SelectedMatrix@GL@gl@@CAAAUMatrix4@2@XZ 00105ba0 f   GL:GL.obj
 0001:000057c0       ?SwapBuffers@GL@gl@@SAXXZ  00105bc0 f   GL:GL.obj
 0001:00005820       ?VertexPointer@GL@gl@@SAXPAUVertex@2@@Z 00105c20 f   GL:GL.obj
 0001:00005830       ??0Vector4@gl@@QAE@MMMM@Z  00105c30 f   GL:Vector4.obj
 0001:00005860       ??0Vector4@gl@@QAE@XZ      00105c60 f   GL:Vector4.obj
 0001:00005880       ?Cross@Vector4@gl@@SA?AU12@ABU12@0@Z 00105c80 f   GL:Vector4.obj
 0001:000058f0       ?Dot@Vector4@gl@@SAMABU12@0@Z 00105cf0 f   GL:Vector4.obj
 0001:00005910       ??0Matrix4@gl@@QAE@QAM@Z   00105d10 f   GL:Matrix4.obj
 0001:00005980       ??0Matrix4@gl@@QAE@XZ      00105d80 f   GL:Matrix4.obj
 0001:000059b0       ??Dgl@@YA?AUMatrix4@0@ABU10@0@Z 00105db0 f i GL:Matrix4.obj
 0001:000059f0       ??Dgl@@YA?AUMatrix4@0@ABU10@ABM@Z 00105df0 f i GL:Matrix4.obj
 0001:00005a30       ??Dgl@@YA?AUVector4@0@ABUMatrix4@0@ABU10@@Z 00105e30 f i GL:Matrix4.obj
 0001:00005b30       ??Ggl@@YA?AUMatrix4@0@ABU10@0@Z 00105f30 f i GL:Matrix4.obj
 0001:00005ba0       ??Hgl@@YA?AUMatrix4@0@ABU10@0@Z 00105fa0 f i GL:Matrix4.obj
 0001:00005c10       ??XMatrix4@gl@@QAEAAU01@ABM@Z 00106010 f i GL:Matrix4.obj
 0001:00005cb0       ??XMatrix4@gl@@QAEAAU01@ABU01@@Z 001060b0 f i GL:Matrix4.obj
 0001:00006060       ?CreateOrthographicProjection@Matrix4@gl@@SA?AU12@MMMMMM@Z 00106460 f   GL:Matrix4.obj
 0001:00006110       ?CreatePerspectiveProjection@Matrix4@gl@@SA?AU12@MMMMM@Z 00106510 f   GL:Matrix4.obj
 0001:000061f0       ?CreateRotation@Matrix4@gl@@SA?AU12@UVector4@2@@Z 001065f0 f   GL:Matrix4.obj
 0001:00006400       ?CreateScale@Matrix4@gl@@SA?AU12@UVector4@2@@Z 00106800 f   GL:Matrix4.obj
 0001:00006440       ?CreateTransformation@Matrix4@gl@@SA?AU12@UVector4@2@00@Z 00106840 f   GL:Matrix4.obj
 0001:00006780       ?CreateTranslation@Matrix4@gl@@SA?AU12@UVector4@2@@Z 00106b80 f   GL:Matrix4.obj
 0001:000067e0       ?CreateView@Matrix4@gl@@SA?AU12@UVector4@2@000@Z 00106be0 f   GL:Matrix4.obj
 0001:00006900       ?GetElementsPointer@Matrix4@gl@@QAEPAMXZ 00106d00 f   GL:Matrix4.obj
 0001:00006910       ?Inverse@Matrix4@gl@@QAE?AU12@XZ 00106d10 f   GL:Matrix4.obj
 0001:000070e0       ??0ColRGB@gl@@QAE@I@Z      001074e0 f   GL:Color.obj
 0001:00007170       ??0ColRGB@gl@@QAE@MMM@Z    00107570 f   GL:Color.obj
 0001:000071d0       ??0ColRGB@gl@@QAE@XZ       001075d0 f   GL:Color.obj
 0001:000071f0       ??DColRGB@gl@@QAE?AU01@M@Z 001075f0 f   GL:Color.obj
 0001:00007260       ??HColRGB@gl@@QAE?AU01@U01@@Z 00107660 f   GL:Color.obj
 0001:000072d0       ??XColRGB@gl@@QAE?AU01@M@Z 001076d0 f   GL:Color.obj
 0001:00007340       ?Luminosity@ColRGB@gl@@QAEMXZ 00107740 f   GL:Color.obj
 0001:00007390       ?ToInt@ColRGB@gl@@QAEIXZ   00107790 f   GL:Color.obj
 0001:000073d0       ??0Vertex@gl@@QAE@MMMUColRGB@1@UVector4@1@@Z 001077d0 f   GL:Vertex.obj
 0001:00007470       ??0Vertex@gl@@QAE@XZ       00107870 f   GL:Vertex.obj
 0001:000074c0       ?MulMatrix@Vertex@gl@@QAEXABUMatrix4@2@@Z 001078c0 f   GL:Vertex.obj
 0001:00007590       ?DrawTriangle2@Rasterizer@gl@@SAXAAUVertex@2@00PAUBMP@@@Z 00107990 f   GL:Rasterizer.obj
 0001:00007c80       ?DrawTriangle@Rasterizer@gl@@SAXAAUVertex@2@00PAUBMP@@@Z 00108080 f   GL:Rasterizer.obj
 0001:000080d0       ?EdgeFunction@gl@@YAMABUVector4@1@00@Z 001084d0 f   GL:Rasterizer.obj
 0001:00008120       ?EdgeFunction@gl@@YAMABUVector4@1@0MM@Z 00108520 f   GL:Rasterizer.obj
 0001:00008170       ?Init@Rasterizer@gl@@SAIXZ 00108570 f   GL:Rasterizer.obj
 0001:000081a0       ??0GEngine@@QAE@XZ         001085a0 f   GameEngine:Engine.obj
 0001:00008210       ?Add@?$List@PAVRigidbody@@@std@@QAEXPAVRigidbody@@@Z 00108610 f i GameEngine:Engine.obj
 0001:00008290       ?Collision@GEngine@@AAEXXZ 00108690 f   GameEngine:Engine.obj
 0001:00009620       ?Render@GEngine@@AAEXXZ    00109a20 f   GameEngine:Engine.obj
 0001:00009ad0       ?Rotate@Quaternion@@QAEXUVector3@@M@Z 00109ed0 f i GameEngine:Engine.obj
 0001:00009c40       ?StartGame@GEngine@@QAEXPAVGame@@UGC@@@Z 0010a040 f   GameEngine:Engine.obj
 0001:0000a050       ?Update@GEngine@@AAEXXZ    0010a450 f   GameEngine:Engine.obj
 0001:0000afc0       ??0Vector3@@QAE@MMM@Z      0010b3c0 f   GameEngine:Vector3.obj
 0001:0000aff0       ??0Vector3@@QAE@XZ         0010b3f0 f   GameEngine:Vector3.obj
 0001:0000b010       ?Cross@Vector3@@SA?AU1@ABU1@0@Z 0010b410 f   GameEngine:Vector3.obj
 0001:0000b070       ?Dot@Vector3@@SAMABU1@0@Z  0010b470 f   GameEngine:Vector3.obj
 0001:0000b090       ?EulerAngles@Vector3@@QAE?AU1@XZ 0010b490 f   GameEngine:Vector3.obj
 0001:0000b140       ?ToVector4@Vector3@@QAE?AUVector4@gl@@XZ 0010b540 f   GameEngine:Vector3.obj
 0001:0000b180       ??0Quaternion@@QAE@XZ      0010b580 f   GameEngine:Quaternion.obj
 0001:0000b1a0       ?FromAxisAngle@Quaternion@@SA?AU1@ABUVector3@@M@Z 0010b5a0 f   GameEngine:Quaternion.obj
 0001:0000b240       ?FromEuler@Quaternion@@SA?AU1@ABUVector3@@@Z 0010b640 f   GameEngine:Quaternion.obj
 0001:0000b3b0       ??0GameObject@@QAE@XZ      0010b7b0 f   GameEngine:GameObject.obj
 0001:0000b460       ??A?$List@PAVComponent@@@std@@QAEAAPAVComponent@@H@Z 0010b860 f i GameEngine:GameObject.obj
 0001:0000b4b0       ?Add@?$List@PAVComponent@@@std@@QAEXPAVComponent@@@Z 0010b8b0 f i GameEngine:GameObject.obj
 0001:0000b530       ?Add@?$List@PAVMeshComponent@@@std@@QAEXPAVMeshComponent@@@Z 0010b930 f i GameEngine:GameObject.obj
 0001:0000b5b0       ?AddComponent@GameObject@@QAEXPAVComponent@@@Z 0010b9b0 f   GameEngine:GameObject.obj
 0001:0000b730       ?Contains@String@std@@QAE_NV12@@Z 0010bb30 f i GameEngine:GameObject.obj
 0001:0000b790       ?GetComponent@GameObject@@QAEPAVComponent@@VString@std@@@Z 0010bb90 f   GameEngine:GameObject.obj
 0001:0000b830       ?GetName@GameObject@@QAE?AVString@std@@XZ 0010bc30 f   GameEngine:GameObject.obj
 0001:0000b840       ?GetWorldPosition@GameObject@@QAE?AUVector3@@XZ 0010bc40 f   GameEngine:GameObject.obj
 0001:0000b8c0       ?GetWorldRotation@GameObject@@QAE?AUQuaternion@@XZ 0010bcc0 f   GameEngine:GameObject.obj
 0001:0000b8e0       ?GetWorldScale@GameObject@@QAE?AUVector3@@XZ 0010bce0 f   GameEngine:GameObject.obj
 0001:0000b960       ?GetWorldTransform@GameObject@@QAE?AUTransform@@XZ 0010bd60 f   GameEngine:GameObject.obj
 0001:0000ba70       ?SetName@GameObject@@QAEXVString@std@@@Z 0010be70 f   GameEngine:GameObject.obj
 0001:0000ba90       ??0Camera@@QAE@XZ          0010be90 f   GameEngine:Camera.obj
 0001:0000bab0       ??0Game@@QAE@XZ            0010beb0 f   GameEngine:Game.obj
 0001:0000bb00       ?Add@?$List@PAVCamera@@@std@@QAEXPAVCamera@@@Z 0010bf00 f i GameEngine:Game.obj
 0001:0000bb80       ?Add@?$List@PAVGameObject@@@std@@QAEXPAVGameObject@@@Z 0010bf80 f i GameEngine:Game.obj
 0001:0000bc00       ?Add@?$List@PAVLightSource@@@std@@QAEXPAVLightSource@@@Z 0010c000 f i GameEngine:Game.obj
 0001:0000bc80       ?AddCamera@Game@@QAEXPAVCamera@@@Z 0010c080 f   GameEngine:Game.obj
 0001:0000bd00       ?AddLightSource@Game@@QAEXPAVLightSource@@@Z 0010c100 f   GameEngine:Game.obj
 0001:0000bd80       ?AddObject@Game@@QAEXPAVGameObject@@@Z 0010c180 f   GameEngine:Game.obj
 0001:0000be00       ?GetActiveCamera@Game@@QAEPAVCamera@@XZ 0010c200 f   GameEngine:Game.obj
 0001:0000be10       ?GetCamera@Game@@QAEPAVCamera@@VString@std@@@Z 0010c210 f   GameEngine:Game.obj
 0001:0000beb0       ?GetLightSource@Game@@QAEPAVLightSource@@VString@std@@@Z 0010c2b0 f   GameEngine:Game.obj
 0001:0000bf50       ?GetObject@Game@@QAEPAVGameObject@@VString@std@@@Z 0010c350 f   GameEngine:Game.obj
 0001:0000c070       ?SetActiveCamera@Game@@QAEXPAVCamera@@@Z 0010c470 f   GameEngine:Game.obj
 0001:0000c080       ??0Component@@QAE@XZ       0010c480 f   GameEngine:Component.obj
 0001:0000c0b0       ?GetName@Component@@QAE?AVString@std@@XZ 0010c4b0 f   GameEngine:Component.obj
 0001:0000c0c0       ?SetName@Component@@QAEXVString@std@@@Z 0010c4c0 f   GameEngine:Component.obj
 0001:0000c0e0       ?Start@Component@@UAEXXZ   0010c4e0 f i GameEngine:Component.obj
 0001:0000c0f0       ?Update@Component@@UAEXM@Z 0010c4f0 f i GameEngine:Component.obj
 0001:0000c100       ??0MeshComponent@@QAE@XZ   0010c500 f   GameEngine:MeshComponent.obj
 0001:0000c130       ?Update@MeshComponent@@UAEXM@Z 0010c530 f   GameEngine:MeshComponent.obj
 0001:0000c140       ??0Rigidbody@@QAE@XZ       0010c540 f   GameEngine:Rigidbody.obj
 0001:0000c190       ?AddImpulse@Rigidbody@@QAEXUVector3@@@Z 0010c590 f   GameEngine:Rigidbody.obj
 0001:0000c1d0       ?AddImpulseAt@Rigidbody@@QAEXUVector3@@0@Z 0010c5d0 f   GameEngine:Rigidbody.obj
 0001:0000c1e0       ?Speed@Rigidbody@@QAEMXZ   0010c5e0 f   GameEngine:Rigidbody.obj
 0001:0000c220       ?SpeedSquared@Rigidbody@@QAEMXZ 0010c620 f   GameEngine:Rigidbody.obj
 0001:0000c270       ?Start@Rigidbody@@UAEXXZ   0010c670 f   GameEngine:Rigidbody.obj
 0001:0000c280       ?Update@Rigidbody@@UAEXM@Z 0010c680 f   GameEngine:Rigidbody.obj
 0001:0000c6a0       ??0BoxCollider@@QAE@XZ     0010caa0 f   GameEngine:BoxCollider.obj
 0001:0000c6c0       ?GetEdge@Collider@@UAEPAUVector3@@H@Z 0010cac0 f i GameEngine:BoxCollider.obj
 0001:0000c820       ?GetEdgeDir@Collider@@UAE?AUVector3@@H@Z 0010cc20 f i GameEngine:BoxCollider.obj
 0001:0000c8b0       ?GetFaceDir@Collider@@UAE?AUVector3@@H@Z 0010ccb0 f i GameEngine:BoxCollider.obj
 0001:0000c9d0       ?GetVertex@Collider@@UAE?AUVector3@@H@Z 0010cdd0 f i GameEngine:BoxCollider.obj
 0001:0000cb10       ?IsColliding@BoxCollider@@QAE_NPAV1@AAUVector3@@@Z 0010cf10 f   GameEngine:BoxCollider.obj
 0001:0000cb20       ?SupportFunction@@YA?AUVector3@@U1@UTransform@@@Z 0010cf20 f   GameEngine:BoxCollider.obj
 0001:0000cef0       ?cross_aba@@YA?AUVector3@@ABU1@0@Z 0010d2f0 f i GameEngine:BoxCollider.obj
 0001:0000cf20       ?update@@YA_NUVector3@@@Z  0010d320 f   GameEngine:BoxCollider.obj
 0001:0000d910       ?LoadModel@ModelLoader@@SAPAVModel3D@@PADW4Format3D@@@Z 0010dd10 f   GameEngine:ModelLoader.obj
 0001:0000d990       ??0Matrix3@@QAE@QAM@Z      0010dd90 f   GameEngine:Matrix3.obj
 0001:0000d9d0       ??0Matrix3@@QAE@XZ         0010ddd0 f   GameEngine:Matrix3.obj
 0001:0000da20       ??D@YA?AUMatrix3@@ABU0@0@Z 0010de20 f i GameEngine:Matrix3.obj
 0001:0000dbf0       ??D@YA?AUMatrix3@@ABU0@ABM@Z 0010dff0 f i GameEngine:Matrix3.obj
 0001:0000dc90       ??D@YA?AUVector3@@ABUMatrix3@@ABU0@@Z 0010e090 f i GameEngine:Matrix3.obj
 0001:0000dd30       ??G@YA?AUMatrix3@@ABU0@0@Z 0010e130 f i GameEngine:Matrix3.obj
 0001:0000dde0       ??H@YA?AUMatrix3@@ABU0@0@Z 0010e1e0 f i GameEngine:Matrix3.obj
 0001:0000de90       ?CreateRotation@Matrix3@@SA?AU1@UVector3@@@Z 0010e290 f   GameEngine:Matrix3.obj
 0001:0000e020       ?Inverse@Matrix3@@QAE?AU1@XZ 0010e420 f   GameEngine:Matrix3.obj
 0001:0000e230       ?Transpose@Matrix3@@QAE?AU1@XZ 0010e630 f   GameEngine:Matrix3.obj
 0001:0000e280       ??0Transform@@QAE@UVector3@@UQuaternion@@0@Z 0010e680 f   GameEngine:Transform.obj
 0001:0000e2d0       ??0Transform@@QAE@XZ       0010e6d0 f   GameEngine:Transform.obj
 0001:0000e350       ??DQuaternion@@QAEAAUVector3@@AAU1@@Z 0010e750 f i GameEngine:Transform.obj
 0001:0000e490       ?GetForwardVector@Transform@@QAE?AUVector3@@XZ 0010e890 f   GameEngine:Transform.obj
 0001:0000e4e0       ?GetRightVector@Transform@@QAE?AUVector3@@XZ 0010e8e0 f   GameEngine:Transform.obj
 0001:0000e530       ?GetUpVector@Transform@@QAE?AUVector3@@XZ 0010e930 f   GameEngine:Transform.obj
 0001:0000e580       ?Rotate@Transform@@QAEXUQuaternion@@@Z 0010e980 f   GameEngine:Transform.obj
 0001:0000e680       ?Rotate@Transform@@QAEXUVector3@@M@Z 0010ea80 f   GameEngine:Transform.obj
 0001:0000e8a0       ?Scale@Transform@@QAEXUVector3@@@Z 0010eca0 f   GameEngine:Transform.obj
 0001:0000e8e0       ?ToString@Transform@@QAEPADPAD@Z 0010ece0 f   GameEngine:Transform.obj
 0001:0000e990       ?Translate@Transform@@QAEXUVector3@@@Z 0010ed90 f   GameEngine:Transform.obj
 0001:0000e9d0       ??0Manifold@@QAE@XZ        0010edd0 f i GameEngine:Collision.obj
 0001:0000e9f0       ?CollisionPoint@Collision@@QAEPAUManifold@@AAVRigidbody@@0AAH@Z 0010edf0 f   GameEngine:Collision.obj
 0001:0000fe40       ?GetInterval@Collision@@QAEXAAVRigidbody@@UVector3@@AAM2@Z 00110240 f   GameEngine:Collision.obj
 0001:000100c0       ?Normalized@Vector3@@QAE?AU1@XZ 001104c0 f i GameEngine:Collision.obj
 0001:00010180       ?TestIntersection@Collision@@QAE_NAAVRigidbody@@0PAUVector3@@AAPAUManifold@@AAH@Z 00110580 f   GameEngine:Collision.obj
 0001:000107d0       ?closest_Point@Collision@@QAEXUVector3@@000AAU2@1@Z 00110bd0 f   GameEngine:Collision.obj
 0001:00010b20       ?distance@@YAMMMMM@Z       00110f20 f   GameEngine:Collision.obj
 0001:00010b40       ?getNormalEdge@Collision@@QAE?AUVector3@@AAU2@000@Z 00110f40 f   GameEngine:Collision.obj
 0001:00010c40       ?getNormalFace@Collision@@QAE?AUVector3@@AAVRigidbody@@U2@@Z 00111040 f   GameEngine:Collision.obj
 0001:00010f00       ?isInside@Collision@@QAE_NUVector3@@VRigidbody@@@Z 00111300 f   GameEngine:Collision.obj
 0001:00011020       ??0Collider@@QAE@XZ        00111420 f   GameEngine:Collider.obj
 0001:00011080       ??0Obj@@QAE@PAD@Z          00111480 f   GameEngine:Obj.obj
 0001:000110f0       ?Add@?$List@UFace@@@std@@QAEXUFace@@@Z 001114f0 f i GameEngine:Obj.obj
 0001:00011190       ?Add@?$List@UVector3@@@std@@QAEXUVector3@@@Z 00111590 f i GameEngine:Obj.obj
 0001:00011240       ?CreateVertices@Obj@@AAEXXZ 00111640 f   GameEngine:Obj.obj
 0001:00011560       ?ReadFile@Obj@@AAEXPAD@Z   00111960 f   GameEngine:Obj.obj
 0001:00011570       ??0A3D@@QAE@PAD@Z          00111970 f   GameEngine:A3D.obj
 0001:00011710       ?memcmp@@YAHPBX0I@Z        00111b10 f   Lib:string.obj
 0001:00011750       ?memcpy@@YAPAXPAX0I@Z      00111b50 f   Lib:string.obj
 0001:00011780       ?memcpy_fast_128@@YAXPAX0I@Z 00111b80 f   Lib:string.obj
 0001:00011800       ?memset16@@YAPAXPAXGI@Z    00111c00 f   Lib:string.obj
 0001:00011820       ?memset32@@YAPAXPAXII@Z    00111c20 f   Lib:string.obj
 0001:00011840       ?memset_fast_128@@YAPAXPAXII@Z 00111c40 f   Lib:string.obj
 0001:000118c0       ?strcat@@YAPADPADPBD@Z     00111cc0 f   Lib:string.obj
 0001:000118f0       ?strcmp@@YAIPBD0@Z         00111cf0 f   Lib:string.obj
 0001:00011940       ?strcpy@@YAPADPADPBD@Z     00111d40 f   Lib:string.obj
 0001:00011960       ?strlen@@YAIPBD@Z          00111d60 f   Lib:string.obj
 0001:00011980       ?strncat@@YAPADPADPBDH@Z   00111d80 f   Lib:string.obj
 0001:000119c0       _memset                    00111dc0 f   Lib:string.obj
 0001:000119e0       ?acos@@YAMM@Z              00111de0 f   Lib:math.obj
 0001:00011a40       ?asin@@YAMM@Z              00111e40 f   Lib:math.obj
 0001:00011aa0       ?atan2@@YAMMM@Z            00111ea0 f   Lib:math.obj
 0001:00011ba0       ?atan@@YAMM@Z              00111fa0 f   Lib:math.obj
 0001:00011bd0       ?ceil@@YAHM@Z              00111fd0 f   Lib:math.obj
 0001:00011bf0       ?cos@@YAMM@Z               00111ff0 f   Lib:math.obj
 0001:00011c10       ?fact@@YAMM@Z              00112010 f   Lib:math.obj
 0001:00011c50       ?floor@@YAHM@Z             00112050 f   Lib:math.obj
 0001:00011c70       ?log10@@YAMM@Z             00112070 f   Lib:math.obj
 0001:00011c90       ?log2@@YAMM@Z              00112090 f   Lib:math.obj
 0001:00011cb0       ?log@@YAMM@Z               001120b0 f   Lib:math.obj
 0001:00011cd0       ?logn@@YAMMM@Z             001120d0 f   Lib:math.obj
 0001:00011d00       ?pow@@YAMMH@Z              00112100 f   Lib:math.obj
 0001:00011de0       ?rand@@YAIXZ               001121e0 f   Lib:math.obj
 0001:00011e00       ?round@@YAHM@Z             00112200 f   Lib:math.obj
 0001:00011e20       ?sin@@YAMM@Z               00112220 f   Lib:math.obj
 0001:00011e40       ?sqrt@@YAMM@Z              00112240 f   Lib:math.obj
 0001:00011e60       ?srand@@YAXI@Z             00112260 f   Lib:math.obj
 0001:00011e70       ?tan@@YAMM@Z               00112270 f   Lib:math.obj
 0001:00011ea0       ?atof@@YAMPBD@Z            001122a0 f   Lib:stdio.obj
 0001:00011f40       ?atoi@@YAHPBD@Z            00112340 f   Lib:stdio.obj
 0001:00011f60       ?ftoa@@YAPADMIPAD@Z        00112360 f   Lib:stdio.obj
 0001:00012080       ?itoa@@YAPADHIPAD_N@Z      00112480 f   Lib:stdio.obj
 0001:00012110       ?strtol@@YAJPBDPAPADH@Z    00112510 f   Lib:stdio.obj
 0001:00012260       ?vprintf@@YAPADPADPBDZZ    00112660 f   Lib:stdio.obj
 0001:00012280       ?vsprintf@@YAPADPADPBDPAE@Z 00112680 f   Lib:stdio.obj
 0001:000125f0       ??2@YAPAXI@Z               001129f0 f   KERNEL:kernel.obj
 0001:00012640       ??3@YAXPAX@Z               00112a40 f   KERNEL:kernel.obj
 0001:00012660       ??_U@YAPAXI@Z              00112a60 f   KERNEL:kernel.obj
 0001:000126f0       ??_V@YAXPAX@Z              00112af0 f   KERNEL:kernel.obj
 0001:00012700       ?Init@Kernel@@SAXPAUMULTIBOOT_INFO@@@Z 00112b00 f   KERNEL:kernel.obj
 0001:000127a0       ?CreateThread@Task@@SAPAVThread@@PAX@Z 00112ba0 f   KERNEL:task.obj
 0001:00012840       ?Idle@Task@@CAXXZ          00112c40 f   KERNEL:task.obj
 0001:00012850       ?Init@Task@@SAIXZ          00112c50 f   KERNEL:task.obj
 0001:00012950       ?InsertThread@Task@@SAXPAVThread@@@Z 00112d50 f   KERNEL:task.obj
 0001:00012990       ?Schedule@Task@@CAXXZ      00112d90 f   KERNEL:task.obj
 0001:000129b0       ?StartThreading@Task@@SAXXZ 00112db0 f   KERNEL:task.obj
 0001:000129f0       ?Task_ISR@Task@@CAXXZ      00112df0 f   KERNEL:task.obj
 0001:00012a30       ?BitBlt@Drawing@@SAXUGC@@HHHH0HH_N@Z 00112e30 f   KERNEL:drawing.obj
 0001:00012c90       ?BlendAlpha@Drawing@@CAIII@Z 00113090 f i KERNEL:drawing.obj
 0001:00012d50       ?Clear@Drawing@@SAXIUGC@@@Z 00113150 f   KERNEL:drawing.obj
 0001:00012da0       ?Draw@Drawing@@SAXUGC@@@Z  001131a0 f   KERNEL:drawing.obj
 0001:00012dd0       ?DrawBezierCube@Drawing@@SAXPAUPoint@@HUGC@@@Z 001131d0 f   KERNEL:drawing.obj
 0001:00013030       ?DrawBezierQuad@Drawing@@SAXPAUPoint@@HUGC@@@Z 00113430 f   KERNEL:drawing.obj
 0001:000131d0       ?DrawImage@Drawing@@SAXHHHHPAUBMP@@UGC@@@Z 001135d0 f   KERNEL:drawing.obj
 0001:000132d0       ?DrawLine@Drawing@@SAXHHHHIUGC@@@Z 001136d0 f   KERNEL:drawing.obj
 0001:00013400       ?DrawRect@Drawing@@SAXHHHHHIUGC@@@Z 00113800 f   KERNEL:drawing.obj
 0001:000134d0       ?DrawText@Drawing@@SAXHHPADIIUGC@@@Z 001138d0 f   KERNEL:drawing.obj
 0001:000135e0       ?DrawText@Drawing@@SAXHHPADIUGC@@@Z 001139e0 f   KERNEL:drawing.obj
 0001:000136b0       ?FillRect@Drawing@@SAXHHHHIUGC@@@Z 00113ab0 f   KERNEL:drawing.obj
 0001:00013760       ?Init@Drawing@@SAIHHPAI@Z  00113b60 f   KERNEL:drawing.obj
 0001:000137f0       ?SetPixel@Drawing@@SAXHHIUGC@@@Z 00113bf0 f   KERNEL:drawing.obj
 0001:00013840       ?Clear@Debug@@SAXI@Z       00113c40 f   KERNEL:debug.obj
 0001:00013860       ?Dump@Debug@@SAXPAXH_N@Z   00113c60 f   KERNEL:debug.obj
 0001:00013a00       ?Print@Debug@@SAXPADZZ     00113e00 f   KERNEL:debug.obj
 0001:00013c60       ?Putc@Debug@@SAXD_N@Z      00114060 f   KERNEL:debug.obj
 0001:00013e80       ?Init@Mouse@@SAIIIM@Z      00114280 f   KERNEL:mouse.obj
 0001:00014170       ?MouseRead@Mouse@@CAEXZ    00114570 f   KERNEL:mouse.obj
 0001:000141a0       ?MouseWait@Mouse@@CAXE@Z   001145a0 f   KERNEL:mouse.obj
 0001:000141e0       ?MouseWrite@Mouse@@CAXE@Z  001145e0 f   KERNEL:mouse.obj
 0001:00014240       ?Mouse_ISR@Mouse@@CAXXZ    00114640 f   KERNEL:mouse.obj
 0001:00014380       ?Init@PIT@@SAIXZ           00114780 f   KERNEL:pit.obj
 0001:000143c0       ?PIT_ISR@PIT@@CAXXZ        001147c0 f   KERNEL:pit.obj
 0001:000143d0       ?ReadData@PIT@@CAEE@Z      001147d0 f   KERNEL:pit.obj
 0001:00014400       ?SendData@PIT@@CAXGE@Z     00114800 f   KERNEL:pit.obj
 0001:00014440       ?Sleep@PIT@@SAXI@Z         00114840 f   KERNEL:pit.obj
 0001:00014460       ?Start@PIT@@CAIXZ          00114860 f   KERNEL:pit.obj
 0001:000144a0       ?ATA_Interrupt@ATA@@CAXXZ  001148a0 f   KERNEL:ata.obj
 0001:000144b0       ?Init@ATA@@SAIXZ           001148b0 f   KERNEL:ata.obj
 0001:000144e0       ?Read@ATA@@SAIHHHAAPADH@Z  001148e0 f   KERNEL:ata.obj
 0001:000146f0       ?ReadSector@ATA@@CAIHHHPAD@Z 00114af0 f   KERNEL:ata.obj
 0001:000148a0       ?DecodeAscii@Keyboard@@CAXAAUKEY_PACKET@@@Z 00114ca0 f   KERNEL:keyboard.obj
 0001:00014b70       ?DiscardLastKey@Keyboard@@SAXXZ 00114f70 f   KERNEL:keyboard.obj
 0001:00014b80       ?GetKeyDown@Keyboard@@SA_NW4KEYCODE@@@Z 00114f80 f   KERNEL:keyboard.obj
 0001:00014b90       ?GetLastKey@Keyboard@@SA?AUKEY_PACKET@@XZ 00114f90 f   KERNEL:keyboard.obj
 0001:00014bb0       ?Init@Keyboard@@SAIXZ      00114fb0 f   KERNEL:keyboard.obj
 0001:00014bd0       ?Keyboard_ISR@Keyboard@@CAXXZ 00114fd0 f   KERNEL:keyboard.obj
 0001:00014dc0       ?Checksum@KNet@@SAGPAXH@Z  001151c0 f   KERNEL:net.obj
 0001:00014e40       ?ChecksumDouble@KNet@@SAGPAXH0H@Z 00115240 f   KERNEL:net.obj
 0001:00014f20       ?Init@KNet@@SAIXZ          00115320 f   KERNEL:net.obj
 0001:00014f80       ?PrintIP@KNet@@SAXPADUIPv4Address@@@Z 00115380 f   KERNEL:net.obj
 0001:00014fc0       ?PrintMac@KNet@@SAXPADUMacAddress@@@Z 001153c0 f   KERNEL:net.obj
 0001:00015010       ?htonl@@YAII@Z             00115410 f   KERNEL:net.obj
 0001:00015020       ?htons@@YAGG@Z             00115420 f   KERNEL:net.obj
 0001:00015040       ?ntohl@@YAII@Z             00115440 f   KERNEL:net.obj
 0001:00015050       ?ntohs@@YAGG@Z             00115450 f   KERNEL:net.obj
 0001:00015070       ?KernelPanic@Panic@@SAXPAD0@Z 00115470 f   KERNEL:panic.obj
 0001:00015110       ??0BMP@@QAE@PAX@Z          00115510 f   KERNEL:bmp.obj
 0001:000151a0       ??0BMP@@QAE@PAXHH@Z        001155a0 f   KERNEL:bmp.obj
 0001:000151f0       ?AllocBlocks@Memory@@SAPAXI@Z 001155f0 f   KERNEL:memory.obj
 0001:00015320       ?DeInitRegion@Memory@@SAXPAXI@Z 00115720 f   KERNEL:memory.obj
 0001:00015370       ?FirstFree@Memory@@CAIXZ   00115770 f   KERNEL:memory.obj
 0001:000153b0       ?FirstFreeNum@Memory@@CAII@Z 001157b0 f   KERNEL:memory.obj
 0001:000154a0       ?FreeBlocks@Memory@@SAXPAXI@Z 001158a0 f   KERNEL:memory.obj
 0001:00015500       ?Init@Memory@@SAIIPAI@Z    00115900 f   KERNEL:memory.obj
 0001:00015580       ?InitRegion@Memory@@SAXPAXI@Z 00115980 f   KERNEL:memory.obj
 0001:000155d0       ?EnableFPU@CPU@@CAIXZ      001159d0 f   KERNEL:cpu.obj
 0001:000155f0       ?EnableSSE@CPU@@CAIXZ      001159f0 f   KERNEL:cpu.obj
 0001:00015620       ?Init@CPU@@SAIXZ           00115a20 f   KERNEL:cpu.obj
 0001:00015650       ?Init@VBE@@SAIPAUVBE_MODE_INFO@@@Z 00115a50 f   KERNEL:vbe.obj
 0001:000156c0       ?Init@HAL@@SAIXZ           00115ac0 f   KERNEL:hal.obj
 0001:000156f0       ?inb@@YAEG@Z               00115af0 f   KERNEL:hal.obj
 0001:00015710       ?inl@@YAIG@Z               00115b10 f   KERNEL:hal.obj
 0001:00015730       ?inw@@YAGG@Z               00115b30 f   KERNEL:hal.obj
 0001:00015750       ?outb@@YAXGE@Z             00115b50 f   KERNEL:hal.obj
 0001:00015760       ?outl@@YAXGI@Z             00115b60 f   KERNEL:hal.obj
 0001:00015770       ?outw@@YAXGG@Z             00115b70 f   KERNEL:hal.obj
 0001:00015780       ?DefaultISR@Exceptions@@SAXXZ 00115b80 f   KERNEL:exceptions.obj
 0001:000157a0       ?ISR0@Exceptions@@CAXXZ    00115ba0 f   KERNEL:exceptions.obj
 0001:000157c0       ?ISR10@Exceptions@@CAXXZ   00115bc0 f   KERNEL:exceptions.obj
 0001:000157e0       ?ISR11@Exceptions@@CAXXZ   00115be0 f   KERNEL:exceptions.obj
 0001:00015800       ?ISR12@Exceptions@@CAXXZ   00115c00 f   KERNEL:exceptions.obj
 0001:00015820       ?ISR13@Exceptions@@CAXXZ   00115c20 f   KERNEL:exceptions.obj
 0001:00015840       ?ISR14@Exceptions@@CAXXZ   00115c40 f   KERNEL:exceptions.obj
 0001:00015860       ?ISR15@Exceptions@@CAXXZ   00115c60 f   KERNEL:exceptions.obj
 0001:00015880       ?ISR16@Exceptions@@CAXXZ   00115c80 f   KERNEL:exceptions.obj
 0001:000158a0       ?ISR17@Exceptions@@CAXXZ   00115ca0 f   KERNEL:exceptions.obj
 0001:000158c0       ?ISR18@Exceptions@@CAXXZ   00115cc0 f   KERNEL:exceptions.obj
 0001:000158e0       ?ISR19@Exceptions@@CAXXZ   00115ce0 f   KERNEL:exceptions.obj
 0001:00015900       ?ISR1@Exceptions@@CAXXZ    00115d00 f   KERNEL:exceptions.obj
 0001:00015920       ?ISR2@Exceptions@@CAXXZ    00115d20 f   KERNEL:exceptions.obj
 0001:00015940       ?ISR3@Exceptions@@CAXXZ    00115d40 f   KERNEL:exceptions.obj
 0001:00015960       ?ISR4@Exceptions@@CAXXZ    00115d60 f   KERNEL:exceptions.obj
 0001:00015980       ?ISR5@Exceptions@@CAXXZ    00115d80 f   KERNEL:exceptions.obj
 0001:000159a0       ?ISR6@Exceptions@@CAXIII@Z 00115da0 f   KERNEL:exceptions.obj
 0001:00015a20       ?ISR7@Exceptions@@CAXXZ    00115e20 f   KERNEL:exceptions.obj
 0001:00015a40       ?ISR8@Exceptions@@CAXXZ    00115e40 f   KERNEL:exceptions.obj
 0001:00015a60       ?ISR9@Exceptions@@CAXXZ    00115e60 f   KERNEL:exceptions.obj
 0001:00015a80       ?Init@Exceptions@@SAIXZ    00115e80 f   KERNEL:exceptions.obj
 0001:00015b80       ?Create@PCI@@CAPAUPCI_DEVICE@@EEE@Z 00115f80 f   KERNEL:pci.obj
 0001:00015c40       ?GetDevice@PCI@@SAPAUPCI_DEVICE@@HHH@Z 00116040 f   KERNEL:pci.obj
 0001:00015df0       ?Init@PCI@@SAIXZ           001161f0 f   KERNEL:pci.obj
 0001:00015e00       ?Read@PCI@@CAIEEEEE@Z      00116200 f   KERNEL:pci.obj
 0001:00015e70       ?printdev@@YAXPAUPCI_DEVICE@@@Z 00116270 f   KERNEL:pci.obj
 0001:00015eb0       ?EmptyISR@IDT@@SAXXZ       001162b0 f   KERNEL:idt.obj
 0001:00015ec0       ?GetIR@IDT@@SAPAUIDT_DESCRIPTOR@@I@Z 001162c0 f   KERNEL:idt.obj
 0001:00015ed0       ?GetVect@IDT@@SAP6AXXZH@Z  001162d0 f   KERNEL:idt.obj
 0001:00015f00       ?Init@IDT@@SAIXZ           00116300 f   KERNEL:idt.obj
 0001:00015f70       ?SetISR@IDT@@SAIIP6AXXZ@Z  00116370 f   KERNEL:idt.obj
 0001:00015fb0       ?Init@PIC@@SAIXZ           001163b0 f   KERNEL:pic.obj
 0001:00016010       ?InterruptDone@PIC@@SAXG@Z 00116410 f   KERNEL:pic.obj
 0001:00016040       ?ReadData@PIC@@CAEE@Z      00116440 f   KERNEL:pic.obj
 0001:00016070       ?SendCommand@PIC@@CAXEE@Z  00116470 f   KERNEL:pic.obj
 0001:000160a0       ?SendData@PIC@@CAXGE@Z     001164a0 f   KERNEL:pic.obj
 0001:000160c9       ??1type_info@@UAE@XZ       001164c9 f   LIBCMT:std_type_info_static.obj
 0001:000160d0       ??_Gtype_info@@UAEPAXI@Z   001164d0 f i LIBCMT:std_type_info_static.obj
 0001:000160d0       ??_Etype_info@@UAEPAXI@Z   001164d0 f i LIBCMT:std_type_info_static.obj
 0001:000160f3       ??3@YAXPAXI@Z              001164f3 f   LIBCMT:delete_scalar_size.obj
 0002:00000004       ??_7Control@gui@@6B@       00116604     Button.obj
 0002:00000010       ??_7Button@gui@@6B@        00116610     Button.obj
 0002:0000001c       ??_7Canvas@gui@@6B@        0011661c     Canvas.obj
 0002:00000024       ??_C@_0BC@HJLBEKHE@Delta?3?5?$CFi?7FPS?3?5?$CFi?$AA@ 00116624     GUI.obj
 0002:00000038       ??_C@_06LAFIDHKA@?$CFi?6?$CFi?6?$AA@ 00116638     GUI.obj
 0002:00000040       __xmm@0000000e000000080000000000000000 00116640     GUI.obj
 0002:00000050       ??_C@_06JJGECBPI@?$CFs?5?$CFi?6?$AA@ 00116650     iso.obj
 0002:00000058       ??_C@_03OFAPEBGM@?$CFs?6?$AA@ 00116658     iso.obj
 0002:00000060       ??_7Label@gui@@6B@         00116660     Label.obj
 0002:00000068       ??_C@_03PELOGHMK@?$CFi?6?$AA@ 00116668     Mandelbrot.obj
 0002:0000006c       ??_C@_06CMGOICJA@Start?6?$AA@ 0011666c     Mandelbrot.obj
 0002:00000074       ??_C@_0BD@OAOOOKEK@Ticks?3?5?$CFi?7FPS?3?5?$CFi?6?$AA@ 00116674     Mandelbrot.obj
 0002:00000088       ??_C@_09JHEKFLJE@Zoom?3?5?$CFf?6?$AA@ 00116688     Mandelbrot.obj
 0002:00000094       __real@1adaca00            00116694     Mandelbrot.obj
 0002:00000098       __real@3ff0000000000000    00116698     Mandelbrot.obj
 0002:000000a0       __real@4010000000000000    001166a0     Mandelbrot.obj
 0002:000000a8       __real@40f0000000000000    001166a8     Mandelbrot.obj
 0002:000000b0       __real@437f0000            001166b0     Mandelbrot.obj
 0002:000000b4       __real@447a0000            001166b4     Mandelbrot.obj
 0002:000000b8       ??_C@_0BJ@FHJFEPME@arp?3?5sending?5request?5to?5?$AA@ 001166b8     arp.obj
 0002:000000d4       ??_C@_0BH@NFEPIOCG@arp?3?5sending?5reply?5to?5?$AA@ 001166d4     arp.obj
 0002:000000ec       ??_C@_0BB@NPEPEJMJ@ARP?5added?5entry?5?$AA@ 001166ec     arp.obj
 0002:00000100       ??_C@_0O@MBFFJLEF@DHCP?5RECEIVE?6?$AA@ 00116700     dhcp.obj
 0002:00000110       ??_C@_0O@IJAKJLNJ@Received?5DNS?6?$AA@ 00116710     dns.obj
 0002:00000120       ??_C@_0BF@DPFFLPFA@DNS?5added?5entry?3?5?$CFs?5?$AA@ 00116720     dns.obj
 0002:00000135       ??_C@_00CNPNBAHC@?$AA@     00116735     dns.obj
 0002:00000138       ??_C@_0M@KNKKGHNO@PARSED?5IP?3?5?$AA@ 00116738     http.obj
 0002:00000144       ??_C@_0BO@OHMKJDEI@Flags?3?5?$CFux?7ACK?3?5?$CFui?7SEQ?3?5?$CFui?6?$AA@ 00116744     tcpsession.obj
 0002:00000164       ??_C@_0L@EIILFCEB@Connected?6?$AA@ 00116764     tcpsession.obj
 0002:00000170       ??_C@_07IPMAGINO@Closed?6?$AA@ 00116770     tcpsession.obj
 0002:00000178       ??_C@_0BA@FHBAHEGN@Timeout?5closed?6?$AA@ 00116778     tcpsession.obj
 0002:00000188       ??_C@_05PABKJLOM@Title?$AA@ 00116788     TextEdit.obj
 0002:00000190       ??_C@_05IEIONIFO@Label?$AA@ 00116790     TextEdit.obj
 0002:00000198       ??_C@_06LKBCGDFD@Button?$AA@ 00116798     TextEdit.obj
 0002:000001a0       ??_C@_04LBABLPF@Exit?$AA@  001167a0     TextEdit.obj
 0002:000001a8       ??_C@_0O@FOFNHLMB@Another?5title?$AA@ 001167a8     TextEdit.obj
 0002:000001b8       ??_C@_07CDBKEHGM@Clicked?$AA@ 001167b8     TextEdit.obj
 0002:000001c0       ??_C@_05KHPFCEDO@?$CFi?5?$CFi?$AA@ 001167c0     TextEdit.obj
 0002:000001c8       ??_C@_04CDEGOFNM@Cam1?$AA@ 001167c8     3DGame:3DGame.obj
 0002:000001d0       ??_C@_05FOLLILPC@Thing?$AA@ 001167d0     3DGame:3DGame.obj
 0002:000001d8       ??_C@_05PGDJFNFN@Floor?$AA@ 001167d8     3DGame:3DGame.obj
 0002:000001e0       __real@3f800000            001167e0     3DGame:3DGame.obj
 0002:000001e4       __real@40a00000            001167e4     3DGame:3DGame.obj
 0002:000001e8       __real@41200000            001167e8     3DGame:3DGame.obj
 0002:000001ec       __real@c1700000            001167ec     3DGame:3DGame.obj
 0002:000001f4       ??_7MyBox@@6B@             001167f4     3DGame:MyBox.obj
 0002:000001fc       ??_C@_08GGPPOII@cube?4a3d?$AA@ 001167fc     3DGame:MyBox.obj
 0002:00000208       ??_C@_07CKAHAGKJ@img?4bmp?$AA@ 00116808     3DGame:MyBox.obj
 0002:00000210       ??_C@_0O@NJFLLBAD@bmp?5not?5found?$AA@ 00116810     3DGame:MyBox.obj
 0002:00000220       ??_C@_04GONFKEIN@Mesh?$AA@ 00116820     3DGame:MyBox.obj
 0002:00000228       ??_C@_09DHKFHJOA@Rigidbody?$AA@ 00116828     3DGame:MyBox.obj
 0002:00000238       ??_7Thing@@6B@             00116838     3DGame:Thing.obj
 0002:00000240       ??_C@_09PCLIKNNA@earth?4bmp?$AA@ 00116840     3DGame:Thing.obj
 0002:0000024c       __real@41a00000            0011684c     3DGame:Thing.obj
 0002:00000250       __xmm@80000000800000008000000080000000 00116850     3DGame:Thing.obj
 0002:00000260       __real@0000000000000000    00116860     GL:Matrix4.obj
 0002:00000268       __real@3fe0000000000000    00116868     GL:Matrix4.obj
 0002:00000270       __real@40000000            00116870     GL:Matrix4.obj
 0002:00000278       __real@400921fb54442eea    00116878     GL:Matrix4.obj
 0002:00000280       __real@4066800000000000    00116880     GL:Matrix4.obj
 0002:00000288       __real@3fb1eb851eb851ec    00116888     GL:Color.obj
 0002:00000290       __real@3fcae147ae147ae1    00116890     GL:Color.obj
 0002:00000298       __real@3fe70a3d70a3d70a    00116898     GL:Color.obj
 0002:000002a0       __xmm@41f00000000000000000000000000000 001168a0     GL:Color.obj
 0002:000002b0       ??_C@_05JODGIKH@Light?$AA@ 001168b0     GameEngine:Engine.obj
 0002:000002b8       ??_C@_06LOJNHMMK@Thing2?$AA@ 001168b8     GameEngine:Engine.obj
 0002:000002c0       ??_C@_0BJ@JEFINMGB@FPS?3?5?$CFi?7DT?3?$CFi?7AvgDT?3?5?$CFi?6?$AA@ 001168c0     GameEngine:Engine.obj
 0002:000002dc       ??_C@_0L@KCHEIND@Ticks?3?5?$CFi?6?$AA@ 001168dc     GameEngine:Engine.obj
 0002:000002e8       ??_C@_08DAHIJCLH@Free?5?$CFi?6?$AA@ 001168e8     GameEngine:Engine.obj
 0002:000002f4       ??_C@_08FHFNDDND@Cam?3?5?$CFs?6?$AA@ 001168f4     GameEngine:Engine.obj
 0002:00000300       ??_C@_07JOHLBHPG@P1?3?5?$CFs?6?$AA@ 00116900     GameEngine:Engine.obj
 0002:00000308       ??_C@_0BC@KLOOLLKI@V1?3?5?$FL?$CFf?0?5?$CFf?0?5?$CFf?$FN?6?$AA@ 00116908     GameEngine:Engine.obj
 0002:0000031c       ??_C@_0M@CBHEFHKI@Energy?3?5?$CFf?6?$AA@ 0011691c     GameEngine:Engine.obj
 0002:00000328       ??_C@_06MBCDPFON@?$CFf?5?$CFf?6?$AA@ 00116928     GameEngine:Engine.obj
 0002:00000330       ??_C@_0BA@DLCGCPOP@?$CFi?5?$CFi?7?$CFf?5?$CFf?5?$CFf?6?$AA@ 00116930     GameEngine:Engine.obj
 0002:00000340       ??_C@_09MALOBAAJ@?$CFf?5?$CFf?5?$CFf?6?$AA@ 00116940     GameEngine:Engine.obj
 0002:0000034c       ??_C@_08GDLGNBJK@?$CFf?7?$CFf?7?$CFf?$AA@ 0011694c     GameEngine:Engine.obj
 0002:00000358       ??_C@_0BB@PIJAIOHM@List?3?3operator?$FL?$FN?$AA@ 00116958     GameEngine:Engine.obj
 0002:0000036c       ??_C@_0BN@NJEFJLOF@Index?5out?5of?5range?5exception?$AA@ 0011696c     GameEngine:Engine.obj
 0002:0000038c       __real@2edbe6ff            0011698c     GameEngine:Engine.obj
 0002:00000390       __real@3ff921fb54442eea    00116990     GameEngine:Engine.obj
 0002:00000398       __real@401921fb54442eea    00116998     GameEngine:Engine.obj
 0002:000003a0       __real@402399999999999a    001169a0     GameEngine:Engine.obj
 0002:000003a8       __real@40800000            001169a8     GameEngine:Engine.obj
 0002:000003ac       __real@41400000            001169ac     GameEngine:Engine.obj
 0002:000003b0       __real@43c80000            001169b0     GameEngine:Engine.obj
 0002:000003b4       __real@44fa0000            001169b4     GameEngine:Engine.obj
 0002:000003b8       __real@501502f9            001169b8     GameEngine:Engine.obj
 0002:000003c0       __real@bff921fb54442eea    001169c0     GameEngine:Engine.obj
 0002:000003d0       __xmm@7fffffffffffffff7fffffffffffffff 001169d0     GameEngine:Engine.obj
 0002:000003e0       __xmm@80000000000000008000000000000000 001169e0     GameEngine:Engine.obj
 0002:000003f4       ??_7GameObject@@6B@        001169f4     GameEngine:GameObject.obj
 0002:000003fc       ??_C@_0L@EJMOOPIK@GameObject?$AA@ 001169fc     GameEngine:GameObject.obj
 0002:0000040c       ??_7Camera@@6B@            00116a0c     GameEngine:Camera.obj
 0002:00000418       ??_7Component@@6B@         00116a18     GameEngine:Component.obj
 0002:00000424       ??_7MeshComponent@@6B@     00116a24     GameEngine:MeshComponent.obj
 0002:00000430       ??_7Rigidbody@@6B@         00116a30     GameEngine:Rigidbody.obj
 0002:0000043c       ??_7BoxCollider@@6B@       00116a3c     GameEngine:BoxCollider.obj
 0002:0000044c       ??_C@_05MBDEGLCK@ERROR?$AA@ 00116a4c     GameEngine:ModelLoader.obj
 0002:00000460       __xmm@0000000000000000000000003f800000 00116a60     GameEngine:Matrix3.obj
 0002:00000470       __xmm@3f800000000000000000000000000000 00116a70     GameEngine:Matrix3.obj
 0002:00000480       ??_C@_0CL@CEJFKDDD@?$FL?$CFf?0?5?$CFf?0?5?$CFf?$FN?5?$FL?$CFf?0?5?$CFf?0?5?$CFf?0?5?$CFf?$FN?5?$FL?$CF@ 00116a80     GameEngine:Transform.obj
 0002:000004ac       __real@3f000000            00116aac     GameEngine:Transform.obj
 0002:000004b0       ??_C@_03PPOCCAPH@?$CFf?6?$AA@ 00116ab0     GameEngine:Collision.obj
 0002:000004b4       __real@00000000            00116ab4     GameEngine:Collision.obj
 0002:000004b8       __real@3727c5ac            00116ab8     GameEngine:Collision.obj
 0002:000004bc       __real@3d4ccccd            00116abc     GameEngine:Collision.obj
 0002:000004c0       __real@3dcccccd            00116ac0     GameEngine:Collision.obj
 0002:000004c4       __real@7f800000            00116ac4     GameEngine:Collision.obj
 0002:000004c8       __real@bf800000            00116ac8     GameEngine:Collision.obj
 0002:000004d0       __xmm@7fffffff7fffffff7fffffff7fffffff 00116ad0     GameEngine:Collision.obj
 0002:000004e4       ??_7Collider@@6B@          00116ae4     GameEngine:Collider.obj
 0002:000004f4       __real@3e8f5c29            00116af4     Lib:math.obj
 0002:000004f8       __real@40490fdb            00116af8     Lib:math.obj
 0002:000004fc       __real@bfc90fdb            00116afc     Lib:math.obj
 0002:00000500       ??_C@_03LHCJEHON@nan?$AA@  00116b00     Lib:stdio.obj
 0002:00000504       ??_C@_03OJHLLCGB@inf?$AA@  00116b04     Lib:stdio.obj
 0002:00000508       ??_C@_01GBGANLPD@0?$AA@    00116b08     Lib:stdio.obj
 0002:00000510       __real@3f1a36e2eb1c432d    00116b10     Lib:stdio.obj
 0002:00000520       __xmm@46454443424139383736353433323130 00116b20     Lib:stdio.obj
 0002:00000530       __real@39800000            00116b30     KERNEL:kernel.obj
 0002:00000534       __real@3c000000            00116b34     KERNEL:drawing.obj
 0002:00000538       ??_C@_04PFOHOKJK@?5?5?5?5?$AA@ 00116b38     KERNEL:debug.obj
 0002:00000540       ??_C@_01CLKCMJKC@?5?$AA@   00116b40     KERNEL:debug.obj
 0002:00000544       ??_C@_03IKGEINEE@?$CFs?5?$AA@ 00116b44     KERNEL:debug.obj
 0002:000006b8       ??_C@_0P@JJOCPBNH@?$CFs?$CFi?4?$CFi?4?$CFi?4?$CFi?6?$AA@ 00116cb8     KERNEL:net.obj
 0002:000006c8       ??_C@_0BF@MCJEFIGG@?$CFs?$CFx?3?$CFx?3?$CFx?3?$CFx?3?$CFx?3?$CFx?6?$AA@ 00116cc8     KERNEL:net.obj
 0002:000006e0       ??_C@_0BK@KHJFGGEJ@Default?5interrupt?5handler?$AA@ 00116ce0     KERNEL:exceptions.obj
 0002:000006fc       ??_C@_0BB@CAGHCAFL@Division?5by?5zero?$AA@ 00116cfc     KERNEL:exceptions.obj
 0002:00000710       ??_C@_05GCIPIGEI@Debug?$AA@ 00116d10     KERNEL:exceptions.obj
 0002:00000718       ??_C@_0BH@DLMGGJOP@Non?9Maskable?5interrupt?$AA@ 00116d18     KERNEL:exceptions.obj
 0002:00000730       ??_C@_0L@DEJAMIEF@Breakpoint?$AA@ 00116d30     KERNEL:exceptions.obj
 0002:0000073c       ??_C@_08KJPBNJGC@Overflow?$AA@ 00116d3c     KERNEL:exceptions.obj
 0002:00000748       ??_C@_0BF@KABNNNC@Bound?5range?5exceeded?$AA@ 00116d48     KERNEL:exceptions.obj
 0002:00000760       ??_C@_0BJ@JILCCCBH@0x?$CFux?70x?$CFux?70x?$CFux?70x?$CFux?6?$AA@ 00116d60     KERNEL:exceptions.obj
 0002:0000077c       ??_C@_06NIEMCLMH@0x?$CFux?6?$AA@ 00116d7c     KERNEL:exceptions.obj
 0002:00000784       ??_C@_0P@GJJPHHDN@Invalid?5opcode?$AA@ 00116d84     KERNEL:exceptions.obj
 0002:00000794       ??_C@_0BF@COPPNEEP@Device?5not?5available?$AA@ 00116d94     KERNEL:exceptions.obj
 0002:000007ac       ??_C@_0N@EMHPBCJE@Double?5fault?$AA@ 00116dac     KERNEL:exceptions.obj
 0002:000007bc       ??_C@_0BM@FLNHCLJG@Coprocessor?5segment?5overrun?$AA@ 00116dbc     KERNEL:exceptions.obj
 0002:000007d8       ??_C@_0M@OLMALBPG@Invalid?5TSS?$AA@ 00116dd8     KERNEL:exceptions.obj
 0002:000007e4       ??_C@_0BE@FPPPAKKN@Segment?5not?5present?$AA@ 00116de4     KERNEL:exceptions.obj
 0002:000007f8       ??_C@_0BE@OLMOIPB@Stack?9segment?5fault?$AA@ 00116df8     KERNEL:exceptions.obj
 0002:0000080c       ??_C@_0BJ@LDJBBLLL@General?5protection?5fault?$AA@ 00116e0c     KERNEL:exceptions.obj
 0002:00000828       ??_C@_0L@JBNHOLPF@Page?5fault?$AA@ 00116e28     KERNEL:exceptions.obj
 0002:00000834       ??_C@_0O@EBPJONIA@15?5?$CIReserved?$CJ?$AA@ 00116e34     KERNEL:exceptions.obj
 0002:00000844       ??_C@_0BN@OAPCMCOK@x87?5Floating?9point?5exception?$AA@ 00116e44     KERNEL:exceptions.obj
 0002:00000864       ??_C@_0BA@DMDLEFCI@Alignment?5check?$AA@ 00116e64     KERNEL:exceptions.obj
 0002:00000874       ??_C@_0O@LHBOKIFP@Machine?5check?$AA@ 00116e74     KERNEL:exceptions.obj
 0002:00000884       ??_C@_0BO@PAHIJHOM@SIMD?5floating?9point?5exception?$AA@ 00116e84     KERNEL:exceptions.obj
 0002:000008a8       ??_C@_0EO@NIHBEAOP@Bus?3?5?$CFx?5Device?3?5?$CFx?5Function?3?5?$CFx?5@ 00116ea8     KERNEL:pci.obj
 0002:000008fc       ??_7type_info@@6B@         00116efc     LIBCMT:std_type_info_static.obj
 0002:00000954       ??_R4Control@gui@@6B@      00116f54     Button.obj
 0002:00000968       ??_R3Control@gui@@8        00116f68     Button.obj
 0002:00000978       ??_R2Control@gui@@8        00116f78     Button.obj
 0002:00000980       ??_R1A@?0A@EA@Control@gui@@8 00116f80     Button.obj
 0002:0000099c       ??_R4Button@gui@@6B@       00116f9c     Button.obj
 0002:000009b0       ??_R3Button@gui@@8         00116fb0     Button.obj
 0002:000009c0       ??_R2Button@gui@@8         00116fc0     Button.obj
 0002:000009cc       ??_R1A@?0A@EA@Button@gui@@8 00116fcc     Button.obj
 0002:000009e8       ??_R4Canvas@gui@@6B@       00116fe8     Canvas.obj
 0002:000009fc       ??_R3Canvas@gui@@8         00116ffc     Canvas.obj
 0002:00000a0c       ??_R2Canvas@gui@@8         0011700c     Canvas.obj
 0002:00000a18       ??_R1A@?0A@EA@Canvas@gui@@8 00117018     Canvas.obj
 0002:00000a34       ??_R4Label@gui@@6B@        00117034     Label.obj
 0002:00000a48       ??_R3Label@gui@@8          00117048     Label.obj
 0002:00000a58       ??_R2Label@gui@@8          00117058     Label.obj
 0002:00000a64       ??_R1A@?0A@EA@Label@gui@@8 00117064     Label.obj
 0002:00000a80       ??_R4MyBox@@6B@            00117080     3DGame:MyBox.obj
 0002:00000a94       ??_R3MyBox@@8              00117094     3DGame:MyBox.obj
 0002:00000aa4       ??_R2MyBox@@8              001170a4     3DGame:MyBox.obj
 0002:00000ab0       ??_R1A@?0A@EA@MyBox@@8     001170b0     3DGame:MyBox.obj
 0002:00000acc       ??_R1A@?0A@EA@GameObject@@8 001170cc     3DGame:MyBox.obj
 0002:00000ae8       ??_R3GameObject@@8         001170e8     3DGame:MyBox.obj
 0002:00000af8       ??_R2GameObject@@8         001170f8     3DGame:MyBox.obj
 0002:00000b00       ??_R4Thing@@6B@            00117100     3DGame:Thing.obj
 0002:00000b14       ??_R3Thing@@8              00117114     3DGame:Thing.obj
 0002:00000b24       ??_R2Thing@@8              00117124     3DGame:Thing.obj
 0002:00000b30       ??_R1A@?0A@EA@Thing@@8     00117130     3DGame:Thing.obj
 0002:00000b4c       ??_R4GameObject@@6B@       0011714c     GameEngine:GameObject.obj
 0002:00000b60       ??_R4Camera@@6B@           00117160     GameEngine:Camera.obj
 0002:00000b74       ??_R3Camera@@8             00117174     GameEngine:Camera.obj
 0002:00000b84       ??_R2Camera@@8             00117184     GameEngine:Camera.obj
 0002:00000b90       ??_R1A@?0A@EA@Camera@@8    00117190     GameEngine:Camera.obj
 0002:00000bac       ??_R4Component@@6B@        001171ac     GameEngine:Component.obj
 0002:00000bc0       ??_R3Component@@8          001171c0     GameEngine:Component.obj
 0002:00000bd0       ??_R2Component@@8          001171d0     GameEngine:Component.obj
 0002:00000bd8       ??_R1A@?0A@EA@Component@@8 001171d8     GameEngine:Component.obj
 0002:00000bf4       ??_R4MeshComponent@@6B@    001171f4     GameEngine:MeshComponent.obj
 0002:00000c08       ??_R3MeshComponent@@8      00117208     GameEngine:MeshComponent.obj
 0002:00000c18       ??_R2MeshComponent@@8      00117218     GameEngine:MeshComponent.obj
 0002:00000c28       ??_R1A@?0A@EA@MeshComponent@@8 00117228     GameEngine:MeshComponent.obj
 0002:00000c44       ??_R1M@?0A@EA@IMesh@@8     00117244     GameEngine:MeshComponent.obj
 0002:00000c60       ??_R3IMesh@@8              00117260     GameEngine:MeshComponent.obj
 0002:00000c70       ??_R2IMesh@@8              00117270     GameEngine:MeshComponent.obj
 0002:00000c78       ??_R1A@?0A@EA@IMesh@@8     00117278     GameEngine:MeshComponent.obj
 0002:00000c94       ??_R4Rigidbody@@6B@        00117294     GameEngine:Rigidbody.obj
 0002:00000ca8       ??_R3Rigidbody@@8          001172a8     GameEngine:Rigidbody.obj
 0002:00000cb8       ??_R2Rigidbody@@8          001172b8     GameEngine:Rigidbody.obj
 0002:00000cc4       ??_R1A@?0A@EA@Rigidbody@@8 001172c4     GameEngine:Rigidbody.obj
 0002:00000ce0       ??_R4BoxCollider@@6B@      001172e0     GameEngine:BoxCollider.obj
 0002:00000cf4       ??_R3BoxCollider@@8        001172f4     GameEngine:BoxCollider.obj
 0002:00000d04       ??_R2BoxCollider@@8        00117304     GameEngine:BoxCollider.obj
 0002:00000d10       ??_R1A@?0A@EA@BoxCollider@@8 00117310     GameEngine:BoxCollider.obj
 0002:00000d2c       ??_R1A@?0A@EA@Collider@@8  0011732c     GameEngine:BoxCollider.obj
 0002:00000d48       ??_R3Collider@@8           00117348     GameEngine:BoxCollider.obj
 0002:00000d58       ??_R2Collider@@8           00117358     GameEngine:BoxCollider.obj
 0002:00000d60       ??_R4Collider@@6B@         00117360     GameEngine:Collider.obj
 0002:00000d74       ??_R4type_info@@6B@        00117374     LIBCMT:std_type_info_static.obj
 0002:00000d88       ??_R3type_info@@8          00117388     LIBCMT:std_type_info_static.obj
 0002:00000d98       ??_R2type_info@@8          00117398     LIBCMT:std_type_info_static.obj
 0002:00000da0       ??_R1A@?0A@EA@type_info@@8 001173a0     LIBCMT:std_type_info_static.obj
 0003:00000000       ?cursor_bitmap@gui@@3PAIA  00117600     GUI.obj
 0003:000001c0       ?col_taskbar@gui@@3IA      001177c0     GUI.obj
 0003:000001c4       ?col_desktop_bg@gui@@3IA   001177c4     GUI.obj
 0003:000001c8       ?count@@3HA                001177c8     Mandelbrot.obj
 0003:000001cc       ?col_background@gui@@3IA   001177cc     Window.obj
 0003:000001d0       ?col_foreground@gui@@3IA   001177d0     Window.obj
 0003:000001d4       ?col_title@gui@@3IA        001177d4     Window.obj
 0003:000031e0       ?acc@@3MA                  0011a7e0     3DGame:Thing.obj
 0003:000031e4       ?bound_tex@gl@@3HA         0011a7e4     GL:GL.obj
 0003:000031e8       ?p4@@3MA                   0011a7e8     GameEngine:Engine.obj
 0003:000031ec       ?p5@@3MA                   0011a7ec     GameEngine:Engine.obj
 0003:000031f0       ?__LINE__Var@?0???0Manifold@@QAE@XZ@4JA 0011a7f0     GameEngine:Collision.obj
 0003:000041f8       ?color@Debug@@2IA          0011b7f8     KERNEL:debug.obj
 0003:000041fc       ?bcolor@Debug@@2IA         0011b7fc     KERNEL:debug.obj
 0003:00004200       __fltused                  0011b800     LIBCMT:fltused.obj
 0003:00004204       ??_R0?AVControl@gui@@@8    0011b804     Button.obj
 0003:00004220       ??_R0?AVButton@gui@@@8     0011b820     Button.obj
 0003:0000423c       ??_R0?AVCanvas@gui@@@8     0011b83c     Canvas.obj
 0003:00004258       ??_R0?AVLabel@gui@@@8      0011b858     Label.obj
 0003:00004270       ??_R0?AVMyBox@@@8          0011b870     3DGame:MyBox.obj
 0003:00004284       ??_R0?AVGameObject@@@8     0011b884     3DGame:MyBox.obj
 0003:000042a0       ??_R0?AVThing@@@8          0011b8a0     3DGame:Thing.obj
 0003:000042b4       ??_R0?AVCamera@@@8         0011b8b4     GameEngine:Camera.obj
 0003:000042cc       ??_R0?AVComponent@@@8      0011b8cc     GameEngine:Component.obj
 0003:000042e4       ??_R0?AVMeshComponent@@@8  0011b8e4     GameEngine:MeshComponent.obj
 0003:00004300       ??_R0?AVIMesh@@@8          0011b900     GameEngine:MeshComponent.obj
 0003:00004314       ??_R0?AVRigidbody@@@8      0011b914     GameEngine:Rigidbody.obj
 0003:0000432c       ??_R0?AVBoxCollider@@@8    0011b92c     GameEngine:BoxCollider.obj
 0003:00004348       ??_R0?AVCollider@@@8       0011b948     GameEngine:BoxCollider.obj
 0003:00004360       ??_R0?AVtype_info@@@8      0011b960     LIBCMT:std_type_info_static.obj
 0003:00004380       ?_kernel_stack@@3PADA      0011b980     boot.obj
 0003:00006320       ?bmp_background@gui@@3PAUBMP@@A 0011d920     GUI.obj
 0003:00006324       ?window_count@gui@@3HA     0011d924     GUI.obj
 0003:00006328       ?first_window@gui@@3PAVWindow@1@A 0011d928     GUI.obj
 0003:0000632c       ?last_window@gui@@3PAVWindow@1@A 0011d92c     GUI.obj
 0003:00006330       ?focused_window@gui@@3PAVWindow@1@A 0011d930     GUI.obj
 0003:00006334       ?cursor_x@gui@@3HA         0011d934     GUI.obj
 0003:00006338       ?cursor_y@gui@@3HA         0011d938     GUI.obj
 0003:0000633c       ?mouse_click_L@gui@@3_NA   0011d93c     GUI.obj
 0003:0000633d       ?mouse_click_R@gui@@3_NA   0011d93d     GUI.obj
 0003:0000633e       ?mouse_click_M@gui@@3_NA   0011d93e     GUI.obj
 0003:0000633f       ?window_drag@gui@@3_NA     0011d93f     GUI.obj
 0003:00006340       ?mouse_click_L_info@gui@@3UMOUSE_CLICK_INFO@1@A 0011d940     GUI.obj
 0003:00006360       ?mouse_click_R_info@gui@@3UMOUSE_CLICK_INFO@1@A 0011d960     GUI.obj
 0003:00006380       ?mouse_click_M_info@gui@@3UMOUSE_CLICK_INFO@1@A 0011d980     GUI.obj
 0003:000063a0       ?window_drag_info@gui@@3UWINDOW_DRAG_INFO@1@A 0011d9a0     GUI.obj
 0003:000063ac       ?hover_window@gui@@3PAVWindow@1@A 0011d9ac     GUI.obj
 0003:000063b0       ?hover_control@gui@@3PAVControl@1@A 0011d9b0     GUI.obj
 0003:000063b4       ?gc_taskbar@gui@@3UGC@@A   0011d9b4     GUI.obj
 0003:000063cc       ?gc_background@gui@@3UGC@@A 0011d9cc     GUI.obj
 0003:000063e4       ?gc_cursor@gui@@3UGC@@A    0011d9e4     GUI.obj
 0003:000063fc       ?desc@@3PAUISO_PRIMARYDESC@@A 0011d9fc     iso.obj
 0003:00006400       ?root@@3PAUISO_DIRECTORY@@A 0011da00     iso.obj
 0003:00006404       ?tz@@3UComplex@@A          0011da04     Mandelbrot.obj
 0003:00006410       ?arp_cache@ARP@@0PAUARP_TABLE_ENTRY@@A 0011da10     arp.obj
 0003:00006550       ?dns_server@DNS@@2UIPv4Address@@A 0011db50     dns.obj
 0003:00006558       ?dns_cache@DNS@@0PAUDNS_TABLE_ENTRY@@A 0011db58     dns.obj
 0003:00006758       ?sessions@TCP@@2PAPAVTcpSession@@A 0011dd58     tcp.obj
 0003:000067d8       ?tmp1@apps@@3PAVCanvas@gui@@A 0011ddd8     TextEdit.obj
 0003:000067dc       ?tmp2@apps@@3PAVCanvas@gui@@A 0011dddc     TextEdit.obj
 0003:000067e0       ?gameGC@@3UGC@@A           0011dde0     OS.obj
 0003:000067f8       ?phys@@3PAVRigidbody@@A    0011ddf8     3DGame:Thing.obj
 0003:000067fc       ?vel@@3MA                  0011ddfc     3DGame:Thing.obj
 0003:00006800       ?tex_index@gl@@3HA         0011de00     GL:GL.obj
 0003:00006804       ?light_index@gl@@3HA       0011de04     GL:GL.obj
 0003:00006808       ?mat_mode@gl@@3W4GLMatrixMode@@A 0011de08     GL:GL.obj
 0003:0000680c       ?mat_stack_index@gl@@3HA   0011de0c     GL:GL.obj
 0003:00006810       ?vert_ptr@gl@@3PAUVertex@1@A 0011de10     GL:GL.obj
 0003:00006814       ?m_width@GL@gl@@2IA        0011de14     GL:GL.obj
 0003:00006818       ?m_height@GL@gl@@2IA       0011de18     GL:GL.obj
 0003:0000681c       ?m_stride@GL@gl@@2IA       0011de1c     GL:GL.obj
 0003:00006820       ?m_textures@GL@gl@@2PAPAUBMP@@A 0011de20     GL:GL.obj
 0003:000068a0       ?mat_viewmodel@gl@@3UMatrix4@1@A 0011dea0     GL:GL.obj
 0003:000068e0       ?mat_stack@gl@@3PAUMatrix4@1@A 0011dee0     GL:GL.obj
 0003:000070e0       ?lightsources@gl@@3PAUVector4@1@A 0011e6e0     GL:GL.obj
 0003:00007120       ?gc_out@GL@gl@@2UGC@@A     0011e720     GL:GL.obj
 0003:00007138       ?gc_buf@GL@gl@@2UGC@@A     0011e738     GL:GL.obj
 0003:00007150       ?mat_projection@gl@@3UMatrix4@1@A 0011e750     GL:GL.obj
 0003:00007190       ?depth_buffer@Rasterizer@gl@@2PAMA 0011e790     GL:Rasterizer.obj
 0003:00007194       ?p1@@3HA                   0011e794     GameEngine:Engine.obj
 0003:00007198       ?p2@@3MA                   0011e798     GameEngine:Engine.obj
 0003:0000719c       ?p3@@3MA                   0011e79c     GameEngine:Engine.obj
 0003:000071a0       ?ticks@@3HA                0011e7a0     GameEngine:Engine.obj
 0003:000071a4       ?totalFrames@@3HA          0011e7a4     GameEngine:Engine.obj
 0003:000071a8       ?startTicks@@3HA           0011e7a8     GameEngine:Engine.obj
 0003:000071ac       ?BOOL1@@3_NA               0011e7ac     GameEngine:Engine.obj
 0003:000071b0       ?last_mouse_pos@@3UVector3@@A 0011e7b0     GameEngine:Engine.obj
 0003:000071bc       ?n@@3HA                    0011e7bc     GameEngine:BoxCollider.obj
 0003:000071c0       ?c@@3UVector3@@A           0011e7c0     GameEngine:BoxCollider.obj
 0003:000071cc       ?v@@3UVector3@@A           0011e7cc     GameEngine:BoxCollider.obj
 0003:000071d8       ?d@@3UVector3@@A           0011e7d8     GameEngine:BoxCollider.obj
 0003:000071e4       ?b@@3UVector3@@A           0011e7e4     GameEngine:BoxCollider.obj
 0003:000071f0       ?cols@@3PAUManifold@@A     0011e7f0     GameEngine:Collision.obj
 0003:00008190       ?mem_left@@3HA             0011f790     KERNEL:kernel.obj
 0003:00008194       ?mem_ptr@@3PAEA            0011f794     KERNEL:kernel.obj
 0003:00008198       ?idle_thread@@3PAVThread@@A 0011f798     KERNEL:task.obj
 0003:0000819c       ?current_thread@@3PAVThread@@A 0011f79c     KERNEL:task.obj
 0003:000081a0       ?first_thread@@3PAVThread@@A 0011f7a0     KERNEL:task.obj
 0003:000081a4       ?last_thread@@3PAVThread@@A 0011f7a4     KERNEL:task.obj
 0003:000081a8       ?pit_isr@@3PAXA            0011f7a8     KERNEL:task.obj
 0003:000081ac       ?screenBuffer@@3PAIA       0011f7ac     KERNEL:drawing.obj
 0003:000081b0       ?gc@Drawing@@2UGC@@A       0011f7b0     KERNEL:drawing.obj
 0003:000081c8       ?gc_direct@Drawing@@2UGC@@A 0011f7c8     KERNEL:drawing.obj
 0003:000081e0       ?x@Debug@@2HA              0011f7e0     KERNEL:debug.obj
 0003:000081e4       ?y@Debug@@2HA              0011f7e4     KERNEL:debug.obj
 0003:000081e8       ?x@Mouse@@2HA              0011f7e8     KERNEL:mouse.obj
 0003:000081ec       ?y@Mouse@@2HA              0011f7ec     KERNEL:mouse.obj
 0003:000081f0       ?sensitivity@Mouse@@2MA    0011f7f0     KERNEL:mouse.obj
 0003:000081f4       ?mouse_L@Mouse@@2_NA       0011f7f4     KERNEL:mouse.obj
 0003:000081f5       ?mouse_R@Mouse@@2_NA       0011f7f5     KERNEL:mouse.obj
 0003:000081f6       ?mouse_M@Mouse@@2_NA       0011f7f6     KERNEL:mouse.obj
 0003:000081f7       ?mouse_cycle@Mouse@@0EA    0011f7f7     KERNEL:mouse.obj
 0003:000081f8       ?scroll_x@Mouse@@2HA       0011f7f8     KERNEL:mouse.obj
 0003:000081fc       ?scroll_y@Mouse@@2HA       0011f7fc     KERNEL:mouse.obj
 0003:00008200       ?w@Mouse@@0IA              0011f800     KERNEL:mouse.obj
 0003:00008204       ?h@Mouse@@0IA              0011f804     KERNEL:mouse.obj
 0003:00008208       ?mouse_byte@Mouse@@0PACA   0011f808     KERNEL:mouse.obj
 0003:0000820c       ?initialized@Mouse@@0_NA   0011f80c     KERNEL:mouse.obj
 0003:00008210       ?ticks@PIT@@2IA            0011f810     KERNEL:pit.obj
 0003:00008218       ?ctrl@Keyboard@@2_NA       0011f818     KERNEL:keyboard.obj
 0003:00008219       ?shift@Keyboard@@2_NA      0011f819     KERNEL:keyboard.obj
 0003:0000821a       ?alt@Keyboard@@2_NA        0011f81a     KERNEL:keyboard.obj
 0003:0000821b       ?caps@Keyboard@@2_NA       0011f81b     KERNEL:keyboard.obj
 0003:0000821c       ?num@Keyboard@@2_NA        0011f81c     KERNEL:keyboard.obj
 0003:0000821d       ?scroll@Keyboard@@2_NA     0011f81d     KERNEL:keyboard.obj
 0003:0000821e       ?extended@@3_NA            0011f81e     KERNEL:keyboard.obj
 0003:0000821f       ?scancode@@3EA             0011f81f     KERNEL:keyboard.obj
 0003:00008220       ?keystates@@3PA_NA         0011f820     KERNEL:keyboard.obj
 0003:0000831f       ?scan@@3EA                 0011f91f     KERNEL:keyboard.obj
 0003:00008320       ?last_key@@3UKEY_PACKET@@A 0011f920     KERNEL:keyboard.obj
 0003:0000832c       ?pressed@@3_NA             0011f92c     KERNEL:keyboard.obj
 0003:00008330       ?key@@3W4KEYCODE@@A        0011f930     KERNEL:keyboard.obj
 0003:00008334       ?intf@KNet@@2PAVNetInterface@@A 0011f934     KERNEL:net.obj
 0003:00008338       ?GatewayIPv4@KNet@@2UIPv4Address@@A 0011f938     KERNEL:net.obj
 0003:0000833c       ?GatewayMAC@KNet@@2UMacAddress@@A 0011f93c     KERNEL:net.obj
 0003:00008344       ?BroadcastMAC@KNet@@2UMacAddress@@A 0011f944     KERNEL:net.obj
 0003:0000834c       ?BroadcastIPv4@KNet@@2UIPv4Address@@A 0011f94c     KERNEL:net.obj
 0003:00008350       ?NullMAC@KNet@@2UMacAddress@@A 0011f950     KERNEL:net.obj
 0003:00008358       ?NullIPv4@KNet@@2UIPv4Address@@A 0011f958     KERNEL:net.obj
 0003:0000835c       ?num_blocks@Memory@@2IA    0011f95c     KERNEL:memory.obj
 0003:00008360       ?num_free@Memory@@2IA      0011f960     KERNEL:memory.obj
 0003:00008364       ?mem_size@Memory@@2IA      0011f964     KERNEL:memory.obj
 0003:00008368       ?mem_map@Memory@@0PAIA     0011f968     KERNEL:memory.obj
 0003:00008370       ?mode@VBE@@2UVBE_MODE_INFO@@A 0011f970     KERNEL:vbe.obj
 0003:00008470       ?mem_base@@3PAIA           0011fa70     KERNEL:vbe.obj
 0003:00008474       ?mem_max@@3PAIA            0011fa74     KERNEL:vbe.obj
 0003:00008478       ?mem_size@@3IA             0011fa78     KERNEL:vbe.obj
 0003:0000847c       ?bytes_per_pixel@@3IA      0011fa7c     KERNEL:vbe.obj
 0003:00008480       ?pixel_count@@3IA          0011fa80     KERNEL:vbe.obj
 0003:00008488       ?idt@IDT@@0PAUIDT_DESCRIPTOR@@A 0011fa88     KERNEL:idt.obj
 0003:00008c88       ?idt_reg@IDT@@0UIDT_REG@@A 00120288     KERNEL:idt.obj

 entry point at        0000:00000000

 Static symbols

 0002:fffe9a00       __guard_fids__             00100000     LIBCMT:std_type_info_static.obj
 0001:fffffd08       $LN15                      00100108     GameEngine:Collider.obj
 0001:fffffd18       $LN24                      00100118     GameEngine:Collider.obj
 0001:fffffd24       $LN29                      00100124     GameEngine:Collider.obj
 0001:00000000       ??__Elightsources@gl@@YAXXZ 00100400 f   GL:GL.obj
 0001:00000030       ??__Emat_projection@gl@@YAXXZ 00100430 f   GL:GL.obj
 0001:00000040       ??__Emat_stack@gl@@YAXXZ   00100440 f   GL:GL.obj
 0001:00000070       ??__Emat_viewmodel@gl@@YAXXZ 00100470 f   GL:GL.obj
 0001:00000080       ??__Elast_mouse_pos@@YAXXZ 00100480 f   GameEngine:Engine.obj
 0001:00000090       ??__Eb@@YAXXZ              00100490 f   GameEngine:BoxCollider.obj
 0001:000000a0       ??__Ec@@YAXXZ              001004a0 f   GameEngine:BoxCollider.obj
 0001:000000b0       ??__Ed@@YAXXZ              001004b0 f   GameEngine:BoxCollider.obj
 0001:000000c0       ??__Ev@@YAXXZ              001004c0 f   GameEngine:BoxCollider.obj
 0001:000000d0       ??__Ecols@@YAXXZ           001004d0 f   GameEngine:Collision.obj
 0001:00000298       $LN11                      00100698     Button.obj
 0001:00003258       $LN28                      00103658     tcpsession.obj
 0001:00003ff0       $LN46                      001043f0     Window.obj
 0001:0000c7e4       $LN29                      0010cbe4     GameEngine:BoxCollider.obj
 0001:0000c9b8       $LN15                      0010cdb8     GameEngine:BoxCollider.obj
 0001:0000cae8       $LN24                      0010cee8     GameEngine:BoxCollider.obj
 0001:0000d8e8       $LN70                      0010dce8     GameEngine:BoxCollider.obj
 0001:000125a8       $LN49                      001129a8     Lib:stdio.obj
 0001:000125c4       $LN44                      001129c4     Lib:stdio.obj
 0001:00013c48       $LN28                      00114048     KERNEL:debug.obj
 0001:00013e64       $LN22                      00114264     KERNEL:debug.obj
 0001:00014a90       $LN64                      00114e90     KERNEL:keyboard.obj
 0001:00014aa4       $LN61                      00114ea4     KERNEL:keyboard.obj
 0001:00014ab0       $LN65                      00114eb0     KERNEL:keyboard.obj
 0001:00014ae0       $LN66                      00114ee0     KERNEL:keyboard.obj
 0001:00014b08       $LN67                      00114f08     KERNEL:keyboard.obj
 0001:00014b40       $LN62                      00114f40     KERNEL:keyboard.obj
 0002:00000548       ?scancodes@@3QBW4KEYCODE@@B 00116b48     KERNEL:keyboard.obj
 0003:000001d8       ?new_id@gui@@3HA           001177d8     Window.obj
 0003:000001e0       ?DEFAULT_FONT@@3PAEA       001177e0     3DGame:3DGame.obj
 0003:000011e0       ?DEFAULT_FONT@@3PAEA       001187e0     3DGame:MyBox.obj
 0003:000021e0       ?DEFAULT_FONT@@3PAEA       001197e0     3DGame:Thing.obj
 0003:000031f4       ?next@@3KA                 0011a7f4     Lib:math.obj
 0003:000031f8       ?DEFAULT_FONT@@3PAEA       0011a7f8     KERNEL:drawing.obj
 0004:00000000       ?lightsources$initializer$@gl@@3P6AXXZA 00120400     GL:GL.obj
 0004:00000004       ?mat_projection$initializer$@gl@@3P6AXXZA 00120404     GL:GL.obj
 0004:00000008       ?mat_viewmodel$initializer$@gl@@3P6AXXZA 00120408     GL:GL.obj
 0004:0000000c       ?mat_stack$initializer$@gl@@3P6AXXZA 0012040c     GL:GL.obj
 0004:00000010       ?last_mouse_pos$initializer$@@3P6AXXZA 00120410     GameEngine:Engine.obj
 0004:00000014       ?v$initializer$@@3P6AXXZA  00120414     GameEngine:BoxCollider.obj
 0004:00000018       ?c$initializer$@@3P6AXXZA  00120418     GameEngine:BoxCollider.obj
 0004:0000001c       ?b$initializer$@@3P6AXXZA  0012041c     GameEngine:BoxCollider.obj
 0004:00000020       ?d$initializer$@@3P6AXXZA  00120420     GameEngine:BoxCollider.obj
 0004:00000024       ?cols$initializer$@@3P6AXXZA 00120424     GameEngine:Collision.obj
