 AndyOS

 Timestamp is 59e203b6 (Sat Oct 14 14:31:50 2017)

 Preferred load address is 00100000

 Start         Length     Name                   Class
 0001:00000000 00007f75H .text$mn                CODE
 0002:00000000 00000000H .gfids$y                DATA
 0002:00000000 00000654H .rdata                  DATA
 0002:00000654 000000dcH .rdata$r                DATA
 0002:00000730 00000000H .edata                  DATA
 0002:00000730 00000100H .rdata$zzzdbg           DATA
 0003:00000000 000011ecH .data                   DATA
 0003:000011ec 00000054H .data$r                 DATA
 0003:00001240 00002f46H .bss                    DATA

  Address         Publics by Value              Rva+Base       Lib:Object

 0000:00000000       ___guard_longjmp_count     00000000     <absolute>
 0000:00000000       ___hybrid_code_map         00000000     <absolute>
 0000:00000000       ___hybrid_code_map_count   00000000     <absolute>
 0000:00000000       ___guard_flags             00000000     <absolute>
 0000:00000000       ___safe_se_handler_table   00000000     <absolute>
 0000:00000000       ___guard_fids_count        00000000     <absolute>
 0000:00000000       ___safe_se_handler_count   00000000     <absolute>
 0000:00000000       ___hybrid_auxiliary_iat    00000000     <absolute>
 0000:00000000       ___guard_longjmp_table     00000000     <absolute>
 0000:00000000       ___enclave_config          00000000     <absolute>
 0000:00000000       ___guard_iat_table         00000000     <absolute>
 0000:00000000       ___dynamic_value_reloc_table 00000000     <absolute>
 0000:00000000       ___guard_iat_count         00000000     <absolute>
 0000:00000000       ___guard_fids_table        00000000     <absolute>
 0001:00000000       ?OSBoot@@YAXPAUMULTIBOOT_HEADER@@@Z 00100400 f   boot.obj
 0001:00000050       ?ReadFile@FileSystem@@SAIPADAAPAD@Z 00100450 f   FileSystem.obj
 0001:00000060       ?Contains@Rect@@QAE_NHH@Z  00100460 f i GUI.obj
 0001:000000a0       ?CreateWindow@WindowManager@gui@@SAPAVWindow@2@PAD@Z 001004a0 f   GUI.obj
 0001:00000120       ?GetWindowAtCursor@WindowManager@gui@@CAPAVWindow@2@XZ 00100520 f   GUI.obj
 0001:00000170       ?HandleMouseInput@WindowManager@gui@@CAXXZ 00100570 f   GUI.obj
 0001:000003a0       ?Init@WindowManager@gui@@SAIXZ 001007a0 f   GUI.obj
 0001:000004a0       ?PaintBackground@WindowManager@gui@@CAXXZ 001008a0 f   GUI.obj
 0001:00000540       ?PaintCursor@WindowManager@gui@@CAXXZ 00100940 f   GUI.obj
 0001:00000600       ?PaintTaskbar@WindowManager@gui@@CAXXZ 00100a00 f   GUI.obj
 0001:000006a0       ?PaintWindows@WindowManager@gui@@CAXXZ 00100aa0 f   GUI.obj
 0001:00000710       ?SetFocusedWindow@WindowManager@gui@@CAXPAVWindow@2@@Z 00100b10 f   GUI.obj
 0001:000007f0       ?Start@WindowManager@gui@@SAXXZ 00100bf0 f   GUI.obj
 0001:00000810       ?UpdateLoop@WindowManager@gui@@CAXXZ 00100c10 f   GUI.obj
 0001:00000ae0       ?FindFile@ISO_FS@@SAPAUISO_DIRECTORY@@PAD@Z 00100ee0 f   iso.obj
 0001:00000bb0       ?Init@ISO_FS@@SAIXZ        00100fb0 f   iso.obj
 0001:00000c20       ?ListFiles@ISO_FS@@SAHPAD@Z 00101020 f   iso.obj
 0001:00000cc0       ?ReadFile@ISO_FS@@SAIPADAAPAD@Z 001010c0 f   iso.obj
 0001:00000db0       ?ReadFile@ISO_FS@@SAIPAUISO_DIRECTORY@@AAPAD@Z 001011b0 f   iso.obj
 0001:00000de0       ??0Label@gui@@QAE@XZ       001011e0 f   Label.obj
 0001:00000e20       ?Paint@Control@gui@@UAEXXZ 00101220 f i Label.obj
 0001:00000e30       ?Paint@Label@gui@@UAEXXZ   00101230 f   Label.obj
 0001:00000e60       ?Create@Mandelbrot@@SAXHH@Z 00101260 f   Mandelbrot.obj
 0001:00001290       ?stuff@@YAXXZ              00101690 f   Mandelbrot.obj
 0001:00001310       ?AddEntry@ARP@@SAXUMacAddress@@UIPv4Address@@@Z 00101710 f   arp.obj
 0001:000013a0       ?Decode@ARP@@SA_NPAUARP_Header@@PAUNetPacket@@@Z 001017a0 f   arp.obj
 0001:00001410       ?Init@ARP@@SAIXZ           00101810 f   arp.obj
 0001:00001470       ?LookupMac@ARP@@SA?AUMacAddress@@UIPv4Address@@@Z 00101870 f   arp.obj
 0001:000014f0       ?Receive@ARP@@SAXPAVNetInterface@@PAUNetPacket@@@Z 001018f0 f   arp.obj
 0001:00001630       ?Send@ARP@@SAXPAVNetInterface@@UMacAddress@@UIPv4Address@@G@Z 00101a30 f   arp.obj
 0001:000016f0       ?SendReply@ARP@@CAXPAVNetInterface@@PAUARP_Header@@@Z 00101af0 f   arp.obj
 0001:00001730       ?SendRequest@ARP@@SAXPAVNetInterface@@UIPv4Address@@@Z 00101b30 f   arp.obj
 0001:00001770       ?DoStuff@DHCP@@SAXPAVNetInterface@@UIPv4Address@@@Z 00101b70 f   dhcp.obj
 0001:00001850       ?Receive@DHCP@@SAXPAVNetInterface@@PAUIPv4_Header@@PAUUDP_Packet@@PAUNetPacket@@@Z 00101c50 f   dhcp.obj
 0001:00001860       ?AddEntry@DNS@@SAXPADUIPv4Address@@@Z 00101c60 f   dns.obj
 0001:000018e0       ?AppendDomain@DNS@@CAPAEPAEPAD@Z 00101ce0 f   dns.obj
 0001:00001940       ?Decode@DNS@@SA_NPAUDNS_Packet@@PAUUDP_Packet@@@Z 00101d40 f   dns.obj
 0001:000019c0       ?Init@DNS@@SAIXZ           00101dc0 f   dns.obj
 0001:00001a00       ?LookupAddress@DNS@@SA?AUIPv4Address@@PAD@Z 00101e00 f   dns.obj
 0001:00001a40       ?ParseAnswer@DNS@@CAPAEPAUDNS_Answer@@PAE@Z 00101e40 f   dns.obj
 0001:00001aa0       ?ParseDomain@DNS@@CAPAEPADPAE@Z 00101ea0 f   dns.obj
 0001:00001ae0       ?Query@DNS@@SAXPAVNetInterface@@PAD@Z 00101ee0 f   dns.obj
 0001:00001bc0       ?Receive@DNS@@SAXPAVNetInterface@@PAUIPv4_Header@@PAUUDP_Packet@@PAUNetPacket@@@Z 00101fc0 f   dns.obj
 0001:00001d20       ?CreatePacket@Eth@@SAPAUNetPacket@@PAVNetInterface@@UMacAddress@@GI@Z 00102120 f   eth.obj
 0001:00001d90       ?Decode@Eth@@SA_NPAUEthPacket@@PAUNetPacket@@@Z 00102190 f   eth.obj
 0001:00001e10       ?Receive@Eth@@SAXPAVNetInterface@@PAUNetPacket@@@Z 00102210 f   eth.obj
 0001:00001eb0       ?Send@Eth@@SAXPAVNetInterface@@PAUNetPacket@@@Z 001022b0 f   eth.obj
 0001:00001ec0       ??0WebClient@@QAE@XZ       001022c0 f   http.obj
 0001:00001ed0       ?Download@WebClient@@QAEHVString@std@@AAPAE@Z 001022d0 f   http.obj
 0001:00001ef0       ?Send@WebClient@@QAEXVString@std@@PAEI@Z 001022f0 f   http.obj
 0001:00001f80       ?Decode@ICMP@@SA_NPAUICMP_Packet@@PAUNetPacket@@@Z 00102380 f   icmp.obj
 0001:00001ff0       ?Receive@ICMP@@SAXPAVNetInterface@@PAUIPv4_Header@@PAUNetPacket@@@Z 001023f0 f   icmp.obj
 0001:00002040       ?Send@ICMP@@SAXPAVNetInterface@@PAUICMP_Packet@@UIPv4Address@@E@Z 00102440 f   icmp.obj
 0001:000020e0       ?SendReply@ICMP@@SAXPAVNetInterface@@PAUICMP_Packet@@UIPv4Address@@@Z 001024e0 f   icmp.obj
 0001:00002170       ?CreatePacket@IPv4@@SAPAUNetPacket@@PAVNetInterface@@UIPv4Address@@EI@Z 00102570 f   ipv4.obj
 0001:000022f0       ?Decode@IPv4@@SA_NPAUIPv4_Header@@PAUNetPacket@@@Z 001026f0 f   ipv4.obj
 0001:00002360       ?Receive@IPv4@@SAXPAVNetInterface@@PAUEthPacket@@PAUNetPacket@@@Z 00102760 f   ipv4.obj
 0001:00002460       ?Send@IPv4@@SAXPAVNetInterface@@PAUNetPacket@@@Z 00102860 f   ipv4.obj
 0001:00002470       ?Init@Net@@SAIXZ           00102870 f   net.obj
 0001:00002480       ?NetEthReceive@@YAXPAVNetInterface@@PAUNetPacket@@@Z 00102880 f   net.obj
 0001:00002490       ?CreatePacket@TCP@@SAPAUNetPacket@@PAVNetInterface@@UIPv4Address@@GGEIIPAEI@Z 00102890 f   tcp.obj
 0001:00002580       ?CreateSession@TCP@@SAPAVTcpSession@@XZ 00102980 f   tcp.obj
 0001:000025c0       ?Decode@TCP@@SA_NPAUTCP_Packet@@PAUNetPacket@@@Z 001029c0 f   tcp.obj
 0001:00002670       ?Receive@TCP@@SAXPAVNetInterface@@PAUIPv4_Header@@PAUNetPacket@@@Z 00102a70 f   tcp.obj
 0001:00002770       ?Send@TCP@@SAXPAVNetInterface@@PAUNetPacket@@@Z 00102b70 f   tcp.obj
 0001:00002780       ??0TcpSession@@QAE@XZ      00102b80 f   tcpsession.obj
 0001:000027a0       ?Close@TcpSession@@QAEXXZ  00102ba0 f   tcpsession.obj
 0001:000028a0       ?Connect@TcpSession@@QAEXUIPv4Address@@G@Z 00102ca0 f   tcpsession.obj
 0001:00002a20       ?Listen@TcpSession@@QAEXG@Z 00102e20 f   tcpsession.obj
 0001:00002a50       ?Receive@TcpSession@@QAEXPAUIPv4_Header@@PAUTCP_Packet@@@Z 00102e50 f   tcpsession.obj
 0001:00002be0       ?ReceivedData@TcpSession@@QAEXPAUIPv4_Header@@PAUTCP_Packet@@@Z 00102fe0 f   tcpsession.obj
 0001:00002c40       ?Reset@TcpSession@@AAEXXZ  00103040 f   tcpsession.obj
 0001:00002c60       ?Send@TcpSession@@AAE_NEPAEI@Z 00103060 f   tcpsession.obj
 0001:00002cb0       ?SendData@TcpSession@@QAE_NPAEI@Z 001030b0 f   tcpsession.obj
 0001:00002d00       ??0TcpSocket@@QAE@XZ       00103100 f   tcpsocket.obj
 0001:00002d10       ?Close@TcpSocket@@QAE_NXZ  00103110 f   tcpsocket.obj
 0001:00002d30       ?Connect@TcpSocket@@QAE_NUIPv4Address@@G@Z 00103130 f   tcpsocket.obj
 0001:00002d60       ?Listen@TcpSocket@@QAE_NG@Z 00103160 f   tcpsocket.obj
 0001:00002d90       ?Send@TcpSocket@@QAE_NPAEI@Z 00103190 f   tcpsocket.obj
 0001:00002dc0       ?RunTextEdit@apps@@YAXXZ   001031c0 f   TextEdit.obj
 0001:00002e10       ?CreatePacket@UDP@@SAPAUNetPacket@@PAVNetInterface@@UIPv4Address@@GGPAEI@Z 00103210 f   udp.obj
 0001:00002ed0       ?Decode@UDP@@SA_NPAUUDP_Packet@@PAUNetPacket@@@Z 001032d0 f   udp.obj
 0001:00002f40       ?Receive@UDP@@SAXPAVNetInterface@@PAUIPv4_Header@@PAUNetPacket@@@Z 00103340 f   udp.obj
 0001:00002ff0       ?Send@UDP@@SAXPAVNetInterface@@PAUNetPacket@@@Z 001033f0 f   udp.obj
 0001:00003000       ??0UdpSocket@@QAE@G@Z      00103400 f   udpsocket.obj
 0001:00003020       ??1UdpSocket@@QAE@XZ       00103420 f   udpsocket.obj
 0001:00003030       ?Receive@UdpSocket@@QAEHAAPAE@Z 00103430 f   udpsocket.obj
 0001:00003040       ?Send@UdpSocket@@QAEXUIPv4Address@@PAEG@Z 00103440 f   udpsocket.obj
 0001:00003080       ??_H@YGXPAXIIP6EPAX0@Z@Z   00103480 f i OS.obj
 0001:000030b0       ?Main@OS@@SAXXZ            001034b0 f   OS.obj
 0001:000030e0       ?ThrowException@OS@@SAXPAD0@Z 001034e0 f   OS.obj
 0001:000030f0       ?Add@?$List@VString@std@@@std@@QAEXVString@2@@Z 001034f0 f i string.obj
 0001:000031f0       ?Split@String@std@@QAEXAAV?$List@VString@std@@@2@D@Z 001035f0 f   string.obj
 0001:00003330       ??0Window@gui@@QAE@XZ      00103730 f   Window.obj
 0001:00003450       ?AddControl@Window@gui@@QAEXPAVControl@2@@Z 00103850 f   Window.obj
 0001:00003530       ?GetControlAt@Window@gui@@QAEPAVControl@2@HH@Z 00103930 f   Window.obj
 0001:00003590       ?Paint@Window@gui@@QAEXXZ  00103990 f   Window.obj
 0001:00003680       ?PaintControls@Window@gui@@AAEXXZ 00103a80 f   Window.obj
 0001:000036a0       ?PaintWindow@Window@gui@@AAEXXZ 00103aa0 f   Window.obj
 0001:00003770       ?SetFocus@Window@gui@@QAEX_N@Z 00103b70 f   Window.obj
 0001:00003790       ?SetState@Window@gui@@QAEXW4WINDOW_STATE@2@@Z 00103b90 f   Window.obj
 0001:000037e0       ?memcmp@@YAHPBX0I@Z        00103be0 f   Lib:string.obj
 0001:00003820       ?memcpy@@YAPAXPAX0I@Z      00103c20 f   Lib:string.obj
 0001:00003850       ?memcpy_fast_128@@YAXPAX0I@Z 00103c50 f   Lib:string.obj
 0001:000038d0       ?memset16@@YAPAXPAXGI@Z    00103cd0 f   Lib:string.obj
 0001:000038f0       ?memset32@@YAPAXPAXII@Z    00103cf0 f   Lib:string.obj
 0001:00003910       ?memset_fast_128@@YAPAXPAXII@Z 00103d10 f   Lib:string.obj
 0001:00003990       ?strcat@@YAPADPADPBD@Z     00103d90 f   Lib:string.obj
 0001:000039c0       ?strcmp@@YAIPBD0@Z         00103dc0 f   Lib:string.obj
 0001:00003a10       ?strcpy@@YAPADPADPBD@Z     00103e10 f   Lib:string.obj
 0001:00003a30       ?strlen@@YAIPBD@Z          00103e30 f   Lib:string.obj
 0001:00003a50       ?strncat@@YAPADPADPBDH@Z   00103e50 f   Lib:string.obj
 0001:00003a90       _memset                    00103e90 f   Lib:string.obj
 0001:00003ab0       ?acos@@YAMM@Z              00103eb0 f   Lib:math.obj
 0001:00003b10       ?asin@@YAMM@Z              00103f10 f   Lib:math.obj
 0001:00003b70       ?atan2@@YAMMM@Z            00103f70 f   Lib:math.obj
 0001:00003c70       ?atan@@YAMM@Z              00104070 f   Lib:math.obj
 0001:00003ca0       ?ceil@@YAHM@Z              001040a0 f   Lib:math.obj
 0001:00003cc0       ?cos@@YAMM@Z               001040c0 f   Lib:math.obj
 0001:00003ce0       ?fact@@YAMM@Z              001040e0 f   Lib:math.obj
 0001:00003d20       ?floor@@YAHM@Z             00104120 f   Lib:math.obj
 0001:00003d40       ?log10@@YAMM@Z             00104140 f   Lib:math.obj
 0001:00003d60       ?log2@@YAMM@Z              00104160 f   Lib:math.obj
 0001:00003d80       ?log@@YAMM@Z               00104180 f   Lib:math.obj
 0001:00003da0       ?logn@@YAMMM@Z             001041a0 f   Lib:math.obj
 0001:00003dd0       ?pow@@YAMMH@Z              001041d0 f   Lib:math.obj
 0001:00003eb0       ?rand@@YAIXZ               001042b0 f   Lib:math.obj
 0001:00003ed0       ?round@@YAHM@Z             001042d0 f   Lib:math.obj
 0001:00003ef0       ?sin@@YAMM@Z               001042f0 f   Lib:math.obj
 0001:00003f10       ?sqrt@@YAMM@Z              00104310 f   Lib:math.obj
 0001:00003f30       ?srand@@YAXI@Z             00104330 f   Lib:math.obj
 0001:00003f40       ?tan@@YAMM@Z               00104340 f   Lib:math.obj
 0001:00003f70       ??2@YAPAXI@Z               00104370 f   KERNEL:kernel.obj
 0001:00003fc0       ??3@YAXPAX@Z               001043c0 f   KERNEL:kernel.obj
 0001:00003fe0       ??_U@YAPAXI@Z              001043e0 f   KERNEL:kernel.obj
 0001:00004070       ??_V@YAXPAX@Z              00104470 f   KERNEL:kernel.obj
 0001:00004080       ?Init@Kernel@@SAXPAUMULTIBOOT_INFO@@@Z 00104480 f   KERNEL:kernel.obj
 0001:00004120       ?CreateThread@Task@@SAPAVThread@@PAX@Z 00104520 f   KERNEL:task.obj
 0001:000041c0       ?Idle@Task@@CAXXZ          001045c0 f   KERNEL:task.obj
 0001:000041d0       ?Init@Task@@SAIXZ          001045d0 f   KERNEL:task.obj
 0001:000042d0       ?InsertThread@Task@@SAXPAVThread@@@Z 001046d0 f   KERNEL:task.obj
 0001:00004310       ?Schedule@Task@@CAXXZ      00104710 f   KERNEL:task.obj
 0001:00004330       ?StartThreading@Task@@SAXXZ 00104730 f   KERNEL:task.obj
 0001:00004370       ?Task_ISR@Task@@CAXXZ      00104770 f   KERNEL:task.obj
 0001:000043b0       ?BitBlt@Drawing@@SAXUGC@@HHHH0HH_N@Z 001047b0 f   KERNEL:drawing.obj
 0001:000045f0       ?BlendAlpha@Drawing@@CAIII@Z 001049f0 f i KERNEL:drawing.obj
 0001:000046b0       ?Clear@Drawing@@SAXIUGC@@@Z 00104ab0 f   KERNEL:drawing.obj
 0001:000046e0       ?Draw@Drawing@@SAXUGC@@@Z  00104ae0 f   KERNEL:drawing.obj
 0001:00004710       ?DrawBezierCube@Drawing@@SAXPAUPoint@@HUGC@@@Z 00104b10 f   KERNEL:drawing.obj
 0001:00004970       ?DrawBezierQuad@Drawing@@SAXPAUPoint@@HUGC@@@Z 00104d70 f   KERNEL:drawing.obj
 0001:00004b10       ?DrawImage@Drawing@@SAXHHHHPAUBMP@@UGC@@@Z 00104f10 f   KERNEL:drawing.obj
 0001:00004c10       ?DrawLine@Drawing@@SAXHHHHIUGC@@@Z 00105010 f   KERNEL:drawing.obj
 0001:00004d40       ?DrawRect@Drawing@@SAXHHHHHIUGC@@@Z 00105140 f   KERNEL:drawing.obj
 0001:00004e10       ?DrawText@Drawing@@SAXHHPADIIUGC@@@Z 00105210 f   KERNEL:drawing.obj
 0001:00004f20       ?DrawText@Drawing@@SAXHHPADIUGC@@@Z 00105320 f   KERNEL:drawing.obj
 0001:00004ff0       ?FillRect@Drawing@@SAXHHHHIUGC@@@Z 001053f0 f   KERNEL:drawing.obj
 0001:000050a0       ?Init@Drawing@@SAIHHPAI@Z  001054a0 f   KERNEL:drawing.obj
 0001:00005130       ?SetPixel@Drawing@@SAXHHIUGC@@@Z 00105530 f   KERNEL:drawing.obj
 0001:00005180       ?Clear@Debug@@SAXI@Z       00105580 f   KERNEL:debug.obj
 0001:000051a0       ?Dump@Debug@@SAXPAXH_N@Z   001055a0 f   KERNEL:debug.obj
 0001:00005300       ?Print@Debug@@SAXPADZZ     00105700 f   KERNEL:debug.obj
 0001:000054e0       ?Putc@Debug@@SAXD_N@Z      001058e0 f   KERNEL:debug.obj
 0001:00005680       ?Init@Mouse@@SAIIIM@Z      00105a80 f   KERNEL:mouse.obj
 0001:00005970       ?MouseRead@Mouse@@CAEXZ    00105d70 f   KERNEL:mouse.obj
 0001:000059a0       ?MouseWait@Mouse@@CAXE@Z   00105da0 f   KERNEL:mouse.obj
 0001:000059e0       ?MouseWrite@Mouse@@CAXE@Z  00105de0 f   KERNEL:mouse.obj
 0001:00005a40       ?Mouse_ISR@Mouse@@CAXXZ    00105e40 f   KERNEL:mouse.obj
 0001:00005b80       ?Init@PIT@@SAIXZ           00105f80 f   KERNEL:pit.obj
 0001:00005bc0       ?PIT_ISR@PIT@@CAXXZ        00105fc0 f   KERNEL:pit.obj
 0001:00005bd0       ?ReadData@PIT@@CAEE@Z      00105fd0 f   KERNEL:pit.obj
 0001:00005c00       ?SendData@PIT@@CAXGE@Z     00106000 f   KERNEL:pit.obj
 0001:00005c40       ?Sleep@PIT@@SAXI@Z         00106040 f   KERNEL:pit.obj
 0001:00005c60       ?Start@PIT@@CAIXZ          00106060 f   KERNEL:pit.obj
 0001:00005ca0       ?ATA_Interrupt@ATA@@CAXXZ  001060a0 f   KERNEL:ata.obj
 0001:00005cb0       ?Init@ATA@@SAIXZ           001060b0 f   KERNEL:ata.obj
 0001:00005ce0       ?Read@ATA@@SAIHHHAAPADH@Z  001060e0 f   KERNEL:ata.obj
 0001:00005ef0       ?ReadSector@ATA@@CAIHHHPAD@Z 001062f0 f   KERNEL:ata.obj
 0001:000060a0       ?DecodeAscii@Keyboard@@CAXAAUKEY_PACKET@@@Z 001064a0 f   KERNEL:keyboard.obj
 0001:00006370       ?DiscardLastKey@Keyboard@@SAXXZ 00106770 f   KERNEL:keyboard.obj
 0001:00006380       ?GetKeyDown@Keyboard@@SA_NW4KEYCODE@@@Z 00106780 f   KERNEL:keyboard.obj
 0001:00006390       ?GetLastKey@Keyboard@@SA?AUKEY_PACKET@@XZ 00106790 f   KERNEL:keyboard.obj
 0001:000063b0       ?Init@Keyboard@@SAIXZ      001067b0 f   KERNEL:keyboard.obj
 0001:000063d0       ?Keyboard_ISR@Keyboard@@CAXXZ 001067d0 f   KERNEL:keyboard.obj
 0001:000065c0       ?Checksum@KNet@@SAGPAXH@Z  001069c0 f   KERNEL:net.obj
 0001:00006640       ?ChecksumDouble@KNet@@SAGPAXH0H@Z 00106a40 f   KERNEL:net.obj
 0001:00006720       ?Init@KNet@@SAIXZ          00106b20 f   KERNEL:net.obj
 0001:00006780       ?PrintIP@KNet@@SAXPADUIPv4Address@@@Z 00106b80 f   KERNEL:net.obj
 0001:000067c0       ?PrintMac@KNet@@SAXPADUMacAddress@@@Z 00106bc0 f   KERNEL:net.obj
 0001:00006810       ?htonl@@YAII@Z             00106c10 f   KERNEL:net.obj
 0001:00006820       ?htons@@YAGG@Z             00106c20 f   KERNEL:net.obj
 0001:00006840       ?ntohl@@YAII@Z             00106c40 f   KERNEL:net.obj
 0001:00006850       ?ntohs@@YAGG@Z             00106c50 f   KERNEL:net.obj
 0001:00006870       ?KernelPanic@Panic@@SAXPAD0@Z 00106c70 f   KERNEL:panic.obj
 0001:00006910       ?AllocBlocks@Memory@@SAPAXI@Z 00106d10 f   KERNEL:memory.obj
 0001:00006a40       ?DeInitRegion@Memory@@SAXPAXI@Z 00106e40 f   KERNEL:memory.obj
 0001:00006a90       ?FirstFree@Memory@@CAIXZ   00106e90 f   KERNEL:memory.obj
 0001:00006ad0       ?FirstFreeNum@Memory@@CAII@Z 00106ed0 f   KERNEL:memory.obj
 0001:00006bc0       ?FreeBlocks@Memory@@SAXPAXI@Z 00106fc0 f   KERNEL:memory.obj
 0001:00006c20       ?Init@Memory@@SAIIPAI@Z    00107020 f   KERNEL:memory.obj
 0001:00006ca0       ?InitRegion@Memory@@SAXPAXI@Z 001070a0 f   KERNEL:memory.obj
 0001:00006cf0       ?EnableFPU@CPU@@CAIXZ      001070f0 f   KERNEL:cpu.obj
 0001:00006d10       ?EnableSSE@CPU@@CAIXZ      00107110 f   KERNEL:cpu.obj
 0001:00006d40       ?Init@CPU@@SAIXZ           00107140 f   KERNEL:cpu.obj
 0001:00006d70       ?Init@VBE@@SAIPAUVBE_MODE_INFO@@@Z 00107170 f   KERNEL:vbe.obj
 0001:00006de0       ?Init@HAL@@SAIXZ           001071e0 f   KERNEL:hal.obj
 0001:00006e10       ?inb@@YAEG@Z               00107210 f   KERNEL:hal.obj
 0001:00006e30       ?inl@@YAIG@Z               00107230 f   KERNEL:hal.obj
 0001:00006e50       ?inw@@YAGG@Z               00107250 f   KERNEL:hal.obj
 0001:00006e70       ?outb@@YAXGE@Z             00107270 f   KERNEL:hal.obj
 0001:00006e80       ?outl@@YAXGI@Z             00107280 f   KERNEL:hal.obj
 0001:00006e90       ?outw@@YAXGG@Z             00107290 f   KERNEL:hal.obj
 0001:00006ea0       ?DefaultISR@Exceptions@@SAXXZ 001072a0 f   KERNEL:exceptions.obj
 0001:00006ec0       ?ISR0@Exceptions@@CAXXZ    001072c0 f   KERNEL:exceptions.obj
 0001:00006ee0       ?ISR10@Exceptions@@CAXXZ   001072e0 f   KERNEL:exceptions.obj
 0001:00006f00       ?ISR11@Exceptions@@CAXXZ   00107300 f   KERNEL:exceptions.obj
 0001:00006f20       ?ISR12@Exceptions@@CAXXZ   00107320 f   KERNEL:exceptions.obj
 0001:00006f40       ?ISR13@Exceptions@@CAXXZ   00107340 f   KERNEL:exceptions.obj
 0001:00006f60       ?ISR14@Exceptions@@CAXXZ   00107360 f   KERNEL:exceptions.obj
 0001:00006f80       ?ISR15@Exceptions@@CAXXZ   00107380 f   KERNEL:exceptions.obj
 0001:00006fa0       ?ISR16@Exceptions@@CAXXZ   001073a0 f   KERNEL:exceptions.obj
 0001:00006fc0       ?ISR17@Exceptions@@CAXXZ   001073c0 f   KERNEL:exceptions.obj
 0001:00006fe0       ?ISR18@Exceptions@@CAXXZ   001073e0 f   KERNEL:exceptions.obj
 0001:00007000       ?ISR19@Exceptions@@CAXXZ   00107400 f   KERNEL:exceptions.obj
 0001:00007020       ?ISR1@Exceptions@@CAXXZ    00107420 f   KERNEL:exceptions.obj
 0001:00007040       ?ISR2@Exceptions@@CAXXZ    00107440 f   KERNEL:exceptions.obj
 0001:00007060       ?ISR3@Exceptions@@CAXXZ    00107460 f   KERNEL:exceptions.obj
 0001:00007080       ?ISR4@Exceptions@@CAXXZ    00107480 f   KERNEL:exceptions.obj
 0001:000070a0       ?ISR5@Exceptions@@CAXXZ    001074a0 f   KERNEL:exceptions.obj
 0001:000070c0       ?ISR6@Exceptions@@CAXIII@Z 001074c0 f   KERNEL:exceptions.obj
 0001:00007140       ?ISR7@Exceptions@@CAXXZ    00107540 f   KERNEL:exceptions.obj
 0001:00007160       ?ISR8@Exceptions@@CAXXZ    00107560 f   KERNEL:exceptions.obj
 0001:00007180       ?ISR9@Exceptions@@CAXXZ    00107580 f   KERNEL:exceptions.obj
 0001:000071a0       ?Init@Exceptions@@SAIXZ    001075a0 f   KERNEL:exceptions.obj
 0001:000072a0       ?Create@PCI@@CAPAUPCI_DEVICE@@EEE@Z 001076a0 f   KERNEL:pci.obj
 0001:00007360       ?GetDevice@PCI@@SAPAUPCI_DEVICE@@HHH@Z 00107760 f   KERNEL:pci.obj
 0001:00007510       ?Init@PCI@@SAIXZ           00107910 f   KERNEL:pci.obj
 0001:00007520       ?Read@PCI@@CAIEEEEE@Z      00107920 f   KERNEL:pci.obj
 0001:00007590       ?printdev@@YAXPAUPCI_DEVICE@@@Z 00107990 f   KERNEL:pci.obj
 0001:000075d0       ?EmptyISR@IDT@@SAXXZ       001079d0 f   KERNEL:idt.obj
 0001:000075e0       ?GetIR@IDT@@SAPAUIDT_DESCRIPTOR@@I@Z 001079e0 f   KERNEL:idt.obj
 0001:000075f0       ?GetVect@IDT@@SAP6AXXZH@Z  001079f0 f   KERNEL:idt.obj
 0001:00007620       ?Init@IDT@@SAIXZ           00107a20 f   KERNEL:idt.obj
 0001:00007690       ?SetISR@IDT@@SAIIP6AXXZ@Z  00107a90 f   KERNEL:idt.obj
 0001:000076d0       ?Init@PIC@@SAIXZ           00107ad0 f   KERNEL:pic.obj
 0001:00007730       ?InterruptDone@PIC@@SAXG@Z 00107b30 f   KERNEL:pic.obj
 0001:00007760       ?ReadData@PIC@@CAEE@Z      00107b60 f   KERNEL:pic.obj
 0001:00007790       ?SendCommand@PIC@@CAXEE@Z  00107b90 f   KERNEL:pic.obj
 0001:000077c0       ?SendData@PIC@@CAXGE@Z     00107bc0 f   KERNEL:pic.obj
 0001:000077e9       ??1type_info@@UAE@XZ       00107be9 f   LIBCMT:std_type_info_static.obj
 0001:000077f0       ??_Gtype_info@@UAEPAXI@Z   00107bf0 f i LIBCMT:std_type_info_static.obj
 0001:000077f0       ??_Etype_info@@UAEPAXI@Z   00107bf0 f i LIBCMT:std_type_info_static.obj
 0001:00007813       ??3@YAXPAXI@Z              00107c13 f   LIBCMT:delete_scalar_size.obj
 0001:00007830       ?atof@@YAMPBD@Z            00107c30 f   Lib:stdio.obj
 0001:000078d0       ?atoi@@YAHPBD@Z            00107cd0 f   Lib:stdio.obj
 0001:000078f0       ?ftoa@@YAPADMIPAD@Z        00107cf0 f   Lib:stdio.obj
 0001:00007a10       ?itoa@@YAPADHIPAD_N@Z      00107e10 f   Lib:stdio.obj
 0001:00007aa0       ?strtol@@YAJPBDPAPADH@Z    00107ea0 f   Lib:stdio.obj
 0001:00007bf0       ?vprintf@@YAPADPADPBDZZ    00107ff0 f   Lib:stdio.obj
 0001:00007c10       ?vsprintf@@YAPADPADPBDPAE@Z 00108010 f   Lib:stdio.obj
 0002:00000000       ??_C@_0BC@HJLBEKHE@Delta?3?5?$CFi?7FPS?3?5?$CFi?$AA@ 00108400     GUI.obj
 0002:00000020       __xmm@0000000e000000080000000000000000 00108420     GUI.obj
 0002:00000030       ??_C@_06JJGECBPI@?$CFs?5?$CFi?6?$AA@ 00108430     iso.obj
 0002:00000038       ??_C@_03OFAPEBGM@?$CFs?6?$AA@ 00108438     iso.obj
 0002:00000040       ??_7Control@gui@@6B@       00108440     Label.obj
 0002:00000048       ??_7Label@gui@@6B@         00108448     Label.obj
 0002:0000004c       ??_C@_03PELOGHMK@?$CFi?6?$AA@ 0010844c     Mandelbrot.obj
 0002:00000050       ??_C@_06CMGOICJA@Start?6?$AA@ 00108450     Mandelbrot.obj
 0002:00000058       ??_C@_0BD@OAOOOKEK@Ticks?3?5?$CFi?7FPS?3?5?$CFi?6?$AA@ 00108458     Mandelbrot.obj
 0002:0000006c       ??_C@_09JHEKFLJE@Zoom?3?5?$CFf?6?$AA@ 0010846c     Mandelbrot.obj
 0002:00000078       __real@1adaca00            00108478     Mandelbrot.obj
 0002:00000080       __real@3ff0000000000000    00108480     Mandelbrot.obj
 0002:00000088       __real@4010000000000000    00108488     Mandelbrot.obj
 0002:00000090       __real@4088000000000000    00108490     Mandelbrot.obj
 0002:00000098       __real@40f0000000000000    00108498     Mandelbrot.obj
 0002:000000a0       __real@437f0000            001084a0     Mandelbrot.obj
 0002:000000a4       __real@447a0000            001084a4     Mandelbrot.obj
 0002:000000a8       ??_C@_0BJ@FHJFEPME@arp?3?5sending?5request?5to?5?$AA@ 001084a8     arp.obj
 0002:000000c4       ??_C@_0BH@NFEPIOCG@arp?3?5sending?5reply?5to?5?$AA@ 001084c4     arp.obj
 0002:000000dc       ??_C@_0BB@NPEPEJMJ@ARP?5added?5entry?5?$AA@ 001084dc     arp.obj
 0002:000000f0       ??_C@_0O@MBFFJLEF@DHCP?5RECEIVE?6?$AA@ 001084f0     dhcp.obj
 0002:00000100       ??_C@_0O@IJAKJLNJ@Received?5DNS?6?$AA@ 00108500     dns.obj
 0002:00000110       ??_C@_0BF@DPFFLPFA@DNS?5added?5entry?3?5?$CFs?5?$AA@ 00108510     dns.obj
 0002:00000125       ??_C@_00CNPNBAHC@?$AA@     00108525     dns.obj
 0002:00000128       ??_C@_0M@KNKKGHNO@PARSED?5IP?3?5?$AA@ 00108528     http.obj
 0002:00000134       ??_C@_0BO@OHMKJDEI@Flags?3?5?$CFux?7ACK?3?5?$CFui?7SEQ?3?5?$CFui?6?$AA@ 00108534     tcpsession.obj
 0002:00000154       ??_C@_0L@EIILFCEB@Connected?6?$AA@ 00108554     tcpsession.obj
 0002:00000160       ??_C@_07IPMAGINO@Closed?6?$AA@ 00108560     tcpsession.obj
 0002:00000168       ??_C@_0BA@FHBAHEGN@Timeout?5closed?6?$AA@ 00108568     tcpsession.obj
 0002:00000178       ??_C@_08MJHFHPFP@TextEdit?$AA@ 00108578     TextEdit.obj
 0002:00000184       ??_C@_05COLMCDPH@Hello?$AA@ 00108584     TextEdit.obj
 0002:00000190       __xmm@00000010000000640000003200000064 00108590     TextEdit.obj
 0002:000001a0       __real@00000000            001085a0     Lib:math.obj
 0002:000001a4       __real@3e8f5c29            001085a4     Lib:math.obj
 0002:000001a8       __real@3f800000            001085a8     Lib:math.obj
 0002:000001b0       __real@3fe0000000000000    001085b0     Lib:math.obj
 0002:000001b8       __real@3ff921fb54442eea    001085b8     Lib:math.obj
 0002:000001c0       __real@400921fb54442eea    001085c0     Lib:math.obj
 0002:000001c8       __real@40490fdb            001085c8     Lib:math.obj
 0002:000001cc       __real@bfc90fdb            001085cc     Lib:math.obj
 0002:000001d0       __xmm@7fffffff7fffffff7fffffff7fffffff 001085d0     Lib:math.obj
 0002:000001e0       __real@39800000            001085e0     KERNEL:kernel.obj
 0002:000001f0       __xmm@41f00000000000000000000000000000 001085f0     KERNEL:kernel.obj
 0002:00000200       __real@3c000000            00108600     KERNEL:drawing.obj
 0002:00000204       ??_C@_04PFOHOKJK@?5?5?5?5?$AA@ 00108604     KERNEL:debug.obj
 0002:0000020c       ??_C@_01CLKCMJKC@?5?$AA@   0010860c     KERNEL:debug.obj
 0002:00000210       ??_C@_03IKGEINEE@?$CFs?5?$AA@ 00108610     KERNEL:debug.obj
 0002:00000388       ??_C@_0P@JJOCPBNH@?$CFs?$CFi?4?$CFi?4?$CFi?4?$CFi?6?$AA@ 00108788     KERNEL:net.obj
 0002:00000398       ??_C@_0BF@MCJEFIGG@?$CFs?$CFx?3?$CFx?3?$CFx?3?$CFx?3?$CFx?3?$CFx?6?$AA@ 00108798     KERNEL:net.obj
 0002:000003b0       ??_C@_0BK@KHJFGGEJ@Default?5interrupt?5handler?$AA@ 001087b0     KERNEL:exceptions.obj
 0002:000003cc       ??_C@_0BB@CAGHCAFL@Division?5by?5zero?$AA@ 001087cc     KERNEL:exceptions.obj
 0002:000003e0       ??_C@_05GCIPIGEI@Debug?$AA@ 001087e0     KERNEL:exceptions.obj
 0002:000003e8       ??_C@_0BH@DLMGGJOP@Non?9Maskable?5interrupt?$AA@ 001087e8     KERNEL:exceptions.obj
 0002:00000400       ??_C@_0L@DEJAMIEF@Breakpoint?$AA@ 00108800     KERNEL:exceptions.obj
 0002:0000040c       ??_C@_08KJPBNJGC@Overflow?$AA@ 0010880c     KERNEL:exceptions.obj
 0002:00000418       ??_C@_0BF@KABNNNC@Bound?5range?5exceeded?$AA@ 00108818     KERNEL:exceptions.obj
 0002:00000430       ??_C@_0BJ@JILCCCBH@0x?$CFux?70x?$CFux?70x?$CFux?70x?$CFux?6?$AA@ 00108830     KERNEL:exceptions.obj
 0002:0000044c       ??_C@_06NIEMCLMH@0x?$CFux?6?$AA@ 0010884c     KERNEL:exceptions.obj
 0002:00000454       ??_C@_0P@GJJPHHDN@Invalid?5opcode?$AA@ 00108854     KERNEL:exceptions.obj
 0002:00000464       ??_C@_0BF@COPPNEEP@Device?5not?5available?$AA@ 00108864     KERNEL:exceptions.obj
 0002:0000047c       ??_C@_0N@EMHPBCJE@Double?5fault?$AA@ 0010887c     KERNEL:exceptions.obj
 0002:0000048c       ??_C@_0BM@FLNHCLJG@Coprocessor?5segment?5overrun?$AA@ 0010888c     KERNEL:exceptions.obj
 0002:000004a8       ??_C@_0M@OLMALBPG@Invalid?5TSS?$AA@ 001088a8     KERNEL:exceptions.obj
 0002:000004b4       ??_C@_0BE@FPPPAKKN@Segment?5not?5present?$AA@ 001088b4     KERNEL:exceptions.obj
 0002:000004c8       ??_C@_0BE@OLMOIPB@Stack?9segment?5fault?$AA@ 001088c8     KERNEL:exceptions.obj
 0002:000004dc       ??_C@_0BJ@LDJBBLLL@General?5protection?5fault?$AA@ 001088dc     KERNEL:exceptions.obj
 0002:000004f8       ??_C@_0L@JBNHOLPF@Page?5fault?$AA@ 001088f8     KERNEL:exceptions.obj
 0002:00000504       ??_C@_0O@EBPJONIA@15?5?$CIReserved?$CJ?$AA@ 00108904     KERNEL:exceptions.obj
 0002:00000514       ??_C@_0BN@OAPCMCOK@x87?5Floating?9point?5exception?$AA@ 00108914     KERNEL:exceptions.obj
 0002:00000534       ??_C@_0BA@DMDLEFCI@Alignment?5check?$AA@ 00108934     KERNEL:exceptions.obj
 0002:00000544       ??_C@_0O@LHBOKIFP@Machine?5check?$AA@ 00108944     KERNEL:exceptions.obj
 0002:00000554       ??_C@_0BO@PAHIJHOM@SIMD?5floating?9point?5exception?$AA@ 00108954     KERNEL:exceptions.obj
 0002:00000578       ??_C@_0EO@NIHBEAOP@Bus?3?5?$CFx?5Device?3?5?$CFx?5Function?3?5?$CFx?5@ 00108978     KERNEL:pci.obj
 0002:000005cc       ??_7type_info@@6B@         001089cc     LIBCMT:std_type_info_static.obj
 0002:000005d0       ??_C@_03LHCJEHON@nan?$AA@  001089d0     Lib:stdio.obj
 0002:000005d4       ??_C@_03OJHLLCGB@inf?$AA@  001089d4     Lib:stdio.obj
 0002:000005d8       ??_C@_01GBGANLPD@0?$AA@    001089d8     Lib:stdio.obj
 0002:000005e0       __real@3f1a36e2eb1c432d    001089e0     Lib:stdio.obj
 0002:000005e8       __real@41200000            001089e8     Lib:stdio.obj
 0002:000005ec       __real@bf800000            001089ec     Lib:stdio.obj
 0002:000005f0       __xmm@46454443424139383736353433323130 001089f0     Lib:stdio.obj
 0002:00000654       ??_R4Control@gui@@6B@      00108a54     Label.obj
 0002:00000668       ??_R3Control@gui@@8        00108a68     Label.obj
 0002:00000678       ??_R2Control@gui@@8        00108a78     Label.obj
 0002:00000680       ??_R1A@?0A@EA@Control@gui@@8 00108a80     Label.obj
 0002:0000069c       ??_R4Label@gui@@6B@        00108a9c     Label.obj
 0002:000006b0       ??_R3Label@gui@@8          00108ab0     Label.obj
 0002:000006c0       ??_R2Label@gui@@8          00108ac0     Label.obj
 0002:000006cc       ??_R1A@?0A@EA@Label@gui@@8 00108acc     Label.obj
 0002:000006e8       ??_R4type_info@@6B@        00108ae8     LIBCMT:std_type_info_static.obj
 0002:000006fc       ??_R3type_info@@8          00108afc     LIBCMT:std_type_info_static.obj
 0002:0000070c       ??_R2type_info@@8          00108b0c     LIBCMT:std_type_info_static.obj
 0002:00000714       ??_R1A@?0A@EA@type_info@@8 00108b14     LIBCMT:std_type_info_static.obj
 0003:00000000       ?cursor_bitmap@gui@@3PAIA  00108e00     GUI.obj
 0003:000001c0       ?col_taskbar@gui@@3IA      00108fc0     GUI.obj
 0003:000001c4       ?col_desktop_bg@gui@@3IA   00108fc4     GUI.obj
 0003:000001c8       ?count@@3HA                00108fc8     Mandelbrot.obj
 0003:000001cc       ?col_background@gui@@3IA   00108fcc     Window.obj
 0003:000001d0       ?col_foreground@gui@@3IA   00108fd0     Window.obj
 0003:000001d4       ?col_title@gui@@3IA        00108fd4     Window.obj
 0003:000011e0       ?color@Debug@@2IA          00109fe0     KERNEL:debug.obj
 0003:000011e4       ?bcolor@Debug@@2IA         00109fe4     KERNEL:debug.obj
 0003:000011e8       __fltused                  00109fe8     LIBCMT:fltused.obj
 0003:000011ec       ??_R0?AVControl@gui@@@8    00109fec     Label.obj
 0003:00001208       ??_R0?AVLabel@gui@@@8      0010a008     Label.obj
 0003:00001220       ??_R0?AVtype_info@@@8      0010a020     LIBCMT:std_type_info_static.obj
 0003:00001240       ?_kernel_stack@@3PADA      0010a040     boot.obj
 0003:000031e0       ?bmp_background@gui@@3PAUBMP@@A 0010bfe0     GUI.obj
 0003:000031e4       ?window_count@gui@@3HA     0010bfe4     GUI.obj
 0003:000031e8       ?first_window@gui@@3PAVWindow@1@A 0010bfe8     GUI.obj
 0003:000031ec       ?last_window@gui@@3PAVWindow@1@A 0010bfec     GUI.obj
 0003:000031f0       ?focused_window@gui@@3PAVWindow@1@A 0010bff0     GUI.obj
 0003:000031f4       ?cursor_x@gui@@3HA         0010bff4     GUI.obj
 0003:000031f8       ?cursor_y@gui@@3HA         0010bff8     GUI.obj
 0003:000031fc       ?mouse_click_L@gui@@3_NA   0010bffc     GUI.obj
 0003:000031fd       ?mouse_click_R@gui@@3_NA   0010bffd     GUI.obj
 0003:000031fe       ?mouse_click_M@gui@@3_NA   0010bffe     GUI.obj
 0003:000031ff       ?window_drag@gui@@3_NA     0010bfff     GUI.obj
 0003:00003200       ?mouse_click_L_info@gui@@3UMOUSE_CLICK_INFO@1@A 0010c000     GUI.obj
 0003:00003218       ?mouse_click_R_info@gui@@3UMOUSE_CLICK_INFO@1@A 0010c018     GUI.obj
 0003:00003230       ?mouse_click_M_info@gui@@3UMOUSE_CLICK_INFO@1@A 0010c030     GUI.obj
 0003:00003248       ?window_drag_info@gui@@3UWINDOW_DRAG_INFO@1@A 0010c048     GUI.obj
 0003:00003254       ?gc_taskbar@gui@@3UGC@@A   0010c054     GUI.obj
 0003:0000326c       ?gc_background@gui@@3UGC@@A 0010c06c     GUI.obj
 0003:00003284       ?gc_cursor@gui@@3UGC@@A    0010c084     GUI.obj
 0003:0000329c       ?desc@@3PAUISO_PRIMARYDESC@@A 0010c09c     iso.obj
 0003:000032a0       ?root@@3PAUISO_DIRECTORY@@A 0010c0a0     iso.obj
 0003:000032a4       ?tz@@3UComplex@@A          0010c0a4     Mandelbrot.obj
 0003:000032b0       ?arp_cache@ARP@@0PAUARP_TABLE_ENTRY@@A 0010c0b0     arp.obj
 0003:000033f0       ?dns_server@DNS@@2UIPv4Address@@A 0010c1f0     dns.obj
 0003:000033f8       ?dns_cache@DNS@@0PAUDNS_TABLE_ENTRY@@A 0010c1f8     dns.obj
 0003:000035f8       ?sessions@TCP@@2PAPAVTcpSession@@A 0010c3f8     tcp.obj
 0003:00003678       ?control_count@gui@@3HA    0010c478     Window.obj
 0003:0000367c       ?first_control@gui@@3PAVControl@1@A 0010c47c     Window.obj
 0003:00003680       ?last_control@gui@@3PAVControl@1@A 0010c480     Window.obj
 0003:00003684       ?focused_control@gui@@3PAVWindow@1@A 0010c484     Window.obj
 0003:00003688       ?mem_left@@3HA             0010c488     KERNEL:kernel.obj
 0003:0000368c       ?mem_ptr@@3PAEA            0010c48c     KERNEL:kernel.obj
 0003:00003690       ?idle_thread@@3PAVThread@@A 0010c490     KERNEL:task.obj
 0003:00003694       ?current_thread@@3PAVThread@@A 0010c494     KERNEL:task.obj
 0003:00003698       ?first_thread@@3PAVThread@@A 0010c498     KERNEL:task.obj
 0003:0000369c       ?last_thread@@3PAVThread@@A 0010c49c     KERNEL:task.obj
 0003:000036a0       ?pit_isr@@3PAXA            0010c4a0     KERNEL:task.obj
 0003:000036a4       ?screenBuffer@@3PAIA       0010c4a4     KERNEL:drawing.obj
 0003:000036a8       ?gc@Drawing@@2UGC@@A       0010c4a8     KERNEL:drawing.obj
 0003:000036c0       ?gc_direct@Drawing@@2UGC@@A 0010c4c0     KERNEL:drawing.obj
 0003:000036d8       ?x@Debug@@2HA              0010c4d8     KERNEL:debug.obj
 0003:000036dc       ?y@Debug@@2HA              0010c4dc     KERNEL:debug.obj
 0003:000036e0       ?x@Mouse@@2HA              0010c4e0     KERNEL:mouse.obj
 0003:000036e4       ?y@Mouse@@2HA              0010c4e4     KERNEL:mouse.obj
 0003:000036e8       ?sensitivity@Mouse@@2MA    0010c4e8     KERNEL:mouse.obj
 0003:000036ec       ?mouse_L@Mouse@@2_NA       0010c4ec     KERNEL:mouse.obj
 0003:000036ed       ?mouse_R@Mouse@@2_NA       0010c4ed     KERNEL:mouse.obj
 0003:000036ee       ?mouse_M@Mouse@@2_NA       0010c4ee     KERNEL:mouse.obj
 0003:000036ef       ?mouse_cycle@Mouse@@0EA    0010c4ef     KERNEL:mouse.obj
 0003:000036f0       ?scroll_x@Mouse@@2HA       0010c4f0     KERNEL:mouse.obj
 0003:000036f4       ?scroll_y@Mouse@@2HA       0010c4f4     KERNEL:mouse.obj
 0003:000036f8       ?w@Mouse@@0IA              0010c4f8     KERNEL:mouse.obj
 0003:000036fc       ?h@Mouse@@0IA              0010c4fc     KERNEL:mouse.obj
 0003:00003700       ?mouse_byte@Mouse@@0PACA   0010c500     KERNEL:mouse.obj
 0003:00003704       ?initialized@Mouse@@0_NA   0010c504     KERNEL:mouse.obj
 0003:00003708       ?ticks@PIT@@2IA            0010c508     KERNEL:pit.obj
 0003:00003710       ?ctrl@Keyboard@@2_NA       0010c510     KERNEL:keyboard.obj
 0003:00003711       ?shift@Keyboard@@2_NA      0010c511     KERNEL:keyboard.obj
 0003:00003712       ?alt@Keyboard@@2_NA        0010c512     KERNEL:keyboard.obj
 0003:00003713       ?caps@Keyboard@@2_NA       0010c513     KERNEL:keyboard.obj
 0003:00003714       ?num@Keyboard@@2_NA        0010c514     KERNEL:keyboard.obj
 0003:00003715       ?scroll@Keyboard@@2_NA     0010c515     KERNEL:keyboard.obj
 0003:00003716       ?extended@@3_NA            0010c516     KERNEL:keyboard.obj
 0003:00003717       ?scancode@@3EA             0010c517     KERNEL:keyboard.obj
 0003:00003718       ?keystates@@3PA_NA         0010c518     KERNEL:keyboard.obj
 0003:00003817       ?scan@@3EA                 0010c617     KERNEL:keyboard.obj
 0003:00003818       ?last_key@@3UKEY_PACKET@@A 0010c618     KERNEL:keyboard.obj
 0003:00003824       ?pressed@@3_NA             0010c624     KERNEL:keyboard.obj
 0003:00003828       ?key@@3W4KEYCODE@@A        0010c628     KERNEL:keyboard.obj
 0003:0000382c       ?intf@KNet@@2PAVNetInterface@@A 0010c62c     KERNEL:net.obj
 0003:00003830       ?GatewayIPv4@KNet@@2UIPv4Address@@A 0010c630     KERNEL:net.obj
 0003:00003834       ?GatewayMAC@KNet@@2UMacAddress@@A 0010c634     KERNEL:net.obj
 0003:0000383c       ?BroadcastMAC@KNet@@2UMacAddress@@A 0010c63c     KERNEL:net.obj
 0003:00003844       ?BroadcastIPv4@KNet@@2UIPv4Address@@A 0010c644     KERNEL:net.obj
 0003:00003848       ?NullMAC@KNet@@2UMacAddress@@A 0010c648     KERNEL:net.obj
 0003:00003850       ?NullIPv4@KNet@@2UIPv4Address@@A 0010c650     KERNEL:net.obj
 0003:00003854       ?num_blocks@Memory@@2IA    0010c654     KERNEL:memory.obj
 0003:00003858       ?num_free@Memory@@2IA      0010c658     KERNEL:memory.obj
 0003:0000385c       ?mem_size@Memory@@2IA      0010c65c     KERNEL:memory.obj
 0003:00003860       ?mem_map@Memory@@0PAIA     0010c660     KERNEL:memory.obj
 0003:00003868       ?mode@VBE@@2UVBE_MODE_INFO@@A 0010c668     KERNEL:vbe.obj
 0003:00003968       ?mem_base@@3PAIA           0010c768     KERNEL:vbe.obj
 0003:0000396c       ?mem_max@@3PAIA            0010c76c     KERNEL:vbe.obj
 0003:00003970       ?mem_size@@3IA             0010c770     KERNEL:vbe.obj
 0003:00003974       ?bytes_per_pixel@@3IA      0010c774     KERNEL:vbe.obj
 0003:00003978       ?pixel_count@@3IA          0010c778     KERNEL:vbe.obj
 0003:00003980       ?idt@IDT@@0PAUIDT_DESCRIPTOR@@A 0010c780     KERNEL:idt.obj
 0003:00004180       ?idt_reg@IDT@@0UIDT_REG@@A 0010cf80     KERNEL:idt.obj

 entry point at        0000:00000000

 Static symbols

 0002:ffff7c00       __guard_fids__             00100000     LIBCMT:std_type_info_static.obj
 0001:00002bb8       $LN28                      00102fb8     tcpsession.obj
 0001:000054bc       $LN28                      001058bc     KERNEL:debug.obj
 0001:0000565c       $LN21                      00105a5c     KERNEL:debug.obj
 0001:00006290       $LN64                      00106690     KERNEL:keyboard.obj
 0001:000062a4       $LN61                      001066a4     KERNEL:keyboard.obj
 0001:000062b0       $LN65                      001066b0     KERNEL:keyboard.obj
 0001:000062e0       $LN66                      001066e0     KERNEL:keyboard.obj
 0001:00006308       $LN67                      00106708     KERNEL:keyboard.obj
 0001:00006340       $LN62                      00106740     KERNEL:keyboard.obj
 0001:00007f38       $LN49                      00108338     Lib:stdio.obj
 0001:00007f54       $LN44                      00108354     Lib:stdio.obj
 0002:00000218       ?scancodes@@3QBW4KEYCODE@@B 00108618     KERNEL:keyboard.obj
 0003:000001d8       ?new_id@gui@@3HA           00108fd8     Window.obj
 0003:000001dc       ?next@@3KA                 00108fdc     Lib:math.obj
 0003:000001e0       ?DEFAULT_FONT@@3PAEA       00108fe0     KERNEL:drawing.obj
