 AndyOS

 Timestamp is 59b18880 (Thu Sep  7 19:57:20 2017)

 Preferred load address is 00100000

 Start         Length     Name                   Class
 0001:00000000 000000a0H .text$di                CODE
 0001:000000a0 00010bbbH .text$mn                CODE
 0002:00000000 00000000H .gfids$y                DATA
 0002:00000000 000008e4H .rdata                  DATA
 0002:000008e4 000003d0H .rdata$r                DATA
 0002:00000cb4 00000000H .edata                  DATA
 0002:00000cb4 00000128H .rdata$zzzdbg           DATA
 0003:00000000 0000402cH .data                   DATA
 0003:0000402c 00000144H .data$r                 DATA
 0003:00004170 000037a6H .bss                    DATA
 0004:00000000 00000020H .CRT$XCU                DATA

  Address         Publics by Value              Rva+Base       Lib:Object

 0000:00000000       ___guard_longjmp_count     00000000     <absolute>
 0000:00000000       ___guard_longjmp_table     00000000     <absolute>
 0000:00000000       ___guard_fids_table        00000000     <absolute>
 0000:00000000       ___guard_fids_count        00000000     <absolute>
 0000:00000000       ___hybrid_code_map         00000000     <absolute>
 0000:00000000       ___safe_se_handler_table   00000000     <absolute>
 0000:00000000       ___hybrid_code_map_count   00000000     <absolute>
 0000:00000000       ___guard_iat_table         00000000     <absolute>
 0000:00000000       ___dynamic_value_reloc_table 00000000     <absolute>
 0000:00000000       ___enclave_config          00000000     <absolute>
 0000:00000000       ___safe_se_handler_count   00000000     <absolute>
 0000:00000000       ___guard_iat_count         00000000     <absolute>
 0000:00000000       ___guard_flags             00000000     <absolute>
 0000:00000000       ___hybrid_auxiliary_iat    00000000     <absolute>
 0001:000000a0       ??0BMP@@QAE@PAX@Z          001004a0 f   bmp.obj
 0001:00000120       ??0BMP@@QAE@PAXHH@Z        00100520 f   bmp.obj
 0001:00000170       ?OSBoot@@YAXPAUMULTIBOOT_HEADER@@@Z 00100570 f   boot.obj
 0001:000001b0       ?ReadFile@FileSystem@@SAIPADAAPAD@Z 001005b0 f   FileSystem.obj
 0001:000001c0       ?FindFile@ISO_FS@@SAPAUISO_DIRECTORY@@PAD@Z 001005c0 f   iso.obj
 0001:00000290       ?Init@ISO_FS@@SAIXZ        00100690 f   iso.obj
 0001:00000300       ?ListFiles@ISO_FS@@SAHPAD@Z 00100700 f   iso.obj
 0001:000003a0       ?ReadFile@ISO_FS@@SAIPADAAPAD@Z 001007a0 f   iso.obj
 0001:00000490       ?ReadFile@ISO_FS@@SAIPAUISO_DIRECTORY@@AAPAD@Z 00100890 f   iso.obj
 0001:000004c0       ?Create@Mandelbrot@@SAXHH@Z 001008c0 f   Mandelbrot.obj
 0001:00000950       ?GiveLastIteration@@YAHNNNNHH@Z 00100d50 f   Mandelbrot.obj
 0001:000009d0       ?stuff@@YAXXZ              00100dd0 f   Mandelbrot.obj
 0001:00000a50       ?AddEntry@ARP@@SAXUMacAddress@@UIPv4Address@@@Z 00100e50 f   arp.obj
 0001:00000ae0       ?Decode@ARP@@SA_NPAUARP_Header@@PAUNetPacket@@@Z 00100ee0 f   arp.obj
 0001:00000b50       ?Init@ARP@@SAIXZ           00100f50 f   arp.obj
 0001:00000bc0       ?LookupMac@ARP@@SA?AUMacAddress@@UIPv4Address@@@Z 00100fc0 f   arp.obj
 0001:00000c40       ?Receive@ARP@@SAXPAVNetInterface@@PAUNetPacket@@@Z 00101040 f   arp.obj
 0001:00000d80       ?Send@ARP@@SAXPAVNetInterface@@UMacAddress@@UIPv4Address@@G@Z 00101180 f   arp.obj
 0001:00000e40       ?SendReply@ARP@@CAXPAVNetInterface@@PAUARP_Header@@@Z 00101240 f   arp.obj
 0001:00000e80       ?SendRequest@ARP@@SAXPAVNetInterface@@UIPv4Address@@@Z 00101280 f   arp.obj
 0001:00000ec0       ?DoStuff@DHCP@@SAXPAVNetInterface@@UIPv4Address@@@Z 001012c0 f   dhcp.obj
 0001:00000fa0       ?Receive@DHCP@@SAXPAVNetInterface@@PAUIPv4_Header@@PAUUDP_Packet@@PAUNetPacket@@@Z 001013a0 f   dhcp.obj
 0001:00000fb0       ?AddEntry@DNS@@SAXPADUIPv4Address@@@Z 001013b0 f   dns.obj
 0001:00001030       ?AppendDomain@DNS@@CAPAEPAEPAD@Z 00101430 f   dns.obj
 0001:00001090       ?Decode@DNS@@SA_NPAUDNS_Packet@@PAUUDP_Packet@@@Z 00101490 f   dns.obj
 0001:00001110       ?Init@DNS@@SAIXZ           00101510 f   dns.obj
 0001:00001150       ?LookupAddress@DNS@@SA?AUIPv4Address@@PAD@Z 00101550 f   dns.obj
 0001:00001190       ?ParseAnswer@DNS@@CAPAEPAUDNS_Answer@@PAE@Z 00101590 f   dns.obj
 0001:000011f0       ?ParseDomain@DNS@@CAPAEPADPAE@Z 001015f0 f   dns.obj
 0001:00001230       ?Query@DNS@@SAXPAVNetInterface@@PAD@Z 00101630 f   dns.obj
 0001:00001310       ?Receive@DNS@@SAXPAVNetInterface@@PAUIPv4_Header@@PAUUDP_Packet@@PAUNetPacket@@@Z 00101710 f   dns.obj
 0001:00001470       ?CreatePacket@Eth@@SAPAUNetPacket@@PAVNetInterface@@UMacAddress@@GI@Z 00101870 f   eth.obj
 0001:000014e0       ?Decode@Eth@@SA_NPAUEthPacket@@PAUNetPacket@@@Z 001018e0 f   eth.obj
 0001:00001560       ?Receive@Eth@@SAXPAVNetInterface@@PAUNetPacket@@@Z 00101960 f   eth.obj
 0001:00001600       ?Send@Eth@@SAXPAVNetInterface@@PAUNetPacket@@@Z 00101a00 f   eth.obj
 0001:00001610       ??0WebClient@@QAE@XZ       00101a10 f   http.obj
 0001:00001620       ?Download@WebClient@@QAEHVString@std@@AAPAE@Z 00101a20 f   http.obj
 0001:00001640       ?Send@WebClient@@QAEXVString@std@@PAEI@Z 00101a40 f   http.obj
 0001:000016c0       ?Decode@ICMP@@SA_NPAUICMP_Packet@@PAUNetPacket@@@Z 00101ac0 f   icmp.obj
 0001:00001730       ?Receive@ICMP@@SAXPAVNetInterface@@PAUIPv4_Header@@PAUNetPacket@@@Z 00101b30 f   icmp.obj
 0001:00001780       ?Send@ICMP@@SAXPAVNetInterface@@PAUICMP_Packet@@UIPv4Address@@E@Z 00101b80 f   icmp.obj
 0001:00001820       ?SendReply@ICMP@@SAXPAVNetInterface@@PAUICMP_Packet@@UIPv4Address@@@Z 00101c20 f   icmp.obj
 0001:000018b0       ?CreatePacket@IPv4@@SAPAUNetPacket@@PAVNetInterface@@UIPv4Address@@EI@Z 00101cb0 f   ipv4.obj
 0001:00001a30       ?Decode@IPv4@@SA_NPAUIPv4_Header@@PAUNetPacket@@@Z 00101e30 f   ipv4.obj
 0001:00001aa0       ?Receive@IPv4@@SAXPAVNetInterface@@PAUEthPacket@@PAUNetPacket@@@Z 00101ea0 f   ipv4.obj
 0001:00001ba0       ?Send@IPv4@@SAXPAVNetInterface@@PAUNetPacket@@@Z 00101fa0 f   ipv4.obj
 0001:00001bb0       ?Init@Net@@SAIXZ           00101fb0 f   net.obj
 0001:00001bc0       ?NetEthReceive@@YAXPAVNetInterface@@PAUNetPacket@@@Z 00101fc0 f   net.obj
 0001:00001bd0       ?CreatePacket@TCP@@SAPAUNetPacket@@PAVNetInterface@@UIPv4Address@@GGEIIPAEI@Z 00101fd0 f   tcp.obj
 0001:00001cc0       ?CreateSession@TCP@@SAPAVTcpSession@@XZ 001020c0 f   tcp.obj
 0001:00001d00       ?Decode@TCP@@SA_NPAUTCP_Packet@@PAUNetPacket@@@Z 00102100 f   tcp.obj
 0001:00001db0       ?Receive@TCP@@SAXPAVNetInterface@@PAUIPv4_Header@@PAUNetPacket@@@Z 001021b0 f   tcp.obj
 0001:00001eb0       ?Send@TCP@@SAXPAVNetInterface@@PAUNetPacket@@@Z 001022b0 f   tcp.obj
 0001:00001ec0       ??0TcpSession@@QAE@XZ      001022c0 f   tcpsession.obj
 0001:00001ee0       ?Close@TcpSession@@QAEXXZ  001022e0 f   tcpsession.obj
 0001:00001fe0       ?Connect@TcpSession@@QAEXUIPv4Address@@G@Z 001023e0 f   tcpsession.obj
 0001:00002160       ?Listen@TcpSession@@QAEXG@Z 00102560 f   tcpsession.obj
 0001:00002190       ?Receive@TcpSession@@QAEXPAUIPv4_Header@@PAUTCP_Packet@@@Z 00102590 f   tcpsession.obj
 0001:00002320       ?ReceivedData@TcpSession@@QAEXPAUIPv4_Header@@PAUTCP_Packet@@@Z 00102720 f   tcpsession.obj
 0001:00002380       ?Reset@TcpSession@@AAEXXZ  00102780 f   tcpsession.obj
 0001:000023a0       ?Send@TcpSession@@AAE_NEPAEI@Z 001027a0 f   tcpsession.obj
 0001:000023f0       ?SendData@TcpSession@@QAE_NPAEI@Z 001027f0 f   tcpsession.obj
 0001:00002440       ??0TcpSocket@@QAE@XZ       00102840 f   tcpsocket.obj
 0001:00002450       ?Close@TcpSocket@@QAE_NXZ  00102850 f   tcpsocket.obj
 0001:00002470       ?Connect@TcpSocket@@QAE_NUIPv4Address@@G@Z 00102870 f   tcpsocket.obj
 0001:000024a0       ?Listen@TcpSocket@@QAE_NG@Z 001028a0 f   tcpsocket.obj
 0001:000024d0       ?Send@TcpSocket@@QAE_NPAEI@Z 001028d0 f   tcpsocket.obj
 0001:00002500       ?CreatePacket@UDP@@SAPAUNetPacket@@PAVNetInterface@@UIPv4Address@@GGPAEI@Z 00102900 f   udp.obj
 0001:000025c0       ?Decode@UDP@@SA_NPAUUDP_Packet@@PAUNetPacket@@@Z 001029c0 f   udp.obj
 0001:00002630       ?Receive@UDP@@SAXPAVNetInterface@@PAUIPv4_Header@@PAUNetPacket@@@Z 00102a30 f   udp.obj
 0001:000026e0       ?Send@UDP@@SAXPAVNetInterface@@PAUNetPacket@@@Z 00102ae0 f   udp.obj
 0001:000026f0       ??0UdpSocket@@QAE@G@Z      00102af0 f   udpsocket.obj
 0001:00002710       ??1UdpSocket@@QAE@XZ       00102b10 f   udpsocket.obj
 0001:00002720       ?Receive@UdpSocket@@QAEHAAPAE@Z 00102b20 f   udpsocket.obj
 0001:00002730       ?Send@UdpSocket@@QAEXUIPv4Address@@PAEG@Z 00102b30 f   udpsocket.obj
 0001:00002770       ??_H@YGXPAXIIP6EPAX0@Z@Z   00102b70 f i OS.obj
 0001:000027a0       ?Main@OS@@SAXXZ            00102ba0 f   OS.obj
 0001:000027f0       ?ThrowException@OS@@SAXPAD0@Z 00102bf0 f   OS.obj
 0001:00002800       ?Add@?$List@VString@std@@@std@@QAEXVString@2@@Z 00102c00 f i string.obj
 0001:00002900       ?Split@String@std@@QAEXAAV?$List@VString@std@@@2@D@Z 00102d00 f   string.obj
 0001:00002a40       ??$CreateCamera@VCamera@@@Game@@QAEPAVCamera@@VString@std@@@Z 00102e40 f i 3DGame:3DGame.obj
 0001:00002ab0       ??$CreateObject@VMyBox@@@Game@@QAEPAVMyBox@@VString@std@@@Z 00102eb0 f i 3DGame:3DGame.obj
 0001:00002b20       ??$CreateObject@VThing@@@Game@@QAEPAVThing@@VString@std@@@Z 00102f20 f i 3DGame:3DGame.obj
 0001:00002b90       ??0MyGame@@QAE@XZ          00102f90 f   3DGame:3DGame.obj
 0001:00002da0       ??0String@std@@QAE@PAD@Z   001031a0 f i 3DGame:3DGame.obj
 0001:00002e10       ??1String@std@@QAE@XZ      00103210 f i 3DGame:3DGame.obj
 0001:00002e40       ??$CreateComponent@VMeshComponent@@@GameObject@@QAEPAVMeshComponent@@VString@std@@@Z 00103240 f i 3DGame:MyBox.obj
 0001:00002eb0       ??$CreateComponent@VRigidbody@@@GameObject@@QAEPAVRigidbody@@VString@std@@@Z 001032b0 f i 3DGame:MyBox.obj
 0001:00002f20       ??0MyBox@@QAE@XZ           00103320 f   3DGame:MyBox.obj
 0001:00003060       ?Start@GameObject@@UAEXXZ  00103460 f i 3DGame:MyBox.obj
 0001:00003080       ?Update@GameObject@@UAEXM@Z 00103480 f i 3DGame:MyBox.obj
 0001:000030a0       ??0Thing@@QAE@XZ           001034a0 f   3DGame:Thing.obj
 0001:000031e0       ??DVector3@@QAE?AU0@M@Z    001035e0 f i 3DGame:Thing.obj
 0001:00003240       ?Update@Thing@@UAEXM@Z     00103640 f   3DGame:Thing.obj
 0001:00003580       ?AddTexture@GL@gl@@SAHPAVBMP@@@Z 00103980 f   GL:GL.obj
 0001:000035b0       ?BindTexture@GL@gl@@SAXH@Z 001039b0 f   GL:GL.obj
 0001:000035c0       ?Clear@GL@gl@@SAXI@Z       001039c0 f   GL:GL.obj
 0001:00003600       ?Draw@GL@gl@@SAXHH@Z       00103a00 f   GL:GL.obj
 0001:00003b80       ?Init@GL@gl@@SAIXZ         00103f80 f   GL:GL.obj
 0001:00003b90       ?LoadIdentity@GL@gl@@SAXXZ 00103f90 f   GL:GL.obj
 0001:00003bf0       ?LoadMatrix@GL@gl@@SAXABUMatrix4@2@@Z 00103ff0 f   GL:GL.obj
 0001:00003c40       ?MatrixMode@GL@gl@@SAXW4GLMatrixMode@@@Z 00104040 f   GL:GL.obj
 0001:00003c50       ?MulMatrix@GL@gl@@SAXABUMatrix4@2@@Z 00104050 f   GL:GL.obj
 0001:00003cb0       ?PopMatrix@GL@gl@@SAXXZ    001040b0 f   GL:GL.obj
 0001:00003d10       ?PushMatrix@GL@gl@@SAXXZ   00104110 f   GL:GL.obj
 0001:00003d70       ?SelectedMatrix@GL@gl@@CAAAUMatrix4@2@XZ 00104170 f   GL:GL.obj
 0001:00003d90       ?SwapBuffers@GL@gl@@SAXXZ  00104190 f   GL:GL.obj
 0001:00003da0       ?VertexPointer@GL@gl@@SAXPAUVertex@2@@Z 001041a0 f   GL:GL.obj
 0001:00003db0       ??0Vector4@gl@@QAE@MMMM@Z  001041b0 f   GL:Vector4.obj
 0001:00003de0       ??0Vector4@gl@@QAE@XZ      001041e0 f   GL:Vector4.obj
 0001:00003e00       ??0Matrix4@gl@@QAE@QAM@Z   00104200 f   GL:Matrix4.obj
 0001:00003e70       ??0Matrix4@gl@@QAE@XZ      00104270 f   GL:Matrix4.obj
 0001:00003ea0       ??Dgl@@YA?AUMatrix4@0@ABU10@0@Z 001042a0 f i GL:Matrix4.obj
 0001:00003ee0       ??Dgl@@YA?AUMatrix4@0@ABU10@ABM@Z 001042e0 f i GL:Matrix4.obj
 0001:00003f20       ??Dgl@@YA?AUVector4@0@ABUMatrix4@0@ABU10@@Z 00104320 f i GL:Matrix4.obj
 0001:00004020       ??Ggl@@YA?AUMatrix4@0@ABU10@0@Z 00104420 f i GL:Matrix4.obj
 0001:00004090       ??Hgl@@YA?AUMatrix4@0@ABU10@0@Z 00104490 f i GL:Matrix4.obj
 0001:00004100       ??XMatrix4@gl@@QAEAAU01@ABM@Z 00104500 f i GL:Matrix4.obj
 0001:000041a0       ??XMatrix4@gl@@QAEAAU01@ABU01@@Z 001045a0 f i GL:Matrix4.obj
 0001:00004550       ?CreateOrthographicProjection@Matrix4@gl@@SA?AU12@MMMMMM@Z 00104950 f   GL:Matrix4.obj
 0001:00004600       ?CreatePerspectiveProjection@Matrix4@gl@@SA?AU12@MMMMM@Z 00104a00 f   GL:Matrix4.obj
 0001:000046e0       ?CreateRotation@Matrix4@gl@@SA?AU12@UVector4@2@@Z 00104ae0 f   GL:Matrix4.obj
 0001:000048f0       ?CreateScale@Matrix4@gl@@SA?AU12@UVector4@2@@Z 00104cf0 f   GL:Matrix4.obj
 0001:00004930       ?CreateTransformation@Matrix4@gl@@SA?AU12@UVector4@2@00@Z 00104d30 f   GL:Matrix4.obj
 0001:00004c70       ?CreateTranslation@Matrix4@gl@@SA?AU12@UVector4@2@@Z 00105070 f   GL:Matrix4.obj
 0001:00004cd0       ?CreateView@Matrix4@gl@@SA?AU12@UVector4@2@000@Z 001050d0 f   GL:Matrix4.obj
 0001:00004df0       ?GetElementsPointer@Matrix4@gl@@QAEPAMXZ 001051f0 f   GL:Matrix4.obj
 0001:00004e00       ?Inverse@Matrix4@gl@@QAE?AU12@XZ 00105200 f   GL:Matrix4.obj
 0001:000055d0       ??0ColRGB@gl@@QAE@I@Z      001059d0 f   GL:Color.obj
 0001:00005660       ??0ColRGB@gl@@QAE@MMM@Z    00105a60 f   GL:Color.obj
 0001:000056c0       ??0ColRGB@gl@@QAE@XZ       00105ac0 f   GL:Color.obj
 0001:000056e0       ??DColRGB@gl@@QAE?AU01@M@Z 00105ae0 f   GL:Color.obj
 0001:00005750       ??HColRGB@gl@@QAE?AU01@U01@@Z 00105b50 f   GL:Color.obj
 0001:000057c0       ??XColRGB@gl@@QAE?AU01@M@Z 00105bc0 f   GL:Color.obj
 0001:00005830       ?Luminosity@ColRGB@gl@@QAEMXZ 00105c30 f   GL:Color.obj
 0001:00005880       ?ToInt@ColRGB@gl@@QAEIXZ   00105c80 f   GL:Color.obj
 0001:000058c0       ??0Vertex@gl@@QAE@MMMUColRGB@1@UVector4@1@@Z 00105cc0 f   GL:Vertex.obj
 0001:00005950       ??0Vertex@gl@@QAE@XZ       00105d50 f   GL:Vertex.obj
 0001:000059b0       ?MulMatrix@Vertex@gl@@QAEXABUMatrix4@2@@Z 00105db0 f   GL:Vertex.obj
 0001:00005a80       ?DrawTriangle@Rasterizer@gl@@SAXPAUVertex@2@PAVBMP@@@Z 00105e80 f   GL:Rasterizer.obj
 0001:00006310       ?EdgeFunction@gl@@YAMABUVertex@1@00@Z 00106710 f   GL:Rasterizer.obj
 0001:00006360       ?Init@Rasterizer@gl@@SAIXZ 00106760 f   GL:Rasterizer.obj
 0001:00006390       ??0GEngine@@QAE@XZ         00106790 f   GameEngine:Engine.obj
 0001:00006400       ?Add@?$List@PAVRigidbody@@@std@@QAEXPAVRigidbody@@@Z 00106800 f i GameEngine:Engine.obj
 0001:00006480       ?Collision@GEngine@@AAEXXZ 00106880 f   GameEngine:Engine.obj
 0001:00006b80       ?Render@GEngine@@AAEXXZ    00106f80 f   GameEngine:Engine.obj
 0001:00006ff0       ?Rotate@Quaternion@@QAEXUVector3@@M@Z 001073f0 f i GameEngine:Engine.obj
 0001:00007160       ?StartGame@GEngine@@QAEXPAVGame@@@Z 00107560 f   GameEngine:Engine.obj
 0001:000074a0       ?Update@GEngine@@AAEXXZ    001078a0 f   GameEngine:Engine.obj
 0001:00008410       ??0Vector3@@QAE@MMM@Z      00108810 f   GameEngine:Vector3.obj
 0001:00008440       ??0Vector3@@QAE@XZ         00108840 f   GameEngine:Vector3.obj
 0001:00008460       ?Cross@Vector3@@SA?AU1@ABU1@0@Z 00108860 f   GameEngine:Vector3.obj
 0001:000084c0       ?Dot@Vector3@@SAMABU1@0@Z  001088c0 f   GameEngine:Vector3.obj
 0001:000084e0       ?EulerAngles@Vector3@@QAE?AU1@XZ 001088e0 f   GameEngine:Vector3.obj
 0001:00008590       ?ToVector4@Vector3@@QAE?AUVector4@gl@@XZ 00108990 f   GameEngine:Vector3.obj
 0001:000085d0       ??0Quaternion@@QAE@XZ      001089d0 f   GameEngine:Quaternion.obj
 0001:000085f0       ?FromAxisAngle@Quaternion@@SA?AU1@ABUVector3@@M@Z 001089f0 f   GameEngine:Quaternion.obj
 0001:00008690       ?FromEuler@Quaternion@@SA?AU1@ABUVector3@@@Z 00108a90 f   GameEngine:Quaternion.obj
 0001:00008800       ??0GameObject@@QAE@XZ      00108c00 f   GameEngine:GameObject.obj
 0001:000088b0       ??A?$List@PAVComponent@@@std@@QAEAAPAVComponent@@H@Z 00108cb0 f i GameEngine:GameObject.obj
 0001:00008900       ?Add@?$List@PAVComponent@@@std@@QAEXPAVComponent@@@Z 00108d00 f i GameEngine:GameObject.obj
 0001:00008980       ?Add@?$List@PAVMeshComponent@@@std@@QAEXPAVMeshComponent@@@Z 00108d80 f i GameEngine:GameObject.obj
 0001:00008a00       ?AddComponent@GameObject@@QAEXPAVComponent@@@Z 00108e00 f   GameEngine:GameObject.obj
 0001:00008b80       ?Contains@String@std@@QAE_NV12@@Z 00108f80 f i GameEngine:GameObject.obj
 0001:00008bf0       ?GetComponent@GameObject@@QAEPAVComponent@@VString@std@@@Z 00108ff0 f   GameEngine:GameObject.obj
 0001:00008c90       ?GetName@GameObject@@QAE?AVString@std@@XZ 00109090 f   GameEngine:GameObject.obj
 0001:00008ca0       ?GetWorldPosition@GameObject@@QAE?AUVector3@@XZ 001090a0 f   GameEngine:GameObject.obj
 0001:00008d20       ?GetWorldRotation@GameObject@@QAE?AUQuaternion@@XZ 00109120 f   GameEngine:GameObject.obj
 0001:00008d40       ?GetWorldScale@GameObject@@QAE?AUVector3@@XZ 00109140 f   GameEngine:GameObject.obj
 0001:00008dc0       ?GetWorldTransform@GameObject@@QAE?AUTransform@@XZ 001091c0 f   GameEngine:GameObject.obj
 0001:00008ed0       ?SetName@GameObject@@QAEXVString@std@@@Z 001092d0 f   GameEngine:GameObject.obj
 0001:00008ef0       ??0Camera@@QAE@XZ          001092f0 f   GameEngine:Camera.obj
 0001:00008f10       ??0Game@@QAE@XZ            00109310 f   GameEngine:Game.obj
 0001:00008f60       ?Add@?$List@PAVCamera@@@std@@QAEXPAVCamera@@@Z 00109360 f i GameEngine:Game.obj
 0001:00008fe0       ?Add@?$List@PAVGameObject@@@std@@QAEXPAVGameObject@@@Z 001093e0 f i GameEngine:Game.obj
 0001:00009060       ?Add@?$List@PAVLightSource@@@std@@QAEXPAVLightSource@@@Z 00109460 f i GameEngine:Game.obj
 0001:000090e0       ?AddCamera@Game@@QAEXPAVCamera@@@Z 001094e0 f   GameEngine:Game.obj
 0001:00009160       ?AddLightSource@Game@@QAEXPAVLightSource@@@Z 00109560 f   GameEngine:Game.obj
 0001:000091e0       ?AddObject@Game@@QAEXPAVGameObject@@@Z 001095e0 f   GameEngine:Game.obj
 0001:00009260       ?GetActiveCamera@Game@@QAEPAVCamera@@XZ 00109660 f   GameEngine:Game.obj
 0001:00009270       ?GetCamera@Game@@QAEPAVCamera@@VString@std@@@Z 00109670 f   GameEngine:Game.obj
 0001:00009310       ?GetLightSource@Game@@QAEPAVLightSource@@VString@std@@@Z 00109710 f   GameEngine:Game.obj
 0001:000093b0       ?GetObject@Game@@QAEPAVGameObject@@VString@std@@@Z 001097b0 f   GameEngine:Game.obj
 0001:000094c0       ?SetActiveCamera@Game@@QAEXPAVCamera@@@Z 001098c0 f   GameEngine:Game.obj
 0001:000094d0       ??0Component@@QAE@XZ       001098d0 f   GameEngine:Component.obj
 0001:00009500       ?GetName@Component@@QAE?AVString@std@@XZ 00109900 f   GameEngine:Component.obj
 0001:00009510       ?SetName@Component@@QAEXVString@std@@@Z 00109910 f   GameEngine:Component.obj
 0001:00009530       ?Start@Component@@UAEXXZ   00109930 f i GameEngine:Component.obj
 0001:00009540       ?Update@Component@@UAEXM@Z 00109940 f i GameEngine:Component.obj
 0001:00009550       ??0MeshComponent@@QAE@XZ   00109950 f   GameEngine:MeshComponent.obj
 0001:00009580       ?Update@MeshComponent@@UAEXM@Z 00109980 f   GameEngine:MeshComponent.obj
 0001:00009590       ??0Rigidbody@@QAE@XZ       00109990 f   GameEngine:Rigidbody.obj
 0001:000095e0       ?AddImpulse@Rigidbody@@QAEXUVector3@@@Z 001099e0 f   GameEngine:Rigidbody.obj
 0001:00009620       ?AddImpulseAt@Rigidbody@@QAEXUVector3@@0@Z 00109a20 f   GameEngine:Rigidbody.obj
 0001:00009630       ?Speed@Rigidbody@@QAEMXZ   00109a30 f   GameEngine:Rigidbody.obj
 0001:00009670       ?SpeedSquared@Rigidbody@@QAEMXZ 00109a70 f   GameEngine:Rigidbody.obj
 0001:000096c0       ?Start@Rigidbody@@UAEXXZ   00109ac0 f   GameEngine:Rigidbody.obj
 0001:000096d0       ?Update@Rigidbody@@UAEXM@Z 00109ad0 f   GameEngine:Rigidbody.obj
 0001:00009af0       ??0BoxCollider@@QAE@XZ     00109ef0 f   GameEngine:BoxCollider.obj
 0001:00009b10       ?GetEdge@Collider@@UAEPAUVector3@@H@Z 00109f10 f i GameEngine:BoxCollider.obj
 0001:00009c70       ?GetEdgeDir@Collider@@UAE?AUVector3@@H@Z 0010a070 f i GameEngine:BoxCollider.obj
 0001:00009d60       ?GetFaceDir@Collider@@UAE?AUVector3@@H@Z 0010a160 f i GameEngine:BoxCollider.obj
 0001:00009e30       ?GetVertex@Collider@@UAE?AUVector3@@H@Z 0010a230 f i GameEngine:BoxCollider.obj
 0001:00009ff0       ?IsColliding@BoxCollider@@QAE_NPAV1@AAUVector3@@@Z 0010a3f0 f   GameEngine:BoxCollider.obj
 0001:0000a000       ?Normalized@Vector3@@QAE?AU1@XZ 0010a400 f i GameEngine:BoxCollider.obj
 0001:0000a0c0       ?SupportFunction@@YA?AUVector3@@U1@UTransform@@@Z 0010a4c0 f   GameEngine:BoxCollider.obj
 0001:0000a490       ?cross_aba@@YA?AUVector3@@ABU1@0@Z 0010a890 f i GameEngine:BoxCollider.obj
 0001:0000a4c0       ?update@@YA_NUVector3@@@Z  0010a8c0 f   GameEngine:BoxCollider.obj
 0001:0000aeb0       ?LoadModel@ModelLoader@@SAPAVModel3D@@PADW4Format3D@@@Z 0010b2b0 f   GameEngine:ModelLoader.obj
 0001:0000af30       ??0Transform@@QAE@UVector3@@UQuaternion@@0@Z 0010b330 f   GameEngine:Transform.obj
 0001:0000af80       ??0Transform@@QAE@XZ       0010b380 f   GameEngine:Transform.obj
 0001:0000b000       ??DQuaternion@@QAEAAUVector3@@AAU1@@Z 0010b400 f i GameEngine:Transform.obj
 0001:0000b140       ?GetForwardVector@Transform@@QAE?AUVector3@@XZ 0010b540 f   GameEngine:Transform.obj
 0001:0000b190       ?GetRightVector@Transform@@QAE?AUVector3@@XZ 0010b590 f   GameEngine:Transform.obj
 0001:0000b1e0       ?GetUpVector@Transform@@QAE?AUVector3@@XZ 0010b5e0 f   GameEngine:Transform.obj
 0001:0000b230       ?Rotate@Transform@@QAEXUQuaternion@@@Z 0010b630 f   GameEngine:Transform.obj
 0001:0000b330       ?Rotate@Transform@@QAEXUVector3@@M@Z 0010b730 f   GameEngine:Transform.obj
 0001:0000b550       ?Scale@Transform@@QAEXUVector3@@@Z 0010b950 f   GameEngine:Transform.obj
 0001:0000b590       ?ToString@Transform@@QAEPADPAD@Z 0010b990 f   GameEngine:Transform.obj
 0001:0000b640       ?Translate@Transform@@QAEXUVector3@@@Z 0010ba40 f   GameEngine:Transform.obj
 0001:0000b680       ??0Matrix3@@QAE@QAM@Z      0010ba80 f   GameEngine:Matrix3.obj
 0001:0000b6c0       ??0Matrix3@@QAE@XZ         0010bac0 f   GameEngine:Matrix3.obj
 0001:0000b710       ??D@YA?AUMatrix3@@ABU0@0@Z 0010bb10 f i GameEngine:Matrix3.obj
 0001:0000b8e0       ??D@YA?AUMatrix3@@ABU0@ABM@Z 0010bce0 f i GameEngine:Matrix3.obj
 0001:0000b980       ??D@YA?AUVector3@@ABUMatrix3@@ABU0@@Z 0010bd80 f i GameEngine:Matrix3.obj
 0001:0000ba20       ??G@YA?AUMatrix3@@ABU0@0@Z 0010be20 f i GameEngine:Matrix3.obj
 0001:0000bad0       ??H@YA?AUMatrix3@@ABU0@0@Z 0010bed0 f i GameEngine:Matrix3.obj
 0001:0000bb80       ?CreateRotation@Matrix3@@SA?AU1@UVector3@@@Z 0010bf80 f   GameEngine:Matrix3.obj
 0001:0000bd10       ?Inverse@Matrix3@@QAE?AU1@XZ 0010c110 f   GameEngine:Matrix3.obj
 0001:0000bf20       ?Transpose@Matrix3@@QAE?AU1@XZ 0010c320 f   GameEngine:Matrix3.obj
 0001:0000bf70       ??0Collider@@QAE@XZ        0010c370 f   GameEngine:Collider.obj
 0001:0000bfd0       ??0Obj@@QAE@PAD@Z          0010c3d0 f   GameEngine:Obj.obj
 0001:0000c040       ?Add@?$List@UFace@@@std@@QAEXUFace@@@Z 0010c440 f i GameEngine:Obj.obj
 0001:0000c0e0       ?Add@?$List@UVector3@@@std@@QAEXUVector3@@@Z 0010c4e0 f i GameEngine:Obj.obj
 0001:0000c190       ?CreateVertices@Obj@@AAEXXZ 0010c590 f   GameEngine:Obj.obj
 0001:0000c490       ?ReadFile@Obj@@AAEXPAD@Z   0010c890 f   GameEngine:Obj.obj
 0001:0000c4a0       ??0A3D@@QAE@PAD@Z          0010c8a0 f   GameEngine:A3D.obj
 0001:0000c640       ?memcmp@@YAHPBX0I@Z        0010ca40 f   Lib:string.obj
 0001:0000c680       ?memcpy@@YAPAXPAX0I@Z      0010ca80 f   Lib:string.obj
 0001:0000c6b0       ?memcpy_fast_128@@YAXPAX0I@Z 0010cab0 f   Lib:string.obj
 0001:0000c730       ?memset16@@YAPAXPAXGI@Z    0010cb30 f   Lib:string.obj
 0001:0000c750       ?memset32@@YAPAXPAXII@Z    0010cb50 f   Lib:string.obj
 0001:0000c770       ?memset_fast_128@@YAPAXPAXII@Z 0010cb70 f   Lib:string.obj
 0001:0000c7f0       ?strcat@@YAPADPADPBD@Z     0010cbf0 f   Lib:string.obj
 0001:0000c820       ?strcmp@@YAIPBD0@Z         0010cc20 f   Lib:string.obj
 0001:0000c870       ?strcpy@@YAPADPADPBD@Z     0010cc70 f   Lib:string.obj
 0001:0000c890       ?strlen@@YAIPBD@Z          0010cc90 f   Lib:string.obj
 0001:0000c8b0       _memset                    0010ccb0 f   Lib:string.obj
 0001:0000c8d0       ?acos@@YAMM@Z              0010ccd0 f   Lib:math.obj
 0001:0000c930       ?asin@@YAMM@Z              0010cd30 f   Lib:math.obj
 0001:0000c990       ?atan2@@YAMMM@Z            0010cd90 f   Lib:math.obj
 0001:0000ca90       ?atan@@YAMM@Z              0010ce90 f   Lib:math.obj
 0001:0000cac0       ?ceil@@YAHM@Z              0010cec0 f   Lib:math.obj
 0001:0000cae0       ?cos@@YAMM@Z               0010cee0 f   Lib:math.obj
 0001:0000cb00       ?fact@@YAMM@Z              0010cf00 f   Lib:math.obj
 0001:0000cb40       ?floor@@YAHM@Z             0010cf40 f   Lib:math.obj
 0001:0000cb60       ?log10@@YAMM@Z             0010cf60 f   Lib:math.obj
 0001:0000cb80       ?log2@@YAMM@Z              0010cf80 f   Lib:math.obj
 0001:0000cba0       ?log@@YAMM@Z               0010cfa0 f   Lib:math.obj
 0001:0000cbc0       ?logn@@YAMMM@Z             0010cfc0 f   Lib:math.obj
 0001:0000cbf0       ?pow@@YAMMH@Z              0010cff0 f   Lib:math.obj
 0001:0000ccd0       ?rand@@YAIXZ               0010d0d0 f   Lib:math.obj
 0001:0000ccf0       ?round@@YAHM@Z             0010d0f0 f   Lib:math.obj
 0001:0000cd10       ?sin@@YAMM@Z               0010d110 f   Lib:math.obj
 0001:0000cd30       ?sqrt@@YAMM@Z              0010d130 f   Lib:math.obj
 0001:0000cd50       ?srand@@YAXI@Z             0010d150 f   Lib:math.obj
 0001:0000cd60       ?tan@@YAMM@Z               0010d160 f   Lib:math.obj
 0001:0000cd90       ?atof@@YAMPBD@Z            0010d190 f   Lib:stdio.obj
 0001:0000ce30       ?atoi@@YAHPBD@Z            0010d230 f   Lib:stdio.obj
 0001:0000ce50       ?ftoa@@YAPADMIPAD@Z        0010d250 f   Lib:stdio.obj
 0001:0000cf80       ?itoa@@YAPADHIPAD_N@Z      0010d380 f   Lib:stdio.obj
 0001:0000d010       ?strtol@@YAJPBDPAPADH@Z    0010d410 f   Lib:stdio.obj
 0001:0000d160       ?vprintf@@YAPADPADPBDZZ    0010d560 f   Lib:stdio.obj
 0001:0000d180       ?vsprintf@@YAPADPADPBDPAE@Z 0010d580 f   Lib:stdio.obj
 0001:0000d4f0       ??2@YAPAXI@Z               0010d8f0 f   KERNEL:kernel.obj
 0001:0000d540       ??3@YAXPAX@Z               0010d940 f   KERNEL:kernel.obj
 0001:0000d560       ??_U@YAPAXI@Z              0010d960 f   KERNEL:kernel.obj
 0001:0000d5f0       ??_V@YAXPAX@Z              0010d9f0 f   KERNEL:kernel.obj
 0001:0000d600       ?Init@Kernel@@SAXPAUMULTIBOOT_INFO@@@Z 0010da00 f   KERNEL:kernel.obj
 0001:0000d6d0       ?Clear@Debug@@SAXI@Z       0010dad0 f   KERNEL:debug.obj
 0001:0000d6f0       ?Dump@Debug@@SAXPAXH_N@Z   0010daf0 f   KERNEL:debug.obj
 0001:0000d830       ?Print@Debug@@SAXPADZZ     0010dc30 f   KERNEL:debug.obj
 0001:0000d9c0       ?Putc@Debug@@SAXD_N@Z      0010ddc0 f   KERNEL:debug.obj
 0001:0000db10       ?ATA_Interrupt@ATA@@CAXXZ  0010df10 f   KERNEL:ata.obj
 0001:0000db20       ?Init@ATA@@SAIXZ           0010df20 f   KERNEL:ata.obj
 0001:0000db50       ?Read@ATA@@SAIHHHAAPADH@Z  0010df50 f   KERNEL:ata.obj
 0001:0000dd60       ?ReadSector@ATA@@CAIHHHPAD@Z 0010e160 f   KERNEL:ata.obj
 0001:0000df10       ?Clear@VBE@@SAXI@Z         0010e310 f   KERNEL:vbe.obj
 0001:0000df30       ?Draw@VBE@@SAXXZ           0010e330 f   KERNEL:vbe.obj
 0001:0000df50       ?DrawLine@VBE@@SAXIIIII@Z  0010e350 f   KERNEL:vbe.obj
 0001:0000e080       ?DrawText@VBE@@SAXIIPADI@Z 0010e480 f   KERNEL:vbe.obj
 0001:0000e140       ?DrawText@VBE@@SAXIIPADII@Z 0010e540 f   KERNEL:vbe.obj
 0001:0000e220       ?Init@VBE@@SAIPAUVBE_MODE_INFO@@@Z 0010e620 f   KERNEL:vbe.obj
 0001:0000e2b0       ?SetPixel@VBE@@SAXIII@Z    0010e6b0 f   KERNEL:vbe.obj
 0001:0000e2e0       ?DecodeAscii@Keyboard@@CAXAAUKEY_PACKET@@@Z 0010e6e0 f   KERNEL:keyboard.obj
 0001:0000e570       ?DiscardLastKey@Keyboard@@SAXXZ 0010e970 f   KERNEL:keyboard.obj
 0001:0000e580       ?GetKeyDown@Keyboard@@SA_NW4KEYCODE@@@Z 0010e980 f   KERNEL:keyboard.obj
 0001:0000e590       ?GetLastKey@Keyboard@@SA?AUKEY_PACKET@@XZ 0010e990 f   KERNEL:keyboard.obj
 0001:0000e5b0       ?Init@Keyboard@@SAIXZ      0010e9b0 f   KERNEL:keyboard.obj
 0001:0000e5d0       ?Keyboard_ISR@Keyboard@@CAXXZ 0010e9d0 f   KERNEL:keyboard.obj
 0001:0000e7c0       ?Init@PIT@@SAIXZ           0010ebc0 f   KERNEL:pit.obj
 0001:0000e800       ?PIT_ISR@PIT@@CAXXZ        0010ec00 f   KERNEL:pit.obj
 0001:0000e810       ?ReadData@PIT@@CAEE@Z      0010ec10 f   KERNEL:pit.obj
 0001:0000e840       ?SendData@PIT@@CAXGE@Z     0010ec40 f   KERNEL:pit.obj
 0001:0000e880       ?Sleep@PIT@@SAXI@Z         0010ec80 f   KERNEL:pit.obj
 0001:0000e8a0       ?Start@PIT@@CAIXZ          0010eca0 f   KERNEL:pit.obj
 0001:0000e8e0       ?Init@Mouse@@SAIIIM@Z      0010ece0 f   KERNEL:mouse.obj
 0001:0000ebd0       ?MouseRead@Mouse@@CAEXZ    0010efd0 f   KERNEL:mouse.obj
 0001:0000ec00       ?MouseWait@Mouse@@CAXE@Z   0010f000 f   KERNEL:mouse.obj
 0001:0000ec40       ?MouseWrite@Mouse@@CAXE@Z  0010f040 f   KERNEL:mouse.obj
 0001:0000eca0       ?Mouse_ISR@Mouse@@CAXXZ    0010f0a0 f   KERNEL:mouse.obj
 0001:0000ede0       ?Checksum@KNet@@SAGPAXH@Z  0010f1e0 f   KERNEL:net.obj
 0001:0000ee60       ?ChecksumDouble@KNet@@SAGPAXH0H@Z 0010f260 f   KERNEL:net.obj
 0001:0000ef40       ?Init@KNet@@SAIXZ          0010f340 f   KERNEL:net.obj
 0001:0000efa0       ?PrintIP@KNet@@SAXPADUIPv4Address@@@Z 0010f3a0 f   KERNEL:net.obj
 0001:0000efe0       ?PrintMac@KNet@@SAXPADUMacAddress@@@Z 0010f3e0 f   KERNEL:net.obj
 0001:0000f030       ?htonl@@YAII@Z             0010f430 f   KERNEL:net.obj
 0001:0000f040       ?htons@@YAGG@Z             0010f440 f   KERNEL:net.obj
 0001:0000f060       ?ntohl@@YAII@Z             0010f460 f   KERNEL:net.obj
 0001:0000f070       ?ntohs@@YAGG@Z             0010f470 f   KERNEL:net.obj
 0001:0000f090       ?KernelPanic@Panic@@SAXPAD0@Z 0010f490 f   KERNEL:panic.obj
 0001:0000f0d0       ?AllocBlocks@Memory@@SAPAXI@Z 0010f4d0 f   KERNEL:memory.obj
 0001:0000f200       ?DeInitRegion@Memory@@SAXPAXI@Z 0010f600 f   KERNEL:memory.obj
 0001:0000f250       ?FirstFree@Memory@@CAIXZ   0010f650 f   KERNEL:memory.obj
 0001:0000f290       ?FirstFreeNum@Memory@@CAII@Z 0010f690 f   KERNEL:memory.obj
 0001:0000f380       ?FreeBlocks@Memory@@SAXPAXI@Z 0010f780 f   KERNEL:memory.obj
 0001:0000f3e0       ?Init@Memory@@SAIIPAI@Z    0010f7e0 f   KERNEL:memory.obj
 0001:0000f460       ?InitRegion@Memory@@SAXPAXI@Z 0010f860 f   KERNEL:memory.obj
 0001:0000f4b0       ?EnableFPU@CPU@@CAIXZ      0010f8b0 f   KERNEL:cpu.obj
 0001:0000f4d0       ?EnableSSE@CPU@@CAIXZ      0010f8d0 f   KERNEL:cpu.obj
 0001:0000f500       ?Init@CPU@@SAIXZ           0010f900 f   KERNEL:cpu.obj
 0001:0000f530       ?Init@HAL@@SAIXZ           0010f930 f   KERNEL:hal.obj
 0001:0000f560       ?inb@@YAEG@Z               0010f960 f   KERNEL:hal.obj
 0001:0000f580       ?inl@@YAIG@Z               0010f980 f   KERNEL:hal.obj
 0001:0000f5a0       ?inw@@YAGG@Z               0010f9a0 f   KERNEL:hal.obj
 0001:0000f5c0       ?outb@@YAXGE@Z             0010f9c0 f   KERNEL:hal.obj
 0001:0000f5d0       ?outl@@YAXGI@Z             0010f9d0 f   KERNEL:hal.obj
 0001:0000f5e0       ?outw@@YAXGG@Z             0010f9e0 f   KERNEL:hal.obj
 0001:0000f5f0       ?DefaultISR@Exceptions@@SAXXZ 0010f9f0 f   KERNEL:exceptions.obj
 0001:0000f610       ?ISR0@Exceptions@@CAXXZ    0010fa10 f   KERNEL:exceptions.obj
 0001:0000f630       ?ISR10@Exceptions@@CAXXZ   0010fa30 f   KERNEL:exceptions.obj
 0001:0000f650       ?ISR11@Exceptions@@CAXXZ   0010fa50 f   KERNEL:exceptions.obj
 0001:0000f670       ?ISR12@Exceptions@@CAXXZ   0010fa70 f   KERNEL:exceptions.obj
 0001:0000f690       ?ISR13@Exceptions@@CAXXZ   0010fa90 f   KERNEL:exceptions.obj
 0001:0000f6b0       ?ISR14@Exceptions@@CAXXZ   0010fab0 f   KERNEL:exceptions.obj
 0001:0000f6d0       ?ISR15@Exceptions@@CAXXZ   0010fad0 f   KERNEL:exceptions.obj
 0001:0000f6f0       ?ISR16@Exceptions@@CAXXZ   0010faf0 f   KERNEL:exceptions.obj
 0001:0000f710       ?ISR17@Exceptions@@CAXXZ   0010fb10 f   KERNEL:exceptions.obj
 0001:0000f730       ?ISR18@Exceptions@@CAXXZ   0010fb30 f   KERNEL:exceptions.obj
 0001:0000f750       ?ISR19@Exceptions@@CAXXZ   0010fb50 f   KERNEL:exceptions.obj
 0001:0000f770       ?ISR1@Exceptions@@CAXXZ    0010fb70 f   KERNEL:exceptions.obj
 0001:0000f790       ?ISR2@Exceptions@@CAXXZ    0010fb90 f   KERNEL:exceptions.obj
 0001:0000f7b0       ?ISR3@Exceptions@@CAXXZ    0010fbb0 f   KERNEL:exceptions.obj
 0001:0000f7d0       ?ISR4@Exceptions@@CAXXZ    0010fbd0 f   KERNEL:exceptions.obj
 0001:0000f7f0       ?ISR5@Exceptions@@CAXXZ    0010fbf0 f   KERNEL:exceptions.obj
 0001:0000f810       ?ISR6@Exceptions@@CAXIII@Z 0010fc10 f   KERNEL:exceptions.obj
 0001:0000f890       ?ISR7@Exceptions@@CAXXZ    0010fc90 f   KERNEL:exceptions.obj
 0001:0000f8b0       ?ISR8@Exceptions@@CAXXZ    0010fcb0 f   KERNEL:exceptions.obj
 0001:0000f8d0       ?ISR9@Exceptions@@CAXXZ    0010fcd0 f   KERNEL:exceptions.obj
 0001:0000f8f0       ?Init@Exceptions@@SAIXZ    0010fcf0 f   KERNEL:exceptions.obj
 0001:0000f9f0       ?Create@PCI@@CAPAUPCI_DEVICE@@EEE@Z 0010fdf0 f   KERNEL:pci.obj
 0001:0000fab0       ?GetDevice@PCI@@SAPAUPCI_DEVICE@@HHH@Z 0010feb0 f   KERNEL:pci.obj
 0001:0000fc60       ?Init@PCI@@SAIXZ           00110060 f   KERNEL:pci.obj
 0001:0000fc70       ?Read@PCI@@CAIEEEEE@Z      00110070 f   KERNEL:pci.obj
 0001:0000fce0       ?printdev@@YAXPAUPCI_DEVICE@@@Z 001100e0 f   KERNEL:pci.obj
 0001:0000fd20       ??0E1000@@QAE@PAUPCI_DEVICE@@@Z 00110120 f   KERNEL:ne1000.obj
 0001:0000fe40       ?DetectEEPROM@E1000@@AAE_NXZ 00110240 f   KERNEL:ne1000.obj
 0001:0000feb0       ?E1000_Interrupt@E1000@@CAXXZ 001102b0 f   KERNEL:ne1000.obj
 0001:0000ff10       ?EnableIRQ@E1000@@AAEXXZ   00110310 f   KERNEL:ne1000.obj
 0001:0000ffa0       ?GetIP@E1000@@UAE?AUIPv4Address@@XZ 001103a0 f   KERNEL:ne1000.obj
 0001:0000ffc0       ?GetMac@E1000@@UAE?AUMacAddress@@XZ 001103c0 f   KERNEL:ne1000.obj
 0001:0000ffe0       ?InitRX@E1000@@AAEXXZ      001103e0 f   KERNEL:ne1000.obj
 0001:00010140       ?InitTX@E1000@@AAEXXZ      00110540 f   KERNEL:ne1000.obj
 0001:000102c0       ?Linkup@E1000@@AAEXXZ      001106c0 f   KERNEL:ne1000.obj
 0001:00010310       ?Poll@E1000@@UAEXXZ        00110710 f   KERNEL:ne1000.obj
 0001:000103b0       ?ReadCommand@E1000@@AAEIG@Z 001107b0 f   KERNEL:ne1000.obj
 0001:000103e0       ?ReadEEPROM@E1000@@AAEIE@Z 001107e0 f   KERNEL:ne1000.obj
 0001:000104a0       ?ReadMac@E1000@@AAEXXZ     001108a0 f   KERNEL:ne1000.obj
 0001:000104e0       ?Send@E1000@@UAEXPAUNetPacket@@@Z 001108e0 f   KERNEL:ne1000.obj
 0001:00010580       ?Start@E1000@@AAEXXZ       00110980 f   KERNEL:ne1000.obj
 0001:00010990       ?WriteCommand@E1000@@AAEXGI@Z 00110d90 f   KERNEL:ne1000.obj
 0001:000109d0       ?EmptyISR@IDT@@SAXXZ       00110dd0 f   KERNEL:idt.obj
 0001:000109e0       ?GetIR@IDT@@SAPAUIDT_DESCRIPTOR@@I@Z 00110de0 f   KERNEL:idt.obj
 0001:000109f0       ?Init@IDT@@SAIXZ           00110df0 f   KERNEL:idt.obj
 0001:00010a60       ?SetISR@IDT@@SAIIP6AXXZ@Z  00110e60 f   KERNEL:idt.obj
 0001:00010aa0       ?Init@PIC@@SAIXZ           00110ea0 f   KERNEL:pic.obj
 0001:00010b00       ?InterruptDone@PIC@@SAXG@Z 00110f00 f   KERNEL:pic.obj
 0001:00010b30       ?ReadData@PIC@@CAEE@Z      00110f30 f   KERNEL:pic.obj
 0001:00010b60       ?SendCommand@PIC@@CAXEE@Z  00110f60 f   KERNEL:pic.obj
 0001:00010b90       ?SendData@PIC@@CAXGE@Z     00110f90 f   KERNEL:pic.obj
 0001:00010bc0       ??0NetInterface@@QAE@PAUPCI_DEVICE@@@Z 00110fc0 f   KERNEL:netinterface.obj
 0001:00010be0       ?GetIP@NetInterface@@UAE?AUIPv4Address@@XZ 00110fe0 f i KERNEL:netinterface.obj
 0001:00010bf0       ?GetMac@NetInterface@@UAE?AUMacAddress@@XZ 00110ff0 f i KERNEL:netinterface.obj
 0001:00010c10       ?Poll@NetInterface@@UAEXXZ 00111010 f i KERNEL:netinterface.obj
 0001:00010c20       ?Send@NetInterface@@UAEXPAUNetPacket@@@Z 00111020 f i KERNEL:netinterface.obj
 0001:00010c23       ??1type_info@@UAE@XZ       00111023 f   LIBCMT:std_type_info_static.obj
 0001:00010c2a       ??_Gtype_info@@UAEPAXI@Z   0011102a f i LIBCMT:std_type_info_static.obj
 0001:00010c2a       ??_Etype_info@@UAEPAXI@Z   0011102a f i LIBCMT:std_type_info_static.obj
 0001:00010c4d       ??3@YAXPAXI@Z              0011104d f   LIBCMT:delete_scalar_size.obj
 0002:00000000       ??_C@_06JJGECBPI@?$CFs?5?$CFi?6?$AA@ 00111200     iso.obj
 0002:00000008       ??_C@_03OFAPEBGM@?$CFs?6?$AA@ 00111208     iso.obj
 0002:0000000c       ??_C@_03PELOGHMK@?$CFi?6?$AA@ 0011120c     Mandelbrot.obj
 0002:00000010       ??_C@_06CMGOICJA@Start?6?$AA@ 00111210     Mandelbrot.obj
 0002:00000018       ??_C@_0BD@OAOOOKEK@Ticks?3?5?$CFi?7FPS?3?5?$CFi?6?$AA@ 00111218     Mandelbrot.obj
 0002:0000002c       ??_C@_09JHEKFLJE@Zoom?3?5?$CFf?6?$AA@ 0011122c     Mandelbrot.obj
 0002:00000038       __real@1adaca00            00111238     Mandelbrot.obj
 0002:00000040       __real@3fe0000000000000    00111240     Mandelbrot.obj
 0002:00000048       __real@3fe93b645a1cac08    00111248     Mandelbrot.obj
 0002:00000050       __real@3ff0000000000000    00111250     Mandelbrot.obj
 0002:00000058       __real@4010000000000000    00111258     Mandelbrot.obj
 0002:00000060       __real@4088000000000000    00111260     Mandelbrot.obj
 0002:00000068       __real@40f0000000000000    00111268     Mandelbrot.obj
 0002:00000070       __real@437f0000            00111270     Mandelbrot.obj
 0002:00000074       __real@447a0000            00111274     Mandelbrot.obj
 0002:00000078       ??_C@_0BJ@FHJFEPME@arp?3?5sending?5request?5to?5?$AA@ 00111278     arp.obj
 0002:00000094       ??_C@_0BH@NFEPIOCG@arp?3?5sending?5reply?5to?5?$AA@ 00111294     arp.obj
 0002:000000ac       ??_C@_0BB@NPEPEJMJ@ARP?5added?5entry?5?$AA@ 001112ac     arp.obj
 0002:000000c0       ??_C@_0O@MBFFJLEF@DHCP?5RECEIVE?6?$AA@ 001112c0     dhcp.obj
 0002:000000d0       ??_C@_0O@IJAKJLNJ@Received?5DNS?6?$AA@ 001112d0     dns.obj
 0002:000000e0       ??_C@_0BF@DPFFLPFA@DNS?5added?5entry?3?5?$CFs?5?$AA@ 001112e0     dns.obj
 0002:000000f5       ??_C@_00CNPNBAHC@?$AA@     001112f5     dns.obj
 0002:000000f8       ??_C@_0M@KNKKGHNO@PARSED?5IP?3?5?$AA@ 001112f8     http.obj
 0002:00000104       ??_C@_0BO@OHMKJDEI@Flags?3?5?$CFux?7ACK?3?5?$CFui?7SEQ?3?5?$CFui?6?$AA@ 00111304     tcpsession.obj
 0002:00000124       ??_C@_0L@EIILFCEB@Connected?6?$AA@ 00111324     tcpsession.obj
 0002:00000130       ??_C@_07IPMAGINO@Closed?6?$AA@ 00111330     tcpsession.obj
 0002:00000138       ??_C@_0BA@FHBAHEGN@Timeout?5closed?6?$AA@ 00111338     tcpsession.obj
 0002:00000148       ??_C@_04CDEGOFNM@Cam1?$AA@ 00111348     3DGame:3DGame.obj
 0002:00000150       ??_C@_05FOLLILPC@Thing?$AA@ 00111350     3DGame:3DGame.obj
 0002:00000158       ??_C@_05PGDJFNFN@Floor?$AA@ 00111358     3DGame:3DGame.obj
 0002:00000160       __real@3f800000            00111360     3DGame:3DGame.obj
 0002:00000164       __real@40a00000            00111364     3DGame:3DGame.obj
 0002:00000168       __real@41200000            00111368     3DGame:3DGame.obj
 0002:0000016c       __real@c1700000            0011136c     3DGame:3DGame.obj
 0002:00000174       ??_7MyBox@@6B@             00111374     3DGame:MyBox.obj
 0002:0000017c       ??_C@_08GGPPOII@cube?4a3d?$AA@ 0011137c     3DGame:MyBox.obj
 0002:00000188       ??_C@_07CKAHAGKJ@img?4bmp?$AA@ 00111388     3DGame:MyBox.obj
 0002:00000190       ??_C@_0O@NJFLLBAD@bmp?5not?5found?$AA@ 00111390     3DGame:MyBox.obj
 0002:000001a0       ??_C@_04GONFKEIN@Mesh?$AA@ 001113a0     3DGame:MyBox.obj
 0002:000001a8       ??_C@_09DHKFHJOA@Rigidbody?$AA@ 001113a8     3DGame:MyBox.obj
 0002:000001b8       ??_7Thing@@6B@             001113b8     3DGame:Thing.obj
 0002:000001c0       ??_C@_0L@IDFINJJI@sphere?4a3d?$AA@ 001113c0     3DGame:Thing.obj
 0002:000001cc       ??_C@_09PCLIKNNA@earth?4bmp?$AA@ 001113cc     3DGame:Thing.obj
 0002:000001d8       __real@41a00000            001113d8     3DGame:Thing.obj
 0002:000001e0       __xmm@80000000800000008000000080000000 001113e0     3DGame:Thing.obj
 0002:000001f0       __real@0000000000000000    001113f0     GL:Matrix4.obj
 0002:000001f8       __real@40000000            001113f8     GL:Matrix4.obj
 0002:00000200       __real@400921fb54442eea    00111400     GL:Matrix4.obj
 0002:00000208       __real@4066800000000000    00111408     GL:Matrix4.obj
 0002:00000210       __real@3fb1eb851eb851ec    00111410     GL:Color.obj
 0002:00000218       __real@3fcae147ae147ae1    00111418     GL:Color.obj
 0002:00000220       __real@3fe70a3d70a3d70a    00111420     GL:Color.obj
 0002:00000230       __xmm@41f00000000000000000000000000000 00111430     GL:Color.obj
 0002:00000240       ??_C@_05JODGIKH@Light?$AA@ 00111440     GameEngine:Engine.obj
 0002:00000248       ??_C@_06LOJNHMMK@Thing2?$AA@ 00111448     GameEngine:Engine.obj
 0002:00000250       ??_C@_0P@ILNAIKMC@FPS?3?5?$CFi?7DT?3?$CFi?6?$AA@ 00111450     GameEngine:Engine.obj
 0002:00000260       ??_C@_0L@KCHEIND@Ticks?3?5?$CFi?6?$AA@ 00111460     GameEngine:Engine.obj
 0002:0000026c       ??_C@_08DAHIJCLH@Free?5?$CFi?6?$AA@ 0011146c     GameEngine:Engine.obj
 0002:00000278       ??_C@_08FHFNDDND@Cam?3?5?$CFs?6?$AA@ 00111478     GameEngine:Engine.obj
 0002:00000284       ??_C@_07JOHLBHPG@P1?3?5?$CFs?6?$AA@ 00111484     GameEngine:Engine.obj
 0002:0000028c       ??_C@_0BC@KLOOLLKI@V1?3?5?$FL?$CFf?0?5?$CFf?0?5?$CFf?$FN?6?$AA@ 0011148c     GameEngine:Engine.obj
 0002:000002a0       ??_C@_0M@CBHEFHKI@Energy?3?5?$CFf?6?$AA@ 001114a0     GameEngine:Engine.obj
 0002:000002ac       ??_C@_08GDLGNBJK@?$CFf?7?$CFf?7?$CFf?$AA@ 001114ac     GameEngine:Engine.obj
 0002:000002b8       ??_C@_0BB@PIJAIOHM@List?3?3operator?$FL?$FN?$AA@ 001114b8     GameEngine:Engine.obj
 0002:000002cc       ??_C@_0BN@NJEFJLOF@Index?5out?5of?5range?5exception?$AA@ 001114cc     GameEngine:Engine.obj
 0002:000002ec       __real@00000000            001114ec     GameEngine:Engine.obj
 0002:000002f0       __real@3e800000            001114f0     GameEngine:Engine.obj
 0002:000002f4       __real@3f2aaaab            001114f4     GameEngine:Engine.obj
 0002:000002f8       __real@3ff921fb54442eea    001114f8     GameEngine:Engine.obj
 0002:00000300       __real@401921fb54442eea    00111500     GameEngine:Engine.obj
 0002:00000308       __real@402399999999999a    00111508     GameEngine:Engine.obj
 0002:00000310       __real@40800000            00111510     GameEngine:Engine.obj
 0002:00000314       __real@43c80000            00111514     GameEngine:Engine.obj
 0002:00000318       __real@44fa0000            00111518     GameEngine:Engine.obj
 0002:00000320       __real@bff921fb54442eea    00111520     GameEngine:Engine.obj
 0002:00000330       __xmm@7fffffffffffffff7fffffffffffffff 00111530     GameEngine:Engine.obj
 0002:00000340       __xmm@80000000000000008000000000000000 00111540     GameEngine:Engine.obj
 0002:00000354       ??_7GameObject@@6B@        00111554     GameEngine:GameObject.obj
 0002:0000035c       ??_C@_0L@EJMOOPIK@GameObject?$AA@ 0011155c     GameEngine:GameObject.obj
 0002:0000036c       ??_7Camera@@6B@            0011156c     GameEngine:Camera.obj
 0002:00000378       ??_7Component@@6B@         00111578     GameEngine:Component.obj
 0002:00000384       ??_7MeshComponent@@6B@     00111584     GameEngine:MeshComponent.obj
 0002:00000390       ??_7Rigidbody@@6B@         00111590     GameEngine:Rigidbody.obj
 0002:0000039c       ??_7BoxCollider@@6B@       0011159c     GameEngine:BoxCollider.obj
 0002:000003ac       __real@3f000000            001115ac     GameEngine:BoxCollider.obj
 0002:000003b0       __real@bf000000            001115b0     GameEngine:BoxCollider.obj
 0002:000003b4       ??_C@_05MBDEGLCK@ERROR?$AA@ 001115b4     GameEngine:ModelLoader.obj
 0002:000003bc       ??_C@_0CL@CEJFKDDD@?$FL?$CFf?0?5?$CFf?0?5?$CFf?$FN?5?$FL?$CFf?0?5?$CFf?0?5?$CFf?0?5?$CFf?$FN?5?$FL?$CF@ 001115bc     GameEngine:Transform.obj
 0002:000003f0       __xmm@0000000000000000000000003f800000 001115f0     GameEngine:Matrix3.obj
 0002:00000400       __xmm@3f800000000000000000000000000000 00111600     GameEngine:Matrix3.obj
 0002:00000414       ??_7Collider@@6B@          00111614     GameEngine:Collider.obj
 0002:00000424       __real@3e8f5c29            00111624     Lib:math.obj
 0002:00000428       __real@40490fdb            00111628     Lib:math.obj
 0002:0000042c       __real@bfc90fdb            0011162c     Lib:math.obj
 0002:00000430       __xmm@7fffffff7fffffff7fffffff7fffffff 00111630     Lib:math.obj
 0002:00000440       ??_C@_03LHCJEHON@nan?$AA@  00111640     Lib:stdio.obj
 0002:00000444       ??_C@_03OJHLLCGB@inf?$AA@  00111644     Lib:stdio.obj
 0002:00000448       ??_C@_01GBGANLPD@0?$AA@    00111648     Lib:stdio.obj
 0002:00000450       __real@3f1a36e2eb1c432d    00111650     Lib:stdio.obj
 0002:00000458       __real@bf800000            00111658     Lib:stdio.obj
 0002:00000460       __xmm@46454443424139383736353433323130 00111660     Lib:stdio.obj
 0002:00000470       ??_C@_0BE@FFHLEPEC@Found?5network?5card?6?$AA@ 00111670     KERNEL:kernel.obj
 0002:00000484       __real@39800000            00111684     KERNEL:kernel.obj
 0002:00000488       ??_C@_04PFOHOKJK@?5?5?5?5?$AA@ 00111688     KERNEL:debug.obj
 0002:00000490       ??_C@_01CLKCMJKC@?5?$AA@   00111690     KERNEL:debug.obj
 0002:00000494       ??_C@_03IKGEINEE@?$CFs?5?$AA@ 00111694     KERNEL:debug.obj
 0002:00000608       ??_C@_0P@JJOCPBNH@?$CFs?$CFi?4?$CFi?4?$CFi?4?$CFi?6?$AA@ 00111808     KERNEL:net.obj
 0002:00000618       ??_C@_0BF@MCJEFIGG@?$CFs?$CFx?3?$CFx?3?$CFx?3?$CFx?3?$CFx?3?$CFx?6?$AA@ 00111818     KERNEL:net.obj
 0002:00000630       ??_C@_0BK@KHJFGGEJ@Default?5interrupt?5handler?$AA@ 00111830     KERNEL:exceptions.obj
 0002:0000064c       ??_C@_0BB@CAGHCAFL@Division?5by?5zero?$AA@ 0011184c     KERNEL:exceptions.obj
 0002:00000660       ??_C@_05GCIPIGEI@Debug?$AA@ 00111860     KERNEL:exceptions.obj
 0002:00000668       ??_C@_0BH@DLMGGJOP@Non?9Maskable?5interrupt?$AA@ 00111868     KERNEL:exceptions.obj
 0002:00000680       ??_C@_0L@DEJAMIEF@Breakpoint?$AA@ 00111880     KERNEL:exceptions.obj
 0002:0000068c       ??_C@_08KJPBNJGC@Overflow?$AA@ 0011188c     KERNEL:exceptions.obj
 0002:00000698       ??_C@_0BF@KABNNNC@Bound?5range?5exceeded?$AA@ 00111898     KERNEL:exceptions.obj
 0002:000006b0       ??_C@_0BJ@JILCCCBH@0x?$CFux?70x?$CFux?70x?$CFux?70x?$CFux?6?$AA@ 001118b0     KERNEL:exceptions.obj
 0002:000006cc       ??_C@_06NIEMCLMH@0x?$CFux?6?$AA@ 001118cc     KERNEL:exceptions.obj
 0002:000006d4       ??_C@_0P@GJJPHHDN@Invalid?5opcode?$AA@ 001118d4     KERNEL:exceptions.obj
 0002:000006e4       ??_C@_0BF@COPPNEEP@Device?5not?5available?$AA@ 001118e4     KERNEL:exceptions.obj
 0002:000006fc       ??_C@_0N@EMHPBCJE@Double?5fault?$AA@ 001118fc     KERNEL:exceptions.obj
 0002:0000070c       ??_C@_0BM@FLNHCLJG@Coprocessor?5segment?5overrun?$AA@ 0011190c     KERNEL:exceptions.obj
 0002:00000728       ??_C@_0M@OLMALBPG@Invalid?5TSS?$AA@ 00111928     KERNEL:exceptions.obj
 0002:00000734       ??_C@_0BE@FPPPAKKN@Segment?5not?5present?$AA@ 00111934     KERNEL:exceptions.obj
 0002:00000748       ??_C@_0BE@OLMOIPB@Stack?9segment?5fault?$AA@ 00111948     KERNEL:exceptions.obj
 0002:0000075c       ??_C@_0BJ@LDJBBLLL@General?5protection?5fault?$AA@ 0011195c     KERNEL:exceptions.obj
 0002:00000778       ??_C@_0L@JBNHOLPF@Page?5fault?$AA@ 00111978     KERNEL:exceptions.obj
 0002:00000784       ??_C@_0O@EBPJONIA@15?5?$CIReserved?$CJ?$AA@ 00111984     KERNEL:exceptions.obj
 0002:00000794       ??_C@_0BN@OAPCMCOK@x87?5Floating?9point?5exception?$AA@ 00111994     KERNEL:exceptions.obj
 0002:000007b4       ??_C@_0BA@DMDLEFCI@Alignment?5check?$AA@ 001119b4     KERNEL:exceptions.obj
 0002:000007c4       ??_C@_0O@LHBOKIFP@Machine?5check?$AA@ 001119c4     KERNEL:exceptions.obj
 0002:000007d4       ??_C@_0BO@PAHIJHOM@SIMD?5floating?9point?5exception?$AA@ 001119d4     KERNEL:exceptions.obj
 0002:000007f8       ??_C@_0EO@NIHBEAOP@Bus?3?5?$CFx?5Device?3?5?$CFx?5Function?3?5?$CFx?5@ 001119f8     KERNEL:pci.obj
 0002:0000084c       ??_7E1000@@6B@             00111a4c     KERNEL:ne1000.obj
 0002:0000085c       ??_C@_04BLELHJJM@IP?3?5?$AA@ 00111a5c     KERNEL:ne1000.obj
 0002:00000864       ??_C@_05MMECAFBK@Mac?3?5?$AA@ 00111a64     KERNEL:ne1000.obj
 0002:00000870       ??_7NetInterface@@6B@      00111a70     KERNEL:netinterface.obj
 0002:00000884       ??_7type_info@@6B@         00111a84     LIBCMT:std_type_info_static.obj
 0002:000008e4       ??_R4MyBox@@6B@            00111ae4     3DGame:MyBox.obj
 0002:000008f8       ??_R3MyBox@@8              00111af8     3DGame:MyBox.obj
 0002:00000908       ??_R2MyBox@@8              00111b08     3DGame:MyBox.obj
 0002:00000914       ??_R1A@?0A@EA@MyBox@@8     00111b14     3DGame:MyBox.obj
 0002:00000930       ??_R1A@?0A@EA@GameObject@@8 00111b30     3DGame:MyBox.obj
 0002:0000094c       ??_R3GameObject@@8         00111b4c     3DGame:MyBox.obj
 0002:0000095c       ??_R2GameObject@@8         00111b5c     3DGame:MyBox.obj
 0002:00000964       ??_R4Thing@@6B@            00111b64     3DGame:Thing.obj
 0002:00000978       ??_R3Thing@@8              00111b78     3DGame:Thing.obj
 0002:00000988       ??_R2Thing@@8              00111b88     3DGame:Thing.obj
 0002:00000994       ??_R1A@?0A@EA@Thing@@8     00111b94     3DGame:Thing.obj
 0002:000009b0       ??_R4GameObject@@6B@       00111bb0     GameEngine:GameObject.obj
 0002:000009c4       ??_R4Camera@@6B@           00111bc4     GameEngine:Camera.obj
 0002:000009d8       ??_R3Camera@@8             00111bd8     GameEngine:Camera.obj
 0002:000009e8       ??_R2Camera@@8             00111be8     GameEngine:Camera.obj
 0002:000009f4       ??_R1A@?0A@EA@Camera@@8    00111bf4     GameEngine:Camera.obj
 0002:00000a10       ??_R4Component@@6B@        00111c10     GameEngine:Component.obj
 0002:00000a24       ??_R3Component@@8          00111c24     GameEngine:Component.obj
 0002:00000a34       ??_R2Component@@8          00111c34     GameEngine:Component.obj
 0002:00000a3c       ??_R1A@?0A@EA@Component@@8 00111c3c     GameEngine:Component.obj
 0002:00000a58       ??_R4MeshComponent@@6B@    00111c58     GameEngine:MeshComponent.obj
 0002:00000a6c       ??_R3MeshComponent@@8      00111c6c     GameEngine:MeshComponent.obj
 0002:00000a7c       ??_R2MeshComponent@@8      00111c7c     GameEngine:MeshComponent.obj
 0002:00000a8c       ??_R1A@?0A@EA@MeshComponent@@8 00111c8c     GameEngine:MeshComponent.obj
 0002:00000aa8       ??_R1M@?0A@EA@IMesh@@8     00111ca8     GameEngine:MeshComponent.obj
 0002:00000ac4       ??_R3IMesh@@8              00111cc4     GameEngine:MeshComponent.obj
 0002:00000ad4       ??_R2IMesh@@8              00111cd4     GameEngine:MeshComponent.obj
 0002:00000adc       ??_R1A@?0A@EA@IMesh@@8     00111cdc     GameEngine:MeshComponent.obj
 0002:00000af8       ??_R4Rigidbody@@6B@        00111cf8     GameEngine:Rigidbody.obj
 0002:00000b0c       ??_R3Rigidbody@@8          00111d0c     GameEngine:Rigidbody.obj
 0002:00000b1c       ??_R2Rigidbody@@8          00111d1c     GameEngine:Rigidbody.obj
 0002:00000b28       ??_R1A@?0A@EA@Rigidbody@@8 00111d28     GameEngine:Rigidbody.obj
 0002:00000b44       ??_R4BoxCollider@@6B@      00111d44     GameEngine:BoxCollider.obj
 0002:00000b58       ??_R3BoxCollider@@8        00111d58     GameEngine:BoxCollider.obj
 0002:00000b68       ??_R2BoxCollider@@8        00111d68     GameEngine:BoxCollider.obj
 0002:00000b74       ??_R1A@?0A@EA@BoxCollider@@8 00111d74     GameEngine:BoxCollider.obj
 0002:00000b90       ??_R1A@?0A@EA@Collider@@8  00111d90     GameEngine:BoxCollider.obj
 0002:00000bac       ??_R3Collider@@8           00111dac     GameEngine:BoxCollider.obj
 0002:00000bbc       ??_R2Collider@@8           00111dbc     GameEngine:BoxCollider.obj
 0002:00000bc4       ??_R4Collider@@6B@         00111dc4     GameEngine:Collider.obj
 0002:00000bd8       ??_R4E1000@@6B@            00111dd8     KERNEL:ne1000.obj
 0002:00000bec       ??_R3E1000@@8              00111dec     KERNEL:ne1000.obj
 0002:00000bfc       ??_R2E1000@@8              00111dfc     KERNEL:ne1000.obj
 0002:00000c08       ??_R1A@?0A@EA@E1000@@8     00111e08     KERNEL:ne1000.obj
 0002:00000c24       ??_R1A@?0A@EA@NetInterface@@8 00111e24     KERNEL:ne1000.obj
 0002:00000c40       ??_R3NetInterface@@8       00111e40     KERNEL:ne1000.obj
 0002:00000c50       ??_R2NetInterface@@8       00111e50     KERNEL:ne1000.obj
 0002:00000c58       ??_R4NetInterface@@6B@     00111e58     KERNEL:netinterface.obj
 0002:00000c6c       ??_R4type_info@@6B@        00111e6c     LIBCMT:std_type_info_static.obj
 0002:00000c80       ??_R3type_info@@8          00111e80     LIBCMT:std_type_info_static.obj
 0002:00000c90       ??_R2type_info@@8          00111e90     LIBCMT:std_type_info_static.obj
 0002:00000c98       ??_R1A@?0A@EA@type_info@@8 00111e98     LIBCMT:std_type_info_static.obj
 0003:00000000       ?count@@3HA                00112000     Mandelbrot.obj
 0003:00003008       ?acc@@3MA                  00115008     3DGame:Thing.obj
 0003:0000300c       ?m_width@GL@gl@@2IA        0011500c     GL:GL.obj
 0003:00003010       ?m_height@GL@gl@@2IA       00115010     GL:GL.obj
 0003:00003014       ?bound_tex@gl@@3HA         00115014     GL:GL.obj
 0003:00003018       ?p4@@3MA                   00115018     GameEngine:Engine.obj
 0003:0000301c       ?p5@@3MA                   0011501c     GameEngine:Engine.obj
 0003:00003024       ?color@Debug@@2IA          00115024     KERNEL:debug.obj
 0003:00004028       __fltused                  00116028     LIBCMT:fltused.obj
 0003:0000402c       ??_R0?AVMyBox@@@8          0011602c     3DGame:MyBox.obj
 0003:00004040       ??_R0?AVGameObject@@@8     00116040     3DGame:MyBox.obj
 0003:0000405c       ??_R0?AVThing@@@8          0011605c     3DGame:Thing.obj
 0003:00004070       ??_R0?AVCamera@@@8         00116070     GameEngine:Camera.obj
 0003:00004088       ??_R0?AVComponent@@@8      00116088     GameEngine:Component.obj
 0003:000040a0       ??_R0?AVMeshComponent@@@8  001160a0     GameEngine:MeshComponent.obj
 0003:000040bc       ??_R0?AVIMesh@@@8          001160bc     GameEngine:MeshComponent.obj
 0003:000040d0       ??_R0?AVRigidbody@@@8      001160d0     GameEngine:Rigidbody.obj
 0003:000040e8       ??_R0?AVBoxCollider@@@8    001160e8     GameEngine:BoxCollider.obj
 0003:00004104       ??_R0?AVCollider@@@8       00116104     GameEngine:BoxCollider.obj
 0003:0000411c       ??_R0?AVE1000@@@8          0011611c     KERNEL:ne1000.obj
 0003:00004130       ??_R0?AVNetInterface@@@8   00116130     KERNEL:ne1000.obj
 0003:0000414c       ??_R0?AVtype_info@@@8      0011614c     LIBCMT:std_type_info_static.obj
 0003:00004170       ?_kernel_stack@@3PADA      00116170     boot.obj
 0003:00006110       ?desc@@3PAUISO_PRIMARYDESC@@A 00118110     iso.obj
 0003:00006114       ?root@@3PAUISO_DIRECTORY@@A 00118114     iso.obj
 0003:00006118       ?tz@@3UComplex@@A          00118118     Mandelbrot.obj
 0003:00006120       ?arp_cache@ARP@@0PAUARP_TABLE_ENTRY@@A 00118120     arp.obj
 0003:00006260       ?dns_server@DNS@@2UIPv4Address@@A 00118260     dns.obj
 0003:00006268       ?dns_cache@DNS@@0PAUDNS_TABLE_ENTRY@@A 00118268     dns.obj
 0003:00006468       ?sessions@TCP@@2PAPAVTcpSession@@A 00118468     tcp.obj
 0003:000064e8       ?phys@@3PAVRigidbody@@A    001184e8     3DGame:Thing.obj
 0003:000064ec       ?vel@@3MA                  001184ec     3DGame:Thing.obj
 0003:000064f0       ?m_textures@GL@gl@@2PAPAVBMP@@A 001184f0     GL:GL.obj
 0003:00006570       ?tex_index@gl@@3HA         00118570     GL:GL.obj
 0003:00006574       ?mat_mode@gl@@3W4GLMatrixMode@@A 00118574     GL:GL.obj
 0003:00006578       ?mat_stack_index@gl@@3HA   00118578     GL:GL.obj
 0003:0000657c       ?vert_ptr@gl@@3PAUVertex@1@A 0011857c     GL:GL.obj
 0003:00006580       ?mat_viewmodel@gl@@3UMatrix4@1@A 00118580     GL:GL.obj
 0003:000065c0       ?mat_stack@gl@@3PAUMatrix4@1@A 001185c0     GL:GL.obj
 0003:00006dc0       ?mat_projection@gl@@3UMatrix4@1@A 00118dc0     GL:GL.obj
 0003:00006e00       ?depth_buffer@Rasterizer@gl@@2PAMA 00118e00     GL:Rasterizer.obj
 0003:00006e04       ?p1@@3HA                   00118e04     GameEngine:Engine.obj
 0003:00006e08       ?p2@@3MA                   00118e08     GameEngine:Engine.obj
 0003:00006e0c       ?p3@@3MA                   00118e0c     GameEngine:Engine.obj
 0003:00006e10       ?ticks@@3HA                00118e10     GameEngine:Engine.obj
 0003:00006e14       ?BOOL1@@3_NA               00118e14     GameEngine:Engine.obj
 0003:00006e18       ?last_mouse_pos@@3UVector3@@A 00118e18     GameEngine:Engine.obj
 0003:00006e24       ?n@@3HA                    00118e24     GameEngine:BoxCollider.obj
 0003:00006e28       ?c@@3UVector3@@A           00118e28     GameEngine:BoxCollider.obj
 0003:00006e34       ?v@@3UVector3@@A           00118e34     GameEngine:BoxCollider.obj
 0003:00006e40       ?d@@3UVector3@@A           00118e40     GameEngine:BoxCollider.obj
 0003:00006e4c       ?b@@3UVector3@@A           00118e4c     GameEngine:BoxCollider.obj
 0003:00006e58       ?mem_left@@3HA             00118e58     KERNEL:kernel.obj
 0003:00006e5c       ?mem_ptr@@3PAEA            00118e5c     KERNEL:kernel.obj
 0003:00006e60       ?x@Debug@@2HA              00118e60     KERNEL:debug.obj
 0003:00006e64       ?y@Debug@@2HA              00118e64     KERNEL:debug.obj
 0003:00006e68       ?bcolor@Debug@@2IA         00118e68     KERNEL:debug.obj
 0003:00006e70       ?mode@VBE@@2UVBE_MODE_INFO@@A 00118e70     KERNEL:vbe.obj
 0003:00006f70       ?buffer@VBE@@2PAIA         00118f70     KERNEL:vbe.obj
 0003:00006f74       ?mem_base@VBE@@0PAIA       00118f74     KERNEL:vbe.obj
 0003:00006f78       ?mem_max@VBE@@0PAIA        00118f78     KERNEL:vbe.obj
 0003:00006f7c       ?mem_size@VBE@@0IA         00118f7c     KERNEL:vbe.obj
 0003:00006f80       ?bytes_per_pixel@VBE@@0IA  00118f80     KERNEL:vbe.obj
 0003:00006f84       ?pixel_count@VBE@@0IA      00118f84     KERNEL:vbe.obj
 0003:00006f88       ?ctrl@Keyboard@@2_NA       00118f88     KERNEL:keyboard.obj
 0003:00006f89       ?shift@Keyboard@@2_NA      00118f89     KERNEL:keyboard.obj
 0003:00006f8a       ?alt@Keyboard@@2_NA        00118f8a     KERNEL:keyboard.obj
 0003:00006f8b       ?caps@Keyboard@@2_NA       00118f8b     KERNEL:keyboard.obj
 0003:00006f8c       ?num@Keyboard@@2_NA        00118f8c     KERNEL:keyboard.obj
 0003:00006f8d       ?scroll@Keyboard@@2_NA     00118f8d     KERNEL:keyboard.obj
 0003:00006f8e       ?extended@@3_NA            00118f8e     KERNEL:keyboard.obj
 0003:00006f8f       ?scancode@@3EA             00118f8f     KERNEL:keyboard.obj
 0003:00006f90       ?keystates@@3PA_NA         00118f90     KERNEL:keyboard.obj
 0003:0000708f       ?scan@@3EA                 0011908f     KERNEL:keyboard.obj
 0003:00007090       ?last_key@@3UKEY_PACKET@@A 00119090     KERNEL:keyboard.obj
 0003:0000709c       ?pressed@@3_NA             0011909c     KERNEL:keyboard.obj
 0003:000070a0       ?key@@3W4KEYCODE@@A        001190a0     KERNEL:keyboard.obj
 0003:000070a4       ?ticks@PIT@@2IA            001190a4     KERNEL:pit.obj
 0003:000070a8       ?x@Mouse@@2HA              001190a8     KERNEL:mouse.obj
 0003:000070ac       ?y@Mouse@@2HA              001190ac     KERNEL:mouse.obj
 0003:000070b0       ?sensitivity@Mouse@@2MA    001190b0     KERNEL:mouse.obj
 0003:000070b4       ?mouse_L@Mouse@@2_NA       001190b4     KERNEL:mouse.obj
 0003:000070b5       ?mouse_R@Mouse@@2_NA       001190b5     KERNEL:mouse.obj
 0003:000070b6       ?mouse_M@Mouse@@2_NA       001190b6     KERNEL:mouse.obj
 0003:000070b7       ?mouse_cycle@Mouse@@0EA    001190b7     KERNEL:mouse.obj
 0003:000070b8       ?scroll_x@Mouse@@2HA       001190b8     KERNEL:mouse.obj
 0003:000070bc       ?scroll_y@Mouse@@2HA       001190bc     KERNEL:mouse.obj
 0003:000070c0       ?w@Mouse@@0IA              001190c0     KERNEL:mouse.obj
 0003:000070c4       ?h@Mouse@@0IA              001190c4     KERNEL:mouse.obj
 0003:000070c8       ?mouse_byte@Mouse@@0PACA   001190c8     KERNEL:mouse.obj
 0003:000070cc       ?initialized@Mouse@@0_NA   001190cc     KERNEL:mouse.obj
 0003:000070d0       ?intf@KNet@@2PAVNetInterface@@A 001190d0     KERNEL:net.obj
 0003:000070d4       ?GatewayIPv4@KNet@@2UIPv4Address@@A 001190d4     KERNEL:net.obj
 0003:000070d8       ?GatewayMAC@KNet@@2UMacAddress@@A 001190d8     KERNEL:net.obj
 0003:000070e0       ?BroadcastMAC@KNet@@2UMacAddress@@A 001190e0     KERNEL:net.obj
 0003:000070e8       ?BroadcastIPv4@KNet@@2UIPv4Address@@A 001190e8     KERNEL:net.obj
 0003:000070ec       ?NullMAC@KNet@@2UMacAddress@@A 001190ec     KERNEL:net.obj
 0003:000070f4       ?NullIPv4@KNet@@2UIPv4Address@@A 001190f4     KERNEL:net.obj
 0003:000070f8       ?num_blocks@Memory@@2IA    001190f8     KERNEL:memory.obj
 0003:000070fc       ?num_free@Memory@@2IA      001190fc     KERNEL:memory.obj
 0003:00007100       ?mem_size@Memory@@2IA      00119100     KERNEL:memory.obj
 0003:00007104       ?mem_map@Memory@@0PAIA     00119104     KERNEL:memory.obj
 0003:00007108       ?global_e@E1000@@0PAV1@A   00119108     KERNEL:ne1000.obj
 0003:00007110       ?idt@IDT@@0PAUIDT_DESCRIPTOR@@A 00119110     KERNEL:idt.obj
 0003:00007910       ?idt_reg@IDT@@0UIDT_REG@@A 00119910     KERNEL:idt.obj

 entry point at        0000:00000000

 Static symbols

 0002:fffeee00       __guard_fids__             00100000     LIBCMT:std_type_info_static.obj
 0001:fffffd24       $LN29                      00100124     GameEngine:Collider.obj
 0001:fffffda0       $LN20                      001001a0     GameEngine:Collider.obj
 0001:00000000       ??__Emat_projection@gl@@YAXXZ 00100400 f   GL:GL.obj
 0001:00000010       ??__Emat_stack@gl@@YAXXZ   00100410 f   GL:GL.obj
 0001:00000040       ??__Emat_viewmodel@gl@@YAXXZ 00100440 f   GL:GL.obj
 0001:00000050       ??__Elast_mouse_pos@@YAXXZ 00100450 f   GameEngine:Engine.obj
 0001:00000060       ??__Eb@@YAXXZ              00100460 f   GameEngine:BoxCollider.obj
 0001:00000070       ??__Ec@@YAXXZ              00100470 f   GameEngine:BoxCollider.obj
 0001:00000080       ??__Ed@@YAXXZ              00100480 f   GameEngine:BoxCollider.obj
 0001:00000090       ??__Ev@@YAXXZ              00100490 f   GameEngine:BoxCollider.obj
 0001:000022f8       $LN28                      001026f8     tcpsession.obj
 0001:00009c34       $LN29                      0010a034     GameEngine:BoxCollider.obj
 0001:00009fd0       $LN20                      0010a3d0     GameEngine:BoxCollider.obj
 0001:0000ae88       $LN70                      0010b288     GameEngine:BoxCollider.obj
 0001:0000d4b0       $LN49                      0010d8b0     Lib:stdio.obj
 0001:0000d4cc       $LN44                      0010d8cc     Lib:stdio.obj
 0001:0000d9a8       $LN28                      0010dda8     KERNEL:debug.obj
 0001:0000daf8       $LN21                      0010def8     KERNEL:debug.obj
 0001:0000e4b0       $LN59                      0010e8b0     KERNEL:keyboard.obj
 0001:0000e4d8       $LN60                      0010e8d8     KERNEL:keyboard.obj
 0001:0000e508       $LN61                      0010e908     KERNEL:keyboard.obj
 0001:0000e540       $LN56                      0010e940     KERNEL:keyboard.obj
 0002:00000498       ?scancodes@@3QBW4KEYCODE@@B 00111698     KERNEL:keyboard.obj
 0003:00000008       ?DEFAULT_FONT@@3PAEA       00112008     3DGame:3DGame.obj
 0003:00001008       ?DEFAULT_FONT@@3PAEA       00113008     3DGame:MyBox.obj
 0003:00002008       ?DEFAULT_FONT@@3PAEA       00114008     3DGame:Thing.obj
 0003:00003020       ?next@@3KA                 00115020     Lib:math.obj
 0003:00003028       ?DEFAULT_FONT@@3PAEA       00115028     KERNEL:vbe.obj
 0004:00000000       ?mat_projection$initializer$@gl@@3P6AXXZA 00119a00     GL:GL.obj
 0004:00000004       ?mat_viewmodel$initializer$@gl@@3P6AXXZA 00119a04     GL:GL.obj
 0004:00000008       ?mat_stack$initializer$@gl@@3P6AXXZA 00119a08     GL:GL.obj
 0004:0000000c       ?last_mouse_pos$initializer$@@3P6AXXZA 00119a0c     GameEngine:Engine.obj
 0004:00000010       ?v$initializer$@@3P6AXXZA  00119a10     GameEngine:BoxCollider.obj
 0004:00000014       ?c$initializer$@@3P6AXXZA  00119a14     GameEngine:BoxCollider.obj
 0004:00000018       ?b$initializer$@@3P6AXXZA  00119a18     GameEngine:BoxCollider.obj
 0004:0000001c       ?d$initializer$@@3P6AXXZA  00119a1c     GameEngine:BoxCollider.obj
