 AndyOS

 Timestamp is 59e7ab6e (Wed Oct 18 21:28:46 2017)

 Preferred load address is 00100000

 Start         Length     Name                   Class
 0001:00000000 000000d0H .text$di                CODE
 0001:000000d0 0001759bH .text$mn                CODE
 0002:00000000 00000000H .gfids$y                DATA
 0002:00000000 00000a84H .rdata                  DATA
 0002:00000a84 000004b4H .rdata$r                DATA
 0002:00000f38 00000000H .edata                  DATA
 0002:00000f38 00000128H .rdata$zzzdbg           DATA
 0003:00000000 0000420cH .data                   DATA
 0003:0000420c 00000194H .data$r                 DATA
 0003:000043a0 000040e8H .bss                    DATA
 0004:00000000 00000024H .CRT$XCU                DATA

  Address         Publics by Value              Rva+Base       Lib:Object

 0000:00000000       ___guard_flags             00000000     <absolute>
 0000:00000000       ___hybrid_code_map         00000000     <absolute>
 0000:00000000       ___guard_longjmp_count     00000000     <absolute>
 0000:00000000       ___guard_iat_count         00000000     <absolute>
 0000:00000000       ___safe_se_handler_count   00000000     <absolute>
 0000:00000000       ___guard_longjmp_table     00000000     <absolute>
 0000:00000000       ___guard_iat_table         00000000     <absolute>
 0000:00000000       ___guard_fids_count        00000000     <absolute>
 0000:00000000       ___enclave_config          00000000     <absolute>
 0000:00000000       ___dynamic_value_reloc_table 00000000     <absolute>
 0000:00000000       ___hybrid_code_map_count   00000000     <absolute>
 0000:00000000       ___guard_fids_table        00000000     <absolute>
 0000:00000000       ___safe_se_handler_table   00000000     <absolute>
 0000:00000000       ___hybrid_auxiliary_iat    00000000     <absolute>
 0001:000000d0       ?OSBoot@@YAXPAUMULTIBOOT_HEADER@@@Z 001004d0 f   boot.obj
 0001:00000120       ??0Button@gui@@QAE@XZ      00100520 f   Button.obj
 0001:00000180       ?Paint@Button@gui@@UAEXXZ  00100580 f   Button.obj
 0001:00000220       ?Paint@Control@gui@@UAEXXZ 00100620 f i Button.obj
 0001:00000230       ?ReceiveSendMessage@Button@gui@@UAEXUWND_MSG@2@@Z 00100630 f   Button.obj
 0001:00000280       ?ReceiveSendMessage@Control@gui@@UAEXUWND_MSG@2@@Z 00100680 f i Button.obj
 0001:00000290       ??0Canvas@gui@@QAE@XZ      00100690 f   Canvas.obj
 0001:000002f0       ?Close@Control@gui@@QAEXXZ 001006f0 f   Control.obj
 0001:00000340       ?CloseWindow@WindowManager@gui@@SAXPAVWindow@2@@Z 00100740 f   GUI.obj
 0001:000003c0       ?Contains@Rect@@QAE_NHH@Z  001007c0 f i GUI.obj
 0001:00000400       ?CreateWindow@WindowManager@gui@@SAPAVWindow@2@PAD@Z 00100800 f   GUI.obj
 0001:00000480       ?GetWindowAtCursor@WindowManager@gui@@CAPAVWindow@2@XZ 00100880 f   GUI.obj
 0001:000004d0       ?HandleKeyInput@WindowManager@gui@@CAXXZ 001008d0 f   GUI.obj
 0001:00000540       ?HandleMouseInput@WindowManager@gui@@CAXXZ 00100940 f   GUI.obj
 0001:00000970       ?Init@WindowManager@gui@@SAIXZ 00100d70 f   GUI.obj
 0001:00000a70       ?PaintBackground@WindowManager@gui@@CAXXZ 00100e70 f   GUI.obj
 0001:00000b10       ?PaintCursor@WindowManager@gui@@CAXXZ 00100f10 f   GUI.obj
 0001:00000bd0       ?PaintTaskbar@WindowManager@gui@@CAXXZ 00100fd0 f   GUI.obj
 0001:00000c70       ?PaintWindows@WindowManager@gui@@CAXXZ 00101070 f   GUI.obj
 0001:00000ce0       ?SetFocusedWindow@WindowManager@gui@@CAXPAVWindow@2@@Z 001010e0 f   GUI.obj
 0001:00000dc0       ?Start@WindowManager@gui@@SAXXZ 001011c0 f   GUI.obj
 0001:00000dd0       ?UpdateLoop@WindowManager@gui@@CAXXZ 001011d0 f   GUI.obj
 0001:00001140       ??0Label@gui@@QAE@XZ       00101540 f   Label.obj
 0001:000011a0       ?Paint@Label@gui@@UAEXXZ   001015a0 f   Label.obj
 0001:000011d0       ??0Mandelbrot@@QAE@UGC@@@Z 001015d0 f   Mandelbrot.obj
 0001:00001250       ?Run@Mandelbrot@@QAEXXZ    00101650 f   Mandelbrot.obj
 0001:000016c0       ?stuff@@YAXXZ              00101ac0 f   Mandelbrot.obj
 0001:00001740       ?AddEntry@ARP@@SAXUMacAddress@@UIPv4Address@@@Z 00101b40 f   arp.obj
 0001:000017d0       ?Decode@ARP@@SA_NPAUARP_Header@@PAUNetPacket@@@Z 00101bd0 f   arp.obj
 0001:00001840       ?Init@ARP@@SAIXZ           00101c40 f   arp.obj
 0001:000018a0       ?LookupMac@ARP@@SA?AUMacAddress@@UIPv4Address@@@Z 00101ca0 f   arp.obj
 0001:00001920       ?Receive@ARP@@SAXPAVNetInterface@@PAUNetPacket@@@Z 00101d20 f   arp.obj
 0001:00001a60       ?Send@ARP@@SAXPAVNetInterface@@UMacAddress@@UIPv4Address@@G@Z 00101e60 f   arp.obj
 0001:00001b20       ?SendReply@ARP@@CAXPAVNetInterface@@PAUARP_Header@@@Z 00101f20 f   arp.obj
 0001:00001b60       ?SendRequest@ARP@@SAXPAVNetInterface@@UIPv4Address@@@Z 00101f60 f   arp.obj
 0001:00001ba0       ?DoStuff@DHCP@@SAXPAVNetInterface@@UIPv4Address@@@Z 00101fa0 f   dhcp.obj
 0001:00001c80       ?Receive@DHCP@@SAXPAVNetInterface@@PAUIPv4_Header@@PAUUDP_Packet@@PAUNetPacket@@@Z 00102080 f   dhcp.obj
 0001:00001c90       ?AddEntry@DNS@@SAXPADUIPv4Address@@@Z 00102090 f   dns.obj
 0001:00001d10       ?AppendDomain@DNS@@CAPAEPAEPAD@Z 00102110 f   dns.obj
 0001:00001d70       ?Decode@DNS@@SA_NPAUDNS_Packet@@PAUUDP_Packet@@@Z 00102170 f   dns.obj
 0001:00001df0       ?Init@DNS@@SAIXZ           001021f0 f   dns.obj
 0001:00001e30       ?LookupAddress@DNS@@SA?AUIPv4Address@@PAD@Z 00102230 f   dns.obj
 0001:00001e70       ?ParseAnswer@DNS@@CAPAEPAUDNS_Answer@@PAE@Z 00102270 f   dns.obj
 0001:00001ed0       ?ParseDomain@DNS@@CAPAEPADPAE@Z 001022d0 f   dns.obj
 0001:00001f10       ?Query@DNS@@SAXPAVNetInterface@@PAD@Z 00102310 f   dns.obj
 0001:00001ff0       ?Receive@DNS@@SAXPAVNetInterface@@PAUIPv4_Header@@PAUUDP_Packet@@PAUNetPacket@@@Z 001023f0 f   dns.obj
 0001:00002150       ?CreatePacket@Eth@@SAPAUNetPacket@@PAVNetInterface@@UMacAddress@@GI@Z 00102550 f   eth.obj
 0001:000021c0       ?Decode@Eth@@SA_NPAUEthPacket@@PAUNetPacket@@@Z 001025c0 f   eth.obj
 0001:00002240       ?Receive@Eth@@SAXPAVNetInterface@@PAUNetPacket@@@Z 00102640 f   eth.obj
 0001:000022e0       ?Send@Eth@@SAXPAVNetInterface@@PAUNetPacket@@@Z 001026e0 f   eth.obj
 0001:000022f0       ??0WebClient@@QAE@XZ       001026f0 f   http.obj
 0001:00002300       ?Download@WebClient@@QAEHVString@std@@AAPAE@Z 00102700 f   http.obj
 0001:00002320       ?Send@WebClient@@QAEXVString@std@@PAEI@Z 00102720 f   http.obj
 0001:000023b0       ?Decode@ICMP@@SA_NPAUICMP_Packet@@PAUNetPacket@@@Z 001027b0 f   icmp.obj
 0001:00002420       ?Receive@ICMP@@SAXPAVNetInterface@@PAUIPv4_Header@@PAUNetPacket@@@Z 00102820 f   icmp.obj
 0001:00002470       ?Send@ICMP@@SAXPAVNetInterface@@PAUICMP_Packet@@UIPv4Address@@E@Z 00102870 f   icmp.obj
 0001:00002510       ?SendReply@ICMP@@SAXPAVNetInterface@@PAUICMP_Packet@@UIPv4Address@@@Z 00102910 f   icmp.obj
 0001:000025a0       ?CreatePacket@IPv4@@SAPAUNetPacket@@PAVNetInterface@@UIPv4Address@@EI@Z 001029a0 f   ipv4.obj
 0001:00002720       ?Decode@IPv4@@SA_NPAUIPv4_Header@@PAUNetPacket@@@Z 00102b20 f   ipv4.obj
 0001:00002790       ?Receive@IPv4@@SAXPAVNetInterface@@PAUEthPacket@@PAUNetPacket@@@Z 00102b90 f   ipv4.obj
 0001:00002890       ?Send@IPv4@@SAXPAVNetInterface@@PAUNetPacket@@@Z 00102c90 f   ipv4.obj
 0001:000028a0       ?Init@Net@@SAIXZ           00102ca0 f   net.obj
 0001:000028c0       ?NetEthReceive@@YAXPAVNetInterface@@PAUNetPacket@@@Z 00102cc0 f   net.obj
 0001:000028d0       ?CreatePacket@TCP@@SAPAUNetPacket@@PAVNetInterface@@UIPv4Address@@GGEIIPAEI@Z 00102cd0 f   tcp.obj
 0001:000029c0       ?CreateSession@TCP@@SAPAVTcpSession@@XZ 00102dc0 f   tcp.obj
 0001:00002a00       ?Decode@TCP@@SA_NPAUTCP_Packet@@PAUNetPacket@@@Z 00102e00 f   tcp.obj
 0001:00002ab0       ?Receive@TCP@@SAXPAVNetInterface@@PAUIPv4_Header@@PAUNetPacket@@@Z 00102eb0 f   tcp.obj
 0001:00002bb0       ?Send@TCP@@SAXPAVNetInterface@@PAUNetPacket@@@Z 00102fb0 f   tcp.obj
 0001:00002bc0       ??0TcpSession@@QAE@XZ      00102fc0 f   tcpsession.obj
 0001:00002bf0       ?Close@TcpSession@@QAEXXZ  00102ff0 f   tcpsession.obj
 0001:00002cf0       ?Connect@TcpSession@@QAEXUIPv4Address@@G@Z 001030f0 f   tcpsession.obj
 0001:00002e70       ?Listen@TcpSession@@QAEXG@Z 00103270 f   tcpsession.obj
 0001:00002ea0       ?Receive@TcpSession@@QAEXPAUIPv4_Header@@PAUTCP_Packet@@@Z 001032a0 f   tcpsession.obj
 0001:00003030       ?ReceivedData@TcpSession@@QAEXPAUIPv4_Header@@PAUTCP_Packet@@@Z 00103430 f   tcpsession.obj
 0001:00003090       ?Reset@TcpSession@@AAEXXZ  00103490 f   tcpsession.obj
 0001:000030b0       ?Send@TcpSession@@AAE_NEPAEI@Z 001034b0 f   tcpsession.obj
 0001:00003100       ?SendData@TcpSession@@QAE_NPAEI@Z 00103500 f   tcpsession.obj
 0001:00003150       ??0TcpSocket@@QAE@XZ       00103550 f   tcpsocket.obj
 0001:00003160       ?Close@TcpSocket@@QAE_NXZ  00103560 f   tcpsocket.obj
 0001:00003180       ?Connect@TcpSocket@@QAE_NUIPv4Address@@G@Z 00103580 f   tcpsocket.obj
 0001:000031b0       ?Listen@TcpSocket@@QAE_NG@Z 001035b0 f   tcpsocket.obj
 0001:000031e0       ?Send@TcpSocket@@QAE_NPAEI@Z 001035e0 f   tcpsocket.obj
 0001:00003210       ??0TextBox@gui@@QAE@XZ     00103610 f   TextBox.obj
 0001:00003290       ?Paint@TextBox@gui@@UAEXXZ 00103690 f   TextBox.obj
 0001:00003340       ?ReceiveSendMessage@TextBox@gui@@UAEXUWND_MSG@2@@Z 00103740 f   TextBox.obj
 0001:00003370       ??_H@YGXPAXIIP6EPAX0@Z@Z   00103770 f i TextEdit.obj
 0001:000033a0       ?Receive@apps@@YAXXZ       001037a0 f   TextEdit.obj
 0001:000033e0       ?RunTextEdit@apps@@YAXXZ   001037e0 f   TextEdit.obj
 0001:00003690       ?UpdateCanvas@apps@@YAXXZ  00103a90 f   TextEdit.obj
 0001:00003740       ?CreatePacket@UDP@@SAPAUNetPacket@@PAVNetInterface@@UIPv4Address@@GGPAEI@Z 00103b40 f   udp.obj
 0001:00003800       ?CreateSocket@UDP@@SAPAVUdpSocket@@H@Z 00103c00 f   udp.obj
 0001:00003840       ?Decode@UDP@@SA_NPAUUDP_Packet@@PAUNetPacket@@@Z 00103c40 f   udp.obj
 0001:000038b0       ?Init@UDP@@SAIXZ           00103cb0 f   udp.obj
 0001:000038e0       ?Receive@UDP@@SAXPAVNetInterface@@PAUIPv4_Header@@PAUNetPacket@@@Z 00103ce0 f   udp.obj
 0001:000039b0       ?Send@UDP@@SAXPAVNetInterface@@PAUNetPacket@@@Z 00103db0 f   udp.obj
 0001:000039c0       ??0UdpSocket@@QAE@GG@Z     00103dc0 f   udpsocket.obj
 0001:00003a00       ??1UdpSocket@@QAE@XZ       00103e00 f   udpsocket.obj
 0001:00003a10       ?Receive@UdpSocket@@QAEHAAPAEAAUIPv4Address@@@Z 00103e10 f   udpsocket.obj
 0001:00003a60       ?Send@UdpSocket@@QAEXUIPv4Address@@PAEG@Z 00103e60 f   udpsocket.obj
 0001:00003aa0       ?SetReceivedData@UdpSocket@@QAEXUIPv4Address@@PAEG@Z 00103ea0 f   udpsocket.obj
 0001:00003ad0       ?Audio@@YAXXZ              00103ed0 f   OS.obj
 0001:00003b10       ?GUI@@YAXXZ                00103f10 f   OS.obj
 0001:00003b40       ?Game@@YAXXZ               00103f40 f   OS.obj
 0001:00003bd0       ?Main@OS@@SAXXZ            00103fd0 f   OS.obj
 0001:00003be0       ?ThrowException@OS@@SAXPAD0@Z 00103fe0 f   OS.obj
 0001:00003bf0       ?_Font@@YAXXZ              00103ff0 f   OS.obj
 0001:00003c10       ?render@@YAXXZ             00104010 f   OS.obj
 0001:00003c70       ?Add@?$List@VString@std@@@std@@QAEXVString@2@@Z 00104070 f i string.obj
 0001:00003d70       ?Split@String@std@@QAEXAAV?$List@VString@std@@@2@D@Z 00104170 f   string.obj
 0001:00003eb0       ??0GC@@QAE@HH@Z            001042b0 f i Window.obj
 0001:00003f00       ??0Window@gui@@QAE@XZ      00104300 f   Window.obj
 0001:00004030       ?Close@Window@gui@@QAEXXZ  00104430 f   Window.obj
 0001:000040b0       ?CreateControl@Window@gui@@QAEPAVControl@2@W4CONTROL_TYPE@2@PADHHHHH@Z 001044b0 f   Window.obj
 0001:000042e0       ?DispatchMessage@Window@gui@@QAEXUWND_MSG@2@@Z 001046e0 f   Window.obj
 0001:00004320       ?GetControlAt@Window@gui@@QAEPAVControl@2@HH@Z 00104720 f   Window.obj
 0001:00004380       ?GetMessage@Window@gui@@QAE?AUWND_MSG@2@XZ 00104780 f   Window.obj
 0001:000043d0       ?Paint@Window@gui@@QAEXXZ  001047d0 f   Window.obj
 0001:00004530       ?PaintControls@Window@gui@@AAEXXZ 00104930 f   Window.obj
 0001:000045d0       ?PaintWindow@Window@gui@@AAEXXZ 001049d0 f   Window.obj
 0001:000046a0       ?ReceiveSendMessage@Window@gui@@QAEXUWND_MSG@2@@Z 00104aa0 f   Window.obj
 0001:00004700       ?SetFocus@Window@gui@@QAEX_N@Z 00104b00 f   Window.obj
 0001:00004720       ?SetState@Window@gui@@QAEXW4WINDOW_STATE@2@@Z 00104b20 f   Window.obj
 0001:00004770       ??$CreateCamera@VCamera@@@Game@@QAEPAVCamera@@VString@std@@@Z 00104b70 f i 3DGame:3DGame.obj
 0001:000047e0       ??$CreateObject@VMyBox@@@Game@@QAEPAVMyBox@@VString@std@@@Z 00104be0 f i 3DGame:3DGame.obj
 0001:00004850       ??$CreateObject@VThing@@@Game@@QAEPAVThing@@VString@std@@@Z 00104c50 f i 3DGame:3DGame.obj
 0001:000048c0       ??0MyGame@@QAE@XZ          00104cc0 f   3DGame:3DGame.obj
 0001:00004c60       ??0String@std@@QAE@PAD@Z   00105060 f i 3DGame:3DGame.obj
 0001:00004cd0       ??1String@std@@QAE@XZ      001050d0 f i 3DGame:3DGame.obj
 0001:00004d00       ??YString@std@@QAEAAV01@D@Z 00105100 f i 3DGame:3DGame.obj
 0001:00004d50       ?Length@String@std@@QAEHXZ 00105150 f i 3DGame:3DGame.obj
 0001:00004d80       ??$CreateComponent@VMeshComponent@@@GameObject@@QAEPAVMeshComponent@@VString@std@@@Z 00105180 f i 3DGame:MyBox.obj
 0001:00004df0       ??$CreateComponent@VRigidbody@@@GameObject@@QAEPAVRigidbody@@VString@std@@@Z 001051f0 f i 3DGame:MyBox.obj
 0001:00004e60       ??0MyBox@@QAE@XZ           00105260 f   3DGame:MyBox.obj
 0001:00004fc0       ?Start@GameObject@@UAEXXZ  001053c0 f i 3DGame:MyBox.obj
 0001:00004fe0       ?Update@GameObject@@UAEXM@Z 001053e0 f i 3DGame:MyBox.obj
 0001:00005000       ??0Thing@@QAE@XZ           00105400 f   3DGame:Thing.obj
 0001:00005150       ??DVector3@@QAE?AU0@M@Z    00105550 f i 3DGame:Thing.obj
 0001:000051b0       ?Update@Thing@@UAEXM@Z     001055b0 f   3DGame:Thing.obj
 0001:000054f0       ?AddTexture@GL@gl@@SAHPAUBMP@@@Z 001058f0 f   GL:GL.obj
 0001:00005530       ?BindTexture@GL@gl@@SAXH@Z 00105930 f   GL:GL.obj
 0001:00005540       ?Clear@GL@gl@@SAXI@Z       00105940 f   GL:GL.obj
 0001:000055a0       ?Draw@GL@gl@@SAXHH@Z       001059a0 f   GL:GL.obj
 0001:00005910       ?Init@GL@gl@@SAIUGC@@@Z    00105d10 f   GL:GL.obj
 0001:00005a20       ?LightSource@GL@gl@@SAHUVector4@2@@Z 00105e20 f   GL:GL.obj
 0001:00005aa0       ?LoadIdentity@GL@gl@@SAXXZ 00105ea0 f   GL:GL.obj
 0001:00005b00       ?LoadMatrix@GL@gl@@SAXABUMatrix4@2@@Z 00105f00 f   GL:GL.obj
 0001:00005b50       ?MatrixMode@GL@gl@@SAXW4GLMatrixMode@@@Z 00105f50 f   GL:GL.obj
 0001:00005b60       ?MulMatrix@GL@gl@@SAXABUMatrix4@2@@Z 00105f60 f   GL:GL.obj
 0001:00005bc0       ?PopMatrix@GL@gl@@SAXXZ    00105fc0 f   GL:GL.obj
 0001:00005c20       ?PushMatrix@GL@gl@@SAXXZ   00106020 f   GL:GL.obj
 0001:00005c80       ?SelectedMatrix@GL@gl@@CAAAUMatrix4@2@XZ 00106080 f   GL:GL.obj
 0001:00005ca0       ?SwapBuffers@GL@gl@@SAXXZ  001060a0 f   GL:GL.obj
 0001:00005d00       ?VertexPointer@GL@gl@@SAXPAUVertex@2@@Z 00106100 f   GL:GL.obj
 0001:00005d10       ??0Vector4@gl@@QAE@MMMM@Z  00106110 f   GL:Vector4.obj
 0001:00005d40       ??0Vector4@gl@@QAE@XZ      00106140 f   GL:Vector4.obj
 0001:00005d60       ?Cross@Vector4@gl@@SA?AU12@ABU12@0@Z 00106160 f   GL:Vector4.obj
 0001:00005dd0       ?Dot@Vector4@gl@@SAMABU12@0@Z 001061d0 f   GL:Vector4.obj
 0001:00005df0       ??0Matrix4@gl@@QAE@QAM@Z   001061f0 f   GL:Matrix4.obj
 0001:00005e60       ??0Matrix4@gl@@QAE@XZ      00106260 f   GL:Matrix4.obj
 0001:00005e90       ??Dgl@@YA?AUMatrix4@0@ABU10@0@Z 00106290 f i GL:Matrix4.obj
 0001:00005ed0       ??Dgl@@YA?AUMatrix4@0@ABU10@ABM@Z 001062d0 f i GL:Matrix4.obj
 0001:00005f10       ??Dgl@@YA?AUVector4@0@ABUMatrix4@0@ABU10@@Z 00106310 f i GL:Matrix4.obj
 0001:00006010       ??Ggl@@YA?AUMatrix4@0@ABU10@0@Z 00106410 f i GL:Matrix4.obj
 0001:00006080       ??Hgl@@YA?AUMatrix4@0@ABU10@0@Z 00106480 f i GL:Matrix4.obj
 0001:000060f0       ??XMatrix4@gl@@QAEAAU01@ABM@Z 001064f0 f i GL:Matrix4.obj
 0001:00006190       ??XMatrix4@gl@@QAEAAU01@ABU01@@Z 00106590 f i GL:Matrix4.obj
 0001:00006540       ?CreateOrthographicProjection@Matrix4@gl@@SA?AU12@MMMMMM@Z 00106940 f   GL:Matrix4.obj
 0001:000065f0       ?CreatePerspectiveProjection@Matrix4@gl@@SA?AU12@MMMMM@Z 001069f0 f   GL:Matrix4.obj
 0001:000066d0       ?CreateRotation@Matrix4@gl@@SA?AU12@UVector4@2@@Z 00106ad0 f   GL:Matrix4.obj
 0001:000068e0       ?CreateScale@Matrix4@gl@@SA?AU12@UVector4@2@@Z 00106ce0 f   GL:Matrix4.obj
 0001:00006920       ?CreateTransformation@Matrix4@gl@@SA?AU12@UVector4@2@00@Z 00106d20 f   GL:Matrix4.obj
 0001:00006c60       ?CreateTranslation@Matrix4@gl@@SA?AU12@UVector4@2@@Z 00107060 f   GL:Matrix4.obj
 0001:00006cc0       ?CreateView@Matrix4@gl@@SA?AU12@UVector4@2@000@Z 001070c0 f   GL:Matrix4.obj
 0001:00006de0       ?GetElementsPointer@Matrix4@gl@@QAEPAMXZ 001071e0 f   GL:Matrix4.obj
 0001:00006df0       ?Inverse@Matrix4@gl@@QAE?AU12@XZ 001071f0 f   GL:Matrix4.obj
 0001:000075c0       ??0ColRGB@gl@@QAE@I@Z      001079c0 f   GL:Color.obj
 0001:00007650       ??0ColRGB@gl@@QAE@MMM@Z    00107a50 f   GL:Color.obj
 0001:000076b0       ??0ColRGB@gl@@QAE@XZ       00107ab0 f   GL:Color.obj
 0001:000076d0       ??DColRGB@gl@@QAE?AU01@M@Z 00107ad0 f   GL:Color.obj
 0001:00007740       ??HColRGB@gl@@QAE?AU01@U01@@Z 00107b40 f   GL:Color.obj
 0001:000077b0       ??XColRGB@gl@@QAE?AU01@M@Z 00107bb0 f   GL:Color.obj
 0001:00007820       ?Luminosity@ColRGB@gl@@QAEMXZ 00107c20 f   GL:Color.obj
 0001:00007870       ?ToInt@ColRGB@gl@@QAEIXZ   00107c70 f   GL:Color.obj
 0001:000078b0       ??0Vertex@gl@@QAE@MMMUColRGB@1@UVector4@1@@Z 00107cb0 f   GL:Vertex.obj
 0001:00007950       ??0Vertex@gl@@QAE@XZ       00107d50 f   GL:Vertex.obj
 0001:000079a0       ?MulMatrix@Vertex@gl@@QAEXABUMatrix4@2@@Z 00107da0 f   GL:Vertex.obj
 0001:00007a70       ?DrawTriangle2@Rasterizer@gl@@SAXAAUVertex@2@00PAUBMP@@@Z 00107e70 f   GL:Rasterizer.obj
 0001:000081c0       ?DrawTriangle@Rasterizer@gl@@SAXAAUVertex@2@00PAUBMP@@@Z 001085c0 f   GL:Rasterizer.obj
 0001:00008550       ?EdgeFunction@gl@@YAMABUVector4@1@00@Z 00108950 f   GL:Rasterizer.obj
 0001:000085a0       ?EdgeFunction@gl@@YAMABUVector4@1@0MM@Z 001089a0 f   GL:Rasterizer.obj
 0001:000085f0       ?Init@Rasterizer@gl@@SAIXZ 001089f0 f   GL:Rasterizer.obj
 0001:00008620       ??0GEngine@@QAE@UGC@@@Z    00108a20 f   GameEngine:Engine.obj
 0001:000086c0       ?Add@?$List@PAVRigidbody@@@std@@QAEXPAVRigidbody@@@Z 00108ac0 f i GameEngine:Engine.obj
 0001:00008740       ?Collision@GEngine@@AAEXXZ 00108b40 f   GameEngine:Engine.obj
 0001:00009b80       ?Render@GEngine@@AAEXXZ    00109f80 f   GameEngine:Engine.obj
 0001:0000a030       ?Rotate@Quaternion@@QAEXUVector3@@M@Z 0010a430 f i GameEngine:Engine.obj
 0001:0000a1a0       ?StartGame@GEngine@@QAEXPAVGame@@@Z 0010a5a0 f   GameEngine:Engine.obj
 0001:0000a5a0       ?Update@GEngine@@AAEXXZ    0010a9a0 f   GameEngine:Engine.obj
 0001:0000b400       ??0Vector3@@QAE@MMM@Z      0010b800 f   GameEngine:Vector3.obj
 0001:0000b430       ??0Vector3@@QAE@XZ         0010b830 f   GameEngine:Vector3.obj
 0001:0000b450       ?Cross@Vector3@@SA?AU1@ABU1@0@Z 0010b850 f   GameEngine:Vector3.obj
 0001:0000b4b0       ?Dot@Vector3@@SAMABU1@0@Z  0010b8b0 f   GameEngine:Vector3.obj
 0001:0000b4d0       ?EulerAngles@Vector3@@QAE?AU1@XZ 0010b8d0 f   GameEngine:Vector3.obj
 0001:0000b580       ?ToVector4@Vector3@@QAE?AUVector4@gl@@XZ 0010b980 f   GameEngine:Vector3.obj
 0001:0000b5c0       ??0Quaternion@@QAE@XZ      0010b9c0 f   GameEngine:Quaternion.obj
 0001:0000b5e0       ?FromAxisAngle@Quaternion@@SA?AU1@ABUVector3@@M@Z 0010b9e0 f   GameEngine:Quaternion.obj
 0001:0000b680       ?FromEuler@Quaternion@@SA?AU1@ABUVector3@@@Z 0010ba80 f   GameEngine:Quaternion.obj
 0001:0000b7f0       ??0GameObject@@QAE@XZ      0010bbf0 f   GameEngine:GameObject.obj
 0001:0000b8a0       ??A?$List@PAVComponent@@@std@@QAEAAPAVComponent@@H@Z 0010bca0 f i GameEngine:GameObject.obj
 0001:0000b8f0       ?Add@?$List@PAVComponent@@@std@@QAEXPAVComponent@@@Z 0010bcf0 f i GameEngine:GameObject.obj
 0001:0000b970       ?Add@?$List@PAVMeshComponent@@@std@@QAEXPAVMeshComponent@@@Z 0010bd70 f i GameEngine:GameObject.obj
 0001:0000b9f0       ?AddComponent@GameObject@@QAEXPAVComponent@@@Z 0010bdf0 f   GameEngine:GameObject.obj
 0001:0000bb70       ?Contains@String@std@@QAE_NV12@@Z 0010bf70 f i GameEngine:GameObject.obj
 0001:0000bbd0       ?GetComponent@GameObject@@QAEPAVComponent@@VString@std@@@Z 0010bfd0 f   GameEngine:GameObject.obj
 0001:0000bc70       ?GetName@GameObject@@QAE?AVString@std@@XZ 0010c070 f   GameEngine:GameObject.obj
 0001:0000bc80       ?GetWorldPosition@GameObject@@QAE?AUVector3@@XZ 0010c080 f   GameEngine:GameObject.obj
 0001:0000bd00       ?GetWorldRotation@GameObject@@QAE?AUQuaternion@@XZ 0010c100 f   GameEngine:GameObject.obj
 0001:0000bd20       ?GetWorldScale@GameObject@@QAE?AUVector3@@XZ 0010c120 f   GameEngine:GameObject.obj
 0001:0000bda0       ?GetWorldTransform@GameObject@@QAE?AUTransform@@XZ 0010c1a0 f   GameEngine:GameObject.obj
 0001:0000beb0       ?SetName@GameObject@@QAEXVString@std@@@Z 0010c2b0 f   GameEngine:GameObject.obj
 0001:0000bed0       ??0Camera@@QAE@XZ          0010c2d0 f   GameEngine:Camera.obj
 0001:0000bef0       ?RotateEuler@Camera@@QAEXABUVector3@@@Z 0010c2f0 f   GameEngine:Camera.obj
 0001:0000bf50       ??0Game@@QAE@XZ            0010c350 f   GameEngine:Game.obj
 0001:0000bfa0       ?Add@?$List@PAVCamera@@@std@@QAEXPAVCamera@@@Z 0010c3a0 f i GameEngine:Game.obj
 0001:0000c020       ?Add@?$List@PAVGameObject@@@std@@QAEXPAVGameObject@@@Z 0010c420 f i GameEngine:Game.obj
 0001:0000c0a0       ?Add@?$List@PAVLightSource@@@std@@QAEXPAVLightSource@@@Z 0010c4a0 f i GameEngine:Game.obj
 0001:0000c120       ?AddCamera@Game@@QAEXPAVCamera@@@Z 0010c520 f   GameEngine:Game.obj
 0001:0000c1a0       ?AddLightSource@Game@@QAEXPAVLightSource@@@Z 0010c5a0 f   GameEngine:Game.obj
 0001:0000c220       ?AddObject@Game@@QAEXPAVGameObject@@@Z 0010c620 f   GameEngine:Game.obj
 0001:0000c2a0       ?GetActiveCamera@Game@@QAEPAVCamera@@XZ 0010c6a0 f   GameEngine:Game.obj
 0001:0000c2b0       ?GetCamera@Game@@QAEPAVCamera@@VString@std@@@Z 0010c6b0 f   GameEngine:Game.obj
 0001:0000c350       ?GetLightSource@Game@@QAEPAVLightSource@@VString@std@@@Z 0010c750 f   GameEngine:Game.obj
 0001:0000c3f0       ?GetObject@Game@@QAEPAVGameObject@@VString@std@@@Z 0010c7f0 f   GameEngine:Game.obj
 0001:0000c510       ?SetActiveCamera@Game@@QAEXPAVCamera@@@Z 0010c910 f   GameEngine:Game.obj
 0001:0000c520       ??0Component@@QAE@XZ       0010c920 f   GameEngine:Component.obj
 0001:0000c550       ?GetName@Component@@QAE?AVString@std@@XZ 0010c950 f   GameEngine:Component.obj
 0001:0000c560       ?SetName@Component@@QAEXVString@std@@@Z 0010c960 f   GameEngine:Component.obj
 0001:0000c580       ?Start@Component@@UAEXXZ   0010c980 f i GameEngine:Component.obj
 0001:0000c590       ?Update@Component@@UAEXM@Z 0010c990 f i GameEngine:Component.obj
 0001:0000c5a0       ??0MeshComponent@@QAE@XZ   0010c9a0 f   GameEngine:MeshComponent.obj
 0001:0000c5d0       ?Update@MeshComponent@@UAEXM@Z 0010c9d0 f   GameEngine:MeshComponent.obj
 0001:0000c5e0       ??0Rigidbody@@QAE@XZ       0010c9e0 f   GameEngine:Rigidbody.obj
 0001:0000c630       ?AddImpulse@Rigidbody@@QAEXUVector3@@@Z 0010ca30 f   GameEngine:Rigidbody.obj
 0001:0000c670       ?AddImpulseAt@Rigidbody@@QAEXUVector3@@0@Z 0010ca70 f   GameEngine:Rigidbody.obj
 0001:0000c680       ?Speed@Rigidbody@@QAEMXZ   0010ca80 f   GameEngine:Rigidbody.obj
 0001:0000c6c0       ?SpeedSquared@Rigidbody@@QAEMXZ 0010cac0 f   GameEngine:Rigidbody.obj
 0001:0000c710       ?Start@Rigidbody@@UAEXXZ   0010cb10 f   GameEngine:Rigidbody.obj
 0001:0000c720       ?Update@Rigidbody@@UAEXM@Z 0010cb20 f   GameEngine:Rigidbody.obj
 0001:0000cb40       ??0BoxCollider@@QAE@XZ     0010cf40 f   GameEngine:BoxCollider.obj
 0001:0000cb60       ?GetEdge@Collider@@UAEPAUVector3@@H@Z 0010cf60 f i GameEngine:BoxCollider.obj
 0001:0000ccc0       ?GetEdgeDir@Collider@@UAE?AUVector3@@H@Z 0010d0c0 f i GameEngine:BoxCollider.obj
 0001:0000cd50       ?GetFaceDir@Collider@@UAE?AUVector3@@H@Z 0010d150 f i GameEngine:BoxCollider.obj
 0001:0000ce70       ?GetVertex@Collider@@UAE?AUVector3@@H@Z 0010d270 f i GameEngine:BoxCollider.obj
 0001:0000cfb0       ?IsColliding@BoxCollider@@QAE_NPAV1@AAUVector3@@@Z 0010d3b0 f   GameEngine:BoxCollider.obj
 0001:0000cfc0       ?SupportFunction@@YA?AUVector3@@U1@UTransform@@@Z 0010d3c0 f   GameEngine:BoxCollider.obj
 0001:0000d390       ?cross_aba@@YA?AUVector3@@ABU1@0@Z 0010d790 f i GameEngine:BoxCollider.obj
 0001:0000d3c0       ?update@@YA_NUVector3@@@Z  0010d7c0 f   GameEngine:BoxCollider.obj
 0001:0000ddb0       ?LoadModel@ModelLoader@@SAPAVModel3D@@PADW4Format3D@@@Z 0010e1b0 f   GameEngine:ModelLoader.obj
 0001:0000de30       ??0Matrix3@@QAE@QAM@Z      0010e230 f   GameEngine:Matrix3.obj
 0001:0000de70       ??0Matrix3@@QAE@XZ         0010e270 f   GameEngine:Matrix3.obj
 0001:0000dec0       ??D@YA?AUMatrix3@@ABU0@0@Z 0010e2c0 f i GameEngine:Matrix3.obj
 0001:0000e090       ??D@YA?AUMatrix3@@ABU0@ABM@Z 0010e490 f i GameEngine:Matrix3.obj
 0001:0000e130       ??D@YA?AUVector3@@ABUMatrix3@@ABU0@@Z 0010e530 f i GameEngine:Matrix3.obj
 0001:0000e1d0       ??G@YA?AUMatrix3@@ABU0@0@Z 0010e5d0 f i GameEngine:Matrix3.obj
 0001:0000e280       ??H@YA?AUMatrix3@@ABU0@0@Z 0010e680 f i GameEngine:Matrix3.obj
 0001:0000e330       ?CreateRotation@Matrix3@@SA?AU1@UVector3@@@Z 0010e730 f   GameEngine:Matrix3.obj
 0001:0000e4c0       ?Inverse@Matrix3@@QAE?AU1@XZ 0010e8c0 f   GameEngine:Matrix3.obj
 0001:0000e6d0       ?Transpose@Matrix3@@QAE?AU1@XZ 0010ead0 f   GameEngine:Matrix3.obj
 0001:0000e720       ??0Transform@@QAE@UVector3@@UQuaternion@@0@Z 0010eb20 f   GameEngine:Transform.obj
 0001:0000e770       ??0Transform@@QAE@XZ       0010eb70 f   GameEngine:Transform.obj
 0001:0000e7f0       ??DQuaternion@@QAEAAUVector3@@AAU1@@Z 0010ebf0 f i GameEngine:Transform.obj
 0001:0000e930       ?GetForwardVector@Transform@@QAE?AUVector3@@XZ 0010ed30 f   GameEngine:Transform.obj
 0001:0000e980       ?GetRightVector@Transform@@QAE?AUVector3@@XZ 0010ed80 f   GameEngine:Transform.obj
 0001:0000e9d0       ?GetUpVector@Transform@@QAE?AUVector3@@XZ 0010edd0 f   GameEngine:Transform.obj
 0001:0000ea20       ?Rotate@Transform@@QAEXUQuaternion@@@Z 0010ee20 f   GameEngine:Transform.obj
 0001:0000eb20       ?Rotate@Transform@@QAEXUVector3@@M@Z 0010ef20 f   GameEngine:Transform.obj
 0001:0000ed40       ?Scale@Transform@@QAEXUVector3@@@Z 0010f140 f   GameEngine:Transform.obj
 0001:0000ed80       ?ToString@Transform@@QAEPADPAD@Z 0010f180 f   GameEngine:Transform.obj
 0001:0000ee30       ?Translate@Transform@@QAEXUVector3@@@Z 0010f230 f   GameEngine:Transform.obj
 0001:0000ee70       ??0Manifold@@QAE@XZ        0010f270 f i GameEngine:Collision.obj
 0001:0000ee90       ?CollisionPoint@Collision@@QAEPAUManifold@@AAVRigidbody@@0AAH@Z 0010f290 f   GameEngine:Collision.obj
 0001:000102e0       ?GetInterval@Collision@@QAEXAAVRigidbody@@UVector3@@AAM2@Z 001106e0 f   GameEngine:Collision.obj
 0001:00010560       ?Normalized@Vector3@@QAE?AU1@XZ 00110960 f i GameEngine:Collision.obj
 0001:00010620       ?TestIntersection@Collision@@QAE_NAAVRigidbody@@0PAUVector3@@AAPAUManifold@@AAH@Z 00110a20 f   GameEngine:Collision.obj
 0001:00010c70       ?closest_Point@Collision@@QAEXUVector3@@000AAU2@1@Z 00111070 f   GameEngine:Collision.obj
 0001:00010fc0       ?distance@@YAMMMMM@Z       001113c0 f   GameEngine:Collision.obj
 0001:00010fe0       ?getNormalEdge@Collision@@QAE?AUVector3@@AAU2@000@Z 001113e0 f   GameEngine:Collision.obj
 0001:000110e0       ?getNormalFace@Collision@@QAE?AUVector3@@AAVRigidbody@@U2@@Z 001114e0 f   GameEngine:Collision.obj
 0001:000113a0       ?isInside@Collision@@QAE_NUVector3@@VRigidbody@@@Z 001117a0 f   GameEngine:Collision.obj
 0001:000114c0       ??0Collider@@QAE@XZ        001118c0 f   GameEngine:Collider.obj
 0001:00011520       ??0Obj@@QAE@PAD@Z          00111920 f   GameEngine:Obj.obj
 0001:00011590       ?Add@?$List@UFace@@@std@@QAEXUFace@@@Z 00111990 f i GameEngine:Obj.obj
 0001:00011630       ?Add@?$List@UVector3@@@std@@QAEXUVector3@@@Z 00111a30 f i GameEngine:Obj.obj
 0001:000116e0       ?CreateVertices@Obj@@AAEXXZ 00111ae0 f   GameEngine:Obj.obj
 0001:00011a00       ?ReadFile@Obj@@AAEXPAD@Z   00111e00 f   GameEngine:Obj.obj
 0001:00011a10       ??0A3D@@QAE@PAD@Z          00111e10 f   GameEngine:A3D.obj
 0001:00011bb0       ?acos@@YAMM@Z              00111fb0 f   Lib:math.obj
 0001:00011c10       ?asin@@YAMM@Z              00112010 f   Lib:math.obj
 0001:00011c70       ?atan2@@YAMMM@Z            00112070 f   Lib:math.obj
 0001:00011d70       ?atan@@YAMM@Z              00112170 f   Lib:math.obj
 0001:00011da0       ?ceil@@YAHM@Z              001121a0 f   Lib:math.obj
 0001:00011dc0       ?cos@@YAMM@Z               001121c0 f   Lib:math.obj
 0001:00011de0       ?fact@@YAMM@Z              001121e0 f   Lib:math.obj
 0001:00011e20       ?floor@@YAHM@Z             00112220 f   Lib:math.obj
 0001:00011e40       ?log10@@YAMM@Z             00112240 f   Lib:math.obj
 0001:00011e60       ?log2@@YAMM@Z              00112260 f   Lib:math.obj
 0001:00011e80       ?log@@YAMM@Z               00112280 f   Lib:math.obj
 0001:00011ea0       ?logn@@YAMMM@Z             001122a0 f   Lib:math.obj
 0001:00011ed0       ?pow@@YAMMH@Z              001122d0 f   Lib:math.obj
 0001:00011fb0       ?rand@@YAHXZ               001123b0 f   Lib:math.obj
 0001:00011fd0       ?round@@YAHM@Z             001123d0 f   Lib:math.obj
 0001:00011ff0       ?sin@@YAMM@Z               001123f0 f   Lib:math.obj
 0001:00012010       ?sqrt@@YAMM@Z              00112410 f   Lib:math.obj
 0001:00012030       ?srand@@YAXI@Z             00112430 f   Lib:math.obj
 0001:00012040       ?tan@@YAMM@Z               00112440 f   Lib:math.obj
 0001:00012070       ?memcmp@@YAHPBX0I@Z        00112470 f   Lib:string.obj
 0001:000120b0       ?memcpy@@YAPAXPAX0I@Z      001124b0 f   Lib:string.obj
 0001:000120e0       ?memcpy_fast_128@@YAXPAX0I@Z 001124e0 f   Lib:string.obj
 0001:00012160       ?memset16@@YAPAXPAXGI@Z    00112560 f   Lib:string.obj
 0001:00012180       ?memset32@@YAPAXPAXII@Z    00112580 f   Lib:string.obj
 0001:000121a0       ?memset_fast_128@@YAPAXPAXII@Z 001125a0 f   Lib:string.obj
 0001:00012220       ?strcat@@YAPADPADPBD@Z     00112620 f   Lib:string.obj
 0001:00012250       ?strcmp@@YAIPBD0@Z         00112650 f   Lib:string.obj
 0001:000122a0       ?strcpy@@YAPADPADPBD@Z     001126a0 f   Lib:string.obj
 0001:000122c0       ?strlen@@YAIPBD@Z          001126c0 f   Lib:string.obj
 0001:000122e0       ?strncat@@YAPADPADPBDH@Z   001126e0 f   Lib:string.obj
 0001:00012320       _memset                    00112720 f   Lib:string.obj
 0001:00012340       ?atof@@YAMPBD@Z            00112740 f   Lib:stdio.obj
 0001:000123e0       ?atoi@@YAHPBD@Z            001127e0 f   Lib:stdio.obj
 0001:00012400       ?ftoa@@YAPADMIPAD@Z        00112800 f   Lib:stdio.obj
 0001:00012520       ?itoa@@YAPADHIPAD_N@Z      00112920 f   Lib:stdio.obj
 0001:000125b0       ?strtol@@YAJPBDPAPADH@Z    001129b0 f   Lib:stdio.obj
 0001:00012700       ?vprintf@@YAPADPADPBDZZ    00112b00 f   Lib:stdio.obj
 0001:00012720       ?vsprintf@@YAPADPADPBDPAE@Z 00112b20 f   Lib:stdio.obj
 0001:00012a90       ??2@YAPAXI@Z               00112e90 f   KERNEL:kernel.obj
 0001:00012ae0       ??3@YAXPAX@Z               00112ee0 f   KERNEL:kernel.obj
 0001:00012b00       ??_U@YAPAXI@Z              00112f00 f   KERNEL:kernel.obj
 0001:00012b90       ??_V@YAXPAX@Z              00112f90 f   KERNEL:kernel.obj
 0001:00012ba0       ?Init@Kernel@@SAXPAUMULTIBOOT_INFO@@@Z 00112fa0 f   KERNEL:kernel.obj
 0001:00012c50       ?CreateThread@Task@@SAPAVThread@@PAX@Z 00113050 f   KERNEL:task.obj
 0001:00012cf0       ?Idle@Task@@CAXXZ          001130f0 f   KERNEL:task.obj
 0001:00012d00       ?Init@Task@@SAIXZ          00113100 f   KERNEL:task.obj
 0001:00012e00       ?InsertThread@Task@@SAXPAVThread@@@Z 00113200 f   KERNEL:task.obj
 0001:00012e40       ?Schedule@Task@@CAXXZ      00113240 f   KERNEL:task.obj
 0001:00012e60       ?StartThreading@Task@@SAXXZ 00113260 f   KERNEL:task.obj
 0001:00012ea0       ?Task_ISR@Task@@CAXXZ      001132a0 f   KERNEL:task.obj
 0001:00012ee0       ?BitBlt@Drawing@@SAXUGC@@HHHH0HH_N@Z 001132e0 f   KERNEL:drawing.obj
 0001:00013140       ?BlendAlpha@Drawing@@CAIII@Z 00113540 f i KERNEL:drawing.obj
 0001:00013200       ?Clear@Drawing@@SAXIUGC@@@Z 00113600 f   KERNEL:drawing.obj
 0001:00013250       ?Draw@Drawing@@SAXUGC@@@Z  00113650 f   KERNEL:drawing.obj
 0001:00013280       ?DrawBezierCube@Drawing@@SAXPAUPoint@@HUGC@@@Z 00113680 f   KERNEL:drawing.obj
 0001:000134e0       ?DrawBezierQuad@Drawing@@SAXPAUPoint@@HUGC@@@Z 001138e0 f   KERNEL:drawing.obj
 0001:00013620       ?DrawImage@Drawing@@SAXHHHHPAUBMP@@UGC@@@Z 00113a20 f   KERNEL:drawing.obj
 0001:00013720       ?DrawLine@Drawing@@SAXHHHHIUGC@@@Z 00113b20 f   KERNEL:drawing.obj
 0001:00013840       ?DrawRect@Drawing@@SAXHHHHHIUGC@@@Z 00113c40 f   KERNEL:drawing.obj
 0001:00013910       ?DrawText@Drawing@@SAXHHPADIIUGC@@@Z 00113d10 f   KERNEL:drawing.obj
 0001:00013a20       ?DrawText@Drawing@@SAXHHPADIUGC@@@Z 00113e20 f   KERNEL:drawing.obj
 0001:00013af0       ?FillRect@Drawing@@SAXHHHHIUGC@@@Z 00113ef0 f   KERNEL:drawing.obj
 0001:00013bb0       ?Init@Drawing@@SAIHHPAI@Z  00113fb0 f   KERNEL:drawing.obj
 0001:00013c40       ?SetPixel@Drawing@@SAXHHIUGC@@@Z 00114040 f   KERNEL:drawing.obj
 0001:00013c90       ?Clear@Debug@@SAXI@Z       00114090 f   KERNEL:debug.obj
 0001:00013cb0       ?Dump@Debug@@SAXPAXH_N@Z   001140b0 f   KERNEL:debug.obj
 0001:00013e50       ?Print@Debug@@SAXPADZZ     00114250 f   KERNEL:debug.obj
 0001:000140c0       ?Putc@Debug@@SAXD_N@Z      001144c0 f   KERNEL:debug.obj
 0001:000142e0       ?DecodeAscii@Keyboard@@CAXAAUKEY_PACKET@@@Z 001146e0 f   KERNEL:keyboard.obj
 0001:000145b0       ?DiscardLastKey@Keyboard@@SAXXZ 001149b0 f   KERNEL:keyboard.obj
 0001:000145c0       ?GetKeyDown@Keyboard@@SA_NW4KEYCODE@@@Z 001149c0 f   KERNEL:keyboard.obj
 0001:000145d0       ?GetLastKey@Keyboard@@SA?AUKEY_PACKET@@XZ 001149d0 f   KERNEL:keyboard.obj
 0001:000145f0       ?Init@Keyboard@@SAIXZ      001149f0 f   KERNEL:keyboard.obj
 0001:00014610       ?Keyboard_ISR@Keyboard@@CAXXZ 00114a10 f   KERNEL:keyboard.obj
 0001:00014800       ?Init@PIT@@SAIXZ           00114c00 f   KERNEL:pit.obj
 0001:00014840       ?PIT_ISR@PIT@@CAXXZ        00114c40 f   KERNEL:pit.obj
 0001:00014850       ?ReadData@PIT@@CAEE@Z      00114c50 f   KERNEL:pit.obj
 0001:00014880       ?SendData@PIT@@CAXGE@Z     00114c80 f   KERNEL:pit.obj
 0001:000148c0       ?Sleep@PIT@@SAXI@Z         00114cc0 f   KERNEL:pit.obj
 0001:000148e0       ?Start@PIT@@CAIXZ          00114ce0 f   KERNEL:pit.obj
 0001:00014920       ?Init@Mouse@@SAIIIM@Z      00114d20 f   KERNEL:mouse.obj
 0001:00014c10       ?MouseRead@Mouse@@CAEXZ    00115010 f   KERNEL:mouse.obj
 0001:00014c40       ?MouseWait@Mouse@@CAXE@Z   00115040 f   KERNEL:mouse.obj
 0001:00014c80       ?MouseWrite@Mouse@@CAXE@Z  00115080 f   KERNEL:mouse.obj
 0001:00014ce0       ?Mouse_ISR@Mouse@@CAXXZ    001150e0 f   KERNEL:mouse.obj
 0001:00014e20       ?Checksum@KNet@@SAGPAXH@Z  00115220 f   KERNEL:net.obj
 0001:00014ea0       ?ChecksumDouble@KNet@@SAGPAXH0H@Z 001152a0 f   KERNEL:net.obj
 0001:00014f80       ?Init@KNet@@SAIXZ          00115380 f   KERNEL:net.obj
 0001:00014fe0       ?PrintIP@KNet@@SAXPADUIPv4Address@@@Z 001153e0 f   KERNEL:net.obj
 0001:00015020       ?PrintMac@KNet@@SAXPADUMacAddress@@@Z 00115420 f   KERNEL:net.obj
 0001:00015070       ?htonl@@YAII@Z             00115470 f   KERNEL:net.obj
 0001:00015080       ?htons@@YAGG@Z             00115480 f   KERNEL:net.obj
 0001:000150a0       ?ntohl@@YAII@Z             001154a0 f   KERNEL:net.obj
 0001:000150b0       ?ntohs@@YAGG@Z             001154b0 f   KERNEL:net.obj
 0001:000150d0       ??0Font@@QAE@PAD@Z         001154d0 f   KERNEL:font.obj
 0001:00015290       ?FindTable@Font@@AAEPAUTTF_TABLE@@PAD@Z 00115690 f   KERNEL:font.obj
 0001:000152e0       ?GetGlyphOffset@Font@@AAEIH@Z 001156e0 f   KERNEL:font.obj
 0001:00015360       ?Print@Font@@AAE_NHHHM@Z   00115760 f   KERNEL:font.obj
 0001:00015960       ?ReadHead@Font@@AAEXXZ     00115d60 f   KERNEL:font.obj
 0001:00015b10       ?Init@FS@@SAIXZ            00115f10 f   KERNEL:FileSystem.obj
 0001:00015b20       ?ReadFile@FS@@SAIPADAAPAD@Z 00115f20 f   KERNEL:FileSystem.obj
 0001:00015b30       ?KernelPanic@Panic@@SAXPAD0@Z 00115f30 f   KERNEL:panic.obj
 0001:00015bd0       ?Create@PCI@@CAPAUPCI_DEVICE@@EEE@Z 00115fd0 f   KERNEL:pci.obj
 0001:00015c90       ?GetDevice@PCI@@SAPAUPCI_DEVICE@@HHH@Z 00116090 f   KERNEL:pci.obj
 0001:00015e40       ?Init@PCI@@SAIXZ           00116240 f   KERNEL:pci.obj
 0001:00015e50       ?Read@PCI@@CAIEEEEE@Z      00116250 f   KERNEL:pci.obj
 0001:00015ec0       ?printdev@@YAXPAUPCI_DEVICE@@@Z 001162c0 f   KERNEL:pci.obj
 0001:00015f00       ?AC97_ISR@AC97@@CAXXZ      00116300 f   KERNEL:ac97.obj
 0001:00015fc0       ?Init@AC97@@SAIPAUPCI_DEVICE@@@Z 001163c0 f   KERNEL:ac97.obj
 0001:000162b0       ??0BMP@@QAE@PAX@Z          001166b0 f   KERNEL:bmp.obj
 0001:00016340       ??0BMP@@QAE@PAXHH@Z        00116740 f   KERNEL:bmp.obj
 0001:00016390       ?AllocBlocks@Memory@@SAPAXI@Z 00116790 f   KERNEL:memory.obj
 0001:000164c0       ?DeInitRegion@Memory@@SAXPAXI@Z 001168c0 f   KERNEL:memory.obj
 0001:00016510       ?FirstFree@Memory@@CAIXZ   00116910 f   KERNEL:memory.obj
 0001:00016550       ?FirstFreeNum@Memory@@CAII@Z 00116950 f   KERNEL:memory.obj
 0001:00016640       ?FreeBlocks@Memory@@SAXPAXI@Z 00116a40 f   KERNEL:memory.obj
 0001:000166a0       ?Init@Memory@@SAIIPAI@Z    00116aa0 f   KERNEL:memory.obj
 0001:00016720       ?InitRegion@Memory@@SAXPAXI@Z 00116b20 f   KERNEL:memory.obj
 0001:00016770       ?EnableFPU@CPU@@CAIXZ      00116b70 f   KERNEL:cpu.obj
 0001:00016790       ?EnableSSE@CPU@@CAIXZ      00116b90 f   KERNEL:cpu.obj
 0001:000167c0       ?Init@CPU@@SAIXZ           00116bc0 f   KERNEL:cpu.obj
 0001:000167f0       ?Init@VBE@@SAIPAUVBE_MODE_INFO@@@Z 00116bf0 f   KERNEL:vbe.obj
 0001:00016860       ?Init@HAL@@SAIXZ           00116c60 f   KERNEL:hal.obj
 0001:00016890       ?inb@@YAEG@Z               00116c90 f   KERNEL:hal.obj
 0001:000168b0       ?inl@@YAIG@Z               00116cb0 f   KERNEL:hal.obj
 0001:000168d0       ?inw@@YAGG@Z               00116cd0 f   KERNEL:hal.obj
 0001:000168f0       ?outb@@YAXGE@Z             00116cf0 f   KERNEL:hal.obj
 0001:00016900       ?outl@@YAXGI@Z             00116d00 f   KERNEL:hal.obj
 0001:00016910       ?outw@@YAXGG@Z             00116d10 f   KERNEL:hal.obj
 0001:00016920       ?DefaultISR@Exceptions@@SAXXZ 00116d20 f   KERNEL:exceptions.obj
 0001:00016940       ?ISR0@Exceptions@@CAXXZ    00116d40 f   KERNEL:exceptions.obj
 0001:00016960       ?ISR10@Exceptions@@CAXXZ   00116d60 f   KERNEL:exceptions.obj
 0001:00016980       ?ISR11@Exceptions@@CAXXZ   00116d80 f   KERNEL:exceptions.obj
 0001:000169a0       ?ISR12@Exceptions@@CAXXZ   00116da0 f   KERNEL:exceptions.obj
 0001:000169c0       ?ISR13@Exceptions@@CAXXZ   00116dc0 f   KERNEL:exceptions.obj
 0001:000169e0       ?ISR14@Exceptions@@CAXXZ   00116de0 f   KERNEL:exceptions.obj
 0001:00016a00       ?ISR15@Exceptions@@CAXXZ   00116e00 f   KERNEL:exceptions.obj
 0001:00016a20       ?ISR16@Exceptions@@CAXXZ   00116e20 f   KERNEL:exceptions.obj
 0001:00016a40       ?ISR17@Exceptions@@CAXXZ   00116e40 f   KERNEL:exceptions.obj
 0001:00016a60       ?ISR18@Exceptions@@CAXXZ   00116e60 f   KERNEL:exceptions.obj
 0001:00016a80       ?ISR19@Exceptions@@CAXXZ   00116e80 f   KERNEL:exceptions.obj
 0001:00016aa0       ?ISR1@Exceptions@@CAXXZ    00116ea0 f   KERNEL:exceptions.obj
 0001:00016ac0       ?ISR2@Exceptions@@CAXXZ    00116ec0 f   KERNEL:exceptions.obj
 0001:00016ae0       ?ISR3@Exceptions@@CAXXZ    00116ee0 f   KERNEL:exceptions.obj
 0001:00016b00       ?ISR4@Exceptions@@CAXXZ    00116f00 f   KERNEL:exceptions.obj
 0001:00016b20       ?ISR5@Exceptions@@CAXXZ    00116f20 f   KERNEL:exceptions.obj
 0001:00016b40       ?ISR6@Exceptions@@CAXIII@Z 00116f40 f   KERNEL:exceptions.obj
 0001:00016bc0       ?ISR7@Exceptions@@CAXXZ    00116fc0 f   KERNEL:exceptions.obj
 0001:00016be0       ?ISR8@Exceptions@@CAXXZ    00116fe0 f   KERNEL:exceptions.obj
 0001:00016c00       ?ISR9@Exceptions@@CAXXZ    00117000 f   KERNEL:exceptions.obj
 0001:00016c20       ?Init@Exceptions@@SAIXZ    00117020 f   KERNEL:exceptions.obj
 0001:00016d20       ?ATA_Interrupt@ATA@@CAXXZ  00117120 f   KERNEL:ata.obj
 0001:00016d30       ?Init@ATA@@SAIXZ           00117130 f   KERNEL:ata.obj
 0001:00016d60       ?Read@ATA@@SAIHHHAAPADH@Z  00117160 f   KERNEL:ata.obj
 0001:00016f70       ?ReadSector@ATA@@CAIHHHPAD@Z 00117370 f   KERNEL:ata.obj
 0001:00017120       ?EmptyISR@IDT@@SAXXZ       00117520 f   KERNEL:idt.obj
 0001:00017130       ?GetIR@IDT@@SAPAUIDT_DESCRIPTOR@@I@Z 00117530 f   KERNEL:idt.obj
 0001:00017140       ?GetVect@IDT@@SAP6AXXZH@Z  00117540 f   KERNEL:idt.obj
 0001:00017170       ?Init@IDT@@SAIXZ           00117570 f   KERNEL:idt.obj
 0001:000171e0       ?SetISR@IDT@@SAIIP6AXXZ@Z  001175e0 f   KERNEL:idt.obj
 0001:00017220       ?Init@PIC@@SAIXZ           00117620 f   KERNEL:pic.obj
 0001:00017280       ?InterruptDone@PIC@@SAXG@Z 00117680 f   KERNEL:pic.obj
 0001:000172b0       ?ReadData@PIC@@CAEE@Z      001176b0 f   KERNEL:pic.obj
 0001:000172e0       ?SendCommand@PIC@@CAXEE@Z  001176e0 f   KERNEL:pic.obj
 0001:00017310       ?SendData@PIC@@CAXGE@Z     00117710 f   KERNEL:pic.obj
 0001:00017340       ?FindFile@ISO_FS@@SAPAUISO_DIRECTORY@@PAD@Z 00117740 f   KERNEL:iso.obj
 0001:00017410       ?Init@ISO_FS@@SAIXZ        00117810 f   KERNEL:iso.obj
 0001:00017480       ?ListFiles@ISO_FS@@SAHPAD@Z 00117880 f   KERNEL:iso.obj
 0001:00017520       ?ReadFile@ISO_FS@@SAIPADAAPAD@Z 00117920 f   KERNEL:iso.obj
 0001:00017610       ?ReadFile@ISO_FS@@SAIPAUISO_DIRECTORY@@AAPAD@Z 00117a10 f   KERNEL:iso.obj
 0001:00017633       ??1type_info@@UAE@XZ       00117a33 f   LIBCMT:std_type_info_static.obj
 0001:0001763a       ??_Gtype_info@@UAEPAXI@Z   00117a3a f i LIBCMT:std_type_info_static.obj
 0001:0001763a       ??_Etype_info@@UAEPAXI@Z   00117a3a f i LIBCMT:std_type_info_static.obj
 0001:0001765d       ??3@YAXPAXI@Z              00117a5d f   LIBCMT:delete_scalar_size.obj
 0002:00000004       ??_7Control@gui@@6B@       00117c04     Button.obj
 0002:00000010       ??_7Button@gui@@6B@        00117c10     Button.obj
 0002:0000001c       ??_7Canvas@gui@@6B@        00117c1c     Canvas.obj
 0002:00000024       ??_C@_0BC@HJLBEKHE@Delta?3?5?$CFi?7FPS?3?5?$CFi?$AA@ 00117c24     GUI.obj
 0002:00000038       ??_C@_06LAFIDHKA@?$CFi?6?$CFi?6?$AA@ 00117c38     GUI.obj
 0002:00000040       __xmm@0000000e000000080000000000000000 00117c40     GUI.obj
 0002:00000054       ??_7Label@gui@@6B@         00117c54     Label.obj
 0002:0000005c       ??_C@_03PELOGHMK@?$CFi?6?$AA@ 00117c5c     Mandelbrot.obj
 0002:00000060       ??_C@_06CMGOICJA@Start?6?$AA@ 00117c60     Mandelbrot.obj
 0002:00000068       ??_C@_0BD@OAOOOKEK@Ticks?3?5?$CFi?7FPS?3?5?$CFi?6?$AA@ 00117c68     Mandelbrot.obj
 0002:0000007c       ??_C@_09JHEKFLJE@Zoom?3?5?$CFf?6?$AA@ 00117c7c     Mandelbrot.obj
 0002:00000088       __real@1adaca00            00117c88     Mandelbrot.obj
 0002:00000090       __real@3ff0000000000000    00117c90     Mandelbrot.obj
 0002:00000098       __real@4010000000000000    00117c98     Mandelbrot.obj
 0002:000000a0       __real@40f0000000000000    00117ca0     Mandelbrot.obj
 0002:000000a8       __real@437f0000            00117ca8     Mandelbrot.obj
 0002:000000ac       __real@447a0000            00117cac     Mandelbrot.obj
 0002:000000b0       ??_C@_0BJ@FHJFEPME@arp?3?5sending?5request?5to?5?$AA@ 00117cb0     arp.obj
 0002:000000cc       ??_C@_0BH@NFEPIOCG@arp?3?5sending?5reply?5to?5?$AA@ 00117ccc     arp.obj
 0002:000000e4       ??_C@_0BB@NPEPEJMJ@ARP?5added?5entry?5?$AA@ 00117ce4     arp.obj
 0002:000000f8       ??_C@_0O@MBFFJLEF@DHCP?5RECEIVE?6?$AA@ 00117cf8     dhcp.obj
 0002:00000108       ??_C@_0O@IJAKJLNJ@Received?5DNS?6?$AA@ 00117d08     dns.obj
 0002:00000118       ??_C@_0BF@DPFFLPFA@DNS?5added?5entry?3?5?$CFs?5?$AA@ 00117d18     dns.obj
 0002:0000012d       ??_C@_00CNPNBAHC@?$AA@     00117d2d     dns.obj
 0002:00000130       ??_C@_0M@KNKKGHNO@PARSED?5IP?3?5?$AA@ 00117d30     http.obj
 0002:0000013c       ??_C@_0BO@OHMKJDEI@Flags?3?5?$CFux?7ACK?3?5?$CFui?7SEQ?3?5?$CFui?6?$AA@ 00117d3c     tcpsession.obj
 0002:0000015c       ??_C@_0L@EIILFCEB@Connected?6?$AA@ 00117d5c     tcpsession.obj
 0002:00000168       ??_C@_07IPMAGINO@Closed?6?$AA@ 00117d68     tcpsession.obj
 0002:00000170       ??_C@_0BA@FHBAHEGN@Timeout?5closed?6?$AA@ 00117d70     tcpsession.obj
 0002:00000184       ??_7TextBox@gui@@6B@       00117d84     TextBox.obj
 0002:0000018c       ??_C@_05PABKJLOM@Title?$AA@ 00117d8c     TextEdit.obj
 0002:00000194       ??_C@_05IEIONIFO@Label?$AA@ 00117d94     TextEdit.obj
 0002:0000019c       ??_C@_06LKBCGDFD@Button?$AA@ 00117d9c     TextEdit.obj
 0002:000001a4       ??_C@_04LBABLPF@Exit?$AA@  00117da4     TextEdit.obj
 0002:000001ac       ??_C@_07IFDKABCP@Receive?$AA@ 00117dac     TextEdit.obj
 0002:000001b4       ??_C@_0O@FOFNHLMB@Another?5title?$AA@ 00117db4     TextEdit.obj
 0002:000001c4       ??_C@_07CDBKEHGM@Clicked?$AA@ 00117dc4     TextEdit.obj
 0002:000001cc       ??_C@_05KHPFCEDO@?$CFi?5?$CFi?$AA@ 00117dcc     TextEdit.obj
 0002:000001d4       ??_C@_0BE@FOMLPMPJ@Found?5audio?5device?6?$AA@ 00117dd4     OS.obj
 0002:000001e8       ??_C@_0BJ@MJFONFFA@Audio?5device?5not?5found?$CB?6?$AA@ 00117de8     OS.obj
 0002:00000204       ??_C@_05MIPEAMDJ@arial?$AA@ 00117e04     OS.obj
 0002:0000020c       ??_C@_04CDEGOFNM@Cam1?$AA@ 00117e0c     3DGame:3DGame.obj
 0002:00000214       ??_C@_05FOLLILPC@Thing?$AA@ 00117e14     3DGame:3DGame.obj
 0002:0000021c       ??_C@_05PGDJFNFN@Floor?$AA@ 00117e1c     3DGame:3DGame.obj
 0002:00000224       ??_C@_04BPGKJMON@Box_?$AA@ 00117e24     3DGame:3DGame.obj
 0002:0000022c       __real@3f800000            00117e2c     3DGame:3DGame.obj
 0002:00000230       __real@40a00000            00117e30     3DGame:3DGame.obj
 0002:00000234       __real@41200000            00117e34     3DGame:3DGame.obj
 0002:00000238       __real@c1700000            00117e38     3DGame:3DGame.obj
 0002:00000240       ??_7MyBox@@6B@             00117e40     3DGame:MyBox.obj
 0002:00000248       ??_C@_0L@IDFINJJI@sphere?4a3d?$AA@ 00117e48     3DGame:MyBox.obj
 0002:00000254       ??_C@_07CKAHAGKJ@img?4bmp?$AA@ 00117e54     3DGame:MyBox.obj
 0002:0000025c       ??_C@_0O@NJFLLBAD@bmp?5not?5found?$AA@ 00117e5c     3DGame:MyBox.obj
 0002:0000026c       ??_C@_04GONFKEIN@Mesh?$AA@ 00117e6c     3DGame:MyBox.obj
 0002:00000274       ??_C@_09DHKFHJOA@Rigidbody?$AA@ 00117e74     3DGame:MyBox.obj
 0002:00000284       ??_7Thing@@6B@             00117e84     3DGame:Thing.obj
 0002:0000028c       ??_C@_08GGPPOII@cube?4a3d?$AA@ 00117e8c     3DGame:Thing.obj
 0002:00000298       ??_C@_09PCLIKNNA@earth?4bmp?$AA@ 00117e98     3DGame:Thing.obj
 0002:000002a4       __real@41a00000            00117ea4     3DGame:Thing.obj
 0002:000002b0       __xmm@80000000800000008000000080000000 00117eb0     3DGame:Thing.obj
 0002:000002c0       __real@0000000000000000    00117ec0     GL:Matrix4.obj
 0002:000002c8       __real@3fe0000000000000    00117ec8     GL:Matrix4.obj
 0002:000002d0       __real@40000000            00117ed0     GL:Matrix4.obj
 0002:000002d8       __real@400921fb54442eea    00117ed8     GL:Matrix4.obj
 0002:000002e0       __real@4066800000000000    00117ee0     GL:Matrix4.obj
 0002:000002e8       __real@3fb1eb851eb851ec    00117ee8     GL:Color.obj
 0002:000002f0       __real@3fcae147ae147ae1    00117ef0     GL:Color.obj
 0002:000002f8       __real@3fe70a3d70a3d70a    00117ef8     GL:Color.obj
 0002:00000300       __xmm@41f00000000000000000000000000000 00117f00     GL:Color.obj
 0002:00000310       ??_C@_05JODGIKH@Light?$AA@ 00117f10     GameEngine:Engine.obj
 0002:00000318       ??_C@_06LOJNHMMK@Thing2?$AA@ 00117f18     GameEngine:Engine.obj
 0002:00000320       ??_C@_0BJ@JEFINMGB@FPS?3?5?$CFi?7DT?3?$CFi?7AvgDT?3?5?$CFi?6?$AA@ 00117f20     GameEngine:Engine.obj
 0002:0000033c       ??_C@_0L@KCHEIND@Ticks?3?5?$CFi?6?$AA@ 00117f3c     GameEngine:Engine.obj
 0002:00000348       ??_C@_08DAHIJCLH@Free?5?$CFi?6?$AA@ 00117f48     GameEngine:Engine.obj
 0002:00000354       ??_C@_08FHFNDDND@Cam?3?5?$CFs?6?$AA@ 00117f54     GameEngine:Engine.obj
 0002:00000360       ??_C@_07JOHLBHPG@P1?3?5?$CFs?6?$AA@ 00117f60     GameEngine:Engine.obj
 0002:00000368       ??_C@_0BC@KLOOLLKI@V1?3?5?$FL?$CFf?0?5?$CFf?0?5?$CFf?$FN?6?$AA@ 00117f68     GameEngine:Engine.obj
 0002:0000037c       ??_C@_0M@CBHEFHKI@Energy?3?5?$CFf?6?$AA@ 00117f7c     GameEngine:Engine.obj
 0002:00000388       ??_C@_0N@MDOCIACE@?$CFf?5?$CFf?5?$CFf?5?$CFf?6?$AA@ 00117f88     GameEngine:Engine.obj
 0002:00000398       ??_C@_08FNAIPBCN@Err?3?5?$CFf?6?$AA@ 00117f98     GameEngine:Engine.obj
 0002:000003a4       ??_C@_0BA@DLCGCPOP@?$CFi?5?$CFi?7?$CFf?5?$CFf?5?$CFf?6?$AA@ 00117fa4     GameEngine:Engine.obj
 0002:000003b4       ??_C@_09MALOBAAJ@?$CFf?5?$CFf?5?$CFf?6?$AA@ 00117fb4     GameEngine:Engine.obj
 0002:000003c0       ??_C@_08GDLGNBJK@?$CFf?7?$CFf?7?$CFf?$AA@ 00117fc0     GameEngine:Engine.obj
 0002:000003cc       ??_C@_0BB@PIJAIOHM@List?3?3operator?$FL?$FN?$AA@ 00117fcc     GameEngine:Engine.obj
 0002:000003e0       ??_C@_0BN@NJEFJLOF@Index?5out?5of?5range?5exception?$AA@ 00117fe0     GameEngine:Engine.obj
 0002:00000400       __real@2edbe6ff            00118000     GameEngine:Engine.obj
 0002:00000404       __real@3c23d70a            00118004     GameEngine:Engine.obj
 0002:00000408       __real@3ff921fb54442eea    00118008     GameEngine:Engine.obj
 0002:00000410       __real@401921fb54442eea    00118010     GameEngine:Engine.obj
 0002:00000418       __real@402399999999999a    00118018     GameEngine:Engine.obj
 0002:00000420       __real@40800000            00118020     GameEngine:Engine.obj
 0002:00000424       __real@41400000            00118024     GameEngine:Engine.obj
 0002:00000428       __real@43c80000            00118028     GameEngine:Engine.obj
 0002:0000042c       __real@44fa0000            0011802c     GameEngine:Engine.obj
 0002:00000430       __real@501502f9            00118030     GameEngine:Engine.obj
 0002:00000438       ??_7GameObject@@6B@        00118038     GameEngine:GameObject.obj
 0002:00000440       ??_C@_0L@EJMOOPIK@GameObject?$AA@ 00118040     GameEngine:GameObject.obj
 0002:00000450       ??_7Camera@@6B@            00118050     GameEngine:Camera.obj
 0002:0000045c       ??_7Component@@6B@         0011805c     GameEngine:Component.obj
 0002:00000468       ??_7MeshComponent@@6B@     00118068     GameEngine:MeshComponent.obj
 0002:00000474       ??_7Rigidbody@@6B@         00118074     GameEngine:Rigidbody.obj
 0002:00000480       ??_7BoxCollider@@6B@       00118080     GameEngine:BoxCollider.obj
 0002:00000490       __real@bff921fb54442eea    00118090     GameEngine:BoxCollider.obj
 0002:000004a0       __xmm@7fffffffffffffff7fffffffffffffff 001180a0     GameEngine:BoxCollider.obj
 0002:000004b0       __xmm@80000000000000008000000000000000 001180b0     GameEngine:BoxCollider.obj
 0002:000004c0       ??_C@_05MBDEGLCK@ERROR?$AA@ 001180c0     GameEngine:ModelLoader.obj
 0002:000004d0       __xmm@0000000000000000000000003f800000 001180d0     GameEngine:Matrix3.obj
 0002:000004e0       __xmm@3f800000000000000000000000000000 001180e0     GameEngine:Matrix3.obj
 0002:000004f0       ??_C@_0CL@CEJFKDDD@?$FL?$CFf?0?5?$CFf?0?5?$CFf?$FN?5?$FL?$CFf?0?5?$CFf?0?5?$CFf?0?5?$CFf?$FN?5?$FL?$CF@ 001180f0     GameEngine:Transform.obj
 0002:0000051c       __real@3f000000            0011811c     GameEngine:Transform.obj
 0002:00000520       ??_C@_03PPOCCAPH@?$CFf?6?$AA@ 00118120     GameEngine:Collision.obj
 0002:00000524       __real@00000000            00118124     GameEngine:Collision.obj
 0002:00000528       __real@3727c5ac            00118128     GameEngine:Collision.obj
 0002:0000052c       __real@3d4ccccd            0011812c     GameEngine:Collision.obj
 0002:00000530       __real@3dcccccd            00118130     GameEngine:Collision.obj
 0002:00000534       __real@7f800000            00118134     GameEngine:Collision.obj
 0002:00000538       __real@bf800000            00118138     GameEngine:Collision.obj
 0002:00000540       __xmm@7fffffff7fffffff7fffffff7fffffff 00118140     GameEngine:Collision.obj
 0002:00000554       ??_7Collider@@6B@          00118154     GameEngine:Collider.obj
 0002:00000564       __real@3e8f5c29            00118164     Lib:math.obj
 0002:00000568       __real@40490fdb            00118168     Lib:math.obj
 0002:0000056c       __real@bfc90fdb            0011816c     Lib:math.obj
 0002:00000570       ??_C@_03LHCJEHON@nan?$AA@  00118170     Lib:stdio.obj
 0002:00000574       ??_C@_03OJHLLCGB@inf?$AA@  00118174     Lib:stdio.obj
 0002:00000578       ??_C@_01GBGANLPD@0?$AA@    00118178     Lib:stdio.obj
 0002:00000580       __real@3f1a36e2eb1c432d    00118180     Lib:stdio.obj
 0002:00000590       __xmm@46454443424139383736353433323130 00118190     Lib:stdio.obj
 0002:000005a0       ??_C@_0BE@FFHLEPEC@Found?5network?5card?6?$AA@ 001181a0     KERNEL:kernel.obj
 0002:000005b4       __real@39800000            001181b4     KERNEL:kernel.obj
 0002:000005b8       __real@3c000000            001181b8     KERNEL:drawing.obj
 0002:000005bc       ??_C@_04PFOHOKJK@?5?5?5?5?$AA@ 001181bc     KERNEL:debug.obj
 0002:000005c4       ??_C@_01CLKCMJKC@?5?$AA@   001181c4     KERNEL:debug.obj
 0002:000005c8       ??_C@_03IKGEINEE@?$CFs?5?$AA@ 001181c8     KERNEL:debug.obj
 0002:00000740       ??_C@_0P@JJOCPBNH@?$CFs?$CFi?4?$CFi?4?$CFi?4?$CFi?6?$AA@ 00118340     KERNEL:net.obj
 0002:00000750       ??_C@_0BF@MCJEFIGG@?$CFs?$CFx?3?$CFx?3?$CFx?3?$CFx?3?$CFx?3?$CFx?6?$AA@ 00118350     KERNEL:net.obj
 0002:00000768       ??_C@_04MDCOKCOB@?4ttf?$AA@ 00118368     KERNEL:font.obj
 0002:00000770       ??_C@_0BF@FDJBNMIG@Font?5not?5found?5?$CC?$CFs?$CC?6?$AA@ 00118370     KERNEL:font.obj
 0002:00000788       ??_C@_0BA@DNGCMMKO@?$CFi?3?7?$CFux?7?$CFux?7?$CFi?6?$AA@ 00118388     KERNEL:font.obj
 0002:00000798       ??_C@_04NEODDMOL@head?$AA@ 00118398     KERNEL:font.obj
 0002:000007a0       ??_C@_04DACNFKGE@loca?$AA@ 001183a0     KERNEL:font.obj
 0002:000007a8       ??_C@_04LLIHEPK@glyf?$AA@  001183a8     KERNEL:font.obj
 0002:000007b0       __real@42800000            001183b0     KERNEL:font.obj
 0002:000007b8       ??_C@_0EO@NIHBEAOP@Bus?3?5?$CFx?5Device?3?5?$CFx?5Function?3?5?$CFx?5@ 001183b8     KERNEL:pci.obj
 0002:00000808       ??_C@_06NIEMCLMH@0x?$CFux?6?$AA@ 00118408     KERNEL:ac97.obj
 0002:00000810       ??_C@_0BD@DMEBPKNG@Sample?5rate?548kHz?6?$AA@ 00118410     KERNEL:ac97.obj
 0002:00000824       ??_C@_0BF@CIKPHNMK@Sample?5rate?544?41kHz?6?$AA@ 00118424     KERNEL:ac97.obj
 0002:0000083c       ??_C@_0L@FDAJDMJO@SR?3?5?$CFx?5?5?5?6?$AA@ 0011843c     KERNEL:ac97.obj
 0002:00000848       ??_C@_02NPPIEBMA@1?6?$AA@  00118448     KERNEL:ac97.obj
 0002:0000084c       ??_C@_02NNLOPPJJ@2?6?$AA@  0011844c     KERNEL:ac97.obj
 0002:00000850       ??_C@_02NJDDIDCL@4?6?$AA@  00118450     KERNEL:ac97.obj
 0002:00000854       ??_C@_0BK@KHJFGGEJ@Default?5interrupt?5handler?$AA@ 00118454     KERNEL:exceptions.obj
 0002:00000870       ??_C@_0BB@CAGHCAFL@Division?5by?5zero?$AA@ 00118470     KERNEL:exceptions.obj
 0002:00000884       ??_C@_05GCIPIGEI@Debug?$AA@ 00118484     KERNEL:exceptions.obj
 0002:0000088c       ??_C@_0BH@DLMGGJOP@Non?9Maskable?5interrupt?$AA@ 0011848c     KERNEL:exceptions.obj
 0002:000008a4       ??_C@_0L@DEJAMIEF@Breakpoint?$AA@ 001184a4     KERNEL:exceptions.obj
 0002:000008b0       ??_C@_08KJPBNJGC@Overflow?$AA@ 001184b0     KERNEL:exceptions.obj
 0002:000008bc       ??_C@_0BF@KABNNNC@Bound?5range?5exceeded?$AA@ 001184bc     KERNEL:exceptions.obj
 0002:000008d4       ??_C@_0BJ@JILCCCBH@0x?$CFux?70x?$CFux?70x?$CFux?70x?$CFux?6?$AA@ 001184d4     KERNEL:exceptions.obj
 0002:000008f0       ??_C@_0P@GJJPHHDN@Invalid?5opcode?$AA@ 001184f0     KERNEL:exceptions.obj
 0002:00000900       ??_C@_0BF@COPPNEEP@Device?5not?5available?$AA@ 00118500     KERNEL:exceptions.obj
 0002:00000918       ??_C@_0N@EMHPBCJE@Double?5fault?$AA@ 00118518     KERNEL:exceptions.obj
 0002:00000928       ??_C@_0BM@FLNHCLJG@Coprocessor?5segment?5overrun?$AA@ 00118528     KERNEL:exceptions.obj
 0002:00000944       ??_C@_0M@OLMALBPG@Invalid?5TSS?$AA@ 00118544     KERNEL:exceptions.obj
 0002:00000950       ??_C@_0BE@FPPPAKKN@Segment?5not?5present?$AA@ 00118550     KERNEL:exceptions.obj
 0002:00000964       ??_C@_0BE@OLMOIPB@Stack?9segment?5fault?$AA@ 00118564     KERNEL:exceptions.obj
 0002:00000978       ??_C@_0BJ@LDJBBLLL@General?5protection?5fault?$AA@ 00118578     KERNEL:exceptions.obj
 0002:00000994       ??_C@_0L@JBNHOLPF@Page?5fault?$AA@ 00118594     KERNEL:exceptions.obj
 0002:000009a0       ??_C@_0O@EBPJONIA@15?5?$CIReserved?$CJ?$AA@ 001185a0     KERNEL:exceptions.obj
 0002:000009b0       ??_C@_0BN@OAPCMCOK@x87?5Floating?9point?5exception?$AA@ 001185b0     KERNEL:exceptions.obj
 0002:000009d0       ??_C@_0BA@DMDLEFCI@Alignment?5check?$AA@ 001185d0     KERNEL:exceptions.obj
 0002:000009e0       ??_C@_0O@LHBOKIFP@Machine?5check?$AA@ 001185e0     KERNEL:exceptions.obj
 0002:000009f0       ??_C@_0BO@PAHIJHOM@SIMD?5floating?9point?5exception?$AA@ 001185f0     KERNEL:exceptions.obj
 0002:00000a10       ??_C@_06JJGECBPI@?$CFs?5?$CFi?6?$AA@ 00118610     KERNEL:iso.obj
 0002:00000a18       ??_C@_03OFAPEBGM@?$CFs?6?$AA@ 00118618     KERNEL:iso.obj
 0002:00000a20       ??_7type_info@@6B@         00118620     LIBCMT:std_type_info_static.obj
 0002:00000a84       ??_R4Control@gui@@6B@      00118684     Button.obj
 0002:00000a98       ??_R3Control@gui@@8        00118698     Button.obj
 0002:00000aa8       ??_R2Control@gui@@8        001186a8     Button.obj
 0002:00000ab0       ??_R1A@?0A@EA@Control@gui@@8 001186b0     Button.obj
 0002:00000acc       ??_R4Button@gui@@6B@       001186cc     Button.obj
 0002:00000ae0       ??_R3Button@gui@@8         001186e0     Button.obj
 0002:00000af0       ??_R2Button@gui@@8         001186f0     Button.obj
 0002:00000afc       ??_R1A@?0A@EA@Button@gui@@8 001186fc     Button.obj
 0002:00000b18       ??_R4Canvas@gui@@6B@       00118718     Canvas.obj
 0002:00000b2c       ??_R3Canvas@gui@@8         0011872c     Canvas.obj
 0002:00000b3c       ??_R2Canvas@gui@@8         0011873c     Canvas.obj
 0002:00000b48       ??_R1A@?0A@EA@Canvas@gui@@8 00118748     Canvas.obj
 0002:00000b64       ??_R4Label@gui@@6B@        00118764     Label.obj
 0002:00000b78       ??_R3Label@gui@@8          00118778     Label.obj
 0002:00000b88       ??_R2Label@gui@@8          00118788     Label.obj
 0002:00000b94       ??_R1A@?0A@EA@Label@gui@@8 00118794     Label.obj
 0002:00000bb0       ??_R4TextBox@gui@@6B@      001187b0     TextBox.obj
 0002:00000bc4       ??_R3TextBox@gui@@8        001187c4     TextBox.obj
 0002:00000bd4       ??_R2TextBox@gui@@8        001187d4     TextBox.obj
 0002:00000be0       ??_R1A@?0A@EA@TextBox@gui@@8 001187e0     TextBox.obj
 0002:00000bfc       ??_R4MyBox@@6B@            001187fc     3DGame:MyBox.obj
 0002:00000c10       ??_R3MyBox@@8              00118810     3DGame:MyBox.obj
 0002:00000c20       ??_R2MyBox@@8              00118820     3DGame:MyBox.obj
 0002:00000c2c       ??_R1A@?0A@EA@MyBox@@8     0011882c     3DGame:MyBox.obj
 0002:00000c48       ??_R1A@?0A@EA@GameObject@@8 00118848     3DGame:MyBox.obj
 0002:00000c64       ??_R3GameObject@@8         00118864     3DGame:MyBox.obj
 0002:00000c74       ??_R2GameObject@@8         00118874     3DGame:MyBox.obj
 0002:00000c7c       ??_R4Thing@@6B@            0011887c     3DGame:Thing.obj
 0002:00000c90       ??_R3Thing@@8              00118890     3DGame:Thing.obj
 0002:00000ca0       ??_R2Thing@@8              001188a0     3DGame:Thing.obj
 0002:00000cac       ??_R1A@?0A@EA@Thing@@8     001188ac     3DGame:Thing.obj
 0002:00000cc8       ??_R4GameObject@@6B@       001188c8     GameEngine:GameObject.obj
 0002:00000cdc       ??_R4Camera@@6B@           001188dc     GameEngine:Camera.obj
 0002:00000cf0       ??_R3Camera@@8             001188f0     GameEngine:Camera.obj
 0002:00000d00       ??_R2Camera@@8             00118900     GameEngine:Camera.obj
 0002:00000d0c       ??_R1A@?0A@EA@Camera@@8    0011890c     GameEngine:Camera.obj
 0002:00000d28       ??_R4Component@@6B@        00118928     GameEngine:Component.obj
 0002:00000d3c       ??_R3Component@@8          0011893c     GameEngine:Component.obj
 0002:00000d4c       ??_R2Component@@8          0011894c     GameEngine:Component.obj
 0002:00000d54       ??_R1A@?0A@EA@Component@@8 00118954     GameEngine:Component.obj
 0002:00000d70       ??_R4MeshComponent@@6B@    00118970     GameEngine:MeshComponent.obj
 0002:00000d84       ??_R3MeshComponent@@8      00118984     GameEngine:MeshComponent.obj
 0002:00000d94       ??_R2MeshComponent@@8      00118994     GameEngine:MeshComponent.obj
 0002:00000da4       ??_R1A@?0A@EA@MeshComponent@@8 001189a4     GameEngine:MeshComponent.obj
 0002:00000dc0       ??_R1M@?0A@EA@IMesh@@8     001189c0     GameEngine:MeshComponent.obj
 0002:00000ddc       ??_R3IMesh@@8              001189dc     GameEngine:MeshComponent.obj
 0002:00000dec       ??_R2IMesh@@8              001189ec     GameEngine:MeshComponent.obj
 0002:00000df4       ??_R1A@?0A@EA@IMesh@@8     001189f4     GameEngine:MeshComponent.obj
 0002:00000e10       ??_R4Rigidbody@@6B@        00118a10     GameEngine:Rigidbody.obj
 0002:00000e24       ??_R3Rigidbody@@8          00118a24     GameEngine:Rigidbody.obj
 0002:00000e34       ??_R2Rigidbody@@8          00118a34     GameEngine:Rigidbody.obj
 0002:00000e40       ??_R1A@?0A@EA@Rigidbody@@8 00118a40     GameEngine:Rigidbody.obj
 0002:00000e5c       ??_R4BoxCollider@@6B@      00118a5c     GameEngine:BoxCollider.obj
 0002:00000e70       ??_R3BoxCollider@@8        00118a70     GameEngine:BoxCollider.obj
 0002:00000e80       ??_R2BoxCollider@@8        00118a80     GameEngine:BoxCollider.obj
 0002:00000e8c       ??_R1A@?0A@EA@BoxCollider@@8 00118a8c     GameEngine:BoxCollider.obj
 0002:00000ea8       ??_R1A@?0A@EA@Collider@@8  00118aa8     GameEngine:BoxCollider.obj
 0002:00000ec4       ??_R3Collider@@8           00118ac4     GameEngine:BoxCollider.obj
 0002:00000ed4       ??_R2Collider@@8           00118ad4     GameEngine:BoxCollider.obj
 0002:00000edc       ??_R4Collider@@6B@         00118adc     GameEngine:Collider.obj
 0002:00000ef0       ??_R4type_info@@6B@        00118af0     LIBCMT:std_type_info_static.obj
 0002:00000f04       ??_R3type_info@@8          00118b04     LIBCMT:std_type_info_static.obj
 0002:00000f14       ??_R2type_info@@8          00118b14     LIBCMT:std_type_info_static.obj
 0002:00000f1c       ??_R1A@?0A@EA@type_info@@8 00118b1c     LIBCMT:std_type_info_static.obj
 0003:00000000       ?cursor_bitmap@gui@@3PAIA  00118e00     GUI.obj
 0003:000001c0       ?col_taskbar@gui@@3IA      00118fc0     GUI.obj
 0003:000001c4       ?col_desktop_bg@gui@@3IA   00118fc4     GUI.obj
 0003:000001c8       ?count@@3HA                00118fc8     Mandelbrot.obj
 0003:000001cc       ?col_background@gui@@3IA   00118fcc     Window.obj
 0003:000001d0       ?col_foreground@gui@@3IA   00118fd0     Window.obj
 0003:000001d4       ?col_title@gui@@3IA        00118fd4     Window.obj
 0003:000031e0       ?acc@@3MA                  0011bfe0     3DGame:Thing.obj
 0003:000031e4       ?bound_tex@gl@@3HA         0011bfe4     GL:GL.obj
 0003:000031e8       ?__LINE__Var@?0???0GC@@QAE@XZ@4JA 0011bfe8     GL:GL.obj
 0003:000031ec       ?p4@@3MA                   0011bfec     GameEngine:Engine.obj
 0003:000031f0       ?p5@@3MA                   0011bff0     GameEngine:Engine.obj
 0003:000031f4       ?__LINE__Var@?0???0Manifold@@QAE@XZ@4JA 0011bff4     GameEngine:Collision.obj
 0003:00004200       ?color@Debug@@2IA          0011d000     KERNEL:debug.obj
 0003:00004204       ?bcolor@Debug@@2IA         0011d004     KERNEL:debug.obj
 0003:00004208       __fltused                  0011d008     LIBCMT:fltused.obj
 0003:0000420c       ??_R0?AVControl@gui@@@8    0011d00c     Button.obj
 0003:00004228       ??_R0?AVButton@gui@@@8     0011d028     Button.obj
 0003:00004244       ??_R0?AVCanvas@gui@@@8     0011d044     Canvas.obj
 0003:00004260       ??_R0?AVLabel@gui@@@8      0011d060     Label.obj
 0003:00004278       ??_R0?AVTextBox@gui@@@8    0011d078     TextBox.obj
 0003:00004294       ??_R0?AVMyBox@@@8          0011d094     3DGame:MyBox.obj
 0003:000042a8       ??_R0?AVGameObject@@@8     0011d0a8     3DGame:MyBox.obj
 0003:000042c4       ??_R0?AVThing@@@8          0011d0c4     3DGame:Thing.obj
 0003:000042d8       ??_R0?AVCamera@@@8         0011d0d8     GameEngine:Camera.obj
 0003:000042f0       ??_R0?AVComponent@@@8      0011d0f0     GameEngine:Component.obj
 0003:00004308       ??_R0?AVMeshComponent@@@8  0011d108     GameEngine:MeshComponent.obj
 0003:00004324       ??_R0?AVIMesh@@@8          0011d124     GameEngine:MeshComponent.obj
 0003:00004338       ??_R0?AVRigidbody@@@8      0011d138     GameEngine:Rigidbody.obj
 0003:00004350       ??_R0?AVBoxCollider@@@8    0011d150     GameEngine:BoxCollider.obj
 0003:0000436c       ??_R0?AVCollider@@@8       0011d16c     GameEngine:BoxCollider.obj
 0003:00004384       ??_R0?AVtype_info@@@8      0011d184     LIBCMT:std_type_info_static.obj
 0003:000043a0       ?_kernel_stack@@3PADA      0011d1a0     boot.obj
 0003:00006340       ?bmp_background@gui@@3PAUBMP@@A 0011f140     GUI.obj
 0003:00006344       ?window_count@gui@@3HA     0011f144     GUI.obj
 0003:00006348       ?first_window@gui@@3PAVWindow@1@A 0011f148     GUI.obj
 0003:0000634c       ?last_window@gui@@3PAVWindow@1@A 0011f14c     GUI.obj
 0003:00006350       ?focused_window@gui@@3PAVWindow@1@A 0011f150     GUI.obj
 0003:00006354       ?cursor_x@gui@@3HA         0011f154     GUI.obj
 0003:00006358       ?cursor_y@gui@@3HA         0011f158     GUI.obj
 0003:0000635c       ?mouse_click_L@gui@@3_NA   0011f15c     GUI.obj
 0003:0000635d       ?mouse_click_R@gui@@3_NA   0011f15d     GUI.obj
 0003:0000635e       ?mouse_click_M@gui@@3_NA   0011f15e     GUI.obj
 0003:0000635f       ?window_drag@gui@@3_NA     0011f15f     GUI.obj
 0003:00006360       ?mouse_click_L_info@gui@@3UMOUSE_CLICK_INFO@1@A 0011f160     GUI.obj
 0003:00006380       ?mouse_click_R_info@gui@@3UMOUSE_CLICK_INFO@1@A 0011f180     GUI.obj
 0003:000063a0       ?mouse_click_M_info@gui@@3UMOUSE_CLICK_INFO@1@A 0011f1a0     GUI.obj
 0003:000063c0       ?window_drag_info@gui@@3UWINDOW_DRAG_INFO@1@A 0011f1c0     GUI.obj
 0003:000063cc       ?hover_window@gui@@3PAVWindow@1@A 0011f1cc     GUI.obj
 0003:000063d0       ?hover_control@gui@@3PAVControl@1@A 0011f1d0     GUI.obj
 0003:000063d4       ?gc_taskbar@gui@@3UGC@@A   0011f1d4     GUI.obj
 0003:000063ec       ?gc_background@gui@@3UGC@@A 0011f1ec     GUI.obj
 0003:00006404       ?gc_cursor@gui@@3UGC@@A    0011f204     GUI.obj
 0003:0000641c       ?tz@@3UComplex@@A          0011f21c     Mandelbrot.obj
 0003:00006428       ?arp_cache@ARP@@0PAUARP_TABLE_ENTRY@@A 0011f228     arp.obj
 0003:00006568       ?dns_server@DNS@@2UIPv4Address@@A 0011f368     dns.obj
 0003:00006570       ?dns_cache@DNS@@0PAUDNS_TABLE_ENTRY@@A 0011f370     dns.obj
 0003:00006770       ?sessions@TCP@@2PAPAVTcpSession@@A 0011f570     tcp.obj
 0003:000067f0       ?tmp1@apps@@3PAVCanvas@gui@@A 0011f5f0     TextEdit.obj
 0003:000067f4       ?tmp2@apps@@3PAVCanvas@gui@@A 0011f5f4     TextEdit.obj
 0003:000067f8       ?socket@apps@@3PAVUdpSocket@@A 0011f5f8     TextEdit.obj
 0003:000067fc       ?rec_label@apps@@3PAVLabel@gui@@A 0011f5fc     TextEdit.obj
 0003:00006800       ?sockets@@3PAPAVUdpSocket@@A 0011f600     udp.obj
 0003:00006804       ?gameGC@@3UGC@@A           0011f604     OS.obj
 0003:0000681c       ?mod@@3PAVModel3D@@A       0011f61c     3DGame:MyBox.obj
 0003:00006820       ?img_buf@@3PADA            0011f620     3DGame:MyBox.obj
 0003:00006824       ?bmp@@3PAUBMP@@A           0011f624     3DGame:MyBox.obj
 0003:00006828       ?phys@@3PAVRigidbody@@A    0011f628     3DGame:Thing.obj
 0003:0000682c       ?vel@@3MA                  0011f62c     3DGame:Thing.obj
 0003:00006830       ?tex_index@gl@@3HA         0011f630     GL:GL.obj
 0003:00006834       ?light_index@gl@@3HA       0011f634     GL:GL.obj
 0003:00006838       ?mat_mode@gl@@3W4GLMatrixMode@@A 0011f638     GL:GL.obj
 0003:0000683c       ?mat_stack@gl@@3PAUMatrix4@1@A 0011f63c     GL:GL.obj
 0003:00006840       ?mat_stack_index@gl@@3HA   0011f640     GL:GL.obj
 0003:00006844       ?vert_ptr@gl@@3PAUVertex@1@A 0011f644     GL:GL.obj
 0003:00006848       ?m_width@GL@gl@@2IA        0011f648     GL:GL.obj
 0003:0000684c       ?m_height@GL@gl@@2IA       0011f64c     GL:GL.obj
 0003:00006850       ?m_stride@GL@gl@@2IA       0011f650     GL:GL.obj
 0003:00006854       ?m_textures@GL@gl@@2PAPAUBMP@@A 0011f654     GL:GL.obj
 0003:00006858       ?mat_viewmodel@gl@@3UMatrix4@1@A 0011f658     GL:GL.obj
 0003:00006898       ?lightsources@gl@@3PAUVector4@1@A 0011f698     GL:GL.obj
 0003:000068d8       ?gc_out@GL@gl@@2UGC@@A     0011f6d8     GL:GL.obj
 0003:000068f0       ?gc_buf@GL@gl@@2UGC@@A     0011f6f0     GL:GL.obj
 0003:00006908       ?mat_projection@gl@@3UMatrix4@1@A 0011f708     GL:GL.obj
 0003:00006948       ?depth_buffer@Rasterizer@gl@@2PAMA 0011f748     GL:Rasterizer.obj
 0003:0000694c       ?p1@@3HA                   0011f74c     GameEngine:Engine.obj
 0003:00006950       ?p2@@3MA                   0011f750     GameEngine:Engine.obj
 0003:00006954       ?p3@@3MA                   0011f754     GameEngine:Engine.obj
 0003:00006958       ?ticks@@3HA                0011f758     GameEngine:Engine.obj
 0003:0000695c       ?totalFrames@@3HA          0011f75c     GameEngine:Engine.obj
 0003:00006960       ?startTicks@@3HA           0011f760     GameEngine:Engine.obj
 0003:00006964       ?BOOL1@@3_NA               0011f764     GameEngine:Engine.obj
 0003:00006968       ?err@@3MA                  0011f768     GameEngine:Engine.obj
 0003:0000696c       ?last_mouse_pos@@3UVector3@@A 0011f76c     GameEngine:Engine.obj
 0003:00006978       ?_gc@@3UGC@@A              0011f778     GameEngine:Engine.obj
 0003:00006990       ?n@@3HA                    0011f790     GameEngine:BoxCollider.obj
 0003:00006994       ?c@@3UVector3@@A           0011f794     GameEngine:BoxCollider.obj
 0003:000069a0       ?v@@3UVector3@@A           0011f7a0     GameEngine:BoxCollider.obj
 0003:000069ac       ?d@@3UVector3@@A           0011f7ac     GameEngine:BoxCollider.obj
 0003:000069b8       ?b@@3UVector3@@A           0011f7b8     GameEngine:BoxCollider.obj
 0003:000069c8       ?cols@@3PAUManifold@@A     0011f7c8     GameEngine:Collision.obj
 0003:00007968       ?mem_left@@3HA             00120768     KERNEL:kernel.obj
 0003:0000796c       ?mem_ptr@@3PAEA            0012076c     KERNEL:kernel.obj
 0003:00007970       ?idle_thread@@3PAVThread@@A 00120770     KERNEL:task.obj
 0003:00007974       ?current_thread@@3PAVThread@@A 00120774     KERNEL:task.obj
 0003:00007978       ?first_thread@@3PAVThread@@A 00120778     KERNEL:task.obj
 0003:0000797c       ?last_thread@@3PAVThread@@A 0012077c     KERNEL:task.obj
 0003:00007980       ?pit_isr@@3PAXA            00120780     KERNEL:task.obj
 0003:00007984       ?screenBuffer@@3PAIA       00120784     KERNEL:drawing.obj
 0003:00007988       ?gc@Drawing@@2UGC@@A       00120788     KERNEL:drawing.obj
 0003:000079a0       ?gc_direct@Drawing@@2UGC@@A 001207a0     KERNEL:drawing.obj
 0003:000079b8       ?x@Debug@@2HA              001207b8     KERNEL:debug.obj
 0003:000079bc       ?y@Debug@@2HA              001207bc     KERNEL:debug.obj
 0003:000079c0       ?x0@Debug@@2HA             001207c0     KERNEL:debug.obj
 0003:000079c8       ?ctrl@Keyboard@@2_NA       001207c8     KERNEL:keyboard.obj
 0003:000079c9       ?shift@Keyboard@@2_NA      001207c9     KERNEL:keyboard.obj
 0003:000079ca       ?alt@Keyboard@@2_NA        001207ca     KERNEL:keyboard.obj
 0003:000079cb       ?caps@Keyboard@@2_NA       001207cb     KERNEL:keyboard.obj
 0003:000079cc       ?num@Keyboard@@2_NA        001207cc     KERNEL:keyboard.obj
 0003:000079cd       ?scroll@Keyboard@@2_NA     001207cd     KERNEL:keyboard.obj
 0003:000079ce       ?extended@@3_NA            001207ce     KERNEL:keyboard.obj
 0003:000079cf       ?scancode@@3EA             001207cf     KERNEL:keyboard.obj
 0003:000079d0       ?keystates@@3PA_NA         001207d0     KERNEL:keyboard.obj
 0003:00007acf       ?scan@@3EA                 001208cf     KERNEL:keyboard.obj
 0003:00007ad0       ?last_key@@3UKEY_PACKET@@A 001208d0     KERNEL:keyboard.obj
 0003:00007adc       ?pressed@@3_NA             001208dc     KERNEL:keyboard.obj
 0003:00007ae0       ?key@@3W4KEYCODE@@A        001208e0     KERNEL:keyboard.obj
 0003:00007ae4       ?ticks@PIT@@2IA            001208e4     KERNEL:pit.obj
 0003:00007ae8       ?x@Mouse@@2HA              001208e8     KERNEL:mouse.obj
 0003:00007aec       ?y@Mouse@@2HA              001208ec     KERNEL:mouse.obj
 0003:00007af0       ?sensitivity@Mouse@@2MA    001208f0     KERNEL:mouse.obj
 0003:00007af4       ?mouse_L@Mouse@@2_NA       001208f4     KERNEL:mouse.obj
 0003:00007af5       ?mouse_R@Mouse@@2_NA       001208f5     KERNEL:mouse.obj
 0003:00007af6       ?mouse_M@Mouse@@2_NA       001208f6     KERNEL:mouse.obj
 0003:00007af7       ?mouse_cycle@Mouse@@0EA    001208f7     KERNEL:mouse.obj
 0003:00007af8       ?scroll_x@Mouse@@2HA       001208f8     KERNEL:mouse.obj
 0003:00007afc       ?scroll_y@Mouse@@2HA       001208fc     KERNEL:mouse.obj
 0003:00007b00       ?w@Mouse@@0IA              00120900     KERNEL:mouse.obj
 0003:00007b04       ?h@Mouse@@0IA              00120904     KERNEL:mouse.obj
 0003:00007b08       ?mouse_byte@Mouse@@0PACA   00120908     KERNEL:mouse.obj
 0003:00007b0c       ?initialized@Mouse@@0_NA   0012090c     KERNEL:mouse.obj
 0003:00007b10       ?intf@KNet@@2PAVNetInterface@@A 00120910     KERNEL:net.obj
 0003:00007b14       ?GatewayIPv4@KNet@@2UIPv4Address@@A 00120914     KERNEL:net.obj
 0003:00007b18       ?GatewayMAC@KNet@@2UMacAddress@@A 00120918     KERNEL:net.obj
 0003:00007b20       ?BroadcastMAC@KNet@@2UMacAddress@@A 00120920     KERNEL:net.obj
 0003:00007b28       ?BroadcastIPv4@KNet@@2UIPv4Address@@A 00120928     KERNEL:net.obj
 0003:00007b2c       ?NullMAC@KNet@@2UMacAddress@@A 0012092c     KERNEL:net.obj
 0003:00007b34       ?NullIPv4@KNet@@2UIPv4Address@@A 00120934     KERNEL:net.obj
 0003:00007b38       ?device@AC97@@2UAC97_DEVICE@@A 00120938     KERNEL:ac97.obj
 0003:00007b4c       ?buf@@3PAEA                0012094c     KERNEL:ac97.obj
 0003:00007b50       ?num_blocks@Memory@@2IA    00120950     KERNEL:memory.obj
 0003:00007b54       ?num_free@Memory@@2IA      00120954     KERNEL:memory.obj
 0003:00007b58       ?mem_size@Memory@@2IA      00120958     KERNEL:memory.obj
 0003:00007b5c       ?mem_map@Memory@@0PAIA     0012095c     KERNEL:memory.obj
 0003:00007b60       ?mode@VBE@@2UVBE_MODE_INFO@@A 00120960     KERNEL:vbe.obj
 0003:00007c60       ?mem_base@@3PAIA           00120a60     KERNEL:vbe.obj
 0003:00007c64       ?mem_max@@3PAIA            00120a64     KERNEL:vbe.obj
 0003:00007c68       ?mem_size@@3IA             00120a68     KERNEL:vbe.obj
 0003:00007c6c       ?bytes_per_pixel@@3IA      00120a6c     KERNEL:vbe.obj
 0003:00007c70       ?pixel_count@@3IA          00120a70     KERNEL:vbe.obj
 0003:00007c78       ?idt@IDT@@0PAUIDT_DESCRIPTOR@@A 00120a78     KERNEL:idt.obj
 0003:00008478       ?idt_reg@IDT@@0UIDT_REG@@A 00121278     KERNEL:idt.obj
 0003:00008480       ?desc@@3PAUISO_PRIMARYDESC@@A 00121280     KERNEL:iso.obj
 0003:00008484       ?root@@3PAUISO_DIRECTORY@@A 00121284     KERNEL:iso.obj

 entry point at        0000:00000000

 Static symbols

 0002:fffe8400       __guard_fids__             00100000     LIBCMT:std_type_info_static.obj
 0001:fffffd08       $LN15                      00100108     GameEngine:Collider.obj
 0001:fffffd18       $LN24                      00100118     GameEngine:Collider.obj
 0001:fffffd24       $LN29                      00100124     GameEngine:Collider.obj
 0001:00000000       ??__Elightsources@gl@@YAXXZ 00100400 f   GL:GL.obj
 0001:00000030       ??__Emat_projection@gl@@YAXXZ 00100430 f   GL:GL.obj
 0001:00000040       ??__Emat_viewmodel@gl@@YAXXZ 00100440 f   GL:GL.obj
 0001:00000050       ??__Elast_mouse_pos@@YAXXZ 00100450 f   GameEngine:Engine.obj
 0001:00000060       ??__Eb@@YAXXZ              00100460 f   GameEngine:BoxCollider.obj
 0001:00000070       ??__Ec@@YAXXZ              00100470 f   GameEngine:BoxCollider.obj
 0001:00000080       ??__Ed@@YAXXZ              00100480 f   GameEngine:BoxCollider.obj
 0001:00000090       ??__Ev@@YAXXZ              00100490 f   GameEngine:BoxCollider.obj
 0001:000000a0       ??__Ecols@@YAXXZ           001004a0 f   GameEngine:Collision.obj
 0001:00000268       $LN11                      00100668     Button.obj
 0001:00003008       $LN28                      00103408     tcpsession.obj
 0001:000042bc       $LN55                      001046bc     Window.obj
 0001:0000cc84       $LN29                      0010d084     GameEngine:BoxCollider.obj
 0001:0000ce58       $LN15                      0010d258     GameEngine:BoxCollider.obj
 0001:0000cf88       $LN24                      0010d388     GameEngine:BoxCollider.obj
 0001:0000dd88       $LN70                      0010e188     GameEngine:BoxCollider.obj
 0001:00012a48       $LN49                      00112e48     Lib:stdio.obj
 0001:00012a64       $LN44                      00112e64     Lib:stdio.obj
 0001:0001409c       $LN29                      0011449c     KERNEL:debug.obj
 0001:000142c4       $LN22                      001146c4     KERNEL:debug.obj
 0001:000144d0       $LN64                      001148d0     KERNEL:keyboard.obj
 0001:000144e4       $LN61                      001148e4     KERNEL:keyboard.obj
 0001:000144f0       $LN65                      001148f0     KERNEL:keyboard.obj
 0001:00014520       $LN66                      00114920     KERNEL:keyboard.obj
 0001:00014548       $LN67                      00114948     KERNEL:keyboard.obj
 0001:00014580       $LN62                      00114980     KERNEL:keyboard.obj
 0002:000005d0       ?scancodes@@3QBW4KEYCODE@@B 001181d0     KERNEL:keyboard.obj
 0003:000001d8       ?new_id@gui@@3HA           00118fd8     Window.obj
 0003:000001e0       ?DEFAULT_FONT@@3PAEA       00118fe0     3DGame:3DGame.obj
 0003:000011e0       ?DEFAULT_FONT@@3PAEA       00119fe0     3DGame:MyBox.obj
 0003:000021e0       ?DEFAULT_FONT@@3PAEA       0011afe0     3DGame:Thing.obj
 0003:000031f8       ?next@@3KA                 0011bff8     Lib:math.obj
 0003:00003200       ?DEFAULT_FONT@@3PAEA       0011c000     KERNEL:drawing.obj
 0004:00000000       ?lightsources$initializer$@gl@@3P6AXXZA 00121400     GL:GL.obj
 0004:00000004       ?mat_projection$initializer$@gl@@3P6AXXZA 00121404     GL:GL.obj
 0004:00000008       ?mat_viewmodel$initializer$@gl@@3P6AXXZA 00121408     GL:GL.obj
 0004:0000000c       ?last_mouse_pos$initializer$@@3P6AXXZA 0012140c     GameEngine:Engine.obj
 0004:00000010       ?v$initializer$@@3P6AXXZA  00121410     GameEngine:BoxCollider.obj
 0004:00000014       ?c$initializer$@@3P6AXXZA  00121414     GameEngine:BoxCollider.obj
 0004:00000018       ?b$initializer$@@3P6AXXZA  00121418     GameEngine:BoxCollider.obj
 0004:0000001c       ?d$initializer$@@3P6AXXZA  0012141c     GameEngine:BoxCollider.obj
 0004:00000020       ?cols$initializer$@@3P6AXXZA 00121420     GameEngine:Collision.obj
