 AndyOS

 Timestamp is 59b2fecc (Fri Sep  8 22:34:20 2017)

 Preferred load address is 00100000

 Start         Length     Name                   Class
 0001:00000000 000000e0H .text$di                CODE
 0001:000000e0 0000ffe1H .text$mn                CODE
 0002:00000000 00000000H .gfids$y                DATA
 0002:00000000 000008a4H .rdata                  DATA
 0002:000008a4 0000033cH .rdata$r                DATA
 0002:00000be0 00000000H .edata                  DATA
 0002:00000be0 00000128H .rdata$zzzdbg           DATA
 0003:00000000 0000402cH .data                   DATA
 0003:0000402c 00000114H .data$r                 DATA
 0003:00004140 000037eeH .bss                    DATA
 0004:00000000 00000028H .CRT$XCU                DATA

  Address         Publics by Value              Rva+Base       Lib:Object

 0000:00000000       ___guard_fids_table        00000000     <absolute>
 0000:00000000       ___guard_iat_count         00000000     <absolute>
 0000:00000000       ___guard_fids_count        00000000     <absolute>
 0000:00000000       ___guard_longjmp_count     00000000     <absolute>
 0000:00000000       ___dynamic_value_reloc_table 00000000     <absolute>
 0000:00000000       ___enclave_config          00000000     <absolute>
 0000:00000000       ___hybrid_auxiliary_iat    00000000     <absolute>
 0000:00000000       ___hybrid_code_map_count   00000000     <absolute>
 0000:00000000       ___guard_iat_table         00000000     <absolute>
 0000:00000000       ___safe_se_handler_table   00000000     <absolute>
 0000:00000000       ___hybrid_code_map         00000000     <absolute>
 0000:00000000       ___guard_longjmp_table     00000000     <absolute>
 0000:00000000       ___safe_se_handler_count   00000000     <absolute>
 0000:00000000       ___guard_flags             00000000     <absolute>
 0001:000000e0       ??0BMP@@QAE@PAX@Z          001004e0 f   bmp.obj
 0001:00000160       ??0BMP@@QAE@PAXHH@Z        00100560 f   bmp.obj
 0001:000001b0       ?OSBoot@@YAXPAUMULTIBOOT_HEADER@@@Z 001005b0 f   boot.obj
 0001:000001f0       ?ReadFile@FileSystem@@SAIPADAAPAD@Z 001005f0 f   FileSystem.obj
 0001:00000200       ?FindFile@ISO_FS@@SAPAUISO_DIRECTORY@@PAD@Z 00100600 f   iso.obj
 0001:000002d0       ?Init@ISO_FS@@SAIXZ        001006d0 f   iso.obj
 0001:00000340       ?ListFiles@ISO_FS@@SAHPAD@Z 00100740 f   iso.obj
 0001:000003e0       ?ReadFile@ISO_FS@@SAIPADAAPAD@Z 001007e0 f   iso.obj
 0001:000004d0       ?ReadFile@ISO_FS@@SAIPAUISO_DIRECTORY@@AAPAD@Z 001008d0 f   iso.obj
 0001:00000500       ?Create@Mandelbrot@@SAXHH@Z 00100900 f   Mandelbrot.obj
 0001:00000990       ?GiveLastIteration@@YAHNNNNHH@Z 00100d90 f   Mandelbrot.obj
 0001:00000a10       ?stuff@@YAXXZ              00100e10 f   Mandelbrot.obj
 0001:00000a90       ?AddEntry@ARP@@SAXUMacAddress@@UIPv4Address@@@Z 00100e90 f   arp.obj
 0001:00000b20       ?Decode@ARP@@SA_NPAUARP_Header@@PAUNetPacket@@@Z 00100f20 f   arp.obj
 0001:00000b90       ?Init@ARP@@SAIXZ           00100f90 f   arp.obj
 0001:00000bf0       ?LookupMac@ARP@@SA?AUMacAddress@@UIPv4Address@@@Z 00100ff0 f   arp.obj
 0001:00000c70       ?Receive@ARP@@SAXPAVNetInterface@@PAUNetPacket@@@Z 00101070 f   arp.obj
 0001:00000db0       ?Send@ARP@@SAXPAVNetInterface@@UMacAddress@@UIPv4Address@@G@Z 001011b0 f   arp.obj
 0001:00000e70       ?SendReply@ARP@@CAXPAVNetInterface@@PAUARP_Header@@@Z 00101270 f   arp.obj
 0001:00000eb0       ?SendRequest@ARP@@SAXPAVNetInterface@@UIPv4Address@@@Z 001012b0 f   arp.obj
 0001:00000ef0       ?DoStuff@DHCP@@SAXPAVNetInterface@@UIPv4Address@@@Z 001012f0 f   dhcp.obj
 0001:00000fd0       ?Receive@DHCP@@SAXPAVNetInterface@@PAUIPv4_Header@@PAUUDP_Packet@@PAUNetPacket@@@Z 001013d0 f   dhcp.obj
 0001:00000fe0       ?AddEntry@DNS@@SAXPADUIPv4Address@@@Z 001013e0 f   dns.obj
 0001:00001060       ?AppendDomain@DNS@@CAPAEPAEPAD@Z 00101460 f   dns.obj
 0001:000010c0       ?Decode@DNS@@SA_NPAUDNS_Packet@@PAUUDP_Packet@@@Z 001014c0 f   dns.obj
 0001:00001140       ?Init@DNS@@SAIXZ           00101540 f   dns.obj
 0001:00001180       ?LookupAddress@DNS@@SA?AUIPv4Address@@PAD@Z 00101580 f   dns.obj
 0001:000011c0       ?ParseAnswer@DNS@@CAPAEPAUDNS_Answer@@PAE@Z 001015c0 f   dns.obj
 0001:00001220       ?ParseDomain@DNS@@CAPAEPADPAE@Z 00101620 f   dns.obj
 0001:00001260       ?Query@DNS@@SAXPAVNetInterface@@PAD@Z 00101660 f   dns.obj
 0001:00001340       ?Receive@DNS@@SAXPAVNetInterface@@PAUIPv4_Header@@PAUUDP_Packet@@PAUNetPacket@@@Z 00101740 f   dns.obj
 0001:000014a0       ?CreatePacket@Eth@@SAPAUNetPacket@@PAVNetInterface@@UMacAddress@@GI@Z 001018a0 f   eth.obj
 0001:00001510       ?Decode@Eth@@SA_NPAUEthPacket@@PAUNetPacket@@@Z 00101910 f   eth.obj
 0001:00001590       ?Receive@Eth@@SAXPAVNetInterface@@PAUNetPacket@@@Z 00101990 f   eth.obj
 0001:00001630       ?Send@Eth@@SAXPAVNetInterface@@PAUNetPacket@@@Z 00101a30 f   eth.obj
 0001:00001640       ??0WebClient@@QAE@XZ       00101a40 f   http.obj
 0001:00001650       ?Download@WebClient@@QAEHVString@std@@AAPAE@Z 00101a50 f   http.obj
 0001:00001670       ?Send@WebClient@@QAEXVString@std@@PAEI@Z 00101a70 f   http.obj
 0001:000016f0       ?Decode@ICMP@@SA_NPAUICMP_Packet@@PAUNetPacket@@@Z 00101af0 f   icmp.obj
 0001:00001760       ?Receive@ICMP@@SAXPAVNetInterface@@PAUIPv4_Header@@PAUNetPacket@@@Z 00101b60 f   icmp.obj
 0001:000017b0       ?Send@ICMP@@SAXPAVNetInterface@@PAUICMP_Packet@@UIPv4Address@@E@Z 00101bb0 f   icmp.obj
 0001:00001850       ?SendReply@ICMP@@SAXPAVNetInterface@@PAUICMP_Packet@@UIPv4Address@@@Z 00101c50 f   icmp.obj
 0001:000018e0       ?CreatePacket@IPv4@@SAPAUNetPacket@@PAVNetInterface@@UIPv4Address@@EI@Z 00101ce0 f   ipv4.obj
 0001:00001a60       ?Decode@IPv4@@SA_NPAUIPv4_Header@@PAUNetPacket@@@Z 00101e60 f   ipv4.obj
 0001:00001ad0       ?Receive@IPv4@@SAXPAVNetInterface@@PAUEthPacket@@PAUNetPacket@@@Z 00101ed0 f   ipv4.obj
 0001:00001bd0       ?Send@IPv4@@SAXPAVNetInterface@@PAUNetPacket@@@Z 00101fd0 f   ipv4.obj
 0001:00001be0       ?Init@Net@@SAIXZ           00101fe0 f   net.obj
 0001:00001bf0       ?NetEthReceive@@YAXPAVNetInterface@@PAUNetPacket@@@Z 00101ff0 f   net.obj
 0001:00001c00       ?CreatePacket@TCP@@SAPAUNetPacket@@PAVNetInterface@@UIPv4Address@@GGEIIPAEI@Z 00102000 f   tcp.obj
 0001:00001cf0       ?CreateSession@TCP@@SAPAVTcpSession@@XZ 001020f0 f   tcp.obj
 0001:00001d30       ?Decode@TCP@@SA_NPAUTCP_Packet@@PAUNetPacket@@@Z 00102130 f   tcp.obj
 0001:00001de0       ?Receive@TCP@@SAXPAVNetInterface@@PAUIPv4_Header@@PAUNetPacket@@@Z 001021e0 f   tcp.obj
 0001:00001ee0       ?Send@TCP@@SAXPAVNetInterface@@PAUNetPacket@@@Z 001022e0 f   tcp.obj
 0001:00001ef0       ??0TcpSession@@QAE@XZ      001022f0 f   tcpsession.obj
 0001:00001f10       ?Close@TcpSession@@QAEXXZ  00102310 f   tcpsession.obj
 0001:00002010       ?Connect@TcpSession@@QAEXUIPv4Address@@G@Z 00102410 f   tcpsession.obj
 0001:00002190       ?Listen@TcpSession@@QAEXG@Z 00102590 f   tcpsession.obj
 0001:000021c0       ?Receive@TcpSession@@QAEXPAUIPv4_Header@@PAUTCP_Packet@@@Z 001025c0 f   tcpsession.obj
 0001:00002350       ?ReceivedData@TcpSession@@QAEXPAUIPv4_Header@@PAUTCP_Packet@@@Z 00102750 f   tcpsession.obj
 0001:000023b0       ?Reset@TcpSession@@AAEXXZ  001027b0 f   tcpsession.obj
 0001:000023d0       ?Send@TcpSession@@AAE_NEPAEI@Z 001027d0 f   tcpsession.obj
 0001:00002420       ?SendData@TcpSession@@QAE_NPAEI@Z 00102820 f   tcpsession.obj
 0001:00002470       ??0TcpSocket@@QAE@XZ       00102870 f   tcpsocket.obj
 0001:00002480       ?Close@TcpSocket@@QAE_NXZ  00102880 f   tcpsocket.obj
 0001:000024a0       ?Connect@TcpSocket@@QAE_NUIPv4Address@@G@Z 001028a0 f   tcpsocket.obj
 0001:000024d0       ?Listen@TcpSocket@@QAE_NG@Z 001028d0 f   tcpsocket.obj
 0001:00002500       ?Send@TcpSocket@@QAE_NPAEI@Z 00102900 f   tcpsocket.obj
 0001:00002530       ?CreatePacket@UDP@@SAPAUNetPacket@@PAVNetInterface@@UIPv4Address@@GGPAEI@Z 00102930 f   udp.obj
 0001:000025f0       ?Decode@UDP@@SA_NPAUUDP_Packet@@PAUNetPacket@@@Z 001029f0 f   udp.obj
 0001:00002660       ?Receive@UDP@@SAXPAVNetInterface@@PAUIPv4_Header@@PAUNetPacket@@@Z 00102a60 f   udp.obj
 0001:00002710       ?Send@UDP@@SAXPAVNetInterface@@PAUNetPacket@@@Z 00102b10 f   udp.obj
 0001:00002720       ??0UdpSocket@@QAE@G@Z      00102b20 f   udpsocket.obj
 0001:00002740       ??1UdpSocket@@QAE@XZ       00102b40 f   udpsocket.obj
 0001:00002750       ?Receive@UdpSocket@@QAEHAAPAE@Z 00102b50 f   udpsocket.obj
 0001:00002760       ?Send@UdpSocket@@QAEXUIPv4Address@@PAEG@Z 00102b60 f   udpsocket.obj
 0001:000027a0       ??_H@YGXPAXIIP6EPAX0@Z@Z   00102ba0 f i OS.obj
 0001:000027d0       ?Main@OS@@SAXXZ            00102bd0 f   OS.obj
 0001:00002820       ?ThrowException@OS@@SAXPAD0@Z 00102c20 f   OS.obj
 0001:00002830       ?Add@?$List@VString@std@@@std@@QAEXVString@2@@Z 00102c30 f i string.obj
 0001:00002930       ?Split@String@std@@QAEXAAV?$List@VString@std@@@2@D@Z 00102d30 f   string.obj
 0001:00002a70       ??$CreateCamera@VCamera@@@Game@@QAEPAVCamera@@VString@std@@@Z 00102e70 f i 3DGame:3DGame.obj
 0001:00002ae0       ??$CreateObject@VMyBox@@@Game@@QAEPAVMyBox@@VString@std@@@Z 00102ee0 f i 3DGame:3DGame.obj
 0001:00002b50       ??$CreateObject@VThing@@@Game@@QAEPAVThing@@VString@std@@@Z 00102f50 f i 3DGame:3DGame.obj
 0001:00002bc0       ??0MyGame@@QAE@XZ          00102fc0 f   3DGame:3DGame.obj
 0001:00002dd0       ??0String@std@@QAE@PAD@Z   001031d0 f i 3DGame:3DGame.obj
 0001:00002e40       ??1String@std@@QAE@XZ      00103240 f i 3DGame:3DGame.obj
 0001:00002e70       ??$CreateComponent@VMeshComponent@@@GameObject@@QAEPAVMeshComponent@@VString@std@@@Z 00103270 f i 3DGame:MyBox.obj
 0001:00002ee0       ??$CreateComponent@VRigidbody@@@GameObject@@QAEPAVRigidbody@@VString@std@@@Z 001032e0 f i 3DGame:MyBox.obj
 0001:00002f50       ??0MyBox@@QAE@XZ           00103350 f   3DGame:MyBox.obj
 0001:00003090       ?Start@GameObject@@UAEXXZ  00103490 f i 3DGame:MyBox.obj
 0001:000030b0       ?Update@GameObject@@UAEXM@Z 001034b0 f i 3DGame:MyBox.obj
 0001:000030d0       ??0Thing@@QAE@XZ           001034d0 f   3DGame:Thing.obj
 0001:00003220       ??DVector3@@QAE?AU0@M@Z    00103620 f i 3DGame:Thing.obj
 0001:00003280       ?Update@Thing@@UAEXM@Z     00103680 f   3DGame:Thing.obj
 0001:000035c0       ?AddTexture@GL@gl@@SAHPAVBMP@@@Z 001039c0 f   GL:GL.obj
 0001:000035f0       ?BindTexture@GL@gl@@SAXH@Z 001039f0 f   GL:GL.obj
 0001:00003600       ?Clear@GL@gl@@SAXI@Z       00103a00 f   GL:GL.obj
 0001:00003640       ?Draw@GL@gl@@SAXHH@Z       00103a40 f   GL:GL.obj
 0001:00003990       ?Init@GL@gl@@SAIXZ         00103d90 f   GL:GL.obj
 0001:000039a0       ?LightSource@GL@gl@@SAHUVector4@2@@Z 00103da0 f   GL:GL.obj
 0001:00003a20       ?LoadIdentity@GL@gl@@SAXXZ 00103e20 f   GL:GL.obj
 0001:00003a80       ?LoadMatrix@GL@gl@@SAXABUMatrix4@2@@Z 00103e80 f   GL:GL.obj
 0001:00003ad0       ?MatrixMode@GL@gl@@SAXW4GLMatrixMode@@@Z 00103ed0 f   GL:GL.obj
 0001:00003ae0       ?MulMatrix@GL@gl@@SAXABUMatrix4@2@@Z 00103ee0 f   GL:GL.obj
 0001:00003b40       ?PopMatrix@GL@gl@@SAXXZ    00103f40 f   GL:GL.obj
 0001:00003ba0       ?PushMatrix@GL@gl@@SAXXZ   00103fa0 f   GL:GL.obj
 0001:00003c00       ?SelectedMatrix@GL@gl@@CAAAUMatrix4@2@XZ 00104000 f   GL:GL.obj
 0001:00003c20       ?SwapBuffers@GL@gl@@SAXXZ  00104020 f   GL:GL.obj
 0001:00003c30       ?VertexPointer@GL@gl@@SAXPAUVertex@2@@Z 00104030 f   GL:GL.obj
 0001:00003c40       ??0Vector4@gl@@QAE@MMMM@Z  00104040 f   GL:Vector4.obj
 0001:00003c70       ??0Vector4@gl@@QAE@XZ      00104070 f   GL:Vector4.obj
 0001:00003c90       ?Cross@Vector4@gl@@SA?AU12@ABU12@0@Z 00104090 f   GL:Vector4.obj
 0001:00003d00       ?Dot@Vector4@gl@@SAMABU12@0@Z 00104100 f   GL:Vector4.obj
 0001:00003d20       ??0Matrix4@gl@@QAE@QAM@Z   00104120 f   GL:Matrix4.obj
 0001:00003d90       ??0Matrix4@gl@@QAE@XZ      00104190 f   GL:Matrix4.obj
 0001:00003dc0       ??Dgl@@YA?AUMatrix4@0@ABU10@0@Z 001041c0 f i GL:Matrix4.obj
 0001:00003e00       ??Dgl@@YA?AUMatrix4@0@ABU10@ABM@Z 00104200 f i GL:Matrix4.obj
 0001:00003e40       ??Dgl@@YA?AUVector4@0@ABUMatrix4@0@ABU10@@Z 00104240 f i GL:Matrix4.obj
 0001:00003f40       ??Ggl@@YA?AUMatrix4@0@ABU10@0@Z 00104340 f i GL:Matrix4.obj
 0001:00003fb0       ??Hgl@@YA?AUMatrix4@0@ABU10@0@Z 001043b0 f i GL:Matrix4.obj
 0001:00004020       ??XMatrix4@gl@@QAEAAU01@ABM@Z 00104420 f i GL:Matrix4.obj
 0001:000040c0       ??XMatrix4@gl@@QAEAAU01@ABU01@@Z 001044c0 f i GL:Matrix4.obj
 0001:00004470       ?CreateOrthographicProjection@Matrix4@gl@@SA?AU12@MMMMMM@Z 00104870 f   GL:Matrix4.obj
 0001:00004520       ?CreatePerspectiveProjection@Matrix4@gl@@SA?AU12@MMMMM@Z 00104920 f   GL:Matrix4.obj
 0001:00004600       ?CreateRotation@Matrix4@gl@@SA?AU12@UVector4@2@@Z 00104a00 f   GL:Matrix4.obj
 0001:00004810       ?CreateScale@Matrix4@gl@@SA?AU12@UVector4@2@@Z 00104c10 f   GL:Matrix4.obj
 0001:00004850       ?CreateTransformation@Matrix4@gl@@SA?AU12@UVector4@2@00@Z 00104c50 f   GL:Matrix4.obj
 0001:00004b90       ?CreateTranslation@Matrix4@gl@@SA?AU12@UVector4@2@@Z 00104f90 f   GL:Matrix4.obj
 0001:00004bf0       ?CreateView@Matrix4@gl@@SA?AU12@UVector4@2@000@Z 00104ff0 f   GL:Matrix4.obj
 0001:00004d10       ?GetElementsPointer@Matrix4@gl@@QAEPAMXZ 00105110 f   GL:Matrix4.obj
 0001:00004d20       ?Inverse@Matrix4@gl@@QAE?AU12@XZ 00105120 f   GL:Matrix4.obj
 0001:000054f0       ??0ColRGB@gl@@QAE@I@Z      001058f0 f   GL:Color.obj
 0001:00005580       ??0ColRGB@gl@@QAE@MMM@Z    00105980 f   GL:Color.obj
 0001:000055e0       ??0ColRGB@gl@@QAE@XZ       001059e0 f   GL:Color.obj
 0001:00005600       ??DColRGB@gl@@QAE?AU01@M@Z 00105a00 f   GL:Color.obj
 0001:00005670       ??HColRGB@gl@@QAE?AU01@U01@@Z 00105a70 f   GL:Color.obj
 0001:000056e0       ??XColRGB@gl@@QAE?AU01@M@Z 00105ae0 f   GL:Color.obj
 0001:00005750       ?Luminosity@ColRGB@gl@@QAEMXZ 00105b50 f   GL:Color.obj
 0001:000057a0       ?ToInt@ColRGB@gl@@QAEIXZ   00105ba0 f   GL:Color.obj
 0001:000057e0       ??0Vertex@gl@@QAE@MMMUColRGB@1@UVector4@1@@Z 00105be0 f   GL:Vertex.obj
 0001:00005870       ??0Vertex@gl@@QAE@XZ       00105c70 f   GL:Vertex.obj
 0001:000058d0       ?MulMatrix@Vertex@gl@@QAEXABUMatrix4@2@@Z 00105cd0 f   GL:Vertex.obj
 0001:000059a0       ?DrawTriangle@Rasterizer@gl@@SAXAAUVertex@2@00PAVBMP@@@Z 00105da0 f   GL:Rasterizer.obj
 0001:00006450       ?EdgeFunction@gl@@YAMABUVertex@1@00@Z 00106850 f   GL:Rasterizer.obj
 0001:000064a0       ?Init@Rasterizer@gl@@SAIXZ 001068a0 f   GL:Rasterizer.obj
 0001:000064d0       ??0GEngine@@QAE@XZ         001068d0 f   GameEngine:Engine.obj
 0001:00006540       ?Add@?$List@PAVRigidbody@@@std@@QAEXPAVRigidbody@@@Z 00106940 f i GameEngine:Engine.obj
 0001:000065c0       ?Collision@GEngine@@AAEXXZ 001069c0 f   GameEngine:Engine.obj
 0001:00006cc0       ?Render@GEngine@@AAEXXZ    001070c0 f   GameEngine:Engine.obj
 0001:00007120       ?Rotate@Quaternion@@QAEXUVector3@@M@Z 00107520 f i GameEngine:Engine.obj
 0001:00007290       ?StartGame@GEngine@@QAEXPAVGame@@@Z 00107690 f   GameEngine:Engine.obj
 0001:00007650       ?Update@GEngine@@AAEXXZ    00107a50 f   GameEngine:Engine.obj
 0001:000085c0       ??0Vector3@@QAE@MMM@Z      001089c0 f   GameEngine:Vector3.obj
 0001:000085f0       ??0Vector3@@QAE@XZ         001089f0 f   GameEngine:Vector3.obj
 0001:00008610       ?Cross@Vector3@@SA?AU1@ABU1@0@Z 00108a10 f   GameEngine:Vector3.obj
 0001:00008670       ?Dot@Vector3@@SAMABU1@0@Z  00108a70 f   GameEngine:Vector3.obj
 0001:00008690       ?EulerAngles@Vector3@@QAE?AU1@XZ 00108a90 f   GameEngine:Vector3.obj
 0001:00008740       ?ToVector4@Vector3@@QAE?AUVector4@gl@@XZ 00108b40 f   GameEngine:Vector3.obj
 0001:00008780       ??0Quaternion@@QAE@XZ      00108b80 f   GameEngine:Quaternion.obj
 0001:000087a0       ?FromAxisAngle@Quaternion@@SA?AU1@ABUVector3@@M@Z 00108ba0 f   GameEngine:Quaternion.obj
 0001:00008840       ?FromEuler@Quaternion@@SA?AU1@ABUVector3@@@Z 00108c40 f   GameEngine:Quaternion.obj
 0001:000089b0       ??0GameObject@@QAE@XZ      00108db0 f   GameEngine:GameObject.obj
 0001:00008a60       ??A?$List@PAVComponent@@@std@@QAEAAPAVComponent@@H@Z 00108e60 f i GameEngine:GameObject.obj
 0001:00008ab0       ?Add@?$List@PAVComponent@@@std@@QAEXPAVComponent@@@Z 00108eb0 f i GameEngine:GameObject.obj
 0001:00008b30       ?Add@?$List@PAVMeshComponent@@@std@@QAEXPAVMeshComponent@@@Z 00108f30 f i GameEngine:GameObject.obj
 0001:00008bb0       ?AddComponent@GameObject@@QAEXPAVComponent@@@Z 00108fb0 f   GameEngine:GameObject.obj
 0001:00008d30       ?Contains@String@std@@QAE_NV12@@Z 00109130 f i GameEngine:GameObject.obj
 0001:00008d90       ?GetComponent@GameObject@@QAEPAVComponent@@VString@std@@@Z 00109190 f   GameEngine:GameObject.obj
 0001:00008e30       ?GetName@GameObject@@QAE?AVString@std@@XZ 00109230 f   GameEngine:GameObject.obj
 0001:00008e40       ?GetWorldPosition@GameObject@@QAE?AUVector3@@XZ 00109240 f   GameEngine:GameObject.obj
 0001:00008ec0       ?GetWorldRotation@GameObject@@QAE?AUQuaternion@@XZ 001092c0 f   GameEngine:GameObject.obj
 0001:00008ee0       ?GetWorldScale@GameObject@@QAE?AUVector3@@XZ 001092e0 f   GameEngine:GameObject.obj
 0001:00008f60       ?GetWorldTransform@GameObject@@QAE?AUTransform@@XZ 00109360 f   GameEngine:GameObject.obj
 0001:00009070       ?SetName@GameObject@@QAEXVString@std@@@Z 00109470 f   GameEngine:GameObject.obj
 0001:00009090       ??0Camera@@QAE@XZ          00109490 f   GameEngine:Camera.obj
 0001:000090b0       ??0Game@@QAE@XZ            001094b0 f   GameEngine:Game.obj
 0001:00009100       ?Add@?$List@PAVCamera@@@std@@QAEXPAVCamera@@@Z 00109500 f i GameEngine:Game.obj
 0001:00009180       ?Add@?$List@PAVGameObject@@@std@@QAEXPAVGameObject@@@Z 00109580 f i GameEngine:Game.obj
 0001:00009200       ?Add@?$List@PAVLightSource@@@std@@QAEXPAVLightSource@@@Z 00109600 f i GameEngine:Game.obj
 0001:00009280       ?AddCamera@Game@@QAEXPAVCamera@@@Z 00109680 f   GameEngine:Game.obj
 0001:00009300       ?AddLightSource@Game@@QAEXPAVLightSource@@@Z 00109700 f   GameEngine:Game.obj
 0001:00009380       ?AddObject@Game@@QAEXPAVGameObject@@@Z 00109780 f   GameEngine:Game.obj
 0001:00009400       ?GetActiveCamera@Game@@QAEPAVCamera@@XZ 00109800 f   GameEngine:Game.obj
 0001:00009410       ?GetCamera@Game@@QAEPAVCamera@@VString@std@@@Z 00109810 f   GameEngine:Game.obj
 0001:000094b0       ?GetLightSource@Game@@QAEPAVLightSource@@VString@std@@@Z 001098b0 f   GameEngine:Game.obj
 0001:00009550       ?GetObject@Game@@QAEPAVGameObject@@VString@std@@@Z 00109950 f   GameEngine:Game.obj
 0001:00009660       ?SetActiveCamera@Game@@QAEXPAVCamera@@@Z 00109a60 f   GameEngine:Game.obj
 0001:00009670       ??0Component@@QAE@XZ       00109a70 f   GameEngine:Component.obj
 0001:000096a0       ?GetName@Component@@QAE?AVString@std@@XZ 00109aa0 f   GameEngine:Component.obj
 0001:000096b0       ?SetName@Component@@QAEXVString@std@@@Z 00109ab0 f   GameEngine:Component.obj
 0001:000096d0       ?Start@Component@@UAEXXZ   00109ad0 f i GameEngine:Component.obj
 0001:000096e0       ?Update@Component@@UAEXM@Z 00109ae0 f i GameEngine:Component.obj
 0001:000096f0       ??0MeshComponent@@QAE@XZ   00109af0 f   GameEngine:MeshComponent.obj
 0001:00009720       ?Update@MeshComponent@@UAEXM@Z 00109b20 f   GameEngine:MeshComponent.obj
 0001:00009730       ??0Rigidbody@@QAE@XZ       00109b30 f   GameEngine:Rigidbody.obj
 0001:00009780       ?AddImpulse@Rigidbody@@QAEXUVector3@@@Z 00109b80 f   GameEngine:Rigidbody.obj
 0001:000097c0       ?AddImpulseAt@Rigidbody@@QAEXUVector3@@0@Z 00109bc0 f   GameEngine:Rigidbody.obj
 0001:000097d0       ?Speed@Rigidbody@@QAEMXZ   00109bd0 f   GameEngine:Rigidbody.obj
 0001:00009810       ?SpeedSquared@Rigidbody@@QAEMXZ 00109c10 f   GameEngine:Rigidbody.obj
 0001:00009860       ?Start@Rigidbody@@UAEXXZ   00109c60 f   GameEngine:Rigidbody.obj
 0001:00009870       ?Update@Rigidbody@@UAEXM@Z 00109c70 f   GameEngine:Rigidbody.obj
 0001:00009c90       ??0BoxCollider@@QAE@XZ     0010a090 f   GameEngine:BoxCollider.obj
 0001:00009cb0       ?GetEdge@Collider@@UAEPAUVector3@@H@Z 0010a0b0 f i GameEngine:BoxCollider.obj
 0001:00009e10       ?GetEdgeDir@Collider@@UAE?AUVector3@@H@Z 0010a210 f i GameEngine:BoxCollider.obj
 0001:00009f00       ?GetFaceDir@Collider@@UAE?AUVector3@@H@Z 0010a300 f i GameEngine:BoxCollider.obj
 0001:00009fd0       ?GetVertex@Collider@@UAE?AUVector3@@H@Z 0010a3d0 f i GameEngine:BoxCollider.obj
 0001:0000a190       ?IsColliding@BoxCollider@@QAE_NPAV1@AAUVector3@@@Z 0010a590 f   GameEngine:BoxCollider.obj
 0001:0000a1a0       ?Normalized@Vector3@@QAE?AU1@XZ 0010a5a0 f i GameEngine:BoxCollider.obj
 0001:0000a260       ?SupportFunction@@YA?AUVector3@@U1@UTransform@@@Z 0010a660 f   GameEngine:BoxCollider.obj
 0001:0000a630       ?cross_aba@@YA?AUVector3@@ABU1@0@Z 0010aa30 f i GameEngine:BoxCollider.obj
 0001:0000a660       ?update@@YA_NUVector3@@@Z  0010aa60 f   GameEngine:BoxCollider.obj
 0001:0000b050       ?LoadModel@ModelLoader@@SAPAVModel3D@@PADW4Format3D@@@Z 0010b450 f   GameEngine:ModelLoader.obj
 0001:0000b0d0       ??0Transform@@QAE@UVector3@@UQuaternion@@0@Z 0010b4d0 f   GameEngine:Transform.obj
 0001:0000b120       ??0Transform@@QAE@XZ       0010b520 f   GameEngine:Transform.obj
 0001:0000b1a0       ??DQuaternion@@QAEAAUVector3@@AAU1@@Z 0010b5a0 f i GameEngine:Transform.obj
 0001:0000b2e0       ?GetForwardVector@Transform@@QAE?AUVector3@@XZ 0010b6e0 f   GameEngine:Transform.obj
 0001:0000b330       ?GetRightVector@Transform@@QAE?AUVector3@@XZ 0010b730 f   GameEngine:Transform.obj
 0001:0000b380       ?GetUpVector@Transform@@QAE?AUVector3@@XZ 0010b780 f   GameEngine:Transform.obj
 0001:0000b3d0       ?Rotate@Transform@@QAEXUQuaternion@@@Z 0010b7d0 f   GameEngine:Transform.obj
 0001:0000b4d0       ?Rotate@Transform@@QAEXUVector3@@M@Z 0010b8d0 f   GameEngine:Transform.obj
 0001:0000b6f0       ?Scale@Transform@@QAEXUVector3@@@Z 0010baf0 f   GameEngine:Transform.obj
 0001:0000b730       ?ToString@Transform@@QAEPADPAD@Z 0010bb30 f   GameEngine:Transform.obj
 0001:0000b7e0       ?Translate@Transform@@QAEXUVector3@@@Z 0010bbe0 f   GameEngine:Transform.obj
 0001:0000b820       ??0Matrix3@@QAE@QAM@Z      0010bc20 f   GameEngine:Matrix3.obj
 0001:0000b860       ??0Matrix3@@QAE@XZ         0010bc60 f   GameEngine:Matrix3.obj
 0001:0000b8b0       ??D@YA?AUMatrix3@@ABU0@0@Z 0010bcb0 f i GameEngine:Matrix3.obj
 0001:0000ba80       ??D@YA?AUMatrix3@@ABU0@ABM@Z 0010be80 f i GameEngine:Matrix3.obj
 0001:0000bb20       ??D@YA?AUVector3@@ABUMatrix3@@ABU0@@Z 0010bf20 f i GameEngine:Matrix3.obj
 0001:0000bbc0       ??G@YA?AUMatrix3@@ABU0@0@Z 0010bfc0 f i GameEngine:Matrix3.obj
 0001:0000bc70       ??H@YA?AUMatrix3@@ABU0@0@Z 0010c070 f i GameEngine:Matrix3.obj
 0001:0000bd20       ?CreateRotation@Matrix3@@SA?AU1@UVector3@@@Z 0010c120 f   GameEngine:Matrix3.obj
 0001:0000beb0       ?Inverse@Matrix3@@QAE?AU1@XZ 0010c2b0 f   GameEngine:Matrix3.obj
 0001:0000c0c0       ?Transpose@Matrix3@@QAE?AU1@XZ 0010c4c0 f   GameEngine:Matrix3.obj
 0001:0000c110       ??0Collider@@QAE@XZ        0010c510 f   GameEngine:Collider.obj
 0001:0000c170       ??0Obj@@QAE@PAD@Z          0010c570 f   GameEngine:Obj.obj
 0001:0000c1e0       ?Add@?$List@UFace@@@std@@QAEXUFace@@@Z 0010c5e0 f i GameEngine:Obj.obj
 0001:0000c280       ?Add@?$List@UVector3@@@std@@QAEXUVector3@@@Z 0010c680 f i GameEngine:Obj.obj
 0001:0000c330       ?CreateVertices@Obj@@AAEXXZ 0010c730 f   GameEngine:Obj.obj
 0001:0000c630       ?ReadFile@Obj@@AAEXPAD@Z   0010ca30 f   GameEngine:Obj.obj
 0001:0000c640       ??0A3D@@QAE@PAD@Z          0010ca40 f   GameEngine:A3D.obj
 0001:0000c7e0       ?memcmp@@YAHPBX0I@Z        0010cbe0 f   Lib:string.obj
 0001:0000c820       ?memcpy@@YAPAXPAX0I@Z      0010cc20 f   Lib:string.obj
 0001:0000c850       ?memcpy_fast_128@@YAXPAX0I@Z 0010cc50 f   Lib:string.obj
 0001:0000c8d0       ?memset16@@YAPAXPAXGI@Z    0010ccd0 f   Lib:string.obj
 0001:0000c8f0       ?memset32@@YAPAXPAXII@Z    0010ccf0 f   Lib:string.obj
 0001:0000c910       ?memset_fast_128@@YAPAXPAXII@Z 0010cd10 f   Lib:string.obj
 0001:0000c990       ?strcat@@YAPADPADPBD@Z     0010cd90 f   Lib:string.obj
 0001:0000c9c0       ?strcmp@@YAIPBD0@Z         0010cdc0 f   Lib:string.obj
 0001:0000ca10       ?strcpy@@YAPADPADPBD@Z     0010ce10 f   Lib:string.obj
 0001:0000ca30       ?strlen@@YAIPBD@Z          0010ce30 f   Lib:string.obj
 0001:0000ca50       _memset                    0010ce50 f   Lib:string.obj
 0001:0000ca70       ?acos@@YAMM@Z              0010ce70 f   Lib:math.obj
 0001:0000cad0       ?asin@@YAMM@Z              0010ced0 f   Lib:math.obj
 0001:0000cb50       ?atan2@@YAMMM@Z            0010cf50 f   Lib:math.obj
 0001:0000cc50       ?atan@@YAMM@Z              0010d050 f   Lib:math.obj
 0001:0000cc80       ?ceil@@YAHM@Z              0010d080 f   Lib:math.obj
 0001:0000cca0       ?cos@@YAMM@Z               0010d0a0 f   Lib:math.obj
 0001:0000ccc0       ?fact@@YAMM@Z              0010d0c0 f   Lib:math.obj
 0001:0000cd00       ?floor@@YAHM@Z             0010d100 f   Lib:math.obj
 0001:0000cd20       ?log10@@YAMM@Z             0010d120 f   Lib:math.obj
 0001:0000cd40       ?log2@@YAMM@Z              0010d140 f   Lib:math.obj
 0001:0000cd60       ?log@@YAMM@Z               0010d160 f   Lib:math.obj
 0001:0000cd80       ?logn@@YAMMM@Z             0010d180 f   Lib:math.obj
 0001:0000cdb0       ?pow@@YAMMH@Z              0010d1b0 f   Lib:math.obj
 0001:0000ce90       ?rand@@YAIXZ               0010d290 f   Lib:math.obj
 0001:0000ceb0       ?round@@YAHM@Z             0010d2b0 f   Lib:math.obj
 0001:0000ced0       ?sin@@YAMM@Z               0010d2d0 f   Lib:math.obj
 0001:0000cef0       ?sqrt@@YAMM@Z              0010d2f0 f   Lib:math.obj
 0001:0000cf10       ?srand@@YAXI@Z             0010d310 f   Lib:math.obj
 0001:0000cf20       ?tan@@YAMM@Z               0010d320 f   Lib:math.obj
 0001:0000cf50       ?atof@@YAMPBD@Z            0010d350 f   Lib:stdio.obj
 0001:0000cff0       ?atoi@@YAHPBD@Z            0010d3f0 f   Lib:stdio.obj
 0001:0000d010       ?ftoa@@YAPADMIPAD@Z        0010d410 f   Lib:stdio.obj
 0001:0000d140       ?itoa@@YAPADHIPAD_N@Z      0010d540 f   Lib:stdio.obj
 0001:0000d1d0       ?strtol@@YAJPBDPAPADH@Z    0010d5d0 f   Lib:stdio.obj
 0001:0000d320       ?vprintf@@YAPADPADPBDZZ    0010d720 f   Lib:stdio.obj
 0001:0000d340       ?vsprintf@@YAPADPADPBDPAE@Z 0010d740 f   Lib:stdio.obj
 0001:0000d6b0       ??2@YAPAXI@Z               0010dab0 f   KERNEL:kernel.obj
 0001:0000d700       ??3@YAXPAX@Z               0010db00 f   KERNEL:kernel.obj
 0001:0000d720       ??_U@YAPAXI@Z              0010db20 f   KERNEL:kernel.obj
 0001:0000d7b0       ??_V@YAXPAX@Z              0010dbb0 f   KERNEL:kernel.obj
 0001:0000d7c0       ?Init@Kernel@@SAXPAUMULTIBOOT_INFO@@@Z 0010dbc0 f   KERNEL:kernel.obj
 0001:0000d850       ?Clear@Debug@@SAXI@Z       0010dc50 f   KERNEL:debug.obj
 0001:0000d870       ?Dump@Debug@@SAXPAXH_N@Z   0010dc70 f   KERNEL:debug.obj
 0001:0000d9b0       ?Print@Debug@@SAXPADZZ     0010ddb0 f   KERNEL:debug.obj
 0001:0000db40       ?Putc@Debug@@SAXD_N@Z      0010df40 f   KERNEL:debug.obj
 0001:0000dc90       ?ATA_Interrupt@ATA@@CAXXZ  0010e090 f   KERNEL:ata.obj
 0001:0000dca0       ?Init@ATA@@SAIXZ           0010e0a0 f   KERNEL:ata.obj
 0001:0000dcd0       ?Read@ATA@@SAIHHHAAPADH@Z  0010e0d0 f   KERNEL:ata.obj
 0001:0000dee0       ?ReadSector@ATA@@CAIHHHPAD@Z 0010e2e0 f   KERNEL:ata.obj
 0001:0000e090       ?Clear@VBE@@SAXI@Z         0010e490 f   KERNEL:vbe.obj
 0001:0000e0b0       ?Draw@VBE@@SAXXZ           0010e4b0 f   KERNEL:vbe.obj
 0001:0000e0d0       ?DrawLine@VBE@@SAXIIIII@Z  0010e4d0 f   KERNEL:vbe.obj
 0001:0000e200       ?DrawText@VBE@@SAXIIPADI@Z 0010e600 f   KERNEL:vbe.obj
 0001:0000e2c0       ?DrawText@VBE@@SAXIIPADII@Z 0010e6c0 f   KERNEL:vbe.obj
 0001:0000e3a0       ?Init@VBE@@SAIPAUVBE_MODE_INFO@@@Z 0010e7a0 f   KERNEL:vbe.obj
 0001:0000e430       ?SetPixel@VBE@@SAXIII@Z    0010e830 f   KERNEL:vbe.obj
 0001:0000e460       ?DecodeAscii@Keyboard@@CAXAAUKEY_PACKET@@@Z 0010e860 f   KERNEL:keyboard.obj
 0001:0000e6f0       ?DiscardLastKey@Keyboard@@SAXXZ 0010eaf0 f   KERNEL:keyboard.obj
 0001:0000e700       ?GetKeyDown@Keyboard@@SA_NW4KEYCODE@@@Z 0010eb00 f   KERNEL:keyboard.obj
 0001:0000e710       ?GetLastKey@Keyboard@@SA?AUKEY_PACKET@@XZ 0010eb10 f   KERNEL:keyboard.obj
 0001:0000e730       ?Init@Keyboard@@SAIXZ      0010eb30 f   KERNEL:keyboard.obj
 0001:0000e750       ?Keyboard_ISR@Keyboard@@CAXXZ 0010eb50 f   KERNEL:keyboard.obj
 0001:0000e940       ?Init@PIT@@SAIXZ           0010ed40 f   KERNEL:pit.obj
 0001:0000e980       ?PIT_ISR@PIT@@CAXXZ        0010ed80 f   KERNEL:pit.obj
 0001:0000e990       ?ReadData@PIT@@CAEE@Z      0010ed90 f   KERNEL:pit.obj
 0001:0000e9c0       ?SendData@PIT@@CAXGE@Z     0010edc0 f   KERNEL:pit.obj
 0001:0000ea00       ?Sleep@PIT@@SAXI@Z         0010ee00 f   KERNEL:pit.obj
 0001:0000ea20       ?Start@PIT@@CAIXZ          0010ee20 f   KERNEL:pit.obj
 0001:0000ea60       ?Init@Mouse@@SAIIIM@Z      0010ee60 f   KERNEL:mouse.obj
 0001:0000ed50       ?MouseRead@Mouse@@CAEXZ    0010f150 f   KERNEL:mouse.obj
 0001:0000ed80       ?MouseWait@Mouse@@CAXE@Z   0010f180 f   KERNEL:mouse.obj
 0001:0000edc0       ?MouseWrite@Mouse@@CAXE@Z  0010f1c0 f   KERNEL:mouse.obj
 0001:0000ee20       ?Mouse_ISR@Mouse@@CAXXZ    0010f220 f   KERNEL:mouse.obj
 0001:0000ef60       ?Checksum@KNet@@SAGPAXH@Z  0010f360 f   KERNEL:net.obj
 0001:0000efe0       ?ChecksumDouble@KNet@@SAGPAXH0H@Z 0010f3e0 f   KERNEL:net.obj
 0001:0000f0c0       ?Init@KNet@@SAIXZ          0010f4c0 f   KERNEL:net.obj
 0001:0000f120       ?PrintIP@KNet@@SAXPADUIPv4Address@@@Z 0010f520 f   KERNEL:net.obj
 0001:0000f160       ?PrintMac@KNet@@SAXPADUMacAddress@@@Z 0010f560 f   KERNEL:net.obj
 0001:0000f1b0       ?htonl@@YAII@Z             0010f5b0 f   KERNEL:net.obj
 0001:0000f1c0       ?htons@@YAGG@Z             0010f5c0 f   KERNEL:net.obj
 0001:0000f1e0       ?ntohl@@YAII@Z             0010f5e0 f   KERNEL:net.obj
 0001:0000f1f0       ?ntohs@@YAGG@Z             0010f5f0 f   KERNEL:net.obj
 0001:0000f210       ?KernelPanic@Panic@@SAXPAD0@Z 0010f610 f   KERNEL:panic.obj
 0001:0000f250       ?AllocBlocks@Memory@@SAPAXI@Z 0010f650 f   KERNEL:memory.obj
 0001:0000f380       ?DeInitRegion@Memory@@SAXPAXI@Z 0010f780 f   KERNEL:memory.obj
 0001:0000f3d0       ?FirstFree@Memory@@CAIXZ   0010f7d0 f   KERNEL:memory.obj
 0001:0000f410       ?FirstFreeNum@Memory@@CAII@Z 0010f810 f   KERNEL:memory.obj
 0001:0000f500       ?FreeBlocks@Memory@@SAXPAXI@Z 0010f900 f   KERNEL:memory.obj
 0001:0000f560       ?Init@Memory@@SAIIPAI@Z    0010f960 f   KERNEL:memory.obj
 0001:0000f5e0       ?InitRegion@Memory@@SAXPAXI@Z 0010f9e0 f   KERNEL:memory.obj
 0001:0000f630       ?EnableFPU@CPU@@CAIXZ      0010fa30 f   KERNEL:cpu.obj
 0001:0000f650       ?EnableSSE@CPU@@CAIXZ      0010fa50 f   KERNEL:cpu.obj
 0001:0000f680       ?Init@CPU@@SAIXZ           0010fa80 f   KERNEL:cpu.obj
 0001:0000f6b0       ?Init@HAL@@SAIXZ           0010fab0 f   KERNEL:hal.obj
 0001:0000f6e0       ?inb@@YAEG@Z               0010fae0 f   KERNEL:hal.obj
 0001:0000f700       ?inl@@YAIG@Z               0010fb00 f   KERNEL:hal.obj
 0001:0000f720       ?inw@@YAGG@Z               0010fb20 f   KERNEL:hal.obj
 0001:0000f740       ?outb@@YAXGE@Z             0010fb40 f   KERNEL:hal.obj
 0001:0000f750       ?outl@@YAXGI@Z             0010fb50 f   KERNEL:hal.obj
 0001:0000f760       ?outw@@YAXGG@Z             0010fb60 f   KERNEL:hal.obj
 0001:0000f770       ?DefaultISR@Exceptions@@SAXXZ 0010fb70 f   KERNEL:exceptions.obj
 0001:0000f790       ?ISR0@Exceptions@@CAXXZ    0010fb90 f   KERNEL:exceptions.obj
 0001:0000f7b0       ?ISR10@Exceptions@@CAXXZ   0010fbb0 f   KERNEL:exceptions.obj
 0001:0000f7d0       ?ISR11@Exceptions@@CAXXZ   0010fbd0 f   KERNEL:exceptions.obj
 0001:0000f7f0       ?ISR12@Exceptions@@CAXXZ   0010fbf0 f   KERNEL:exceptions.obj
 0001:0000f810       ?ISR13@Exceptions@@CAXXZ   0010fc10 f   KERNEL:exceptions.obj
 0001:0000f830       ?ISR14@Exceptions@@CAXXZ   0010fc30 f   KERNEL:exceptions.obj
 0001:0000f850       ?ISR15@Exceptions@@CAXXZ   0010fc50 f   KERNEL:exceptions.obj
 0001:0000f870       ?ISR16@Exceptions@@CAXXZ   0010fc70 f   KERNEL:exceptions.obj
 0001:0000f890       ?ISR17@Exceptions@@CAXXZ   0010fc90 f   KERNEL:exceptions.obj
 0001:0000f8b0       ?ISR18@Exceptions@@CAXXZ   0010fcb0 f   KERNEL:exceptions.obj
 0001:0000f8d0       ?ISR19@Exceptions@@CAXXZ   0010fcd0 f   KERNEL:exceptions.obj
 0001:0000f8f0       ?ISR1@Exceptions@@CAXXZ    0010fcf0 f   KERNEL:exceptions.obj
 0001:0000f910       ?ISR2@Exceptions@@CAXXZ    0010fd10 f   KERNEL:exceptions.obj
 0001:0000f930       ?ISR3@Exceptions@@CAXXZ    0010fd30 f   KERNEL:exceptions.obj
 0001:0000f950       ?ISR4@Exceptions@@CAXXZ    0010fd50 f   KERNEL:exceptions.obj
 0001:0000f970       ?ISR5@Exceptions@@CAXXZ    0010fd70 f   KERNEL:exceptions.obj
 0001:0000f990       ?ISR6@Exceptions@@CAXIII@Z 0010fd90 f   KERNEL:exceptions.obj
 0001:0000fa10       ?ISR7@Exceptions@@CAXXZ    0010fe10 f   KERNEL:exceptions.obj
 0001:0000fa30       ?ISR8@Exceptions@@CAXXZ    0010fe30 f   KERNEL:exceptions.obj
 0001:0000fa50       ?ISR9@Exceptions@@CAXXZ    0010fe50 f   KERNEL:exceptions.obj
 0001:0000fa70       ?Init@Exceptions@@SAIXZ    0010fe70 f   KERNEL:exceptions.obj
 0001:0000fb70       ?Create@PCI@@CAPAUPCI_DEVICE@@EEE@Z 0010ff70 f   KERNEL:pci.obj
 0001:0000fc30       ?GetDevice@PCI@@SAPAUPCI_DEVICE@@HHH@Z 00110030 f   KERNEL:pci.obj
 0001:0000fde0       ?Init@PCI@@SAIXZ           001101e0 f   KERNEL:pci.obj
 0001:0000fdf0       ?Read@PCI@@CAIEEEEE@Z      001101f0 f   KERNEL:pci.obj
 0001:0000fe60       ?printdev@@YAXPAUPCI_DEVICE@@@Z 00110260 f   KERNEL:pci.obj
 0001:0000fea0       ?EmptyISR@IDT@@SAXXZ       001102a0 f   KERNEL:idt.obj
 0001:0000feb0       ?GetIR@IDT@@SAPAUIDT_DESCRIPTOR@@I@Z 001102b0 f   KERNEL:idt.obj
 0001:0000fec0       ?Init@IDT@@SAIXZ           001102c0 f   KERNEL:idt.obj
 0001:0000ff30       ?SetISR@IDT@@SAIIP6AXXZ@Z  00110330 f   KERNEL:idt.obj
 0001:0000ff70       ?Init@PIC@@SAIXZ           00110370 f   KERNEL:pic.obj
 0001:0000ffd0       ?InterruptDone@PIC@@SAXG@Z 001103d0 f   KERNEL:pic.obj
 0001:00010000       ?ReadData@PIC@@CAEE@Z      00110400 f   KERNEL:pic.obj
 0001:00010030       ?SendCommand@PIC@@CAXEE@Z  00110430 f   KERNEL:pic.obj
 0001:00010060       ?SendData@PIC@@CAXGE@Z     00110460 f   KERNEL:pic.obj
 0001:00010089       ??1type_info@@UAE@XZ       00110489 f   LIBCMT:std_type_info_static.obj
 0001:00010090       ??_Etype_info@@UAEPAXI@Z   00110490 f i LIBCMT:std_type_info_static.obj
 0001:00010090       ??_Gtype_info@@UAEPAXI@Z   00110490 f i LIBCMT:std_type_info_static.obj
 0001:000100b3       ??3@YAXPAXI@Z              001104b3 f   LIBCMT:delete_scalar_size.obj
 0002:00000000       ??_C@_06JJGECBPI@?$CFs?5?$CFi?6?$AA@ 00110600     iso.obj
 0002:00000008       ??_C@_03OFAPEBGM@?$CFs?6?$AA@ 00110608     iso.obj
 0002:0000000c       ??_C@_03PELOGHMK@?$CFi?6?$AA@ 0011060c     Mandelbrot.obj
 0002:00000010       ??_C@_06CMGOICJA@Start?6?$AA@ 00110610     Mandelbrot.obj
 0002:00000018       ??_C@_0BD@OAOOOKEK@Ticks?3?5?$CFi?7FPS?3?5?$CFi?6?$AA@ 00110618     Mandelbrot.obj
 0002:0000002c       ??_C@_09JHEKFLJE@Zoom?3?5?$CFf?6?$AA@ 0011062c     Mandelbrot.obj
 0002:00000038       __real@1adaca00            00110638     Mandelbrot.obj
 0002:00000040       __real@3fe0000000000000    00110640     Mandelbrot.obj
 0002:00000048       __real@3fe93b645a1cac08    00110648     Mandelbrot.obj
 0002:00000050       __real@3ff0000000000000    00110650     Mandelbrot.obj
 0002:00000058       __real@4010000000000000    00110658     Mandelbrot.obj
 0002:00000060       __real@4088000000000000    00110660     Mandelbrot.obj
 0002:00000068       __real@40f0000000000000    00110668     Mandelbrot.obj
 0002:00000070       __real@437f0000            00110670     Mandelbrot.obj
 0002:00000074       __real@447a0000            00110674     Mandelbrot.obj
 0002:00000078       ??_C@_0BJ@FHJFEPME@arp?3?5sending?5request?5to?5?$AA@ 00110678     arp.obj
 0002:00000094       ??_C@_0BH@NFEPIOCG@arp?3?5sending?5reply?5to?5?$AA@ 00110694     arp.obj
 0002:000000ac       ??_C@_0BB@NPEPEJMJ@ARP?5added?5entry?5?$AA@ 001106ac     arp.obj
 0002:000000c0       ??_C@_0O@MBFFJLEF@DHCP?5RECEIVE?6?$AA@ 001106c0     dhcp.obj
 0002:000000d0       ??_C@_0O@IJAKJLNJ@Received?5DNS?6?$AA@ 001106d0     dns.obj
 0002:000000e0       ??_C@_0BF@DPFFLPFA@DNS?5added?5entry?3?5?$CFs?5?$AA@ 001106e0     dns.obj
 0002:000000f5       ??_C@_00CNPNBAHC@?$AA@     001106f5     dns.obj
 0002:000000f8       ??_C@_0M@KNKKGHNO@PARSED?5IP?3?5?$AA@ 001106f8     http.obj
 0002:00000104       ??_C@_0BO@OHMKJDEI@Flags?3?5?$CFux?7ACK?3?5?$CFui?7SEQ?3?5?$CFui?6?$AA@ 00110704     tcpsession.obj
 0002:00000124       ??_C@_0L@EIILFCEB@Connected?6?$AA@ 00110724     tcpsession.obj
 0002:00000130       ??_C@_07IPMAGINO@Closed?6?$AA@ 00110730     tcpsession.obj
 0002:00000138       ??_C@_0BA@FHBAHEGN@Timeout?5closed?6?$AA@ 00110738     tcpsession.obj
 0002:00000148       ??_C@_04CDEGOFNM@Cam1?$AA@ 00110748     3DGame:3DGame.obj
 0002:00000150       ??_C@_05FOLLILPC@Thing?$AA@ 00110750     3DGame:3DGame.obj
 0002:00000158       ??_C@_05PGDJFNFN@Floor?$AA@ 00110758     3DGame:3DGame.obj
 0002:00000160       __real@3f800000            00110760     3DGame:3DGame.obj
 0002:00000164       __real@40a00000            00110764     3DGame:3DGame.obj
 0002:00000168       __real@41200000            00110768     3DGame:3DGame.obj
 0002:0000016c       __real@c1700000            0011076c     3DGame:3DGame.obj
 0002:00000174       ??_7MyBox@@6B@             00110774     3DGame:MyBox.obj
 0002:0000017c       ??_C@_08GGPPOII@cube?4a3d?$AA@ 0011077c     3DGame:MyBox.obj
 0002:00000188       ??_C@_07CKAHAGKJ@img?4bmp?$AA@ 00110788     3DGame:MyBox.obj
 0002:00000190       ??_C@_0O@NJFLLBAD@bmp?5not?5found?$AA@ 00110790     3DGame:MyBox.obj
 0002:000001a0       ??_C@_04GONFKEIN@Mesh?$AA@ 001107a0     3DGame:MyBox.obj
 0002:000001a8       ??_C@_09DHKFHJOA@Rigidbody?$AA@ 001107a8     3DGame:MyBox.obj
 0002:000001b8       ??_7Thing@@6B@             001107b8     3DGame:Thing.obj
 0002:000001c0       ??_C@_0L@IDFINJJI@sphere?4a3d?$AA@ 001107c0     3DGame:Thing.obj
 0002:000001cc       ??_C@_09PCLIKNNA@earth?4bmp?$AA@ 001107cc     3DGame:Thing.obj
 0002:000001d8       __real@41a00000            001107d8     3DGame:Thing.obj
 0002:000001e0       __xmm@80000000800000008000000080000000 001107e0     3DGame:Thing.obj
 0002:000001f0       __real@0000000000000000    001107f0     GL:Matrix4.obj
 0002:000001f8       __real@40000000            001107f8     GL:Matrix4.obj
 0002:00000200       __real@400921fb54442eea    00110800     GL:Matrix4.obj
 0002:00000208       __real@4066800000000000    00110808     GL:Matrix4.obj
 0002:00000210       __real@3fb1eb851eb851ec    00110810     GL:Color.obj
 0002:00000218       __real@3fcae147ae147ae1    00110818     GL:Color.obj
 0002:00000220       __real@3fe70a3d70a3d70a    00110820     GL:Color.obj
 0002:00000230       __xmm@41f00000000000000000000000000000 00110830     GL:Color.obj
 0002:00000240       ??_C@_05JODGIKH@Light?$AA@ 00110840     GameEngine:Engine.obj
 0002:00000248       ??_C@_06LOJNHMMK@Thing2?$AA@ 00110848     GameEngine:Engine.obj
 0002:00000250       ??_C@_0BJ@JEFINMGB@FPS?3?5?$CFi?7DT?3?$CFi?7AvgDT?3?5?$CFi?6?$AA@ 00110850     GameEngine:Engine.obj
 0002:0000026c       ??_C@_0L@KCHEIND@Ticks?3?5?$CFi?6?$AA@ 0011086c     GameEngine:Engine.obj
 0002:00000278       ??_C@_08DAHIJCLH@Free?5?$CFi?6?$AA@ 00110878     GameEngine:Engine.obj
 0002:00000284       ??_C@_08FHFNDDND@Cam?3?5?$CFs?6?$AA@ 00110884     GameEngine:Engine.obj
 0002:00000290       ??_C@_07JOHLBHPG@P1?3?5?$CFs?6?$AA@ 00110890     GameEngine:Engine.obj
 0002:00000298       ??_C@_0BC@KLOOLLKI@V1?3?5?$FL?$CFf?0?5?$CFf?0?5?$CFf?$FN?6?$AA@ 00110898     GameEngine:Engine.obj
 0002:000002ac       ??_C@_0M@CBHEFHKI@Energy?3?5?$CFf?6?$AA@ 001108ac     GameEngine:Engine.obj
 0002:000002b8       ??_C@_08GDLGNBJK@?$CFf?7?$CFf?7?$CFf?$AA@ 001108b8     GameEngine:Engine.obj
 0002:000002c4       ??_C@_0BB@PIJAIOHM@List?3?3operator?$FL?$FN?$AA@ 001108c4     GameEngine:Engine.obj
 0002:000002d8       ??_C@_0BN@NJEFJLOF@Index?5out?5of?5range?5exception?$AA@ 001108d8     GameEngine:Engine.obj
 0002:000002f8       __real@00000000            001108f8     GameEngine:Engine.obj
 0002:000002fc       __real@3e800000            001108fc     GameEngine:Engine.obj
 0002:00000300       __real@3f2aaaab            00110900     GameEngine:Engine.obj
 0002:00000308       __real@3ff921fb54442eea    00110908     GameEngine:Engine.obj
 0002:00000310       __real@401921fb54442eea    00110910     GameEngine:Engine.obj
 0002:00000318       __real@402399999999999a    00110918     GameEngine:Engine.obj
 0002:00000320       __real@40800000            00110920     GameEngine:Engine.obj
 0002:00000324       __real@43c80000            00110924     GameEngine:Engine.obj
 0002:00000328       __real@44fa0000            00110928     GameEngine:Engine.obj
 0002:00000330       __real@bff921fb54442eea    00110930     GameEngine:Engine.obj
 0002:00000340       __xmm@7fffffffffffffff7fffffffffffffff 00110940     GameEngine:Engine.obj
 0002:00000350       __xmm@80000000000000008000000000000000 00110950     GameEngine:Engine.obj
 0002:00000364       ??_7GameObject@@6B@        00110964     GameEngine:GameObject.obj
 0002:0000036c       ??_C@_0L@EJMOOPIK@GameObject?$AA@ 0011096c     GameEngine:GameObject.obj
 0002:0000037c       ??_7Camera@@6B@            0011097c     GameEngine:Camera.obj
 0002:00000388       ??_7Component@@6B@         00110988     GameEngine:Component.obj
 0002:00000394       ??_7MeshComponent@@6B@     00110994     GameEngine:MeshComponent.obj
 0002:000003a0       ??_7Rigidbody@@6B@         001109a0     GameEngine:Rigidbody.obj
 0002:000003ac       ??_7BoxCollider@@6B@       001109ac     GameEngine:BoxCollider.obj
 0002:000003bc       __real@3f000000            001109bc     GameEngine:BoxCollider.obj
 0002:000003c0       __real@bf000000            001109c0     GameEngine:BoxCollider.obj
 0002:000003c4       ??_C@_05MBDEGLCK@ERROR?$AA@ 001109c4     GameEngine:ModelLoader.obj
 0002:000003cc       ??_C@_0CL@CEJFKDDD@?$FL?$CFf?0?5?$CFf?0?5?$CFf?$FN?5?$FL?$CFf?0?5?$CFf?0?5?$CFf?0?5?$CFf?$FN?5?$FL?$CF@ 001109cc     GameEngine:Transform.obj
 0002:00000400       __xmm@0000000000000000000000003f800000 00110a00     GameEngine:Matrix3.obj
 0002:00000410       __xmm@3f800000000000000000000000000000 00110a10     GameEngine:Matrix3.obj
 0002:00000424       ??_7Collider@@6B@          00110a24     GameEngine:Collider.obj
 0002:00000434       __real@3e8f5c29            00110a34     Lib:math.obj
 0002:00000438       __real@40490fdb            00110a38     Lib:math.obj
 0002:0000043c       __real@bfc90fdb            00110a3c     Lib:math.obj
 0002:00000440       __xmm@7fffffff7fffffff7fffffff7fffffff 00110a40     Lib:math.obj
 0002:00000450       ??_C@_03LHCJEHON@nan?$AA@  00110a50     Lib:stdio.obj
 0002:00000454       ??_C@_03OJHLLCGB@inf?$AA@  00110a54     Lib:stdio.obj
 0002:00000458       ??_C@_01GBGANLPD@0?$AA@    00110a58     Lib:stdio.obj
 0002:00000460       __real@3f1a36e2eb1c432d    00110a60     Lib:stdio.obj
 0002:00000468       __real@bf800000            00110a68     Lib:stdio.obj
 0002:00000470       __xmm@46454443424139383736353433323130 00110a70     Lib:stdio.obj
 0002:00000480       __real@39800000            00110a80     KERNEL:kernel.obj
 0002:00000484       ??_C@_04PFOHOKJK@?5?5?5?5?$AA@ 00110a84     KERNEL:debug.obj
 0002:0000048c       ??_C@_01CLKCMJKC@?5?$AA@   00110a8c     KERNEL:debug.obj
 0002:00000490       ??_C@_03IKGEINEE@?$CFs?5?$AA@ 00110a90     KERNEL:debug.obj
 0002:00000608       ??_C@_0P@JJOCPBNH@?$CFs?$CFi?4?$CFi?4?$CFi?4?$CFi?6?$AA@ 00110c08     KERNEL:net.obj
 0002:00000618       ??_C@_0BF@MCJEFIGG@?$CFs?$CFx?3?$CFx?3?$CFx?3?$CFx?3?$CFx?3?$CFx?6?$AA@ 00110c18     KERNEL:net.obj
 0002:00000630       ??_C@_0BK@KHJFGGEJ@Default?5interrupt?5handler?$AA@ 00110c30     KERNEL:exceptions.obj
 0002:0000064c       ??_C@_0BB@CAGHCAFL@Division?5by?5zero?$AA@ 00110c4c     KERNEL:exceptions.obj
 0002:00000660       ??_C@_05GCIPIGEI@Debug?$AA@ 00110c60     KERNEL:exceptions.obj
 0002:00000668       ??_C@_0BH@DLMGGJOP@Non?9Maskable?5interrupt?$AA@ 00110c68     KERNEL:exceptions.obj
 0002:00000680       ??_C@_0L@DEJAMIEF@Breakpoint?$AA@ 00110c80     KERNEL:exceptions.obj
 0002:0000068c       ??_C@_08KJPBNJGC@Overflow?$AA@ 00110c8c     KERNEL:exceptions.obj
 0002:00000698       ??_C@_0BF@KABNNNC@Bound?5range?5exceeded?$AA@ 00110c98     KERNEL:exceptions.obj
 0002:000006b0       ??_C@_0BJ@JILCCCBH@0x?$CFux?70x?$CFux?70x?$CFux?70x?$CFux?6?$AA@ 00110cb0     KERNEL:exceptions.obj
 0002:000006cc       ??_C@_06NIEMCLMH@0x?$CFux?6?$AA@ 00110ccc     KERNEL:exceptions.obj
 0002:000006d4       ??_C@_0P@GJJPHHDN@Invalid?5opcode?$AA@ 00110cd4     KERNEL:exceptions.obj
 0002:000006e4       ??_C@_0BF@COPPNEEP@Device?5not?5available?$AA@ 00110ce4     KERNEL:exceptions.obj
 0002:000006fc       ??_C@_0N@EMHPBCJE@Double?5fault?$AA@ 00110cfc     KERNEL:exceptions.obj
 0002:0000070c       ??_C@_0BM@FLNHCLJG@Coprocessor?5segment?5overrun?$AA@ 00110d0c     KERNEL:exceptions.obj
 0002:00000728       ??_C@_0M@OLMALBPG@Invalid?5TSS?$AA@ 00110d28     KERNEL:exceptions.obj
 0002:00000734       ??_C@_0BE@FPPPAKKN@Segment?5not?5present?$AA@ 00110d34     KERNEL:exceptions.obj
 0002:00000748       ??_C@_0BE@OLMOIPB@Stack?9segment?5fault?$AA@ 00110d48     KERNEL:exceptions.obj
 0002:0000075c       ??_C@_0BJ@LDJBBLLL@General?5protection?5fault?$AA@ 00110d5c     KERNEL:exceptions.obj
 0002:00000778       ??_C@_0L@JBNHOLPF@Page?5fault?$AA@ 00110d78     KERNEL:exceptions.obj
 0002:00000784       ??_C@_0O@EBPJONIA@15?5?$CIReserved?$CJ?$AA@ 00110d84     KERNEL:exceptions.obj
 0002:00000794       ??_C@_0BN@OAPCMCOK@x87?5Floating?9point?5exception?$AA@ 00110d94     KERNEL:exceptions.obj
 0002:000007b4       ??_C@_0BA@DMDLEFCI@Alignment?5check?$AA@ 00110db4     KERNEL:exceptions.obj
 0002:000007c4       ??_C@_0O@LHBOKIFP@Machine?5check?$AA@ 00110dc4     KERNEL:exceptions.obj
 0002:000007d4       ??_C@_0BO@PAHIJHOM@SIMD?5floating?9point?5exception?$AA@ 00110dd4     KERNEL:exceptions.obj
 0002:000007f8       ??_C@_0EO@NIHBEAOP@Bus?3?5?$CFx?5Device?3?5?$CFx?5Function?3?5?$CFx?5@ 00110df8     KERNEL:pci.obj
 0002:0000084c       ??_7type_info@@6B@         00110e4c     LIBCMT:std_type_info_static.obj
 0002:000008a4       ??_R4MyBox@@6B@            00110ea4     3DGame:MyBox.obj
 0002:000008b8       ??_R3MyBox@@8              00110eb8     3DGame:MyBox.obj
 0002:000008c8       ??_R2MyBox@@8              00110ec8     3DGame:MyBox.obj
 0002:000008d4       ??_R1A@?0A@EA@MyBox@@8     00110ed4     3DGame:MyBox.obj
 0002:000008f0       ??_R1A@?0A@EA@GameObject@@8 00110ef0     3DGame:MyBox.obj
 0002:0000090c       ??_R3GameObject@@8         00110f0c     3DGame:MyBox.obj
 0002:0000091c       ??_R2GameObject@@8         00110f1c     3DGame:MyBox.obj
 0002:00000924       ??_R4Thing@@6B@            00110f24     3DGame:Thing.obj
 0002:00000938       ??_R3Thing@@8              00110f38     3DGame:Thing.obj
 0002:00000948       ??_R2Thing@@8              00110f48     3DGame:Thing.obj
 0002:00000954       ??_R1A@?0A@EA@Thing@@8     00110f54     3DGame:Thing.obj
 0002:00000970       ??_R4GameObject@@6B@       00110f70     GameEngine:GameObject.obj
 0002:00000984       ??_R4Camera@@6B@           00110f84     GameEngine:Camera.obj
 0002:00000998       ??_R3Camera@@8             00110f98     GameEngine:Camera.obj
 0002:000009a8       ??_R2Camera@@8             00110fa8     GameEngine:Camera.obj
 0002:000009b4       ??_R1A@?0A@EA@Camera@@8    00110fb4     GameEngine:Camera.obj
 0002:000009d0       ??_R4Component@@6B@        00110fd0     GameEngine:Component.obj
 0002:000009e4       ??_R3Component@@8          00110fe4     GameEngine:Component.obj
 0002:000009f4       ??_R2Component@@8          00110ff4     GameEngine:Component.obj
 0002:000009fc       ??_R1A@?0A@EA@Component@@8 00110ffc     GameEngine:Component.obj
 0002:00000a18       ??_R4MeshComponent@@6B@    00111018     GameEngine:MeshComponent.obj
 0002:00000a2c       ??_R3MeshComponent@@8      0011102c     GameEngine:MeshComponent.obj
 0002:00000a3c       ??_R2MeshComponent@@8      0011103c     GameEngine:MeshComponent.obj
 0002:00000a4c       ??_R1A@?0A@EA@MeshComponent@@8 0011104c     GameEngine:MeshComponent.obj
 0002:00000a68       ??_R1M@?0A@EA@IMesh@@8     00111068     GameEngine:MeshComponent.obj
 0002:00000a84       ??_R3IMesh@@8              00111084     GameEngine:MeshComponent.obj
 0002:00000a94       ??_R2IMesh@@8              00111094     GameEngine:MeshComponent.obj
 0002:00000a9c       ??_R1A@?0A@EA@IMesh@@8     0011109c     GameEngine:MeshComponent.obj
 0002:00000ab8       ??_R4Rigidbody@@6B@        001110b8     GameEngine:Rigidbody.obj
 0002:00000acc       ??_R3Rigidbody@@8          001110cc     GameEngine:Rigidbody.obj
 0002:00000adc       ??_R2Rigidbody@@8          001110dc     GameEngine:Rigidbody.obj
 0002:00000ae8       ??_R1A@?0A@EA@Rigidbody@@8 001110e8     GameEngine:Rigidbody.obj
 0002:00000b04       ??_R4BoxCollider@@6B@      00111104     GameEngine:BoxCollider.obj
 0002:00000b18       ??_R3BoxCollider@@8        00111118     GameEngine:BoxCollider.obj
 0002:00000b28       ??_R2BoxCollider@@8        00111128     GameEngine:BoxCollider.obj
 0002:00000b34       ??_R1A@?0A@EA@BoxCollider@@8 00111134     GameEngine:BoxCollider.obj
 0002:00000b50       ??_R1A@?0A@EA@Collider@@8  00111150     GameEngine:BoxCollider.obj
 0002:00000b6c       ??_R3Collider@@8           0011116c     GameEngine:BoxCollider.obj
 0002:00000b7c       ??_R2Collider@@8           0011117c     GameEngine:BoxCollider.obj
 0002:00000b84       ??_R4Collider@@6B@         00111184     GameEngine:Collider.obj
 0002:00000b98       ??_R4type_info@@6B@        00111198     LIBCMT:std_type_info_static.obj
 0002:00000bac       ??_R3type_info@@8          001111ac     LIBCMT:std_type_info_static.obj
 0002:00000bbc       ??_R2type_info@@8          001111bc     LIBCMT:std_type_info_static.obj
 0002:00000bc4       ??_R1A@?0A@EA@type_info@@8 001111c4     LIBCMT:std_type_info_static.obj
 0003:00000000       ?count@@3HA                00111400     Mandelbrot.obj
 0003:00003008       ?acc@@3MA                  00114408     3DGame:Thing.obj
 0003:0000300c       ?m_width@GL@gl@@2IA        0011440c     GL:GL.obj
 0003:00003010       ?m_height@GL@gl@@2IA       00114410     GL:GL.obj
 0003:00003014       ?bound_tex@gl@@3HA         00114414     GL:GL.obj
 0003:00003018       ?p4@@3MA                   00114418     GameEngine:Engine.obj
 0003:0000301c       ?p5@@3MA                   0011441c     GameEngine:Engine.obj
 0003:00003024       ?color@Debug@@2IA          00114424     KERNEL:debug.obj
 0003:00004028       __fltused                  00115428     LIBCMT:fltused.obj
 0003:0000402c       ??_R0?AVMyBox@@@8          0011542c     3DGame:MyBox.obj
 0003:00004040       ??_R0?AVGameObject@@@8     00115440     3DGame:MyBox.obj
 0003:0000405c       ??_R0?AVThing@@@8          0011545c     3DGame:Thing.obj
 0003:00004070       ??_R0?AVCamera@@@8         00115470     GameEngine:Camera.obj
 0003:00004088       ??_R0?AVComponent@@@8      00115488     GameEngine:Component.obj
 0003:000040a0       ??_R0?AVMeshComponent@@@8  001154a0     GameEngine:MeshComponent.obj
 0003:000040bc       ??_R0?AVIMesh@@@8          001154bc     GameEngine:MeshComponent.obj
 0003:000040d0       ??_R0?AVRigidbody@@@8      001154d0     GameEngine:Rigidbody.obj
 0003:000040e8       ??_R0?AVBoxCollider@@@8    001154e8     GameEngine:BoxCollider.obj
 0003:00004104       ??_R0?AVCollider@@@8       00115504     GameEngine:BoxCollider.obj
 0003:0000411c       ??_R0?AVtype_info@@@8      0011551c     LIBCMT:std_type_info_static.obj
 0003:00004140       ?_kernel_stack@@3PADA      00115540     boot.obj
 0003:000060e0       ?desc@@3PAUISO_PRIMARYDESC@@A 001174e0     iso.obj
 0003:000060e4       ?root@@3PAUISO_DIRECTORY@@A 001174e4     iso.obj
 0003:000060e8       ?tz@@3UComplex@@A          001174e8     Mandelbrot.obj
 0003:000060f0       ?arp_cache@ARP@@0PAUARP_TABLE_ENTRY@@A 001174f0     arp.obj
 0003:00006230       ?dns_server@DNS@@2UIPv4Address@@A 00117630     dns.obj
 0003:00006238       ?dns_cache@DNS@@0PAUDNS_TABLE_ENTRY@@A 00117638     dns.obj
 0003:00006438       ?sessions@TCP@@2PAPAVTcpSession@@A 00117838     tcp.obj
 0003:000064b8       ?phys@@3PAVRigidbody@@A    001178b8     3DGame:Thing.obj
 0003:000064bc       ?vel@@3MA                  001178bc     3DGame:Thing.obj
 0003:000064c0       ?m_textures@GL@gl@@2PAPAVBMP@@A 001178c0     GL:GL.obj
 0003:00006540       ?tex_index@gl@@3HA         00117940     GL:GL.obj
 0003:00006544       ?light_index@gl@@3HA       00117944     GL:GL.obj
 0003:00006548       ?mat_mode@gl@@3W4GLMatrixMode@@A 00117948     GL:GL.obj
 0003:0000654c       ?mat_stack_index@gl@@3HA   0011794c     GL:GL.obj
 0003:00006550       ?vert_ptr@gl@@3PAUVertex@1@A 00117950     GL:GL.obj
 0003:00006554       ?m_stride@GL@gl@@2IA       00117954     GL:GL.obj
 0003:00006558       ?mat_viewmodel@gl@@3UMatrix4@1@A 00117958     GL:GL.obj
 0003:00006598       ?mat_stack@gl@@3PAUMatrix4@1@A 00117998     GL:GL.obj
 0003:00006d98       ?lightsources@gl@@3PAUVector4@1@A 00118198     GL:GL.obj
 0003:00006dd8       ?mat_projection@gl@@3UMatrix4@1@A 001181d8     GL:GL.obj
 0003:00006e18       ?depth_buffer@Rasterizer@gl@@2PAMA 00118218     GL:Rasterizer.obj
 0003:00006e1c       ?p1@@3HA                   0011821c     GameEngine:Engine.obj
 0003:00006e20       ?p2@@3MA                   00118220     GameEngine:Engine.obj
 0003:00006e24       ?p3@@3MA                   00118224     GameEngine:Engine.obj
 0003:00006e28       ?ticks@@3HA                00118228     GameEngine:Engine.obj
 0003:00006e2c       ?totalFrames@@3HA          0011822c     GameEngine:Engine.obj
 0003:00006e30       ?startTicks@@3HA           00118230     GameEngine:Engine.obj
 0003:00006e34       ?BOOL1@@3_NA               00118234     GameEngine:Engine.obj
 0003:00006e38       ?last_mouse_pos@@3UVector3@@A 00118238     GameEngine:Engine.obj
 0003:00006e44       ?n@@3HA                    00118244     GameEngine:BoxCollider.obj
 0003:00006e48       ?c@@3UVector3@@A           00118248     GameEngine:BoxCollider.obj
 0003:00006e54       ?v@@3UVector3@@A           00118254     GameEngine:BoxCollider.obj
 0003:00006e60       ?d@@3UVector3@@A           00118260     GameEngine:BoxCollider.obj
 0003:00006e6c       ?b@@3UVector3@@A           0011826c     GameEngine:BoxCollider.obj
 0003:00006e78       ?mem_left@@3HA             00118278     KERNEL:kernel.obj
 0003:00006e7c       ?mem_ptr@@3PAEA            0011827c     KERNEL:kernel.obj
 0003:00006e80       ?x@Debug@@2HA              00118280     KERNEL:debug.obj
 0003:00006e84       ?y@Debug@@2HA              00118284     KERNEL:debug.obj
 0003:00006e88       ?bcolor@Debug@@2IA         00118288     KERNEL:debug.obj
 0003:00006e90       ?mode@VBE@@2UVBE_MODE_INFO@@A 00118290     KERNEL:vbe.obj
 0003:00006f90       ?buffer@VBE@@2PAIA         00118390     KERNEL:vbe.obj
 0003:00006f94       ?mem_base@VBE@@0PAIA       00118394     KERNEL:vbe.obj
 0003:00006f98       ?mem_max@VBE@@0PAIA        00118398     KERNEL:vbe.obj
 0003:00006f9c       ?mem_size@VBE@@0IA         0011839c     KERNEL:vbe.obj
 0003:00006fa0       ?bytes_per_pixel@VBE@@0IA  001183a0     KERNEL:vbe.obj
 0003:00006fa4       ?pixel_count@VBE@@0IA      001183a4     KERNEL:vbe.obj
 0003:00006fa8       ?ctrl@Keyboard@@2_NA       001183a8     KERNEL:keyboard.obj
 0003:00006fa9       ?shift@Keyboard@@2_NA      001183a9     KERNEL:keyboard.obj
 0003:00006faa       ?alt@Keyboard@@2_NA        001183aa     KERNEL:keyboard.obj
 0003:00006fab       ?caps@Keyboard@@2_NA       001183ab     KERNEL:keyboard.obj
 0003:00006fac       ?num@Keyboard@@2_NA        001183ac     KERNEL:keyboard.obj
 0003:00006fad       ?scroll@Keyboard@@2_NA     001183ad     KERNEL:keyboard.obj
 0003:00006fae       ?extended@@3_NA            001183ae     KERNEL:keyboard.obj
 0003:00006faf       ?scancode@@3EA             001183af     KERNEL:keyboard.obj
 0003:00006fb0       ?keystates@@3PA_NA         001183b0     KERNEL:keyboard.obj
 0003:000070af       ?scan@@3EA                 001184af     KERNEL:keyboard.obj
 0003:000070b0       ?last_key@@3UKEY_PACKET@@A 001184b0     KERNEL:keyboard.obj
 0003:000070bc       ?pressed@@3_NA             001184bc     KERNEL:keyboard.obj
 0003:000070c0       ?key@@3W4KEYCODE@@A        001184c0     KERNEL:keyboard.obj
 0003:000070c4       ?ticks@PIT@@2IA            001184c4     KERNEL:pit.obj
 0003:000070c8       ?x@Mouse@@2HA              001184c8     KERNEL:mouse.obj
 0003:000070cc       ?y@Mouse@@2HA              001184cc     KERNEL:mouse.obj
 0003:000070d0       ?sensitivity@Mouse@@2MA    001184d0     KERNEL:mouse.obj
 0003:000070d4       ?mouse_L@Mouse@@2_NA       001184d4     KERNEL:mouse.obj
 0003:000070d5       ?mouse_R@Mouse@@2_NA       001184d5     KERNEL:mouse.obj
 0003:000070d6       ?mouse_M@Mouse@@2_NA       001184d6     KERNEL:mouse.obj
 0003:000070d7       ?mouse_cycle@Mouse@@0EA    001184d7     KERNEL:mouse.obj
 0003:000070d8       ?scroll_x@Mouse@@2HA       001184d8     KERNEL:mouse.obj
 0003:000070dc       ?scroll_y@Mouse@@2HA       001184dc     KERNEL:mouse.obj
 0003:000070e0       ?w@Mouse@@0IA              001184e0     KERNEL:mouse.obj
 0003:000070e4       ?h@Mouse@@0IA              001184e4     KERNEL:mouse.obj
 0003:000070e8       ?mouse_byte@Mouse@@0PACA   001184e8     KERNEL:mouse.obj
 0003:000070ec       ?initialized@Mouse@@0_NA   001184ec     KERNEL:mouse.obj
 0003:000070f0       ?intf@KNet@@2PAVNetInterface@@A 001184f0     KERNEL:net.obj
 0003:000070f4       ?GatewayIPv4@KNet@@2UIPv4Address@@A 001184f4     KERNEL:net.obj
 0003:000070f8       ?GatewayMAC@KNet@@2UMacAddress@@A 001184f8     KERNEL:net.obj
 0003:00007100       ?BroadcastMAC@KNet@@2UMacAddress@@A 00118500     KERNEL:net.obj
 0003:00007108       ?BroadcastIPv4@KNet@@2UIPv4Address@@A 00118508     KERNEL:net.obj
 0003:0000710c       ?NullMAC@KNet@@2UMacAddress@@A 0011850c     KERNEL:net.obj
 0003:00007114       ?NullIPv4@KNet@@2UIPv4Address@@A 00118514     KERNEL:net.obj
 0003:00007118       ?num_blocks@Memory@@2IA    00118518     KERNEL:memory.obj
 0003:0000711c       ?num_free@Memory@@2IA      0011851c     KERNEL:memory.obj
 0003:00007120       ?mem_size@Memory@@2IA      00118520     KERNEL:memory.obj
 0003:00007124       ?mem_map@Memory@@0PAIA     00118524     KERNEL:memory.obj
 0003:00007128       ?idt@IDT@@0PAUIDT_DESCRIPTOR@@A 00118528     KERNEL:idt.obj
 0003:00007928       ?idt_reg@IDT@@0UIDT_REG@@A 00118d28     KERNEL:idt.obj

 entry point at        0000:00000000

 Static symbols

 0002:fffefa00       __guard_fids__             00100000     LIBCMT:std_type_info_static.obj
 0001:fffffd24       $LN29                      00100124     GameEngine:Collider.obj
 0001:fffffda0       $LN20                      001001a0     GameEngine:Collider.obj
 0001:00000000       ??__E?m_stride@GL@gl@@2IA@@YAXXZ 00100400 f   GL:GL.obj
 0001:00000010       ??__Elightsources@gl@@YAXXZ 00100410 f   GL:GL.obj
 0001:00000040       ??__Emat_projection@gl@@YAXXZ 00100440 f   GL:GL.obj
 0001:00000050       ??__Emat_stack@gl@@YAXXZ   00100450 f   GL:GL.obj
 0001:00000080       ??__Emat_viewmodel@gl@@YAXXZ 00100480 f   GL:GL.obj
 0001:00000090       ??__Elast_mouse_pos@@YAXXZ 00100490 f   GameEngine:Engine.obj
 0001:000000a0       ??__Eb@@YAXXZ              001004a0 f   GameEngine:BoxCollider.obj
 0001:000000b0       ??__Ec@@YAXXZ              001004b0 f   GameEngine:BoxCollider.obj
 0001:000000c0       ??__Ed@@YAXXZ              001004c0 f   GameEngine:BoxCollider.obj
 0001:000000d0       ??__Ev@@YAXXZ              001004d0 f   GameEngine:BoxCollider.obj
 0001:00002328       $LN28                      00102728     tcpsession.obj
 0001:00009dd4       $LN29                      0010a1d4     GameEngine:BoxCollider.obj
 0001:0000a170       $LN20                      0010a570     GameEngine:BoxCollider.obj
 0001:0000b028       $LN70                      0010b428     GameEngine:BoxCollider.obj
 0001:0000d670       $LN49                      0010da70     Lib:stdio.obj
 0001:0000d68c       $LN44                      0010da8c     Lib:stdio.obj
 0001:0000db28       $LN28                      0010df28     KERNEL:debug.obj
 0001:0000dc78       $LN21                      0010e078     KERNEL:debug.obj
 0001:0000e630       $LN59                      0010ea30     KERNEL:keyboard.obj
 0001:0000e658       $LN60                      0010ea58     KERNEL:keyboard.obj
 0001:0000e688       $LN61                      0010ea88     KERNEL:keyboard.obj
 0001:0000e6c0       $LN56                      0010eac0     KERNEL:keyboard.obj
 0002:00000498       ?scancodes@@3QBW4KEYCODE@@B 00110a98     KERNEL:keyboard.obj
 0003:00000008       ?DEFAULT_FONT@@3PAEA       00111408     3DGame:3DGame.obj
 0003:00001008       ?DEFAULT_FONT@@3PAEA       00112408     3DGame:MyBox.obj
 0003:00002008       ?DEFAULT_FONT@@3PAEA       00113408     3DGame:Thing.obj
 0003:00003020       ?next@@3KA                 00114420     Lib:math.obj
 0003:00003028       ?DEFAULT_FONT@@3PAEA       00114428     KERNEL:vbe.obj
 0004:00000000       ??m_stride$initializer$@GL@gl@@2P6AXXZA@@3P6AXXZA 00118e00     GL:GL.obj
 0004:00000004       ?lightsources$initializer$@gl@@3P6AXXZA 00118e04     GL:GL.obj
 0004:00000008       ?mat_projection$initializer$@gl@@3P6AXXZA 00118e08     GL:GL.obj
 0004:0000000c       ?mat_viewmodel$initializer$@gl@@3P6AXXZA 00118e0c     GL:GL.obj
 0004:00000010       ?mat_stack$initializer$@gl@@3P6AXXZA 00118e10     GL:GL.obj
 0004:00000014       ?last_mouse_pos$initializer$@@3P6AXXZA 00118e14     GameEngine:Engine.obj
 0004:00000018       ?v$initializer$@@3P6AXXZA  00118e18     GameEngine:BoxCollider.obj
 0004:0000001c       ?c$initializer$@@3P6AXXZA  00118e1c     GameEngine:BoxCollider.obj
 0004:00000020       ?b$initializer$@@3P6AXXZA  00118e20     GameEngine:BoxCollider.obj
 0004:00000024       ?d$initializer$@@3P6AXXZA  00118e24     GameEngine:BoxCollider.obj
