 AndyOS

 Timestamp is 59e25e38 (Sat Oct 14 20:58:00 2017)

 Preferred load address is 00100000

 Start         Length     Name                   Class
 0001:00000000 00008b11H .text$mn                CODE
 0002:00000000 00000000H .gfids$y                DATA
 0002:00000000 00000694H .rdata                  DATA
 0002:00000694 00000174H .rdata$r                DATA
 0002:00000808 00000000H .edata                  DATA
 0002:00000808 00000100H .rdata$zzzdbg           DATA
 0003:00000000 000011ecH .data                   DATA
 0003:000011ec 00000084H .data$r                 DATA
 0003:00001270 00002f56H .bss                    DATA

  Address         Publics by Value              Rva+Base       Lib:Object

 0000:00000000       ___enclave_config          00000000     <absolute>
 0000:00000000       ___guard_fids_count        00000000     <absolute>
 0000:00000000       ___hybrid_auxiliary_iat    00000000     <absolute>
 0000:00000000       ___safe_se_handler_table   00000000     <absolute>
 0000:00000000       ___safe_se_handler_count   00000000     <absolute>
 0000:00000000       ___guard_flags             00000000     <absolute>
 0000:00000000       ___guard_iat_count         00000000     <absolute>
 0000:00000000       ___guard_fids_table        00000000     <absolute>
 0000:00000000       ___guard_iat_table         00000000     <absolute>
 0000:00000000       ___dynamic_value_reloc_table 00000000     <absolute>
 0000:00000000       ___guard_longjmp_table     00000000     <absolute>
 0000:00000000       ___guard_longjmp_count     00000000     <absolute>
 0000:00000000       ___hybrid_code_map_count   00000000     <absolute>
 0000:00000000       ___hybrid_code_map         00000000     <absolute>
 0001:00000000       ?OSBoot@@YAXPAUMULTIBOOT_HEADER@@@Z 00100400 f   boot.obj
 0001:00000050       ??0Button@gui@@QAE@XZ      00100450 f   Button.obj
 0001:000000b0       ?Paint@Button@gui@@UAEXXZ  001004b0 f   Button.obj
 0001:00000150       ?Paint@Control@gui@@UAEXXZ 00100550 f i Button.obj
 0001:00000160       ?ReceiveSendMessage@Button@gui@@UAEXUWND_MSG@2@@Z 00100560 f   Button.obj
 0001:000001b0       ?ReceiveSendMessage@Control@gui@@UAEXUWND_MSG@2@@Z 001005b0 f i Button.obj
 0001:000001c0       ??0Canvas@gui@@QAE@XZ      001005c0 f   Canvas.obj
 0001:00000220       ?Close@Control@gui@@QAEXXZ 00100620 f   Control.obj
 0001:00000270       ?ReadFile@FileSystem@@SAIPADAAPAD@Z 00100670 f   FileSystem.obj
 0001:00000280       ?CloseWindow@WindowManager@gui@@SAXPAVWindow@2@@Z 00100680 f   GUI.obj
 0001:00000300       ?Contains@Rect@@QAE_NHH@Z  00100700 f i GUI.obj
 0001:00000340       ?CreateWindow@WindowManager@gui@@SAPAVWindow@2@PAD@Z 00100740 f   GUI.obj
 0001:000003c0       ?GetWindowAtCursor@WindowManager@gui@@CAPAVWindow@2@XZ 001007c0 f   GUI.obj
 0001:00000410       ?HandleMouseInput@WindowManager@gui@@CAXXZ 00100810 f   GUI.obj
 0001:00000840       ?Init@WindowManager@gui@@SAIXZ 00100c40 f   GUI.obj
 0001:00000940       ?PaintBackground@WindowManager@gui@@CAXXZ 00100d40 f   GUI.obj
 0001:000009e0       ?PaintCursor@WindowManager@gui@@CAXXZ 00100de0 f   GUI.obj
 0001:00000aa0       ?PaintTaskbar@WindowManager@gui@@CAXXZ 00100ea0 f   GUI.obj
 0001:00000b40       ?PaintWindows@WindowManager@gui@@CAXXZ 00100f40 f   GUI.obj
 0001:00000bb0       ?SetFocusedWindow@WindowManager@gui@@CAXPAVWindow@2@@Z 00100fb0 f   GUI.obj
 0001:00000c90       ?Start@WindowManager@gui@@SAXXZ 00101090 f   GUI.obj
 0001:00000cb0       ?UpdateLoop@WindowManager@gui@@CAXXZ 001010b0 f   GUI.obj
 0001:00000fc0       ?FindFile@ISO_FS@@SAPAUISO_DIRECTORY@@PAD@Z 001013c0 f   iso.obj
 0001:00001090       ?Init@ISO_FS@@SAIXZ        00101490 f   iso.obj
 0001:00001100       ?ListFiles@ISO_FS@@SAHPAD@Z 00101500 f   iso.obj
 0001:000011a0       ?ReadFile@ISO_FS@@SAIPADAAPAD@Z 001015a0 f   iso.obj
 0001:00001290       ?ReadFile@ISO_FS@@SAIPAUISO_DIRECTORY@@AAPAD@Z 00101690 f   iso.obj
 0001:000012c0       ??0Label@gui@@QAE@XZ       001016c0 f   Label.obj
 0001:00001320       ?Paint@Label@gui@@UAEXXZ   00101720 f   Label.obj
 0001:00001350       ?Create@Mandelbrot@@SAXHH@Z 00101750 f   Mandelbrot.obj
 0001:00001780       ?stuff@@YAXXZ              00101b80 f   Mandelbrot.obj
 0001:00001800       ?AddEntry@ARP@@SAXUMacAddress@@UIPv4Address@@@Z 00101c00 f   arp.obj
 0001:00001890       ?Decode@ARP@@SA_NPAUARP_Header@@PAUNetPacket@@@Z 00101c90 f   arp.obj
 0001:00001900       ?Init@ARP@@SAIXZ           00101d00 f   arp.obj
 0001:00001960       ?LookupMac@ARP@@SA?AUMacAddress@@UIPv4Address@@@Z 00101d60 f   arp.obj
 0001:000019e0       ?Receive@ARP@@SAXPAVNetInterface@@PAUNetPacket@@@Z 00101de0 f   arp.obj
 0001:00001b20       ?Send@ARP@@SAXPAVNetInterface@@UMacAddress@@UIPv4Address@@G@Z 00101f20 f   arp.obj
 0001:00001be0       ?SendReply@ARP@@CAXPAVNetInterface@@PAUARP_Header@@@Z 00101fe0 f   arp.obj
 0001:00001c20       ?SendRequest@ARP@@SAXPAVNetInterface@@UIPv4Address@@@Z 00102020 f   arp.obj
 0001:00001c60       ?DoStuff@DHCP@@SAXPAVNetInterface@@UIPv4Address@@@Z 00102060 f   dhcp.obj
 0001:00001d40       ?Receive@DHCP@@SAXPAVNetInterface@@PAUIPv4_Header@@PAUUDP_Packet@@PAUNetPacket@@@Z 00102140 f   dhcp.obj
 0001:00001d50       ?AddEntry@DNS@@SAXPADUIPv4Address@@@Z 00102150 f   dns.obj
 0001:00001dd0       ?AppendDomain@DNS@@CAPAEPAEPAD@Z 001021d0 f   dns.obj
 0001:00001e30       ?Decode@DNS@@SA_NPAUDNS_Packet@@PAUUDP_Packet@@@Z 00102230 f   dns.obj
 0001:00001eb0       ?Init@DNS@@SAIXZ           001022b0 f   dns.obj
 0001:00001ef0       ?LookupAddress@DNS@@SA?AUIPv4Address@@PAD@Z 001022f0 f   dns.obj
 0001:00001f30       ?ParseAnswer@DNS@@CAPAEPAUDNS_Answer@@PAE@Z 00102330 f   dns.obj
 0001:00001f90       ?ParseDomain@DNS@@CAPAEPADPAE@Z 00102390 f   dns.obj
 0001:00001fd0       ?Query@DNS@@SAXPAVNetInterface@@PAD@Z 001023d0 f   dns.obj
 0001:000020b0       ?Receive@DNS@@SAXPAVNetInterface@@PAUIPv4_Header@@PAUUDP_Packet@@PAUNetPacket@@@Z 001024b0 f   dns.obj
 0001:00002210       ?CreatePacket@Eth@@SAPAUNetPacket@@PAVNetInterface@@UMacAddress@@GI@Z 00102610 f   eth.obj
 0001:00002280       ?Decode@Eth@@SA_NPAUEthPacket@@PAUNetPacket@@@Z 00102680 f   eth.obj
 0001:00002300       ?Receive@Eth@@SAXPAVNetInterface@@PAUNetPacket@@@Z 00102700 f   eth.obj
 0001:000023a0       ?Send@Eth@@SAXPAVNetInterface@@PAUNetPacket@@@Z 001027a0 f   eth.obj
 0001:000023b0       ??0WebClient@@QAE@XZ       001027b0 f   http.obj
 0001:000023c0       ?Download@WebClient@@QAEHVString@std@@AAPAE@Z 001027c0 f   http.obj
 0001:000023e0       ?Send@WebClient@@QAEXVString@std@@PAEI@Z 001027e0 f   http.obj
 0001:00002470       ?Decode@ICMP@@SA_NPAUICMP_Packet@@PAUNetPacket@@@Z 00102870 f   icmp.obj
 0001:000024e0       ?Receive@ICMP@@SAXPAVNetInterface@@PAUIPv4_Header@@PAUNetPacket@@@Z 001028e0 f   icmp.obj
 0001:00002530       ?Send@ICMP@@SAXPAVNetInterface@@PAUICMP_Packet@@UIPv4Address@@E@Z 00102930 f   icmp.obj
 0001:000025d0       ?SendReply@ICMP@@SAXPAVNetInterface@@PAUICMP_Packet@@UIPv4Address@@@Z 001029d0 f   icmp.obj
 0001:00002660       ?CreatePacket@IPv4@@SAPAUNetPacket@@PAVNetInterface@@UIPv4Address@@EI@Z 00102a60 f   ipv4.obj
 0001:000027e0       ?Decode@IPv4@@SA_NPAUIPv4_Header@@PAUNetPacket@@@Z 00102be0 f   ipv4.obj
 0001:00002850       ?Receive@IPv4@@SAXPAVNetInterface@@PAUEthPacket@@PAUNetPacket@@@Z 00102c50 f   ipv4.obj
 0001:00002950       ?Send@IPv4@@SAXPAVNetInterface@@PAUNetPacket@@@Z 00102d50 f   ipv4.obj
 0001:00002960       ?Init@Net@@SAIXZ           00102d60 f   net.obj
 0001:00002970       ?NetEthReceive@@YAXPAVNetInterface@@PAUNetPacket@@@Z 00102d70 f   net.obj
 0001:00002980       ?CreatePacket@TCP@@SAPAUNetPacket@@PAVNetInterface@@UIPv4Address@@GGEIIPAEI@Z 00102d80 f   tcp.obj
 0001:00002a70       ?CreateSession@TCP@@SAPAVTcpSession@@XZ 00102e70 f   tcp.obj
 0001:00002ab0       ?Decode@TCP@@SA_NPAUTCP_Packet@@PAUNetPacket@@@Z 00102eb0 f   tcp.obj
 0001:00002b60       ?Receive@TCP@@SAXPAVNetInterface@@PAUIPv4_Header@@PAUNetPacket@@@Z 00102f60 f   tcp.obj
 0001:00002c60       ?Send@TCP@@SAXPAVNetInterface@@PAUNetPacket@@@Z 00103060 f   tcp.obj
 0001:00002c70       ??0TcpSession@@QAE@XZ      00103070 f   tcpsession.obj
 0001:00002c90       ?Close@TcpSession@@QAEXXZ  00103090 f   tcpsession.obj
 0001:00002d90       ?Connect@TcpSession@@QAEXUIPv4Address@@G@Z 00103190 f   tcpsession.obj
 0001:00002f10       ?Listen@TcpSession@@QAEXG@Z 00103310 f   tcpsession.obj
 0001:00002f40       ?Receive@TcpSession@@QAEXPAUIPv4_Header@@PAUTCP_Packet@@@Z 00103340 f   tcpsession.obj
 0001:000030d0       ?ReceivedData@TcpSession@@QAEXPAUIPv4_Header@@PAUTCP_Packet@@@Z 001034d0 f   tcpsession.obj
 0001:00003130       ?Reset@TcpSession@@AAEXXZ  00103530 f   tcpsession.obj
 0001:00003150       ?Send@TcpSession@@AAE_NEPAEI@Z 00103550 f   tcpsession.obj
 0001:000031a0       ?SendData@TcpSession@@QAE_NPAEI@Z 001035a0 f   tcpsession.obj
 0001:000031f0       ??0TcpSocket@@QAE@XZ       001035f0 f   tcpsocket.obj
 0001:00003200       ?Close@TcpSocket@@QAE_NXZ  00103600 f   tcpsocket.obj
 0001:00003220       ?Connect@TcpSocket@@QAE_NUIPv4Address@@G@Z 00103620 f   tcpsocket.obj
 0001:00003250       ?Listen@TcpSocket@@QAE_NG@Z 00103650 f   tcpsocket.obj
 0001:00003280       ?Send@TcpSocket@@QAE_NPAEI@Z 00103680 f   tcpsocket.obj
 0001:000032b0       ?RunTextEdit@apps@@YAXXZ   001036b0 f   TextEdit.obj
 0001:00003480       ?UpdateCanvas@apps@@YAXXZ  00103880 f   TextEdit.obj
 0001:00003490       ?CreatePacket@UDP@@SAPAUNetPacket@@PAVNetInterface@@UIPv4Address@@GGPAEI@Z 00103890 f   udp.obj
 0001:00003550       ?Decode@UDP@@SA_NPAUUDP_Packet@@PAUNetPacket@@@Z 00103950 f   udp.obj
 0001:000035c0       ?Receive@UDP@@SAXPAVNetInterface@@PAUIPv4_Header@@PAUNetPacket@@@Z 001039c0 f   udp.obj
 0001:00003670       ?Send@UDP@@SAXPAVNetInterface@@PAUNetPacket@@@Z 00103a70 f   udp.obj
 0001:00003680       ??0UdpSocket@@QAE@G@Z      00103a80 f   udpsocket.obj
 0001:000036a0       ??1UdpSocket@@QAE@XZ       00103aa0 f   udpsocket.obj
 0001:000036b0       ?Receive@UdpSocket@@QAEHAAPAE@Z 00103ab0 f   udpsocket.obj
 0001:000036c0       ?Send@UdpSocket@@QAEXUIPv4Address@@PAEG@Z 00103ac0 f   udpsocket.obj
 0001:00003700       ??_H@YGXPAXIIP6EPAX0@Z@Z   00103b00 f i OS.obj
 0001:00003730       ?Main@OS@@SAXXZ            00103b30 f   OS.obj
 0001:00003770       ?ThrowException@OS@@SAXPAD0@Z 00103b70 f   OS.obj
 0001:00003780       ?Add@?$List@VString@std@@@std@@QAEXVString@2@@Z 00103b80 f i string.obj
 0001:00003880       ?Split@String@std@@QAEXAAV?$List@VString@std@@@2@D@Z 00103c80 f   string.obj
 0001:000039c0       ??0Window@gui@@QAE@XZ      00103dc0 f   Window.obj
 0001:00003af0       ?Close@Window@gui@@QAEXXZ  00103ef0 f   Window.obj
 0001:00003b70       ?CreateControl@Window@gui@@QAEPAVControl@2@W4CONTROL_TYPE@2@PADHHHHH@Z 00103f70 f   Window.obj
 0001:00003d40       ?CreateGraphics@GC@@SA?AU1@HH@Z 00104140 f i Window.obj
 0001:00003d90       ?DispatchMessage@Window@gui@@QAEXUWND_MSG@2@@Z 00104190 f   Window.obj
 0001:00003dd0       ?GetControlAt@Window@gui@@QAEPAVControl@2@HH@Z 001041d0 f   Window.obj
 0001:00003e30       ?GetMessage@Window@gui@@QAE?AUWND_MSG@2@XZ 00104230 f   Window.obj
 0001:00003e80       ?Paint@Window@gui@@QAEXXZ  00104280 f   Window.obj
 0001:00003fe0       ?PaintControls@Window@gui@@AAEXXZ 001043e0 f   Window.obj
 0001:00004080       ?PaintWindow@Window@gui@@AAEXXZ 00104480 f   Window.obj
 0001:00004150       ?ReceiveSendMessage@Window@gui@@QAEXUWND_MSG@2@@Z 00104550 f   Window.obj
 0001:000041b0       ?SetFocus@Window@gui@@QAEX_N@Z 001045b0 f   Window.obj
 0001:000041d0       ?SetState@Window@gui@@QAEXW4WINDOW_STATE@2@@Z 001045d0 f   Window.obj
 0001:00004220       ?memcmp@@YAHPBX0I@Z        00104620 f   Lib:string.obj
 0001:00004260       ?memcpy@@YAPAXPAX0I@Z      00104660 f   Lib:string.obj
 0001:00004290       ?memcpy_fast_128@@YAXPAX0I@Z 00104690 f   Lib:string.obj
 0001:00004310       ?memset16@@YAPAXPAXGI@Z    00104710 f   Lib:string.obj
 0001:00004330       ?memset32@@YAPAXPAXII@Z    00104730 f   Lib:string.obj
 0001:00004350       ?memset_fast_128@@YAPAXPAXII@Z 00104750 f   Lib:string.obj
 0001:000043d0       ?strcat@@YAPADPADPBD@Z     001047d0 f   Lib:string.obj
 0001:00004400       ?strcmp@@YAIPBD0@Z         00104800 f   Lib:string.obj
 0001:00004450       ?strcpy@@YAPADPADPBD@Z     00104850 f   Lib:string.obj
 0001:00004470       ?strlen@@YAIPBD@Z          00104870 f   Lib:string.obj
 0001:00004490       ?strncat@@YAPADPADPBDH@Z   00104890 f   Lib:string.obj
 0001:000044d0       _memset                    001048d0 f   Lib:string.obj
 0001:000044f0       ?acos@@YAMM@Z              001048f0 f   Lib:math.obj
 0001:00004550       ?asin@@YAMM@Z              00104950 f   Lib:math.obj
 0001:000045b0       ?atan2@@YAMMM@Z            001049b0 f   Lib:math.obj
 0001:000046b0       ?atan@@YAMM@Z              00104ab0 f   Lib:math.obj
 0001:000046e0       ?ceil@@YAHM@Z              00104ae0 f   Lib:math.obj
 0001:00004700       ?cos@@YAMM@Z               00104b00 f   Lib:math.obj
 0001:00004720       ?fact@@YAMM@Z              00104b20 f   Lib:math.obj
 0001:00004760       ?floor@@YAHM@Z             00104b60 f   Lib:math.obj
 0001:00004780       ?log10@@YAMM@Z             00104b80 f   Lib:math.obj
 0001:000047a0       ?log2@@YAMM@Z              00104ba0 f   Lib:math.obj
 0001:000047c0       ?log@@YAMM@Z               00104bc0 f   Lib:math.obj
 0001:000047e0       ?logn@@YAMMM@Z             00104be0 f   Lib:math.obj
 0001:00004810       ?pow@@YAMMH@Z              00104c10 f   Lib:math.obj
 0001:000048f0       ?rand@@YAIXZ               00104cf0 f   Lib:math.obj
 0001:00004910       ?round@@YAHM@Z             00104d10 f   Lib:math.obj
 0001:00004930       ?sin@@YAMM@Z               00104d30 f   Lib:math.obj
 0001:00004950       ?sqrt@@YAMM@Z              00104d50 f   Lib:math.obj
 0001:00004970       ?srand@@YAXI@Z             00104d70 f   Lib:math.obj
 0001:00004980       ?tan@@YAMM@Z               00104d80 f   Lib:math.obj
 0001:000049b0       ?atof@@YAMPBD@Z            00104db0 f   Lib:stdio.obj
 0001:00004a50       ?atoi@@YAHPBD@Z            00104e50 f   Lib:stdio.obj
 0001:00004a70       ?ftoa@@YAPADMIPAD@Z        00104e70 f   Lib:stdio.obj
 0001:00004b90       ?itoa@@YAPADHIPAD_N@Z      00104f90 f   Lib:stdio.obj
 0001:00004c20       ?strtol@@YAJPBDPAPADH@Z    00105020 f   Lib:stdio.obj
 0001:00004d70       ?vprintf@@YAPADPADPBDZZ    00105170 f   Lib:stdio.obj
 0001:00004d90       ?vsprintf@@YAPADPADPBDPAE@Z 00105190 f   Lib:stdio.obj
 0001:00005100       ??2@YAPAXI@Z               00105500 f   KERNEL:kernel.obj
 0001:00005150       ??3@YAXPAX@Z               00105550 f   KERNEL:kernel.obj
 0001:00005170       ??_U@YAPAXI@Z              00105570 f   KERNEL:kernel.obj
 0001:00005200       ??_V@YAXPAX@Z              00105600 f   KERNEL:kernel.obj
 0001:00005210       ?Init@Kernel@@SAXPAUMULTIBOOT_INFO@@@Z 00105610 f   KERNEL:kernel.obj
 0001:000052b0       ?CreateThread@Task@@SAPAVThread@@PAX@Z 001056b0 f   KERNEL:task.obj
 0001:00005350       ?Idle@Task@@CAXXZ          00105750 f   KERNEL:task.obj
 0001:00005360       ?Init@Task@@SAIXZ          00105760 f   KERNEL:task.obj
 0001:00005460       ?InsertThread@Task@@SAXPAVThread@@@Z 00105860 f   KERNEL:task.obj
 0001:000054a0       ?Schedule@Task@@CAXXZ      001058a0 f   KERNEL:task.obj
 0001:000054c0       ?StartThreading@Task@@SAXXZ 001058c0 f   KERNEL:task.obj
 0001:00005500       ?Task_ISR@Task@@CAXXZ      00105900 f   KERNEL:task.obj
 0001:00005540       ?BitBlt@Drawing@@SAXUGC@@HHHH0HH_N@Z 00105940 f   KERNEL:drawing.obj
 0001:000057a0       ?BlendAlpha@Drawing@@CAIII@Z 00105ba0 f i KERNEL:drawing.obj
 0001:00005860       ?Clear@Drawing@@SAXIUGC@@@Z 00105c60 f   KERNEL:drawing.obj
 0001:00005890       ?Draw@Drawing@@SAXUGC@@@Z  00105c90 f   KERNEL:drawing.obj
 0001:000058c0       ?DrawBezierCube@Drawing@@SAXPAUPoint@@HUGC@@@Z 00105cc0 f   KERNEL:drawing.obj
 0001:00005b20       ?DrawBezierQuad@Drawing@@SAXPAUPoint@@HUGC@@@Z 00105f20 f   KERNEL:drawing.obj
 0001:00005cc0       ?DrawImage@Drawing@@SAXHHHHPAUBMP@@UGC@@@Z 001060c0 f   KERNEL:drawing.obj
 0001:00005dc0       ?DrawLine@Drawing@@SAXHHHHIUGC@@@Z 001061c0 f   KERNEL:drawing.obj
 0001:00005ef0       ?DrawRect@Drawing@@SAXHHHHHIUGC@@@Z 001062f0 f   KERNEL:drawing.obj
 0001:00005fc0       ?DrawText@Drawing@@SAXHHPADIIUGC@@@Z 001063c0 f   KERNEL:drawing.obj
 0001:000060d0       ?DrawText@Drawing@@SAXHHPADIUGC@@@Z 001064d0 f   KERNEL:drawing.obj
 0001:000061a0       ?FillRect@Drawing@@SAXHHHHIUGC@@@Z 001065a0 f   KERNEL:drawing.obj
 0001:00006250       ?Init@Drawing@@SAIHHPAI@Z  00106650 f   KERNEL:drawing.obj
 0001:000062e0       ?SetPixel@Drawing@@SAXHHIUGC@@@Z 001066e0 f   KERNEL:drawing.obj
 0001:00006330       ?Clear@Debug@@SAXI@Z       00106730 f   KERNEL:debug.obj
 0001:00006350       ?Dump@Debug@@SAXPAXH_N@Z   00106750 f   KERNEL:debug.obj
 0001:000064f0       ?Print@Debug@@SAXPADZZ     001068f0 f   KERNEL:debug.obj
 0001:00006750       ?Putc@Debug@@SAXD_N@Z      00106b50 f   KERNEL:debug.obj
 0001:00006970       ?Init@Mouse@@SAIIIM@Z      00106d70 f   KERNEL:mouse.obj
 0001:00006c60       ?MouseRead@Mouse@@CAEXZ    00107060 f   KERNEL:mouse.obj
 0001:00006c90       ?MouseWait@Mouse@@CAXE@Z   00107090 f   KERNEL:mouse.obj
 0001:00006cd0       ?MouseWrite@Mouse@@CAXE@Z  001070d0 f   KERNEL:mouse.obj
 0001:00006d30       ?Mouse_ISR@Mouse@@CAXXZ    00107130 f   KERNEL:mouse.obj
 0001:00006e70       ?Init@PIT@@SAIXZ           00107270 f   KERNEL:pit.obj
 0001:00006eb0       ?PIT_ISR@PIT@@CAXXZ        001072b0 f   KERNEL:pit.obj
 0001:00006ec0       ?ReadData@PIT@@CAEE@Z      001072c0 f   KERNEL:pit.obj
 0001:00006ef0       ?SendData@PIT@@CAXGE@Z     001072f0 f   KERNEL:pit.obj
 0001:00006f30       ?Sleep@PIT@@SAXI@Z         00107330 f   KERNEL:pit.obj
 0001:00006f50       ?Start@PIT@@CAIXZ          00107350 f   KERNEL:pit.obj
 0001:00006f90       ?ATA_Interrupt@ATA@@CAXXZ  00107390 f   KERNEL:ata.obj
 0001:00006fa0       ?Init@ATA@@SAIXZ           001073a0 f   KERNEL:ata.obj
 0001:00006fd0       ?Read@ATA@@SAIHHHAAPADH@Z  001073d0 f   KERNEL:ata.obj
 0001:000071e0       ?ReadSector@ATA@@CAIHHHPAD@Z 001075e0 f   KERNEL:ata.obj
 0001:00007390       ?DecodeAscii@Keyboard@@CAXAAUKEY_PACKET@@@Z 00107790 f   KERNEL:keyboard.obj
 0001:00007660       ?DiscardLastKey@Keyboard@@SAXXZ 00107a60 f   KERNEL:keyboard.obj
 0001:00007670       ?GetKeyDown@Keyboard@@SA_NW4KEYCODE@@@Z 00107a70 f   KERNEL:keyboard.obj
 0001:00007680       ?GetLastKey@Keyboard@@SA?AUKEY_PACKET@@XZ 00107a80 f   KERNEL:keyboard.obj
 0001:000076a0       ?Init@Keyboard@@SAIXZ      00107aa0 f   KERNEL:keyboard.obj
 0001:000076c0       ?Keyboard_ISR@Keyboard@@CAXXZ 00107ac0 f   KERNEL:keyboard.obj
 0001:000078b0       ?Checksum@KNet@@SAGPAXH@Z  00107cb0 f   KERNEL:net.obj
 0001:00007930       ?ChecksumDouble@KNet@@SAGPAXH0H@Z 00107d30 f   KERNEL:net.obj
 0001:00007a10       ?Init@KNet@@SAIXZ          00107e10 f   KERNEL:net.obj
 0001:00007a70       ?PrintIP@KNet@@SAXPADUIPv4Address@@@Z 00107e70 f   KERNEL:net.obj
 0001:00007ab0       ?PrintMac@KNet@@SAXPADUMacAddress@@@Z 00107eb0 f   KERNEL:net.obj
 0001:00007b00       ?htonl@@YAII@Z             00107f00 f   KERNEL:net.obj
 0001:00007b10       ?htons@@YAGG@Z             00107f10 f   KERNEL:net.obj
 0001:00007b30       ?ntohl@@YAII@Z             00107f30 f   KERNEL:net.obj
 0001:00007b40       ?ntohs@@YAGG@Z             00107f40 f   KERNEL:net.obj
 0001:00007b60       ?KernelPanic@Panic@@SAXPAD0@Z 00107f60 f   KERNEL:panic.obj
 0001:00007c00       ?AllocBlocks@Memory@@SAPAXI@Z 00108000 f   KERNEL:memory.obj
 0001:00007d30       ?DeInitRegion@Memory@@SAXPAXI@Z 00108130 f   KERNEL:memory.obj
 0001:00007d80       ?FirstFree@Memory@@CAIXZ   00108180 f   KERNEL:memory.obj
 0001:00007dc0       ?FirstFreeNum@Memory@@CAII@Z 001081c0 f   KERNEL:memory.obj
 0001:00007eb0       ?FreeBlocks@Memory@@SAXPAXI@Z 001082b0 f   KERNEL:memory.obj
 0001:00007f10       ?Init@Memory@@SAIIPAI@Z    00108310 f   KERNEL:memory.obj
 0001:00007f90       ?InitRegion@Memory@@SAXPAXI@Z 00108390 f   KERNEL:memory.obj
 0001:00007fe0       ?EnableFPU@CPU@@CAIXZ      001083e0 f   KERNEL:cpu.obj
 0001:00008000       ?EnableSSE@CPU@@CAIXZ      00108400 f   KERNEL:cpu.obj
 0001:00008030       ?Init@CPU@@SAIXZ           00108430 f   KERNEL:cpu.obj
 0001:00008060       ?Init@VBE@@SAIPAUVBE_MODE_INFO@@@Z 00108460 f   KERNEL:vbe.obj
 0001:000080d0       ?Init@HAL@@SAIXZ           001084d0 f   KERNEL:hal.obj
 0001:00008100       ?inb@@YAEG@Z               00108500 f   KERNEL:hal.obj
 0001:00008120       ?inl@@YAIG@Z               00108520 f   KERNEL:hal.obj
 0001:00008140       ?inw@@YAGG@Z               00108540 f   KERNEL:hal.obj
 0001:00008160       ?outb@@YAXGE@Z             00108560 f   KERNEL:hal.obj
 0001:00008170       ?outl@@YAXGI@Z             00108570 f   KERNEL:hal.obj
 0001:00008180       ?outw@@YAXGG@Z             00108580 f   KERNEL:hal.obj
 0001:00008190       ?DefaultISR@Exceptions@@SAXXZ 00108590 f   KERNEL:exceptions.obj
 0001:000081b0       ?ISR0@Exceptions@@CAXXZ    001085b0 f   KERNEL:exceptions.obj
 0001:000081d0       ?ISR10@Exceptions@@CAXXZ   001085d0 f   KERNEL:exceptions.obj
 0001:000081f0       ?ISR11@Exceptions@@CAXXZ   001085f0 f   KERNEL:exceptions.obj
 0001:00008210       ?ISR12@Exceptions@@CAXXZ   00108610 f   KERNEL:exceptions.obj
 0001:00008230       ?ISR13@Exceptions@@CAXXZ   00108630 f   KERNEL:exceptions.obj
 0001:00008250       ?ISR14@Exceptions@@CAXXZ   00108650 f   KERNEL:exceptions.obj
 0001:00008270       ?ISR15@Exceptions@@CAXXZ   00108670 f   KERNEL:exceptions.obj
 0001:00008290       ?ISR16@Exceptions@@CAXXZ   00108690 f   KERNEL:exceptions.obj
 0001:000082b0       ?ISR17@Exceptions@@CAXXZ   001086b0 f   KERNEL:exceptions.obj
 0001:000082d0       ?ISR18@Exceptions@@CAXXZ   001086d0 f   KERNEL:exceptions.obj
 0001:000082f0       ?ISR19@Exceptions@@CAXXZ   001086f0 f   KERNEL:exceptions.obj
 0001:00008310       ?ISR1@Exceptions@@CAXXZ    00108710 f   KERNEL:exceptions.obj
 0001:00008330       ?ISR2@Exceptions@@CAXXZ    00108730 f   KERNEL:exceptions.obj
 0001:00008350       ?ISR3@Exceptions@@CAXXZ    00108750 f   KERNEL:exceptions.obj
 0001:00008370       ?ISR4@Exceptions@@CAXXZ    00108770 f   KERNEL:exceptions.obj
 0001:00008390       ?ISR5@Exceptions@@CAXXZ    00108790 f   KERNEL:exceptions.obj
 0001:000083b0       ?ISR6@Exceptions@@CAXIII@Z 001087b0 f   KERNEL:exceptions.obj
 0001:00008430       ?ISR7@Exceptions@@CAXXZ    00108830 f   KERNEL:exceptions.obj
 0001:00008450       ?ISR8@Exceptions@@CAXXZ    00108850 f   KERNEL:exceptions.obj
 0001:00008470       ?ISR9@Exceptions@@CAXXZ    00108870 f   KERNEL:exceptions.obj
 0001:00008490       ?Init@Exceptions@@SAIXZ    00108890 f   KERNEL:exceptions.obj
 0001:00008590       ?Create@PCI@@CAPAUPCI_DEVICE@@EEE@Z 00108990 f   KERNEL:pci.obj
 0001:00008650       ?GetDevice@PCI@@SAPAUPCI_DEVICE@@HHH@Z 00108a50 f   KERNEL:pci.obj
 0001:00008800       ?Init@PCI@@SAIXZ           00108c00 f   KERNEL:pci.obj
 0001:00008810       ?Read@PCI@@CAIEEEEE@Z      00108c10 f   KERNEL:pci.obj
 0001:00008880       ?printdev@@YAXPAUPCI_DEVICE@@@Z 00108c80 f   KERNEL:pci.obj
 0001:000088c0       ?EmptyISR@IDT@@SAXXZ       00108cc0 f   KERNEL:idt.obj
 0001:000088d0       ?GetIR@IDT@@SAPAUIDT_DESCRIPTOR@@I@Z 00108cd0 f   KERNEL:idt.obj
 0001:000088e0       ?GetVect@IDT@@SAP6AXXZH@Z  00108ce0 f   KERNEL:idt.obj
 0001:00008910       ?Init@IDT@@SAIXZ           00108d10 f   KERNEL:idt.obj
 0001:00008980       ?SetISR@IDT@@SAIIP6AXXZ@Z  00108d80 f   KERNEL:idt.obj
 0001:000089c0       ?Init@PIC@@SAIXZ           00108dc0 f   KERNEL:pic.obj
 0001:00008a20       ?InterruptDone@PIC@@SAXG@Z 00108e20 f   KERNEL:pic.obj
 0001:00008a50       ?ReadData@PIC@@CAEE@Z      00108e50 f   KERNEL:pic.obj
 0001:00008a80       ?SendCommand@PIC@@CAXEE@Z  00108e80 f   KERNEL:pic.obj
 0001:00008ab0       ?SendData@PIC@@CAXGE@Z     00108eb0 f   KERNEL:pic.obj
 0001:00008ad9       ??1type_info@@UAE@XZ       00108ed9 f   LIBCMT:std_type_info_static.obj
 0001:00008ae0       ??_Gtype_info@@UAEPAXI@Z   00108ee0 f i LIBCMT:std_type_info_static.obj
 0001:00008ae0       ??_Etype_info@@UAEPAXI@Z   00108ee0 f i LIBCMT:std_type_info_static.obj
 0001:00008b03       ??3@YAXPAXI@Z              00108f03 f   LIBCMT:delete_scalar_size.obj
 0002:00000004       ??_7Control@gui@@6B@       00109004     Button.obj
 0002:00000010       ??_7Button@gui@@6B@        00109010     Button.obj
 0002:0000001c       ??_7Canvas@gui@@6B@        0010901c     Canvas.obj
 0002:00000024       ??_C@_0BC@HJLBEKHE@Delta?3?5?$CFi?7FPS?3?5?$CFi?$AA@ 00109024     GUI.obj
 0002:00000038       ??_C@_06LAFIDHKA@?$CFi?6?$CFi?6?$AA@ 00109038     GUI.obj
 0002:00000040       __xmm@0000000e000000080000000000000000 00109040     GUI.obj
 0002:00000050       ??_C@_06JJGECBPI@?$CFs?5?$CFi?6?$AA@ 00109050     iso.obj
 0002:00000058       ??_C@_03OFAPEBGM@?$CFs?6?$AA@ 00109058     iso.obj
 0002:00000060       ??_7Label@gui@@6B@         00109060     Label.obj
 0002:00000068       ??_C@_03PELOGHMK@?$CFi?6?$AA@ 00109068     Mandelbrot.obj
 0002:0000006c       ??_C@_06CMGOICJA@Start?6?$AA@ 0010906c     Mandelbrot.obj
 0002:00000074       ??_C@_0BD@OAOOOKEK@Ticks?3?5?$CFi?7FPS?3?5?$CFi?6?$AA@ 00109074     Mandelbrot.obj
 0002:00000088       ??_C@_09JHEKFLJE@Zoom?3?5?$CFf?6?$AA@ 00109088     Mandelbrot.obj
 0002:00000094       __real@1adaca00            00109094     Mandelbrot.obj
 0002:00000098       __real@3ff0000000000000    00109098     Mandelbrot.obj
 0002:000000a0       __real@4010000000000000    001090a0     Mandelbrot.obj
 0002:000000a8       __real@4088000000000000    001090a8     Mandelbrot.obj
 0002:000000b0       __real@40f0000000000000    001090b0     Mandelbrot.obj
 0002:000000b8       __real@437f0000            001090b8     Mandelbrot.obj
 0002:000000bc       __real@447a0000            001090bc     Mandelbrot.obj
 0002:000000c0       ??_C@_0BJ@FHJFEPME@arp?3?5sending?5request?5to?5?$AA@ 001090c0     arp.obj
 0002:000000dc       ??_C@_0BH@NFEPIOCG@arp?3?5sending?5reply?5to?5?$AA@ 001090dc     arp.obj
 0002:000000f4       ??_C@_0BB@NPEPEJMJ@ARP?5added?5entry?5?$AA@ 001090f4     arp.obj
 0002:00000108       ??_C@_0O@MBFFJLEF@DHCP?5RECEIVE?6?$AA@ 00109108     dhcp.obj
 0002:00000118       ??_C@_0O@IJAKJLNJ@Received?5DNS?6?$AA@ 00109118     dns.obj
 0002:00000128       ??_C@_0BF@DPFFLPFA@DNS?5added?5entry?3?5?$CFs?5?$AA@ 00109128     dns.obj
 0002:0000013d       ??_C@_00CNPNBAHC@?$AA@     0010913d     dns.obj
 0002:00000140       ??_C@_0M@KNKKGHNO@PARSED?5IP?3?5?$AA@ 00109140     http.obj
 0002:0000014c       ??_C@_0BO@OHMKJDEI@Flags?3?5?$CFux?7ACK?3?5?$CFui?7SEQ?3?5?$CFui?6?$AA@ 0010914c     tcpsession.obj
 0002:0000016c       ??_C@_0L@EIILFCEB@Connected?6?$AA@ 0010916c     tcpsession.obj
 0002:00000178       ??_C@_07IPMAGINO@Closed?6?$AA@ 00109178     tcpsession.obj
 0002:00000180       ??_C@_0BA@FHBAHEGN@Timeout?5closed?6?$AA@ 00109180     tcpsession.obj
 0002:00000190       ??_C@_05PABKJLOM@Title?$AA@ 00109190     TextEdit.obj
 0002:00000198       ??_C@_05IEIONIFO@Label?$AA@ 00109198     TextEdit.obj
 0002:000001a0       ??_C@_06LKBCGDFD@Button?$AA@ 001091a0     TextEdit.obj
 0002:000001a8       ??_C@_04LBABLPF@Exit?$AA@  001091a8     TextEdit.obj
 0002:000001b0       ??_C@_04OEPMCOLO@TEXT?$AA@ 001091b0     TextEdit.obj
 0002:000001b8       ??_C@_0O@FOFNHLMB@Another?5title?$AA@ 001091b8     TextEdit.obj
 0002:000001c8       ??_C@_07CDBKEHGM@Clicked?$AA@ 001091c8     TextEdit.obj
 0002:000001d0       ??_C@_05KHPFCEDO@?$CFi?5?$CFi?$AA@ 001091d0     TextEdit.obj
 0002:000001d8       __real@00000000            001091d8     Lib:math.obj
 0002:000001dc       __real@3e8f5c29            001091dc     Lib:math.obj
 0002:000001e0       __real@3f800000            001091e0     Lib:math.obj
 0002:000001e8       __real@3fe0000000000000    001091e8     Lib:math.obj
 0002:000001f0       __real@3ff921fb54442eea    001091f0     Lib:math.obj
 0002:000001f8       __real@400921fb54442eea    001091f8     Lib:math.obj
 0002:00000200       __real@40490fdb            00109200     Lib:math.obj
 0002:00000204       __real@bfc90fdb            00109204     Lib:math.obj
 0002:00000210       __xmm@7fffffff7fffffff7fffffff7fffffff 00109210     Lib:math.obj
 0002:00000220       ??_C@_03LHCJEHON@nan?$AA@  00109220     Lib:stdio.obj
 0002:00000224       ??_C@_03OJHLLCGB@inf?$AA@  00109224     Lib:stdio.obj
 0002:00000228       ??_C@_01GBGANLPD@0?$AA@    00109228     Lib:stdio.obj
 0002:00000230       __real@3f1a36e2eb1c432d    00109230     Lib:stdio.obj
 0002:00000238       __real@41200000            00109238     Lib:stdio.obj
 0002:0000023c       __real@bf800000            0010923c     Lib:stdio.obj
 0002:00000240       __xmm@46454443424139383736353433323130 00109240     Lib:stdio.obj
 0002:00000250       __real@39800000            00109250     KERNEL:kernel.obj
 0002:00000260       __xmm@41f00000000000000000000000000000 00109260     KERNEL:kernel.obj
 0002:00000270       __real@3c000000            00109270     KERNEL:drawing.obj
 0002:00000274       ??_C@_04PFOHOKJK@?5?5?5?5?$AA@ 00109274     KERNEL:debug.obj
 0002:0000027c       ??_C@_01CLKCMJKC@?5?$AA@   0010927c     KERNEL:debug.obj
 0002:00000280       ??_C@_03IKGEINEE@?$CFs?5?$AA@ 00109280     KERNEL:debug.obj
 0002:000003f8       ??_C@_0P@JJOCPBNH@?$CFs?$CFi?4?$CFi?4?$CFi?4?$CFi?6?$AA@ 001093f8     KERNEL:net.obj
 0002:00000408       ??_C@_0BF@MCJEFIGG@?$CFs?$CFx?3?$CFx?3?$CFx?3?$CFx?3?$CFx?3?$CFx?6?$AA@ 00109408     KERNEL:net.obj
 0002:00000420       ??_C@_0BK@KHJFGGEJ@Default?5interrupt?5handler?$AA@ 00109420     KERNEL:exceptions.obj
 0002:0000043c       ??_C@_0BB@CAGHCAFL@Division?5by?5zero?$AA@ 0010943c     KERNEL:exceptions.obj
 0002:00000450       ??_C@_05GCIPIGEI@Debug?$AA@ 00109450     KERNEL:exceptions.obj
 0002:00000458       ??_C@_0BH@DLMGGJOP@Non?9Maskable?5interrupt?$AA@ 00109458     KERNEL:exceptions.obj
 0002:00000470       ??_C@_0L@DEJAMIEF@Breakpoint?$AA@ 00109470     KERNEL:exceptions.obj
 0002:0000047c       ??_C@_08KJPBNJGC@Overflow?$AA@ 0010947c     KERNEL:exceptions.obj
 0002:00000488       ??_C@_0BF@KABNNNC@Bound?5range?5exceeded?$AA@ 00109488     KERNEL:exceptions.obj
 0002:000004a0       ??_C@_0BJ@JILCCCBH@0x?$CFux?70x?$CFux?70x?$CFux?70x?$CFux?6?$AA@ 001094a0     KERNEL:exceptions.obj
 0002:000004bc       ??_C@_06NIEMCLMH@0x?$CFux?6?$AA@ 001094bc     KERNEL:exceptions.obj
 0002:000004c4       ??_C@_0P@GJJPHHDN@Invalid?5opcode?$AA@ 001094c4     KERNEL:exceptions.obj
 0002:000004d4       ??_C@_0BF@COPPNEEP@Device?5not?5available?$AA@ 001094d4     KERNEL:exceptions.obj
 0002:000004ec       ??_C@_0N@EMHPBCJE@Double?5fault?$AA@ 001094ec     KERNEL:exceptions.obj
 0002:000004fc       ??_C@_0BM@FLNHCLJG@Coprocessor?5segment?5overrun?$AA@ 001094fc     KERNEL:exceptions.obj
 0002:00000518       ??_C@_0M@OLMALBPG@Invalid?5TSS?$AA@ 00109518     KERNEL:exceptions.obj
 0002:00000524       ??_C@_0BE@FPPPAKKN@Segment?5not?5present?$AA@ 00109524     KERNEL:exceptions.obj
 0002:00000538       ??_C@_0BE@OLMOIPB@Stack?9segment?5fault?$AA@ 00109538     KERNEL:exceptions.obj
 0002:0000054c       ??_C@_0BJ@LDJBBLLL@General?5protection?5fault?$AA@ 0010954c     KERNEL:exceptions.obj
 0002:00000568       ??_C@_0L@JBNHOLPF@Page?5fault?$AA@ 00109568     KERNEL:exceptions.obj
 0002:00000574       ??_C@_0O@EBPJONIA@15?5?$CIReserved?$CJ?$AA@ 00109574     KERNEL:exceptions.obj
 0002:00000584       ??_C@_0BN@OAPCMCOK@x87?5Floating?9point?5exception?$AA@ 00109584     KERNEL:exceptions.obj
 0002:000005a4       ??_C@_0BA@DMDLEFCI@Alignment?5check?$AA@ 001095a4     KERNEL:exceptions.obj
 0002:000005b4       ??_C@_0O@LHBOKIFP@Machine?5check?$AA@ 001095b4     KERNEL:exceptions.obj
 0002:000005c4       ??_C@_0BO@PAHIJHOM@SIMD?5floating?9point?5exception?$AA@ 001095c4     KERNEL:exceptions.obj
 0002:000005e8       ??_C@_0EO@NIHBEAOP@Bus?3?5?$CFx?5Device?3?5?$CFx?5Function?3?5?$CFx?5@ 001095e8     KERNEL:pci.obj
 0002:0000063c       ??_7type_info@@6B@         0010963c     LIBCMT:std_type_info_static.obj
 0002:00000694       ??_R4Control@gui@@6B@      00109694     Button.obj
 0002:000006a8       ??_R3Control@gui@@8        001096a8     Button.obj
 0002:000006b8       ??_R2Control@gui@@8        001096b8     Button.obj
 0002:000006c0       ??_R1A@?0A@EA@Control@gui@@8 001096c0     Button.obj
 0002:000006dc       ??_R4Button@gui@@6B@       001096dc     Button.obj
 0002:000006f0       ??_R3Button@gui@@8         001096f0     Button.obj
 0002:00000700       ??_R2Button@gui@@8         00109700     Button.obj
 0002:0000070c       ??_R1A@?0A@EA@Button@gui@@8 0010970c     Button.obj
 0002:00000728       ??_R4Canvas@gui@@6B@       00109728     Canvas.obj
 0002:0000073c       ??_R3Canvas@gui@@8         0010973c     Canvas.obj
 0002:0000074c       ??_R2Canvas@gui@@8         0010974c     Canvas.obj
 0002:00000758       ??_R1A@?0A@EA@Canvas@gui@@8 00109758     Canvas.obj
 0002:00000774       ??_R4Label@gui@@6B@        00109774     Label.obj
 0002:00000788       ??_R3Label@gui@@8          00109788     Label.obj
 0002:00000798       ??_R2Label@gui@@8          00109798     Label.obj
 0002:000007a4       ??_R1A@?0A@EA@Label@gui@@8 001097a4     Label.obj
 0002:000007c0       ??_R4type_info@@6B@        001097c0     LIBCMT:std_type_info_static.obj
 0002:000007d4       ??_R3type_info@@8          001097d4     LIBCMT:std_type_info_static.obj
 0002:000007e4       ??_R2type_info@@8          001097e4     LIBCMT:std_type_info_static.obj
 0002:000007ec       ??_R1A@?0A@EA@type_info@@8 001097ec     LIBCMT:std_type_info_static.obj
 0003:00000000       ?cursor_bitmap@gui@@3PAIA  00109a00     GUI.obj
 0003:000001c0       ?col_taskbar@gui@@3IA      00109bc0     GUI.obj
 0003:000001c4       ?col_desktop_bg@gui@@3IA   00109bc4     GUI.obj
 0003:000001c8       ?count@@3HA                00109bc8     Mandelbrot.obj
 0003:000001cc       ?col_background@gui@@3IA   00109bcc     Window.obj
 0003:000001d0       ?col_foreground@gui@@3IA   00109bd0     Window.obj
 0003:000001d4       ?col_title@gui@@3IA        00109bd4     Window.obj
 0003:000011e0       ?color@Debug@@2IA          0010abe0     KERNEL:debug.obj
 0003:000011e4       ?bcolor@Debug@@2IA         0010abe4     KERNEL:debug.obj
 0003:000011e8       __fltused                  0010abe8     LIBCMT:fltused.obj
 0003:000011ec       ??_R0?AVControl@gui@@@8    0010abec     Button.obj
 0003:00001208       ??_R0?AVButton@gui@@@8     0010ac08     Button.obj
 0003:00001224       ??_R0?AVCanvas@gui@@@8     0010ac24     Canvas.obj
 0003:00001240       ??_R0?AVLabel@gui@@@8      0010ac40     Label.obj
 0003:00001258       ??_R0?AVtype_info@@@8      0010ac58     LIBCMT:std_type_info_static.obj
 0003:00001270       ?_kernel_stack@@3PADA      0010ac70     boot.obj
 0003:00003210       ?bmp_background@gui@@3PAUBMP@@A 0010cc10     GUI.obj
 0003:00003214       ?window_count@gui@@3HA     0010cc14     GUI.obj
 0003:00003218       ?first_window@gui@@3PAVWindow@1@A 0010cc18     GUI.obj
 0003:0000321c       ?last_window@gui@@3PAVWindow@1@A 0010cc1c     GUI.obj
 0003:00003220       ?focused_window@gui@@3PAVWindow@1@A 0010cc20     GUI.obj
 0003:00003224       ?cursor_x@gui@@3HA         0010cc24     GUI.obj
 0003:00003228       ?cursor_y@gui@@3HA         0010cc28     GUI.obj
 0003:0000322c       ?mouse_click_L@gui@@3_NA   0010cc2c     GUI.obj
 0003:0000322d       ?mouse_click_R@gui@@3_NA   0010cc2d     GUI.obj
 0003:0000322e       ?mouse_click_M@gui@@3_NA   0010cc2e     GUI.obj
 0003:0000322f       ?window_drag@gui@@3_NA     0010cc2f     GUI.obj
 0003:00003230       ?mouse_click_L_info@gui@@3UMOUSE_CLICK_INFO@1@A 0010cc30     GUI.obj
 0003:00003250       ?mouse_click_R_info@gui@@3UMOUSE_CLICK_INFO@1@A 0010cc50     GUI.obj
 0003:00003270       ?mouse_click_M_info@gui@@3UMOUSE_CLICK_INFO@1@A 0010cc70     GUI.obj
 0003:00003290       ?window_drag_info@gui@@3UWINDOW_DRAG_INFO@1@A 0010cc90     GUI.obj
 0003:0000329c       ?hover_window@gui@@3PAVWindow@1@A 0010cc9c     GUI.obj
 0003:000032a0       ?hover_control@gui@@3PAVControl@1@A 0010cca0     GUI.obj
 0003:000032a4       ?gc_taskbar@gui@@3UGC@@A   0010cca4     GUI.obj
 0003:000032bc       ?gc_background@gui@@3UGC@@A 0010ccbc     GUI.obj
 0003:000032d4       ?gc_cursor@gui@@3UGC@@A    0010ccd4     GUI.obj
 0003:000032ec       ?desc@@3PAUISO_PRIMARYDESC@@A 0010ccec     iso.obj
 0003:000032f0       ?root@@3PAUISO_DIRECTORY@@A 0010ccf0     iso.obj
 0003:000032f4       ?tz@@3UComplex@@A          0010ccf4     Mandelbrot.obj
 0003:00003300       ?arp_cache@ARP@@0PAUARP_TABLE_ENTRY@@A 0010cd00     arp.obj
 0003:00003440       ?dns_server@DNS@@2UIPv4Address@@A 0010ce40     dns.obj
 0003:00003448       ?dns_cache@DNS@@0PAUDNS_TABLE_ENTRY@@A 0010ce48     dns.obj
 0003:00003648       ?sessions@TCP@@2PAPAVTcpSession@@A 0010d048     tcp.obj
 0003:000036c8       ?tmp@apps@@3PAVCanvas@gui@@A 0010d0c8     TextEdit.obj
 0003:000036cc       ?mem_left@@3HA             0010d0cc     KERNEL:kernel.obj
 0003:000036d0       ?mem_ptr@@3PAEA            0010d0d0     KERNEL:kernel.obj
 0003:000036d4       ?idle_thread@@3PAVThread@@A 0010d0d4     KERNEL:task.obj
 0003:000036d8       ?current_thread@@3PAVThread@@A 0010d0d8     KERNEL:task.obj
 0003:000036dc       ?first_thread@@3PAVThread@@A 0010d0dc     KERNEL:task.obj
 0003:000036e0       ?last_thread@@3PAVThread@@A 0010d0e0     KERNEL:task.obj
 0003:000036e4       ?pit_isr@@3PAXA            0010d0e4     KERNEL:task.obj
 0003:000036e8       ?screenBuffer@@3PAIA       0010d0e8     KERNEL:drawing.obj
 0003:000036ec       ?gc@Drawing@@2UGC@@A       0010d0ec     KERNEL:drawing.obj
 0003:00003704       ?gc_direct@Drawing@@2UGC@@A 0010d104     KERNEL:drawing.obj
 0003:0000371c       ?x@Debug@@2HA              0010d11c     KERNEL:debug.obj
 0003:00003720       ?y@Debug@@2HA              0010d120     KERNEL:debug.obj
 0003:00003724       ?x@Mouse@@2HA              0010d124     KERNEL:mouse.obj
 0003:00003728       ?y@Mouse@@2HA              0010d128     KERNEL:mouse.obj
 0003:0000372c       ?sensitivity@Mouse@@2MA    0010d12c     KERNEL:mouse.obj
 0003:00003730       ?mouse_L@Mouse@@2_NA       0010d130     KERNEL:mouse.obj
 0003:00003731       ?mouse_R@Mouse@@2_NA       0010d131     KERNEL:mouse.obj
 0003:00003732       ?mouse_M@Mouse@@2_NA       0010d132     KERNEL:mouse.obj
 0003:00003733       ?mouse_cycle@Mouse@@0EA    0010d133     KERNEL:mouse.obj
 0003:00003734       ?scroll_x@Mouse@@2HA       0010d134     KERNEL:mouse.obj
 0003:00003738       ?scroll_y@Mouse@@2HA       0010d138     KERNEL:mouse.obj
 0003:0000373c       ?w@Mouse@@0IA              0010d13c     KERNEL:mouse.obj
 0003:00003740       ?h@Mouse@@0IA              0010d140     KERNEL:mouse.obj
 0003:00003744       ?mouse_byte@Mouse@@0PACA   0010d144     KERNEL:mouse.obj
 0003:00003748       ?initialized@Mouse@@0_NA   0010d148     KERNEL:mouse.obj
 0003:0000374c       ?ticks@PIT@@2IA            0010d14c     KERNEL:pit.obj
 0003:00003750       ?ctrl@Keyboard@@2_NA       0010d150     KERNEL:keyboard.obj
 0003:00003751       ?shift@Keyboard@@2_NA      0010d151     KERNEL:keyboard.obj
 0003:00003752       ?alt@Keyboard@@2_NA        0010d152     KERNEL:keyboard.obj
 0003:00003753       ?caps@Keyboard@@2_NA       0010d153     KERNEL:keyboard.obj
 0003:00003754       ?num@Keyboard@@2_NA        0010d154     KERNEL:keyboard.obj
 0003:00003755       ?scroll@Keyboard@@2_NA     0010d155     KERNEL:keyboard.obj
 0003:00003756       ?extended@@3_NA            0010d156     KERNEL:keyboard.obj
 0003:00003757       ?scancode@@3EA             0010d157     KERNEL:keyboard.obj
 0003:00003758       ?keystates@@3PA_NA         0010d158     KERNEL:keyboard.obj
 0003:00003857       ?scan@@3EA                 0010d257     KERNEL:keyboard.obj
 0003:00003858       ?last_key@@3UKEY_PACKET@@A 0010d258     KERNEL:keyboard.obj
 0003:00003864       ?pressed@@3_NA             0010d264     KERNEL:keyboard.obj
 0003:00003868       ?key@@3W4KEYCODE@@A        0010d268     KERNEL:keyboard.obj
 0003:0000386c       ?intf@KNet@@2PAVNetInterface@@A 0010d26c     KERNEL:net.obj
 0003:00003870       ?GatewayIPv4@KNet@@2UIPv4Address@@A 0010d270     KERNEL:net.obj
 0003:00003874       ?GatewayMAC@KNet@@2UMacAddress@@A 0010d274     KERNEL:net.obj
 0003:0000387c       ?BroadcastMAC@KNet@@2UMacAddress@@A 0010d27c     KERNEL:net.obj
 0003:00003884       ?BroadcastIPv4@KNet@@2UIPv4Address@@A 0010d284     KERNEL:net.obj
 0003:00003888       ?NullMAC@KNet@@2UMacAddress@@A 0010d288     KERNEL:net.obj
 0003:00003890       ?NullIPv4@KNet@@2UIPv4Address@@A 0010d290     KERNEL:net.obj
 0003:00003894       ?num_blocks@Memory@@2IA    0010d294     KERNEL:memory.obj
 0003:00003898       ?num_free@Memory@@2IA      0010d298     KERNEL:memory.obj
 0003:0000389c       ?mem_size@Memory@@2IA      0010d29c     KERNEL:memory.obj
 0003:000038a0       ?mem_map@Memory@@0PAIA     0010d2a0     KERNEL:memory.obj
 0003:000038a8       ?mode@VBE@@2UVBE_MODE_INFO@@A 0010d2a8     KERNEL:vbe.obj
 0003:000039a8       ?mem_base@@3PAIA           0010d3a8     KERNEL:vbe.obj
 0003:000039ac       ?mem_max@@3PAIA            0010d3ac     KERNEL:vbe.obj
 0003:000039b0       ?mem_size@@3IA             0010d3b0     KERNEL:vbe.obj
 0003:000039b4       ?bytes_per_pixel@@3IA      0010d3b4     KERNEL:vbe.obj
 0003:000039b8       ?pixel_count@@3IA          0010d3b8     KERNEL:vbe.obj
 0003:000039c0       ?idt@IDT@@0PAUIDT_DESCRIPTOR@@A 0010d3c0     KERNEL:idt.obj
 0003:000041c0       ?idt_reg@IDT@@0UIDT_REG@@A 0010dbc0     KERNEL:idt.obj

 entry point at        0000:00000000

 Static symbols

 0002:ffff7000       __guard_fids__             00100000     LIBCMT:std_type_info_static.obj
 0001:00000198       $LN11                      00100598     Button.obj
 0001:000030a8       $LN28                      001034a8     tcpsession.obj
 0001:00003d20       $LN46                      00104120     Window.obj
 0001:000050b8       $LN49                      001054b8     Lib:stdio.obj
 0001:000050d4       $LN44                      001054d4     Lib:stdio.obj
 0001:00006738       $LN28                      00106b38     KERNEL:debug.obj
 0001:00006954       $LN22                      00106d54     KERNEL:debug.obj
 0001:00007580       $LN64                      00107980     KERNEL:keyboard.obj
 0001:00007594       $LN61                      00107994     KERNEL:keyboard.obj
 0001:000075a0       $LN65                      001079a0     KERNEL:keyboard.obj
 0001:000075d0       $LN66                      001079d0     KERNEL:keyboard.obj
 0001:000075f8       $LN67                      001079f8     KERNEL:keyboard.obj
 0001:00007630       $LN62                      00107a30     KERNEL:keyboard.obj
 0002:00000288       ?scancodes@@3QBW4KEYCODE@@B 00109288     KERNEL:keyboard.obj
 0003:000001d8       ?new_id@gui@@3HA           00109bd8     Window.obj
 0003:000001dc       ?next@@3KA                 00109bdc     Lib:math.obj
 0003:000001e0       ?DEFAULT_FONT@@3PAEA       00109be0     KERNEL:drawing.obj
