 AndyOS

 Timestamp is 59b2bec3 (Fri Sep  8 18:01:07 2017)

 Preferred load address is 00100000

 Start         Length     Name                   Class
 0001:00000000 000000b0H .text$di                CODE
 0001:000000b0 00010131H .text$mn                CODE
 0002:00000000 00000000H .gfids$y                DATA
 0002:00000000 000008a4H .rdata                  DATA
 0002:000008a4 0000033cH .rdata$r                DATA
 0002:00000be0 00000000H .edata                  DATA
 0002:00000be0 00000128H .rdata$zzzdbg           DATA
 0003:00000000 0000402cH .data                   DATA
 0003:0000402c 00000114H .data$r                 DATA
 0003:00004140 000037a6H .bss                    DATA
 0004:00000000 00000024H .CRT$XCU                DATA

  Address         Publics by Value              Rva+Base       Lib:Object

 0000:00000000       ___guard_fids_count        00000000     <absolute>
 0000:00000000       ___hybrid_code_map_count   00000000     <absolute>
 0000:00000000       ___hybrid_auxiliary_iat    00000000     <absolute>
 0000:00000000       ___safe_se_handler_table   00000000     <absolute>
 0000:00000000       ___guard_iat_count         00000000     <absolute>
 0000:00000000       ___guard_iat_table         00000000     <absolute>
 0000:00000000       ___guard_longjmp_count     00000000     <absolute>
 0000:00000000       ___dynamic_value_reloc_table 00000000     <absolute>
 0000:00000000       ___guard_fids_table        00000000     <absolute>
 0000:00000000       ___safe_se_handler_count   00000000     <absolute>
 0000:00000000       ___guard_flags             00000000     <absolute>
 0000:00000000       ___hybrid_code_map         00000000     <absolute>
 0000:00000000       ___enclave_config          00000000     <absolute>
 0000:00000000       ___guard_longjmp_table     00000000     <absolute>
 0001:000000b0       ??0BMP@@QAE@PAX@Z          001004b0 f   bmp.obj
 0001:00000130       ??0BMP@@QAE@PAXHH@Z        00100530 f   bmp.obj
 0001:00000180       ?OSBoot@@YAXPAUMULTIBOOT_HEADER@@@Z 00100580 f   boot.obj
 0001:000001c0       ?ReadFile@FileSystem@@SAIPADAAPAD@Z 001005c0 f   FileSystem.obj
 0001:000001d0       ?FindFile@ISO_FS@@SAPAUISO_DIRECTORY@@PAD@Z 001005d0 f   iso.obj
 0001:000002a0       ?Init@ISO_FS@@SAIXZ        001006a0 f   iso.obj
 0001:00000310       ?ListFiles@ISO_FS@@SAHPAD@Z 00100710 f   iso.obj
 0001:000003b0       ?ReadFile@ISO_FS@@SAIPADAAPAD@Z 001007b0 f   iso.obj
 0001:000004a0       ?ReadFile@ISO_FS@@SAIPAUISO_DIRECTORY@@AAPAD@Z 001008a0 f   iso.obj
 0001:000004d0       ?Create@Mandelbrot@@SAXHH@Z 001008d0 f   Mandelbrot.obj
 0001:00000960       ?GiveLastIteration@@YAHNNNNHH@Z 00100d60 f   Mandelbrot.obj
 0001:000009e0       ?stuff@@YAXXZ              00100de0 f   Mandelbrot.obj
 0001:00000a60       ?AddEntry@ARP@@SAXUMacAddress@@UIPv4Address@@@Z 00100e60 f   arp.obj
 0001:00000af0       ?Decode@ARP@@SA_NPAUARP_Header@@PAUNetPacket@@@Z 00100ef0 f   arp.obj
 0001:00000b60       ?Init@ARP@@SAIXZ           00100f60 f   arp.obj
 0001:00000bc0       ?LookupMac@ARP@@SA?AUMacAddress@@UIPv4Address@@@Z 00100fc0 f   arp.obj
 0001:00000c40       ?Receive@ARP@@SAXPAVNetInterface@@PAUNetPacket@@@Z 00101040 f   arp.obj
 0001:00000d80       ?Send@ARP@@SAXPAVNetInterface@@UMacAddress@@UIPv4Address@@G@Z 00101180 f   arp.obj
 0001:00000e40       ?SendReply@ARP@@CAXPAVNetInterface@@PAUARP_Header@@@Z 00101240 f   arp.obj
 0001:00000e80       ?SendRequest@ARP@@SAXPAVNetInterface@@UIPv4Address@@@Z 00101280 f   arp.obj
 0001:00000ec0       ?DoStuff@DHCP@@SAXPAVNetInterface@@UIPv4Address@@@Z 001012c0 f   dhcp.obj
 0001:00000fa0       ?Receive@DHCP@@SAXPAVNetInterface@@PAUIPv4_Header@@PAUUDP_Packet@@PAUNetPacket@@@Z 001013a0 f   dhcp.obj
 0001:00000fb0       ?AddEntry@DNS@@SAXPADUIPv4Address@@@Z 001013b0 f   dns.obj
 0001:00001030       ?AppendDomain@DNS@@CAPAEPAEPAD@Z 00101430 f   dns.obj
 0001:00001090       ?Decode@DNS@@SA_NPAUDNS_Packet@@PAUUDP_Packet@@@Z 00101490 f   dns.obj
 0001:00001110       ?Init@DNS@@SAIXZ           00101510 f   dns.obj
 0001:00001150       ?LookupAddress@DNS@@SA?AUIPv4Address@@PAD@Z 00101550 f   dns.obj
 0001:00001190       ?ParseAnswer@DNS@@CAPAEPAUDNS_Answer@@PAE@Z 00101590 f   dns.obj
 0001:000011f0       ?ParseDomain@DNS@@CAPAEPADPAE@Z 001015f0 f   dns.obj
 0001:00001230       ?Query@DNS@@SAXPAVNetInterface@@PAD@Z 00101630 f   dns.obj
 0001:00001310       ?Receive@DNS@@SAXPAVNetInterface@@PAUIPv4_Header@@PAUUDP_Packet@@PAUNetPacket@@@Z 00101710 f   dns.obj
 0001:00001470       ?CreatePacket@Eth@@SAPAUNetPacket@@PAVNetInterface@@UMacAddress@@GI@Z 00101870 f   eth.obj
 0001:000014e0       ?Decode@Eth@@SA_NPAUEthPacket@@PAUNetPacket@@@Z 001018e0 f   eth.obj
 0001:00001560       ?Receive@Eth@@SAXPAVNetInterface@@PAUNetPacket@@@Z 00101960 f   eth.obj
 0001:00001600       ?Send@Eth@@SAXPAVNetInterface@@PAUNetPacket@@@Z 00101a00 f   eth.obj
 0001:00001610       ??0WebClient@@QAE@XZ       00101a10 f   http.obj
 0001:00001620       ?Download@WebClient@@QAEHVString@std@@AAPAE@Z 00101a20 f   http.obj
 0001:00001640       ?Send@WebClient@@QAEXVString@std@@PAEI@Z 00101a40 f   http.obj
 0001:000016c0       ?Decode@ICMP@@SA_NPAUICMP_Packet@@PAUNetPacket@@@Z 00101ac0 f   icmp.obj
 0001:00001730       ?Receive@ICMP@@SAXPAVNetInterface@@PAUIPv4_Header@@PAUNetPacket@@@Z 00101b30 f   icmp.obj
 0001:00001780       ?Send@ICMP@@SAXPAVNetInterface@@PAUICMP_Packet@@UIPv4Address@@E@Z 00101b80 f   icmp.obj
 0001:00001820       ?SendReply@ICMP@@SAXPAVNetInterface@@PAUICMP_Packet@@UIPv4Address@@@Z 00101c20 f   icmp.obj
 0001:000018b0       ?CreatePacket@IPv4@@SAPAUNetPacket@@PAVNetInterface@@UIPv4Address@@EI@Z 00101cb0 f   ipv4.obj
 0001:00001a30       ?Decode@IPv4@@SA_NPAUIPv4_Header@@PAUNetPacket@@@Z 00101e30 f   ipv4.obj
 0001:00001aa0       ?Receive@IPv4@@SAXPAVNetInterface@@PAUEthPacket@@PAUNetPacket@@@Z 00101ea0 f   ipv4.obj
 0001:00001ba0       ?Send@IPv4@@SAXPAVNetInterface@@PAUNetPacket@@@Z 00101fa0 f   ipv4.obj
 0001:00001bb0       ?Init@Net@@SAIXZ           00101fb0 f   net.obj
 0001:00001bc0       ?NetEthReceive@@YAXPAVNetInterface@@PAUNetPacket@@@Z 00101fc0 f   net.obj
 0001:00001bd0       ?CreatePacket@TCP@@SAPAUNetPacket@@PAVNetInterface@@UIPv4Address@@GGEIIPAEI@Z 00101fd0 f   tcp.obj
 0001:00001cc0       ?CreateSession@TCP@@SAPAVTcpSession@@XZ 001020c0 f   tcp.obj
 0001:00001d00       ?Decode@TCP@@SA_NPAUTCP_Packet@@PAUNetPacket@@@Z 00102100 f   tcp.obj
 0001:00001db0       ?Receive@TCP@@SAXPAVNetInterface@@PAUIPv4_Header@@PAUNetPacket@@@Z 001021b0 f   tcp.obj
 0001:00001eb0       ?Send@TCP@@SAXPAVNetInterface@@PAUNetPacket@@@Z 001022b0 f   tcp.obj
 0001:00001ec0       ??0TcpSession@@QAE@XZ      001022c0 f   tcpsession.obj
 0001:00001ee0       ?Close@TcpSession@@QAEXXZ  001022e0 f   tcpsession.obj
 0001:00001fe0       ?Connect@TcpSession@@QAEXUIPv4Address@@G@Z 001023e0 f   tcpsession.obj
 0001:00002160       ?Listen@TcpSession@@QAEXG@Z 00102560 f   tcpsession.obj
 0001:00002190       ?Receive@TcpSession@@QAEXPAUIPv4_Header@@PAUTCP_Packet@@@Z 00102590 f   tcpsession.obj
 0001:00002320       ?ReceivedData@TcpSession@@QAEXPAUIPv4_Header@@PAUTCP_Packet@@@Z 00102720 f   tcpsession.obj
 0001:00002380       ?Reset@TcpSession@@AAEXXZ  00102780 f   tcpsession.obj
 0001:000023a0       ?Send@TcpSession@@AAE_NEPAEI@Z 001027a0 f   tcpsession.obj
 0001:000023f0       ?SendData@TcpSession@@QAE_NPAEI@Z 001027f0 f   tcpsession.obj
 0001:00002440       ??0TcpSocket@@QAE@XZ       00102840 f   tcpsocket.obj
 0001:00002450       ?Close@TcpSocket@@QAE_NXZ  00102850 f   tcpsocket.obj
 0001:00002470       ?Connect@TcpSocket@@QAE_NUIPv4Address@@G@Z 00102870 f   tcpsocket.obj
 0001:000024a0       ?Listen@TcpSocket@@QAE_NG@Z 001028a0 f   tcpsocket.obj
 0001:000024d0       ?Send@TcpSocket@@QAE_NPAEI@Z 001028d0 f   tcpsocket.obj
 0001:00002500       ?CreatePacket@UDP@@SAPAUNetPacket@@PAVNetInterface@@UIPv4Address@@GGPAEI@Z 00102900 f   udp.obj
 0001:000025c0       ?Decode@UDP@@SA_NPAUUDP_Packet@@PAUNetPacket@@@Z 001029c0 f   udp.obj
 0001:00002630       ?Receive@UDP@@SAXPAVNetInterface@@PAUIPv4_Header@@PAUNetPacket@@@Z 00102a30 f   udp.obj
 0001:000026e0       ?Send@UDP@@SAXPAVNetInterface@@PAUNetPacket@@@Z 00102ae0 f   udp.obj
 0001:000026f0       ??0UdpSocket@@QAE@G@Z      00102af0 f   udpsocket.obj
 0001:00002710       ??1UdpSocket@@QAE@XZ       00102b10 f   udpsocket.obj
 0001:00002720       ?Receive@UdpSocket@@QAEHAAPAE@Z 00102b20 f   udpsocket.obj
 0001:00002730       ?Send@UdpSocket@@QAEXUIPv4Address@@PAEG@Z 00102b30 f   udpsocket.obj
 0001:00002770       ??_H@YGXPAXIIP6EPAX0@Z@Z   00102b70 f i OS.obj
 0001:000027a0       ?Main@OS@@SAXXZ            00102ba0 f   OS.obj
 0001:000027f0       ?ThrowException@OS@@SAXPAD0@Z 00102bf0 f   OS.obj
 0001:00002800       ?Add@?$List@VString@std@@@std@@QAEXVString@2@@Z 00102c00 f i string.obj
 0001:00002900       ?Split@String@std@@QAEXAAV?$List@VString@std@@@2@D@Z 00102d00 f   string.obj
 0001:00002a40       ??$CreateCamera@VCamera@@@Game@@QAEPAVCamera@@VString@std@@@Z 00102e40 f i 3DGame:3DGame.obj
 0001:00002ab0       ??$CreateObject@VMyBox@@@Game@@QAEPAVMyBox@@VString@std@@@Z 00102eb0 f i 3DGame:3DGame.obj
 0001:00002b20       ??$CreateObject@VThing@@@Game@@QAEPAVThing@@VString@std@@@Z 00102f20 f i 3DGame:3DGame.obj
 0001:00002b90       ??0MyGame@@QAE@XZ          00102f90 f   3DGame:3DGame.obj
 0001:00002dd0       ??0String@std@@QAE@PAD@Z   001031d0 f i 3DGame:3DGame.obj
 0001:00002e40       ??1String@std@@QAE@XZ      00103240 f i 3DGame:3DGame.obj
 0001:00002e70       ??DVector3@@QAE?AU0@M@Z    00103270 f i 3DGame:3DGame.obj
 0001:00002ed0       ??$CreateComponent@VMeshComponent@@@GameObject@@QAEPAVMeshComponent@@VString@std@@@Z 001032d0 f i 3DGame:MyBox.obj
 0001:00002f40       ??$CreateComponent@VRigidbody@@@GameObject@@QAEPAVRigidbody@@VString@std@@@Z 00103340 f i 3DGame:MyBox.obj
 0001:00002fb0       ??0MyBox@@QAE@XZ           001033b0 f   3DGame:MyBox.obj
 0001:000030f0       ?Start@GameObject@@UAEXXZ  001034f0 f i 3DGame:MyBox.obj
 0001:00003110       ?Update@GameObject@@UAEXM@Z 00103510 f i 3DGame:MyBox.obj
 0001:00003130       ??0Thing@@QAE@XZ           00103530 f   3DGame:Thing.obj
 0001:00003280       ?Update@Thing@@UAEXM@Z     00103680 f   3DGame:Thing.obj
 0001:000035c0       ?AddTexture@GL@gl@@SAHPAVBMP@@@Z 001039c0 f   GL:GL.obj
 0001:000035f0       ?BindTexture@GL@gl@@SAXH@Z 001039f0 f   GL:GL.obj
 0001:00003600       ?Clear@GL@gl@@SAXI@Z       00103a00 f   GL:GL.obj
 0001:00003640       ?Draw@GL@gl@@SAXHH@Z       00103a40 f   GL:GL.obj
 0001:00003b60       ?Init@GL@gl@@SAIXZ         00103f60 f   GL:GL.obj
 0001:00003b70       ?LoadIdentity@GL@gl@@SAXXZ 00103f70 f   GL:GL.obj
 0001:00003bd0       ?LoadMatrix@GL@gl@@SAXABUMatrix4@2@@Z 00103fd0 f   GL:GL.obj
 0001:00003c20       ?MatrixMode@GL@gl@@SAXW4GLMatrixMode@@@Z 00104020 f   GL:GL.obj
 0001:00003c30       ?MulMatrix@GL@gl@@SAXABUMatrix4@2@@Z 00104030 f   GL:GL.obj
 0001:00003c90       ?PopMatrix@GL@gl@@SAXXZ    00104090 f   GL:GL.obj
 0001:00003cf0       ?PushMatrix@GL@gl@@SAXXZ   001040f0 f   GL:GL.obj
 0001:00003d50       ?SelectedMatrix@GL@gl@@CAAAUMatrix4@2@XZ 00104150 f   GL:GL.obj
 0001:00003d70       ?SwapBuffers@GL@gl@@SAXXZ  00104170 f   GL:GL.obj
 0001:00003d80       ?VertexPointer@GL@gl@@SAXPAUVertex@2@@Z 00104180 f   GL:GL.obj
 0001:00003d90       ??0Vector4@gl@@QAE@MMMM@Z  00104190 f   GL:Vector4.obj
 0001:00003dc0       ??0Vector4@gl@@QAE@XZ      001041c0 f   GL:Vector4.obj
 0001:00003de0       ?Cross@Vector4@gl@@SA?AU12@ABU12@0@Z 001041e0 f   GL:Vector4.obj
 0001:00003e50       ?Dot@Vector4@gl@@SAMABU12@0@Z 00104250 f   GL:Vector4.obj
 0001:00003e70       ??0Matrix4@gl@@QAE@QAM@Z   00104270 f   GL:Matrix4.obj
 0001:00003ee0       ??0Matrix4@gl@@QAE@XZ      001042e0 f   GL:Matrix4.obj
 0001:00003f10       ??Dgl@@YA?AUMatrix4@0@ABU10@0@Z 00104310 f i GL:Matrix4.obj
 0001:00003f50       ??Dgl@@YA?AUMatrix4@0@ABU10@ABM@Z 00104350 f i GL:Matrix4.obj
 0001:00003f90       ??Dgl@@YA?AUVector4@0@ABUMatrix4@0@ABU10@@Z 00104390 f i GL:Matrix4.obj
 0001:00004090       ??Ggl@@YA?AUMatrix4@0@ABU10@0@Z 00104490 f i GL:Matrix4.obj
 0001:00004100       ??Hgl@@YA?AUMatrix4@0@ABU10@0@Z 00104500 f i GL:Matrix4.obj
 0001:00004170       ??XMatrix4@gl@@QAEAAU01@ABM@Z 00104570 f i GL:Matrix4.obj
 0001:00004210       ??XMatrix4@gl@@QAEAAU01@ABU01@@Z 00104610 f i GL:Matrix4.obj
 0001:000045c0       ?CreateOrthographicProjection@Matrix4@gl@@SA?AU12@MMMMMM@Z 001049c0 f   GL:Matrix4.obj
 0001:00004670       ?CreatePerspectiveProjection@Matrix4@gl@@SA?AU12@MMMMM@Z 00104a70 f   GL:Matrix4.obj
 0001:00004750       ?CreateRotation@Matrix4@gl@@SA?AU12@UVector4@2@@Z 00104b50 f   GL:Matrix4.obj
 0001:00004960       ?CreateScale@Matrix4@gl@@SA?AU12@UVector4@2@@Z 00104d60 f   GL:Matrix4.obj
 0001:000049a0       ?CreateTransformation@Matrix4@gl@@SA?AU12@UVector4@2@00@Z 00104da0 f   GL:Matrix4.obj
 0001:00004ce0       ?CreateTranslation@Matrix4@gl@@SA?AU12@UVector4@2@@Z 001050e0 f   GL:Matrix4.obj
 0001:00004d40       ?CreateView@Matrix4@gl@@SA?AU12@UVector4@2@000@Z 00105140 f   GL:Matrix4.obj
 0001:00004e60       ?GetElementsPointer@Matrix4@gl@@QAEPAMXZ 00105260 f   GL:Matrix4.obj
 0001:00004e70       ?Inverse@Matrix4@gl@@QAE?AU12@XZ 00105270 f   GL:Matrix4.obj
 0001:00005640       ??0ColRGB@gl@@QAE@I@Z      00105a40 f   GL:Color.obj
 0001:000056d0       ??0ColRGB@gl@@QAE@MMM@Z    00105ad0 f   GL:Color.obj
 0001:00005730       ??0ColRGB@gl@@QAE@XZ       00105b30 f   GL:Color.obj
 0001:00005750       ??DColRGB@gl@@QAE?AU01@M@Z 00105b50 f   GL:Color.obj
 0001:000057c0       ??HColRGB@gl@@QAE?AU01@U01@@Z 00105bc0 f   GL:Color.obj
 0001:00005830       ??XColRGB@gl@@QAE?AU01@M@Z 00105c30 f   GL:Color.obj
 0001:000058a0       ?Luminosity@ColRGB@gl@@QAEMXZ 00105ca0 f   GL:Color.obj
 0001:000058f0       ?ToInt@ColRGB@gl@@QAEIXZ   00105cf0 f   GL:Color.obj
 0001:00005930       ??0Vertex@gl@@QAE@MMMUColRGB@1@UVector4@1@@Z 00105d30 f   GL:Vertex.obj
 0001:000059c0       ??0Vertex@gl@@QAE@XZ       00105dc0 f   GL:Vertex.obj
 0001:00005a20       ?MulMatrix@Vertex@gl@@QAEXABUMatrix4@2@@Z 00105e20 f   GL:Vertex.obj
 0001:00005af0       ?DrawTriangle@Rasterizer@gl@@SAXAAUVertex@2@00PAVBMP@@@Z 00105ef0 f   GL:Rasterizer.obj
 0001:000065e0       ?EdgeFunction@gl@@YAMABUVertex@1@00@Z 001069e0 f   GL:Rasterizer.obj
 0001:00006630       ?Init@Rasterizer@gl@@SAIXZ 00106a30 f   GL:Rasterizer.obj
 0001:00006660       ??0GEngine@@QAE@XZ         00106a60 f   GameEngine:Engine.obj
 0001:000066d0       ?Add@?$List@PAVRigidbody@@@std@@QAEXPAVRigidbody@@@Z 00106ad0 f i GameEngine:Engine.obj
 0001:00006750       ?Collision@GEngine@@AAEXXZ 00106b50 f   GameEngine:Engine.obj
 0001:00006e50       ?Render@GEngine@@AAEXXZ    00107250 f   GameEngine:Engine.obj
 0001:000072b0       ?Rotate@Quaternion@@QAEXUVector3@@M@Z 001076b0 f i GameEngine:Engine.obj
 0001:00007420       ?StartGame@GEngine@@QAEXPAVGame@@@Z 00107820 f   GameEngine:Engine.obj
 0001:00007780       ?Update@GEngine@@AAEXXZ    00107b80 f   GameEngine:Engine.obj
 0001:000086f0       ??0Vector3@@QAE@MMM@Z      00108af0 f   GameEngine:Vector3.obj
 0001:00008720       ??0Vector3@@QAE@XZ         00108b20 f   GameEngine:Vector3.obj
 0001:00008740       ?Cross@Vector3@@SA?AU1@ABU1@0@Z 00108b40 f   GameEngine:Vector3.obj
 0001:000087a0       ?Dot@Vector3@@SAMABU1@0@Z  00108ba0 f   GameEngine:Vector3.obj
 0001:000087c0       ?EulerAngles@Vector3@@QAE?AU1@XZ 00108bc0 f   GameEngine:Vector3.obj
 0001:00008870       ?ToVector4@Vector3@@QAE?AUVector4@gl@@XZ 00108c70 f   GameEngine:Vector3.obj
 0001:000088b0       ??0Quaternion@@QAE@XZ      00108cb0 f   GameEngine:Quaternion.obj
 0001:000088d0       ?FromAxisAngle@Quaternion@@SA?AU1@ABUVector3@@M@Z 00108cd0 f   GameEngine:Quaternion.obj
 0001:00008970       ?FromEuler@Quaternion@@SA?AU1@ABUVector3@@@Z 00108d70 f   GameEngine:Quaternion.obj
 0001:00008ae0       ??0GameObject@@QAE@XZ      00108ee0 f   GameEngine:GameObject.obj
 0001:00008b90       ??A?$List@PAVComponent@@@std@@QAEAAPAVComponent@@H@Z 00108f90 f i GameEngine:GameObject.obj
 0001:00008be0       ?Add@?$List@PAVComponent@@@std@@QAEXPAVComponent@@@Z 00108fe0 f i GameEngine:GameObject.obj
 0001:00008c60       ?Add@?$List@PAVMeshComponent@@@std@@QAEXPAVMeshComponent@@@Z 00109060 f i GameEngine:GameObject.obj
 0001:00008ce0       ?AddComponent@GameObject@@QAEXPAVComponent@@@Z 001090e0 f   GameEngine:GameObject.obj
 0001:00008e60       ?Contains@String@std@@QAE_NV12@@Z 00109260 f i GameEngine:GameObject.obj
 0001:00008ec0       ?GetComponent@GameObject@@QAEPAVComponent@@VString@std@@@Z 001092c0 f   GameEngine:GameObject.obj
 0001:00008f60       ?GetName@GameObject@@QAE?AVString@std@@XZ 00109360 f   GameEngine:GameObject.obj
 0001:00008f70       ?GetWorldPosition@GameObject@@QAE?AUVector3@@XZ 00109370 f   GameEngine:GameObject.obj
 0001:00008ff0       ?GetWorldRotation@GameObject@@QAE?AUQuaternion@@XZ 001093f0 f   GameEngine:GameObject.obj
 0001:00009010       ?GetWorldScale@GameObject@@QAE?AUVector3@@XZ 00109410 f   GameEngine:GameObject.obj
 0001:00009090       ?GetWorldTransform@GameObject@@QAE?AUTransform@@XZ 00109490 f   GameEngine:GameObject.obj
 0001:000091a0       ?SetName@GameObject@@QAEXVString@std@@@Z 001095a0 f   GameEngine:GameObject.obj
 0001:000091c0       ??0Camera@@QAE@XZ          001095c0 f   GameEngine:Camera.obj
 0001:000091e0       ??0Game@@QAE@XZ            001095e0 f   GameEngine:Game.obj
 0001:00009230       ?Add@?$List@PAVCamera@@@std@@QAEXPAVCamera@@@Z 00109630 f i GameEngine:Game.obj
 0001:000092b0       ?Add@?$List@PAVGameObject@@@std@@QAEXPAVGameObject@@@Z 001096b0 f i GameEngine:Game.obj
 0001:00009330       ?Add@?$List@PAVLightSource@@@std@@QAEXPAVLightSource@@@Z 00109730 f i GameEngine:Game.obj
 0001:000093b0       ?AddCamera@Game@@QAEXPAVCamera@@@Z 001097b0 f   GameEngine:Game.obj
 0001:00009430       ?AddLightSource@Game@@QAEXPAVLightSource@@@Z 00109830 f   GameEngine:Game.obj
 0001:000094b0       ?AddObject@Game@@QAEXPAVGameObject@@@Z 001098b0 f   GameEngine:Game.obj
 0001:00009530       ?GetActiveCamera@Game@@QAEPAVCamera@@XZ 00109930 f   GameEngine:Game.obj
 0001:00009540       ?GetCamera@Game@@QAEPAVCamera@@VString@std@@@Z 00109940 f   GameEngine:Game.obj
 0001:000095e0       ?GetLightSource@Game@@QAEPAVLightSource@@VString@std@@@Z 001099e0 f   GameEngine:Game.obj
 0001:00009680       ?GetObject@Game@@QAEPAVGameObject@@VString@std@@@Z 00109a80 f   GameEngine:Game.obj
 0001:00009790       ?SetActiveCamera@Game@@QAEXPAVCamera@@@Z 00109b90 f   GameEngine:Game.obj
 0001:000097a0       ??0Component@@QAE@XZ       00109ba0 f   GameEngine:Component.obj
 0001:000097d0       ?GetName@Component@@QAE?AVString@std@@XZ 00109bd0 f   GameEngine:Component.obj
 0001:000097e0       ?SetName@Component@@QAEXVString@std@@@Z 00109be0 f   GameEngine:Component.obj
 0001:00009800       ?Start@Component@@UAEXXZ   00109c00 f i GameEngine:Component.obj
 0001:00009810       ?Update@Component@@UAEXM@Z 00109c10 f i GameEngine:Component.obj
 0001:00009820       ??0MeshComponent@@QAE@XZ   00109c20 f   GameEngine:MeshComponent.obj
 0001:00009850       ?Update@MeshComponent@@UAEXM@Z 00109c50 f   GameEngine:MeshComponent.obj
 0001:00009860       ??0Rigidbody@@QAE@XZ       00109c60 f   GameEngine:Rigidbody.obj
 0001:000098b0       ?AddImpulse@Rigidbody@@QAEXUVector3@@@Z 00109cb0 f   GameEngine:Rigidbody.obj
 0001:000098f0       ?AddImpulseAt@Rigidbody@@QAEXUVector3@@0@Z 00109cf0 f   GameEngine:Rigidbody.obj
 0001:00009900       ?Speed@Rigidbody@@QAEMXZ   00109d00 f   GameEngine:Rigidbody.obj
 0001:00009940       ?SpeedSquared@Rigidbody@@QAEMXZ 00109d40 f   GameEngine:Rigidbody.obj
 0001:00009990       ?Start@Rigidbody@@UAEXXZ   00109d90 f   GameEngine:Rigidbody.obj
 0001:000099a0       ?Update@Rigidbody@@UAEXM@Z 00109da0 f   GameEngine:Rigidbody.obj
 0001:00009dc0       ??0BoxCollider@@QAE@XZ     0010a1c0 f   GameEngine:BoxCollider.obj
 0001:00009de0       ?GetEdge@Collider@@UAEPAUVector3@@H@Z 0010a1e0 f i GameEngine:BoxCollider.obj
 0001:00009f40       ?GetEdgeDir@Collider@@UAE?AUVector3@@H@Z 0010a340 f i GameEngine:BoxCollider.obj
 0001:0000a030       ?GetFaceDir@Collider@@UAE?AUVector3@@H@Z 0010a430 f i GameEngine:BoxCollider.obj
 0001:0000a100       ?GetVertex@Collider@@UAE?AUVector3@@H@Z 0010a500 f i GameEngine:BoxCollider.obj
 0001:0000a2c0       ?IsColliding@BoxCollider@@QAE_NPAV1@AAUVector3@@@Z 0010a6c0 f   GameEngine:BoxCollider.obj
 0001:0000a2d0       ?Normalized@Vector3@@QAE?AU1@XZ 0010a6d0 f i GameEngine:BoxCollider.obj
 0001:0000a390       ?SupportFunction@@YA?AUVector3@@U1@UTransform@@@Z 0010a790 f   GameEngine:BoxCollider.obj
 0001:0000a760       ?cross_aba@@YA?AUVector3@@ABU1@0@Z 0010ab60 f i GameEngine:BoxCollider.obj
 0001:0000a790       ?update@@YA_NUVector3@@@Z  0010ab90 f   GameEngine:BoxCollider.obj
 0001:0000b180       ?LoadModel@ModelLoader@@SAPAVModel3D@@PADW4Format3D@@@Z 0010b580 f   GameEngine:ModelLoader.obj
 0001:0000b200       ??0Transform@@QAE@UVector3@@UQuaternion@@0@Z 0010b600 f   GameEngine:Transform.obj
 0001:0000b250       ??0Transform@@QAE@XZ       0010b650 f   GameEngine:Transform.obj
 0001:0000b2d0       ??DQuaternion@@QAEAAUVector3@@AAU1@@Z 0010b6d0 f i GameEngine:Transform.obj
 0001:0000b410       ?GetForwardVector@Transform@@QAE?AUVector3@@XZ 0010b810 f   GameEngine:Transform.obj
 0001:0000b460       ?GetRightVector@Transform@@QAE?AUVector3@@XZ 0010b860 f   GameEngine:Transform.obj
 0001:0000b4b0       ?GetUpVector@Transform@@QAE?AUVector3@@XZ 0010b8b0 f   GameEngine:Transform.obj
 0001:0000b500       ?Rotate@Transform@@QAEXUQuaternion@@@Z 0010b900 f   GameEngine:Transform.obj
 0001:0000b600       ?Rotate@Transform@@QAEXUVector3@@M@Z 0010ba00 f   GameEngine:Transform.obj
 0001:0000b820       ?Scale@Transform@@QAEXUVector3@@@Z 0010bc20 f   GameEngine:Transform.obj
 0001:0000b860       ?ToString@Transform@@QAEPADPAD@Z 0010bc60 f   GameEngine:Transform.obj
 0001:0000b910       ?Translate@Transform@@QAEXUVector3@@@Z 0010bd10 f   GameEngine:Transform.obj
 0001:0000b950       ??0Matrix3@@QAE@QAM@Z      0010bd50 f   GameEngine:Matrix3.obj
 0001:0000b990       ??0Matrix3@@QAE@XZ         0010bd90 f   GameEngine:Matrix3.obj
 0001:0000b9e0       ??D@YA?AUMatrix3@@ABU0@0@Z 0010bde0 f i GameEngine:Matrix3.obj
 0001:0000bbb0       ??D@YA?AUMatrix3@@ABU0@ABM@Z 0010bfb0 f i GameEngine:Matrix3.obj
 0001:0000bc50       ??D@YA?AUVector3@@ABUMatrix3@@ABU0@@Z 0010c050 f i GameEngine:Matrix3.obj
 0001:0000bcf0       ??G@YA?AUMatrix3@@ABU0@0@Z 0010c0f0 f i GameEngine:Matrix3.obj
 0001:0000bda0       ??H@YA?AUMatrix3@@ABU0@0@Z 0010c1a0 f i GameEngine:Matrix3.obj
 0001:0000be50       ?CreateRotation@Matrix3@@SA?AU1@UVector3@@@Z 0010c250 f   GameEngine:Matrix3.obj
 0001:0000bfe0       ?Inverse@Matrix3@@QAE?AU1@XZ 0010c3e0 f   GameEngine:Matrix3.obj
 0001:0000c1f0       ?Transpose@Matrix3@@QAE?AU1@XZ 0010c5f0 f   GameEngine:Matrix3.obj
 0001:0000c240       ??0Collider@@QAE@XZ        0010c640 f   GameEngine:Collider.obj
 0001:0000c2a0       ??0Obj@@QAE@PAD@Z          0010c6a0 f   GameEngine:Obj.obj
 0001:0000c310       ?Add@?$List@UFace@@@std@@QAEXUFace@@@Z 0010c710 f i GameEngine:Obj.obj
 0001:0000c3b0       ?Add@?$List@UVector3@@@std@@QAEXUVector3@@@Z 0010c7b0 f i GameEngine:Obj.obj
 0001:0000c460       ?CreateVertices@Obj@@AAEXXZ 0010c860 f   GameEngine:Obj.obj
 0001:0000c760       ?ReadFile@Obj@@AAEXPAD@Z   0010cb60 f   GameEngine:Obj.obj
 0001:0000c770       ??0A3D@@QAE@PAD@Z          0010cb70 f   GameEngine:A3D.obj
 0001:0000c910       ?memcmp@@YAHPBX0I@Z        0010cd10 f   Lib:string.obj
 0001:0000c950       ?memcpy@@YAPAXPAX0I@Z      0010cd50 f   Lib:string.obj
 0001:0000c980       ?memcpy_fast_128@@YAXPAX0I@Z 0010cd80 f   Lib:string.obj
 0001:0000ca00       ?memset16@@YAPAXPAXGI@Z    0010ce00 f   Lib:string.obj
 0001:0000ca20       ?memset32@@YAPAXPAXII@Z    0010ce20 f   Lib:string.obj
 0001:0000ca40       ?memset_fast_128@@YAPAXPAXII@Z 0010ce40 f   Lib:string.obj
 0001:0000cac0       ?strcat@@YAPADPADPBD@Z     0010cec0 f   Lib:string.obj
 0001:0000caf0       ?strcmp@@YAIPBD0@Z         0010cef0 f   Lib:string.obj
 0001:0000cb40       ?strcpy@@YAPADPADPBD@Z     0010cf40 f   Lib:string.obj
 0001:0000cb60       ?strlen@@YAIPBD@Z          0010cf60 f   Lib:string.obj
 0001:0000cb80       _memset                    0010cf80 f   Lib:string.obj
 0001:0000cba0       ?acos@@YAMM@Z              0010cfa0 f   Lib:math.obj
 0001:0000cc00       ?asin@@YAMM@Z              0010d000 f   Lib:math.obj
 0001:0000cc60       ?atan2@@YAMMM@Z            0010d060 f   Lib:math.obj
 0001:0000cd60       ?atan@@YAMM@Z              0010d160 f   Lib:math.obj
 0001:0000cd90       ?ceil@@YAHM@Z              0010d190 f   Lib:math.obj
 0001:0000cdb0       ?cos@@YAMM@Z               0010d1b0 f   Lib:math.obj
 0001:0000cdd0       ?fact@@YAMM@Z              0010d1d0 f   Lib:math.obj
 0001:0000ce10       ?floor@@YAHM@Z             0010d210 f   Lib:math.obj
 0001:0000ce30       ?log10@@YAMM@Z             0010d230 f   Lib:math.obj
 0001:0000ce50       ?log2@@YAMM@Z              0010d250 f   Lib:math.obj
 0001:0000ce70       ?log@@YAMM@Z               0010d270 f   Lib:math.obj
 0001:0000ce90       ?logn@@YAMMM@Z             0010d290 f   Lib:math.obj
 0001:0000cec0       ?pow@@YAMMH@Z              0010d2c0 f   Lib:math.obj
 0001:0000cfa0       ?rand@@YAIXZ               0010d3a0 f   Lib:math.obj
 0001:0000cfc0       ?round@@YAHM@Z             0010d3c0 f   Lib:math.obj
 0001:0000cfe0       ?sin@@YAMM@Z               0010d3e0 f   Lib:math.obj
 0001:0000d000       ?sqrt@@YAMM@Z              0010d400 f   Lib:math.obj
 0001:0000d020       ?srand@@YAXI@Z             0010d420 f   Lib:math.obj
 0001:0000d030       ?tan@@YAMM@Z               0010d430 f   Lib:math.obj
 0001:0000d060       ?atof@@YAMPBD@Z            0010d460 f   Lib:stdio.obj
 0001:0000d100       ?atoi@@YAHPBD@Z            0010d500 f   Lib:stdio.obj
 0001:0000d120       ?ftoa@@YAPADMIPAD@Z        0010d520 f   Lib:stdio.obj
 0001:0000d250       ?itoa@@YAPADHIPAD_N@Z      0010d650 f   Lib:stdio.obj
 0001:0000d2e0       ?strtol@@YAJPBDPAPADH@Z    0010d6e0 f   Lib:stdio.obj
 0001:0000d430       ?vprintf@@YAPADPADPBDZZ    0010d830 f   Lib:stdio.obj
 0001:0000d450       ?vsprintf@@YAPADPADPBDPAE@Z 0010d850 f   Lib:stdio.obj
 0001:0000d7c0       ??2@YAPAXI@Z               0010dbc0 f   KERNEL:kernel.obj
 0001:0000d810       ??3@YAXPAX@Z               0010dc10 f   KERNEL:kernel.obj
 0001:0000d830       ??_U@YAPAXI@Z              0010dc30 f   KERNEL:kernel.obj
 0001:0000d8c0       ??_V@YAXPAX@Z              0010dcc0 f   KERNEL:kernel.obj
 0001:0000d8d0       ?Init@Kernel@@SAXPAUMULTIBOOT_INFO@@@Z 0010dcd0 f   KERNEL:kernel.obj
 0001:0000d960       ?Clear@Debug@@SAXI@Z       0010dd60 f   KERNEL:debug.obj
 0001:0000d980       ?Dump@Debug@@SAXPAXH_N@Z   0010dd80 f   KERNEL:debug.obj
 0001:0000dad0       ?Print@Debug@@SAXPADZZ     0010ded0 f   KERNEL:debug.obj
 0001:0000dc60       ?Putc@Debug@@SAXD_N@Z      0010e060 f   KERNEL:debug.obj
 0001:0000ddb0       ?ATA_Interrupt@ATA@@CAXXZ  0010e1b0 f   KERNEL:ata.obj
 0001:0000ddc0       ?Init@ATA@@SAIXZ           0010e1c0 f   KERNEL:ata.obj
 0001:0000ddf0       ?Read@ATA@@SAIHHHAAPADH@Z  0010e1f0 f   KERNEL:ata.obj
 0001:0000e000       ?ReadSector@ATA@@CAIHHHPAD@Z 0010e400 f   KERNEL:ata.obj
 0001:0000e1b0       ?Clear@VBE@@SAXI@Z         0010e5b0 f   KERNEL:vbe.obj
 0001:0000e1d0       ?Draw@VBE@@SAXXZ           0010e5d0 f   KERNEL:vbe.obj
 0001:0000e1f0       ?DrawLine@VBE@@SAXIIIII@Z  0010e5f0 f   KERNEL:vbe.obj
 0001:0000e320       ?DrawText@VBE@@SAXIIPADI@Z 0010e720 f   KERNEL:vbe.obj
 0001:0000e3e0       ?DrawText@VBE@@SAXIIPADII@Z 0010e7e0 f   KERNEL:vbe.obj
 0001:0000e4c0       ?Init@VBE@@SAIPAUVBE_MODE_INFO@@@Z 0010e8c0 f   KERNEL:vbe.obj
 0001:0000e550       ?SetPixel@VBE@@SAXIII@Z    0010e950 f   KERNEL:vbe.obj
 0001:0000e580       ?DecodeAscii@Keyboard@@CAXAAUKEY_PACKET@@@Z 0010e980 f   KERNEL:keyboard.obj
 0001:0000e810       ?DiscardLastKey@Keyboard@@SAXXZ 0010ec10 f   KERNEL:keyboard.obj
 0001:0000e820       ?GetKeyDown@Keyboard@@SA_NW4KEYCODE@@@Z 0010ec20 f   KERNEL:keyboard.obj
 0001:0000e830       ?GetLastKey@Keyboard@@SA?AUKEY_PACKET@@XZ 0010ec30 f   KERNEL:keyboard.obj
 0001:0000e850       ?Init@Keyboard@@SAIXZ      0010ec50 f   KERNEL:keyboard.obj
 0001:0000e870       ?Keyboard_ISR@Keyboard@@CAXXZ 0010ec70 f   KERNEL:keyboard.obj
 0001:0000ea60       ?Init@PIT@@SAIXZ           0010ee60 f   KERNEL:pit.obj
 0001:0000eaa0       ?PIT_ISR@PIT@@CAXXZ        0010eea0 f   KERNEL:pit.obj
 0001:0000eab0       ?ReadData@PIT@@CAEE@Z      0010eeb0 f   KERNEL:pit.obj
 0001:0000eae0       ?SendData@PIT@@CAXGE@Z     0010eee0 f   KERNEL:pit.obj
 0001:0000eb20       ?Sleep@PIT@@SAXI@Z         0010ef20 f   KERNEL:pit.obj
 0001:0000eb40       ?Start@PIT@@CAIXZ          0010ef40 f   KERNEL:pit.obj
 0001:0000eb80       ?Init@Mouse@@SAIIIM@Z      0010ef80 f   KERNEL:mouse.obj
 0001:0000ee70       ?MouseRead@Mouse@@CAEXZ    0010f270 f   KERNEL:mouse.obj
 0001:0000eea0       ?MouseWait@Mouse@@CAXE@Z   0010f2a0 f   KERNEL:mouse.obj
 0001:0000eee0       ?MouseWrite@Mouse@@CAXE@Z  0010f2e0 f   KERNEL:mouse.obj
 0001:0000ef40       ?Mouse_ISR@Mouse@@CAXXZ    0010f340 f   KERNEL:mouse.obj
 0001:0000f080       ?Checksum@KNet@@SAGPAXH@Z  0010f480 f   KERNEL:net.obj
 0001:0000f100       ?ChecksumDouble@KNet@@SAGPAXH0H@Z 0010f500 f   KERNEL:net.obj
 0001:0000f1e0       ?Init@KNet@@SAIXZ          0010f5e0 f   KERNEL:net.obj
 0001:0000f240       ?PrintIP@KNet@@SAXPADUIPv4Address@@@Z 0010f640 f   KERNEL:net.obj
 0001:0000f280       ?PrintMac@KNet@@SAXPADUMacAddress@@@Z 0010f680 f   KERNEL:net.obj
 0001:0000f2d0       ?htonl@@YAII@Z             0010f6d0 f   KERNEL:net.obj
 0001:0000f2e0       ?htons@@YAGG@Z             0010f6e0 f   KERNEL:net.obj
 0001:0000f300       ?ntohl@@YAII@Z             0010f700 f   KERNEL:net.obj
 0001:0000f310       ?ntohs@@YAGG@Z             0010f710 f   KERNEL:net.obj
 0001:0000f330       ?KernelPanic@Panic@@SAXPAD0@Z 0010f730 f   KERNEL:panic.obj
 0001:0000f370       ?AllocBlocks@Memory@@SAPAXI@Z 0010f770 f   KERNEL:memory.obj
 0001:0000f4a0       ?DeInitRegion@Memory@@SAXPAXI@Z 0010f8a0 f   KERNEL:memory.obj
 0001:0000f4f0       ?FirstFree@Memory@@CAIXZ   0010f8f0 f   KERNEL:memory.obj
 0001:0000f530       ?FirstFreeNum@Memory@@CAII@Z 0010f930 f   KERNEL:memory.obj
 0001:0000f620       ?FreeBlocks@Memory@@SAXPAXI@Z 0010fa20 f   KERNEL:memory.obj
 0001:0000f680       ?Init@Memory@@SAIIPAI@Z    0010fa80 f   KERNEL:memory.obj
 0001:0000f700       ?InitRegion@Memory@@SAXPAXI@Z 0010fb00 f   KERNEL:memory.obj
 0001:0000f750       ?EnableFPU@CPU@@CAIXZ      0010fb50 f   KERNEL:cpu.obj
 0001:0000f770       ?EnableSSE@CPU@@CAIXZ      0010fb70 f   KERNEL:cpu.obj
 0001:0000f7a0       ?Init@CPU@@SAIXZ           0010fba0 f   KERNEL:cpu.obj
 0001:0000f7d0       ?Init@HAL@@SAIXZ           0010fbd0 f   KERNEL:hal.obj
 0001:0000f800       ?inb@@YAEG@Z               0010fc00 f   KERNEL:hal.obj
 0001:0000f820       ?inl@@YAIG@Z               0010fc20 f   KERNEL:hal.obj
 0001:0000f840       ?inw@@YAGG@Z               0010fc40 f   KERNEL:hal.obj
 0001:0000f860       ?outb@@YAXGE@Z             0010fc60 f   KERNEL:hal.obj
 0001:0000f870       ?outl@@YAXGI@Z             0010fc70 f   KERNEL:hal.obj
 0001:0000f880       ?outw@@YAXGG@Z             0010fc80 f   KERNEL:hal.obj
 0001:0000f890       ?DefaultISR@Exceptions@@SAXXZ 0010fc90 f   KERNEL:exceptions.obj
 0001:0000f8b0       ?ISR0@Exceptions@@CAXXZ    0010fcb0 f   KERNEL:exceptions.obj
 0001:0000f8d0       ?ISR10@Exceptions@@CAXXZ   0010fcd0 f   KERNEL:exceptions.obj
 0001:0000f8f0       ?ISR11@Exceptions@@CAXXZ   0010fcf0 f   KERNEL:exceptions.obj
 0001:0000f910       ?ISR12@Exceptions@@CAXXZ   0010fd10 f   KERNEL:exceptions.obj
 0001:0000f930       ?ISR13@Exceptions@@CAXXZ   0010fd30 f   KERNEL:exceptions.obj
 0001:0000f950       ?ISR14@Exceptions@@CAXXZ   0010fd50 f   KERNEL:exceptions.obj
 0001:0000f970       ?ISR15@Exceptions@@CAXXZ   0010fd70 f   KERNEL:exceptions.obj
 0001:0000f990       ?ISR16@Exceptions@@CAXXZ   0010fd90 f   KERNEL:exceptions.obj
 0001:0000f9b0       ?ISR17@Exceptions@@CAXXZ   0010fdb0 f   KERNEL:exceptions.obj
 0001:0000f9d0       ?ISR18@Exceptions@@CAXXZ   0010fdd0 f   KERNEL:exceptions.obj
 0001:0000f9f0       ?ISR19@Exceptions@@CAXXZ   0010fdf0 f   KERNEL:exceptions.obj
 0001:0000fa10       ?ISR1@Exceptions@@CAXXZ    0010fe10 f   KERNEL:exceptions.obj
 0001:0000fa30       ?ISR2@Exceptions@@CAXXZ    0010fe30 f   KERNEL:exceptions.obj
 0001:0000fa50       ?ISR3@Exceptions@@CAXXZ    0010fe50 f   KERNEL:exceptions.obj
 0001:0000fa70       ?ISR4@Exceptions@@CAXXZ    0010fe70 f   KERNEL:exceptions.obj
 0001:0000fa90       ?ISR5@Exceptions@@CAXXZ    0010fe90 f   KERNEL:exceptions.obj
 0001:0000fab0       ?ISR6@Exceptions@@CAXIII@Z 0010feb0 f   KERNEL:exceptions.obj
 0001:0000fb30       ?ISR7@Exceptions@@CAXXZ    0010ff30 f   KERNEL:exceptions.obj
 0001:0000fb50       ?ISR8@Exceptions@@CAXXZ    0010ff50 f   KERNEL:exceptions.obj
 0001:0000fb70       ?ISR9@Exceptions@@CAXXZ    0010ff70 f   KERNEL:exceptions.obj
 0001:0000fb90       ?Init@Exceptions@@SAIXZ    0010ff90 f   KERNEL:exceptions.obj
 0001:0000fc90       ?Create@PCI@@CAPAUPCI_DEVICE@@EEE@Z 00110090 f   KERNEL:pci.obj
 0001:0000fd50       ?GetDevice@PCI@@SAPAUPCI_DEVICE@@HHH@Z 00110150 f   KERNEL:pci.obj
 0001:0000ff00       ?Init@PCI@@SAIXZ           00110300 f   KERNEL:pci.obj
 0001:0000ff10       ?Read@PCI@@CAIEEEEE@Z      00110310 f   KERNEL:pci.obj
 0001:0000ff80       ?printdev@@YAXPAUPCI_DEVICE@@@Z 00110380 f   KERNEL:pci.obj
 0001:0000ffc0       ?EmptyISR@IDT@@SAXXZ       001103c0 f   KERNEL:idt.obj
 0001:0000ffd0       ?GetIR@IDT@@SAPAUIDT_DESCRIPTOR@@I@Z 001103d0 f   KERNEL:idt.obj
 0001:0000ffe0       ?Init@IDT@@SAIXZ           001103e0 f   KERNEL:idt.obj
 0001:00010050       ?SetISR@IDT@@SAIIP6AXXZ@Z  00110450 f   KERNEL:idt.obj
 0001:00010090       ?Init@PIC@@SAIXZ           00110490 f   KERNEL:pic.obj
 0001:000100f0       ?InterruptDone@PIC@@SAXG@Z 001104f0 f   KERNEL:pic.obj
 0001:00010120       ?ReadData@PIC@@CAEE@Z      00110520 f   KERNEL:pic.obj
 0001:00010150       ?SendCommand@PIC@@CAXEE@Z  00110550 f   KERNEL:pic.obj
 0001:00010180       ?SendData@PIC@@CAXGE@Z     00110580 f   KERNEL:pic.obj
 0001:000101a9       ??1type_info@@UAE@XZ       001105a9 f   LIBCMT:std_type_info_static.obj
 0001:000101b0       ??_Gtype_info@@UAEPAXI@Z   001105b0 f i LIBCMT:std_type_info_static.obj
 0001:000101b0       ??_Etype_info@@UAEPAXI@Z   001105b0 f i LIBCMT:std_type_info_static.obj
 0001:000101d3       ??3@YAXPAXI@Z              001105d3 f   LIBCMT:delete_scalar_size.obj
 0002:00000000       ??_C@_06JJGECBPI@?$CFs?5?$CFi?6?$AA@ 00110600     iso.obj
 0002:00000008       ??_C@_03OFAPEBGM@?$CFs?6?$AA@ 00110608     iso.obj
 0002:0000000c       ??_C@_03PELOGHMK@?$CFi?6?$AA@ 0011060c     Mandelbrot.obj
 0002:00000010       ??_C@_06CMGOICJA@Start?6?$AA@ 00110610     Mandelbrot.obj
 0002:00000018       ??_C@_0BD@OAOOOKEK@Ticks?3?5?$CFi?7FPS?3?5?$CFi?6?$AA@ 00110618     Mandelbrot.obj
 0002:0000002c       ??_C@_09JHEKFLJE@Zoom?3?5?$CFf?6?$AA@ 0011062c     Mandelbrot.obj
 0002:00000038       __real@1adaca00            00110638     Mandelbrot.obj
 0002:00000040       __real@3fe0000000000000    00110640     Mandelbrot.obj
 0002:00000048       __real@3fe93b645a1cac08    00110648     Mandelbrot.obj
 0002:00000050       __real@3ff0000000000000    00110650     Mandelbrot.obj
 0002:00000058       __real@4010000000000000    00110658     Mandelbrot.obj
 0002:00000060       __real@4088000000000000    00110660     Mandelbrot.obj
 0002:00000068       __real@40f0000000000000    00110668     Mandelbrot.obj
 0002:00000070       __real@437f0000            00110670     Mandelbrot.obj
 0002:00000074       __real@447a0000            00110674     Mandelbrot.obj
 0002:00000078       ??_C@_0BJ@FHJFEPME@arp?3?5sending?5request?5to?5?$AA@ 00110678     arp.obj
 0002:00000094       ??_C@_0BH@NFEPIOCG@arp?3?5sending?5reply?5to?5?$AA@ 00110694     arp.obj
 0002:000000ac       ??_C@_0BB@NPEPEJMJ@ARP?5added?5entry?5?$AA@ 001106ac     arp.obj
 0002:000000c0       ??_C@_0O@MBFFJLEF@DHCP?5RECEIVE?6?$AA@ 001106c0     dhcp.obj
 0002:000000d0       ??_C@_0O@IJAKJLNJ@Received?5DNS?6?$AA@ 001106d0     dns.obj
 0002:000000e0       ??_C@_0BF@DPFFLPFA@DNS?5added?5entry?3?5?$CFs?5?$AA@ 001106e0     dns.obj
 0002:000000f5       ??_C@_00CNPNBAHC@?$AA@     001106f5     dns.obj
 0002:000000f8       ??_C@_0M@KNKKGHNO@PARSED?5IP?3?5?$AA@ 001106f8     http.obj
 0002:00000104       ??_C@_0BO@OHMKJDEI@Flags?3?5?$CFux?7ACK?3?5?$CFui?7SEQ?3?5?$CFui?6?$AA@ 00110704     tcpsession.obj
 0002:00000124       ??_C@_0L@EIILFCEB@Connected?6?$AA@ 00110724     tcpsession.obj
 0002:00000130       ??_C@_07IPMAGINO@Closed?6?$AA@ 00110730     tcpsession.obj
 0002:00000138       ??_C@_0BA@FHBAHEGN@Timeout?5closed?6?$AA@ 00110738     tcpsession.obj
 0002:00000148       ??_C@_04CDEGOFNM@Cam1?$AA@ 00110748     3DGame:3DGame.obj
 0002:00000150       ??_C@_05FOLLILPC@Thing?$AA@ 00110750     3DGame:3DGame.obj
 0002:00000158       ??_C@_05PGDJFNFN@Floor?$AA@ 00110758     3DGame:3DGame.obj
 0002:00000160       __real@3d4ccccd            00110760     3DGame:3DGame.obj
 0002:00000164       __real@3f800000            00110764     3DGame:3DGame.obj
 0002:00000168       __real@40a00000            00110768     3DGame:3DGame.obj
 0002:0000016c       __real@41200000            0011076c     3DGame:3DGame.obj
 0002:00000170       __real@c1700000            00110770     3DGame:3DGame.obj
 0002:00000178       ??_7MyBox@@6B@             00110778     3DGame:MyBox.obj
 0002:00000180       ??_C@_08GGPPOII@cube?4a3d?$AA@ 00110780     3DGame:MyBox.obj
 0002:0000018c       ??_C@_07CKAHAGKJ@img?4bmp?$AA@ 0011078c     3DGame:MyBox.obj
 0002:00000194       ??_C@_0O@NJFLLBAD@bmp?5not?5found?$AA@ 00110794     3DGame:MyBox.obj
 0002:000001a4       ??_C@_04GONFKEIN@Mesh?$AA@ 001107a4     3DGame:MyBox.obj
 0002:000001ac       ??_C@_09DHKFHJOA@Rigidbody?$AA@ 001107ac     3DGame:MyBox.obj
 0002:000001bc       ??_7Thing@@6B@             001107bc     3DGame:Thing.obj
 0002:000001c4       ??_C@_09DOJCOIL@aura3?4a3d?$AA@ 001107c4     3DGame:Thing.obj
 0002:000001d0       ??_C@_09PCLIKNNA@earth?4bmp?$AA@ 001107d0     3DGame:Thing.obj
 0002:000001dc       __real@41a00000            001107dc     3DGame:Thing.obj
 0002:000001e0       __xmm@80000000800000008000000080000000 001107e0     3DGame:Thing.obj
 0002:000001f0       __real@0000000000000000    001107f0     GL:Matrix4.obj
 0002:000001f8       __real@40000000            001107f8     GL:Matrix4.obj
 0002:00000200       __real@400921fb54442eea    00110800     GL:Matrix4.obj
 0002:00000208       __real@4066800000000000    00110808     GL:Matrix4.obj
 0002:00000210       __real@3fb1eb851eb851ec    00110810     GL:Color.obj
 0002:00000218       __real@3fcae147ae147ae1    00110818     GL:Color.obj
 0002:00000220       __real@3fe70a3d70a3d70a    00110820     GL:Color.obj
 0002:00000230       __xmm@41f00000000000000000000000000000 00110830     GL:Color.obj
 0002:00000240       ??_C@_05JODGIKH@Light?$AA@ 00110840     GameEngine:Engine.obj
 0002:00000248       ??_C@_06LOJNHMMK@Thing2?$AA@ 00110848     GameEngine:Engine.obj
 0002:00000250       ??_C@_0BJ@JEFINMGB@FPS?3?5?$CFi?7DT?3?$CFi?7AvgDT?3?5?$CFi?6?$AA@ 00110850     GameEngine:Engine.obj
 0002:0000026c       ??_C@_0L@KCHEIND@Ticks?3?5?$CFi?6?$AA@ 0011086c     GameEngine:Engine.obj
 0002:00000278       ??_C@_08DAHIJCLH@Free?5?$CFi?6?$AA@ 00110878     GameEngine:Engine.obj
 0002:00000284       ??_C@_08FHFNDDND@Cam?3?5?$CFs?6?$AA@ 00110884     GameEngine:Engine.obj
 0002:00000290       ??_C@_07JOHLBHPG@P1?3?5?$CFs?6?$AA@ 00110890     GameEngine:Engine.obj
 0002:00000298       ??_C@_0BC@KLOOLLKI@V1?3?5?$FL?$CFf?0?5?$CFf?0?5?$CFf?$FN?6?$AA@ 00110898     GameEngine:Engine.obj
 0002:000002ac       ??_C@_0M@CBHEFHKI@Energy?3?5?$CFf?6?$AA@ 001108ac     GameEngine:Engine.obj
 0002:000002b8       ??_C@_08GDLGNBJK@?$CFf?7?$CFf?7?$CFf?$AA@ 001108b8     GameEngine:Engine.obj
 0002:000002c4       ??_C@_0BB@PIJAIOHM@List?3?3operator?$FL?$FN?$AA@ 001108c4     GameEngine:Engine.obj
 0002:000002d8       ??_C@_0BN@NJEFJLOF@Index?5out?5of?5range?5exception?$AA@ 001108d8     GameEngine:Engine.obj
 0002:000002f8       __real@00000000            001108f8     GameEngine:Engine.obj
 0002:000002fc       __real@3e800000            001108fc     GameEngine:Engine.obj
 0002:00000300       __real@3f2aaaab            00110900     GameEngine:Engine.obj
 0002:00000308       __real@3ff921fb54442eea    00110908     GameEngine:Engine.obj
 0002:00000310       __real@401921fb54442eea    00110910     GameEngine:Engine.obj
 0002:00000318       __real@402399999999999a    00110918     GameEngine:Engine.obj
 0002:00000320       __real@40800000            00110920     GameEngine:Engine.obj
 0002:00000324       __real@43c80000            00110924     GameEngine:Engine.obj
 0002:00000328       __real@44fa0000            00110928     GameEngine:Engine.obj
 0002:00000330       __real@bff921fb54442eea    00110930     GameEngine:Engine.obj
 0002:00000340       __xmm@7fffffffffffffff7fffffffffffffff 00110940     GameEngine:Engine.obj
 0002:00000350       __xmm@80000000000000008000000000000000 00110950     GameEngine:Engine.obj
 0002:00000364       ??_7GameObject@@6B@        00110964     GameEngine:GameObject.obj
 0002:0000036c       ??_C@_0L@EJMOOPIK@GameObject?$AA@ 0011096c     GameEngine:GameObject.obj
 0002:0000037c       ??_7Camera@@6B@            0011097c     GameEngine:Camera.obj
 0002:00000388       ??_7Component@@6B@         00110988     GameEngine:Component.obj
 0002:00000394       ??_7MeshComponent@@6B@     00110994     GameEngine:MeshComponent.obj
 0002:000003a0       ??_7Rigidbody@@6B@         001109a0     GameEngine:Rigidbody.obj
 0002:000003ac       ??_7BoxCollider@@6B@       001109ac     GameEngine:BoxCollider.obj
 0002:000003bc       __real@3f000000            001109bc     GameEngine:BoxCollider.obj
 0002:000003c0       __real@bf000000            001109c0     GameEngine:BoxCollider.obj
 0002:000003c4       ??_C@_05MBDEGLCK@ERROR?$AA@ 001109c4     GameEngine:ModelLoader.obj
 0002:000003cc       ??_C@_0CL@CEJFKDDD@?$FL?$CFf?0?5?$CFf?0?5?$CFf?$FN?5?$FL?$CFf?0?5?$CFf?0?5?$CFf?0?5?$CFf?$FN?5?$FL?$CF@ 001109cc     GameEngine:Transform.obj
 0002:00000400       __xmm@0000000000000000000000003f800000 00110a00     GameEngine:Matrix3.obj
 0002:00000410       __xmm@3f800000000000000000000000000000 00110a10     GameEngine:Matrix3.obj
 0002:00000424       ??_7Collider@@6B@          00110a24     GameEngine:Collider.obj
 0002:00000434       __real@3e8f5c29            00110a34     Lib:math.obj
 0002:00000438       __real@40490fdb            00110a38     Lib:math.obj
 0002:0000043c       __real@bfc90fdb            00110a3c     Lib:math.obj
 0002:00000440       __xmm@7fffffff7fffffff7fffffff7fffffff 00110a40     Lib:math.obj
 0002:00000450       ??_C@_03LHCJEHON@nan?$AA@  00110a50     Lib:stdio.obj
 0002:00000454       ??_C@_03OJHLLCGB@inf?$AA@  00110a54     Lib:stdio.obj
 0002:00000458       ??_C@_01GBGANLPD@0?$AA@    00110a58     Lib:stdio.obj
 0002:00000460       __real@3f1a36e2eb1c432d    00110a60     Lib:stdio.obj
 0002:00000468       __real@bf800000            00110a68     Lib:stdio.obj
 0002:00000470       __xmm@46454443424139383736353433323130 00110a70     Lib:stdio.obj
 0002:00000480       __real@39800000            00110a80     KERNEL:kernel.obj
 0002:00000484       ??_C@_04PFOHOKJK@?5?5?5?5?$AA@ 00110a84     KERNEL:debug.obj
 0002:0000048c       ??_C@_01CLKCMJKC@?5?$AA@   00110a8c     KERNEL:debug.obj
 0002:00000490       ??_C@_03IKGEINEE@?$CFs?5?$AA@ 00110a90     KERNEL:debug.obj
 0002:00000608       ??_C@_0P@JJOCPBNH@?$CFs?$CFi?4?$CFi?4?$CFi?4?$CFi?6?$AA@ 00110c08     KERNEL:net.obj
 0002:00000618       ??_C@_0BF@MCJEFIGG@?$CFs?$CFx?3?$CFx?3?$CFx?3?$CFx?3?$CFx?3?$CFx?6?$AA@ 00110c18     KERNEL:net.obj
 0002:00000630       ??_C@_0BK@KHJFGGEJ@Default?5interrupt?5handler?$AA@ 00110c30     KERNEL:exceptions.obj
 0002:0000064c       ??_C@_0BB@CAGHCAFL@Division?5by?5zero?$AA@ 00110c4c     KERNEL:exceptions.obj
 0002:00000660       ??_C@_05GCIPIGEI@Debug?$AA@ 00110c60     KERNEL:exceptions.obj
 0002:00000668       ??_C@_0BH@DLMGGJOP@Non?9Maskable?5interrupt?$AA@ 00110c68     KERNEL:exceptions.obj
 0002:00000680       ??_C@_0L@DEJAMIEF@Breakpoint?$AA@ 00110c80     KERNEL:exceptions.obj
 0002:0000068c       ??_C@_08KJPBNJGC@Overflow?$AA@ 00110c8c     KERNEL:exceptions.obj
 0002:00000698       ??_C@_0BF@KABNNNC@Bound?5range?5exceeded?$AA@ 00110c98     KERNEL:exceptions.obj
 0002:000006b0       ??_C@_0BJ@JILCCCBH@0x?$CFux?70x?$CFux?70x?$CFux?70x?$CFux?6?$AA@ 00110cb0     KERNEL:exceptions.obj
 0002:000006cc       ??_C@_06NIEMCLMH@0x?$CFux?6?$AA@ 00110ccc     KERNEL:exceptions.obj
 0002:000006d4       ??_C@_0P@GJJPHHDN@Invalid?5opcode?$AA@ 00110cd4     KERNEL:exceptions.obj
 0002:000006e4       ??_C@_0BF@COPPNEEP@Device?5not?5available?$AA@ 00110ce4     KERNEL:exceptions.obj
 0002:000006fc       ??_C@_0N@EMHPBCJE@Double?5fault?$AA@ 00110cfc     KERNEL:exceptions.obj
 0002:0000070c       ??_C@_0BM@FLNHCLJG@Coprocessor?5segment?5overrun?$AA@ 00110d0c     KERNEL:exceptions.obj
 0002:00000728       ??_C@_0M@OLMALBPG@Invalid?5TSS?$AA@ 00110d28     KERNEL:exceptions.obj
 0002:00000734       ??_C@_0BE@FPPPAKKN@Segment?5not?5present?$AA@ 00110d34     KERNEL:exceptions.obj
 0002:00000748       ??_C@_0BE@OLMOIPB@Stack?9segment?5fault?$AA@ 00110d48     KERNEL:exceptions.obj
 0002:0000075c       ??_C@_0BJ@LDJBBLLL@General?5protection?5fault?$AA@ 00110d5c     KERNEL:exceptions.obj
 0002:00000778       ??_C@_0L@JBNHOLPF@Page?5fault?$AA@ 00110d78     KERNEL:exceptions.obj
 0002:00000784       ??_C@_0O@EBPJONIA@15?5?$CIReserved?$CJ?$AA@ 00110d84     KERNEL:exceptions.obj
 0002:00000794       ??_C@_0BN@OAPCMCOK@x87?5Floating?9point?5exception?$AA@ 00110d94     KERNEL:exceptions.obj
 0002:000007b4       ??_C@_0BA@DMDLEFCI@Alignment?5check?$AA@ 00110db4     KERNEL:exceptions.obj
 0002:000007c4       ??_C@_0O@LHBOKIFP@Machine?5check?$AA@ 00110dc4     KERNEL:exceptions.obj
 0002:000007d4       ??_C@_0BO@PAHIJHOM@SIMD?5floating?9point?5exception?$AA@ 00110dd4     KERNEL:exceptions.obj
 0002:000007f8       ??_C@_0EO@NIHBEAOP@Bus?3?5?$CFx?5Device?3?5?$CFx?5Function?3?5?$CFx?5@ 00110df8     KERNEL:pci.obj
 0002:0000084c       ??_7type_info@@6B@         00110e4c     LIBCMT:std_type_info_static.obj
 0002:000008a4       ??_R4MyBox@@6B@            00110ea4     3DGame:MyBox.obj
 0002:000008b8       ??_R3MyBox@@8              00110eb8     3DGame:MyBox.obj
 0002:000008c8       ??_R2MyBox@@8              00110ec8     3DGame:MyBox.obj
 0002:000008d4       ??_R1A@?0A@EA@MyBox@@8     00110ed4     3DGame:MyBox.obj
 0002:000008f0       ??_R1A@?0A@EA@GameObject@@8 00110ef0     3DGame:MyBox.obj
 0002:0000090c       ??_R3GameObject@@8         00110f0c     3DGame:MyBox.obj
 0002:0000091c       ??_R2GameObject@@8         00110f1c     3DGame:MyBox.obj
 0002:00000924       ??_R4Thing@@6B@            00110f24     3DGame:Thing.obj
 0002:00000938       ??_R3Thing@@8              00110f38     3DGame:Thing.obj
 0002:00000948       ??_R2Thing@@8              00110f48     3DGame:Thing.obj
 0002:00000954       ??_R1A@?0A@EA@Thing@@8     00110f54     3DGame:Thing.obj
 0002:00000970       ??_R4GameObject@@6B@       00110f70     GameEngine:GameObject.obj
 0002:00000984       ??_R4Camera@@6B@           00110f84     GameEngine:Camera.obj
 0002:00000998       ??_R3Camera@@8             00110f98     GameEngine:Camera.obj
 0002:000009a8       ??_R2Camera@@8             00110fa8     GameEngine:Camera.obj
 0002:000009b4       ??_R1A@?0A@EA@Camera@@8    00110fb4     GameEngine:Camera.obj
 0002:000009d0       ??_R4Component@@6B@        00110fd0     GameEngine:Component.obj
 0002:000009e4       ??_R3Component@@8          00110fe4     GameEngine:Component.obj
 0002:000009f4       ??_R2Component@@8          00110ff4     GameEngine:Component.obj
 0002:000009fc       ??_R1A@?0A@EA@Component@@8 00110ffc     GameEngine:Component.obj
 0002:00000a18       ??_R4MeshComponent@@6B@    00111018     GameEngine:MeshComponent.obj
 0002:00000a2c       ??_R3MeshComponent@@8      0011102c     GameEngine:MeshComponent.obj
 0002:00000a3c       ??_R2MeshComponent@@8      0011103c     GameEngine:MeshComponent.obj
 0002:00000a4c       ??_R1A@?0A@EA@MeshComponent@@8 0011104c     GameEngine:MeshComponent.obj
 0002:00000a68       ??_R1M@?0A@EA@IMesh@@8     00111068     GameEngine:MeshComponent.obj
 0002:00000a84       ??_R3IMesh@@8              00111084     GameEngine:MeshComponent.obj
 0002:00000a94       ??_R2IMesh@@8              00111094     GameEngine:MeshComponent.obj
 0002:00000a9c       ??_R1A@?0A@EA@IMesh@@8     0011109c     GameEngine:MeshComponent.obj
 0002:00000ab8       ??_R4Rigidbody@@6B@        001110b8     GameEngine:Rigidbody.obj
 0002:00000acc       ??_R3Rigidbody@@8          001110cc     GameEngine:Rigidbody.obj
 0002:00000adc       ??_R2Rigidbody@@8          001110dc     GameEngine:Rigidbody.obj
 0002:00000ae8       ??_R1A@?0A@EA@Rigidbody@@8 001110e8     GameEngine:Rigidbody.obj
 0002:00000b04       ??_R4BoxCollider@@6B@      00111104     GameEngine:BoxCollider.obj
 0002:00000b18       ??_R3BoxCollider@@8        00111118     GameEngine:BoxCollider.obj
 0002:00000b28       ??_R2BoxCollider@@8        00111128     GameEngine:BoxCollider.obj
 0002:00000b34       ??_R1A@?0A@EA@BoxCollider@@8 00111134     GameEngine:BoxCollider.obj
 0002:00000b50       ??_R1A@?0A@EA@Collider@@8  00111150     GameEngine:BoxCollider.obj
 0002:00000b6c       ??_R3Collider@@8           0011116c     GameEngine:BoxCollider.obj
 0002:00000b7c       ??_R2Collider@@8           0011117c     GameEngine:BoxCollider.obj
 0002:00000b84       ??_R4Collider@@6B@         00111184     GameEngine:Collider.obj
 0002:00000b98       ??_R4type_info@@6B@        00111198     LIBCMT:std_type_info_static.obj
 0002:00000bac       ??_R3type_info@@8          001111ac     LIBCMT:std_type_info_static.obj
 0002:00000bbc       ??_R2type_info@@8          001111bc     LIBCMT:std_type_info_static.obj
 0002:00000bc4       ??_R1A@?0A@EA@type_info@@8 001111c4     LIBCMT:std_type_info_static.obj
 0003:00000000       ?count@@3HA                00111400     Mandelbrot.obj
 0003:00003008       ?acc@@3MA                  00114408     3DGame:Thing.obj
 0003:0000300c       ?m_width@GL@gl@@2IA        0011440c     GL:GL.obj
 0003:00003010       ?m_height@GL@gl@@2IA       00114410     GL:GL.obj
 0003:00003014       ?bound_tex@gl@@3HA         00114414     GL:GL.obj
 0003:00003018       ?p4@@3MA                   00114418     GameEngine:Engine.obj
 0003:0000301c       ?p5@@3MA                   0011441c     GameEngine:Engine.obj
 0003:00003024       ?color@Debug@@2IA          00114424     KERNEL:debug.obj
 0003:00004028       __fltused                  00115428     LIBCMT:fltused.obj
 0003:0000402c       ??_R0?AVMyBox@@@8          0011542c     3DGame:MyBox.obj
 0003:00004040       ??_R0?AVGameObject@@@8     00115440     3DGame:MyBox.obj
 0003:0000405c       ??_R0?AVThing@@@8          0011545c     3DGame:Thing.obj
 0003:00004070       ??_R0?AVCamera@@@8         00115470     GameEngine:Camera.obj
 0003:00004088       ??_R0?AVComponent@@@8      00115488     GameEngine:Component.obj
 0003:000040a0       ??_R0?AVMeshComponent@@@8  001154a0     GameEngine:MeshComponent.obj
 0003:000040bc       ??_R0?AVIMesh@@@8          001154bc     GameEngine:MeshComponent.obj
 0003:000040d0       ??_R0?AVRigidbody@@@8      001154d0     GameEngine:Rigidbody.obj
 0003:000040e8       ??_R0?AVBoxCollider@@@8    001154e8     GameEngine:BoxCollider.obj
 0003:00004104       ??_R0?AVCollider@@@8       00115504     GameEngine:BoxCollider.obj
 0003:0000411c       ??_R0?AVtype_info@@@8      0011551c     LIBCMT:std_type_info_static.obj
 0003:00004140       ?_kernel_stack@@3PADA      00115540     boot.obj
 0003:000060e0       ?desc@@3PAUISO_PRIMARYDESC@@A 001174e0     iso.obj
 0003:000060e4       ?root@@3PAUISO_DIRECTORY@@A 001174e4     iso.obj
 0003:000060e8       ?tz@@3UComplex@@A          001174e8     Mandelbrot.obj
 0003:000060f0       ?arp_cache@ARP@@0PAUARP_TABLE_ENTRY@@A 001174f0     arp.obj
 0003:00006230       ?dns_server@DNS@@2UIPv4Address@@A 00117630     dns.obj
 0003:00006238       ?dns_cache@DNS@@0PAUDNS_TABLE_ENTRY@@A 00117638     dns.obj
 0003:00006438       ?sessions@TCP@@2PAPAVTcpSession@@A 00117838     tcp.obj
 0003:000064b8       ?phys@@3PAVRigidbody@@A    001178b8     3DGame:Thing.obj
 0003:000064bc       ?vel@@3MA                  001178bc     3DGame:Thing.obj
 0003:000064c0       ?m_textures@GL@gl@@2PAPAVBMP@@A 001178c0     GL:GL.obj
 0003:00006540       ?tex_index@gl@@3HA         00117940     GL:GL.obj
 0003:00006544       ?mat_mode@gl@@3W4GLMatrixMode@@A 00117944     GL:GL.obj
 0003:00006548       ?mat_stack_index@gl@@3HA   00117948     GL:GL.obj
 0003:0000654c       ?vert_ptr@gl@@3PAUVertex@1@A 0011794c     GL:GL.obj
 0003:00006550       ?mat_viewmodel@gl@@3UMatrix4@1@A 00117950     GL:GL.obj
 0003:00006590       ?mat_stack@gl@@3PAUMatrix4@1@A 00117990     GL:GL.obj
 0003:00006d90       ?mat_projection@gl@@3UMatrix4@1@A 00118190     GL:GL.obj
 0003:00006dd0       ?m_stride@GL@gl@@2IA       001181d0     GL:GL.obj
 0003:00006dd4       ?depth_buffer@Rasterizer@gl@@2PAMA 001181d4     GL:Rasterizer.obj
 0003:00006dd8       ?p1@@3HA                   001181d8     GameEngine:Engine.obj
 0003:00006ddc       ?p2@@3MA                   001181dc     GameEngine:Engine.obj
 0003:00006de0       ?p3@@3MA                   001181e0     GameEngine:Engine.obj
 0003:00006de4       ?ticks@@3HA                001181e4     GameEngine:Engine.obj
 0003:00006de8       ?totalFrames@@3HA          001181e8     GameEngine:Engine.obj
 0003:00006dec       ?startTicks@@3HA           001181ec     GameEngine:Engine.obj
 0003:00006df0       ?BOOL1@@3_NA               001181f0     GameEngine:Engine.obj
 0003:00006df4       ?last_mouse_pos@@3UVector3@@A 001181f4     GameEngine:Engine.obj
 0003:00006e00       ?n@@3HA                    00118200     GameEngine:BoxCollider.obj
 0003:00006e04       ?c@@3UVector3@@A           00118204     GameEngine:BoxCollider.obj
 0003:00006e10       ?v@@3UVector3@@A           00118210     GameEngine:BoxCollider.obj
 0003:00006e1c       ?d@@3UVector3@@A           0011821c     GameEngine:BoxCollider.obj
 0003:00006e28       ?b@@3UVector3@@A           00118228     GameEngine:BoxCollider.obj
 0003:00006e34       ?mem_left@@3HA             00118234     KERNEL:kernel.obj
 0003:00006e38       ?mem_ptr@@3PAEA            00118238     KERNEL:kernel.obj
 0003:00006e3c       ?x@Debug@@2HA              0011823c     KERNEL:debug.obj
 0003:00006e40       ?y@Debug@@2HA              00118240     KERNEL:debug.obj
 0003:00006e44       ?bcolor@Debug@@2IA         00118244     KERNEL:debug.obj
 0003:00006e48       ?mode@VBE@@2UVBE_MODE_INFO@@A 00118248     KERNEL:vbe.obj
 0003:00006f48       ?buffer@VBE@@2PAIA         00118348     KERNEL:vbe.obj
 0003:00006f4c       ?mem_base@VBE@@0PAIA       0011834c     KERNEL:vbe.obj
 0003:00006f50       ?mem_max@VBE@@0PAIA        00118350     KERNEL:vbe.obj
 0003:00006f54       ?mem_size@VBE@@0IA         00118354     KERNEL:vbe.obj
 0003:00006f58       ?bytes_per_pixel@VBE@@0IA  00118358     KERNEL:vbe.obj
 0003:00006f5c       ?pixel_count@VBE@@0IA      0011835c     KERNEL:vbe.obj
 0003:00006f60       ?ctrl@Keyboard@@2_NA       00118360     KERNEL:keyboard.obj
 0003:00006f61       ?shift@Keyboard@@2_NA      00118361     KERNEL:keyboard.obj
 0003:00006f62       ?alt@Keyboard@@2_NA        00118362     KERNEL:keyboard.obj
 0003:00006f63       ?caps@Keyboard@@2_NA       00118363     KERNEL:keyboard.obj
 0003:00006f64       ?num@Keyboard@@2_NA        00118364     KERNEL:keyboard.obj
 0003:00006f65       ?scroll@Keyboard@@2_NA     00118365     KERNEL:keyboard.obj
 0003:00006f66       ?extended@@3_NA            00118366     KERNEL:keyboard.obj
 0003:00006f67       ?scancode@@3EA             00118367     KERNEL:keyboard.obj
 0003:00006f68       ?keystates@@3PA_NA         00118368     KERNEL:keyboard.obj
 0003:00007067       ?scan@@3EA                 00118467     KERNEL:keyboard.obj
 0003:00007068       ?last_key@@3UKEY_PACKET@@A 00118468     KERNEL:keyboard.obj
 0003:00007074       ?pressed@@3_NA             00118474     KERNEL:keyboard.obj
 0003:00007078       ?key@@3W4KEYCODE@@A        00118478     KERNEL:keyboard.obj
 0003:0000707c       ?ticks@PIT@@2IA            0011847c     KERNEL:pit.obj
 0003:00007080       ?x@Mouse@@2HA              00118480     KERNEL:mouse.obj
 0003:00007084       ?y@Mouse@@2HA              00118484     KERNEL:mouse.obj
 0003:00007088       ?sensitivity@Mouse@@2MA    00118488     KERNEL:mouse.obj
 0003:0000708c       ?mouse_L@Mouse@@2_NA       0011848c     KERNEL:mouse.obj
 0003:0000708d       ?mouse_R@Mouse@@2_NA       0011848d     KERNEL:mouse.obj
 0003:0000708e       ?mouse_M@Mouse@@2_NA       0011848e     KERNEL:mouse.obj
 0003:0000708f       ?mouse_cycle@Mouse@@0EA    0011848f     KERNEL:mouse.obj
 0003:00007090       ?scroll_x@Mouse@@2HA       00118490     KERNEL:mouse.obj
 0003:00007094       ?scroll_y@Mouse@@2HA       00118494     KERNEL:mouse.obj
 0003:00007098       ?w@Mouse@@0IA              00118498     KERNEL:mouse.obj
 0003:0000709c       ?h@Mouse@@0IA              0011849c     KERNEL:mouse.obj
 0003:000070a0       ?mouse_byte@Mouse@@0PACA   001184a0     KERNEL:mouse.obj
 0003:000070a4       ?initialized@Mouse@@0_NA   001184a4     KERNEL:mouse.obj
 0003:000070a8       ?intf@KNet@@2PAVNetInterface@@A 001184a8     KERNEL:net.obj
 0003:000070ac       ?GatewayIPv4@KNet@@2UIPv4Address@@A 001184ac     KERNEL:net.obj
 0003:000070b0       ?GatewayMAC@KNet@@2UMacAddress@@A 001184b0     KERNEL:net.obj
 0003:000070b8       ?BroadcastMAC@KNet@@2UMacAddress@@A 001184b8     KERNEL:net.obj
 0003:000070c0       ?BroadcastIPv4@KNet@@2UIPv4Address@@A 001184c0     KERNEL:net.obj
 0003:000070c4       ?NullMAC@KNet@@2UMacAddress@@A 001184c4     KERNEL:net.obj
 0003:000070cc       ?NullIPv4@KNet@@2UIPv4Address@@A 001184cc     KERNEL:net.obj
 0003:000070d0       ?num_blocks@Memory@@2IA    001184d0     KERNEL:memory.obj
 0003:000070d4       ?num_free@Memory@@2IA      001184d4     KERNEL:memory.obj
 0003:000070d8       ?mem_size@Memory@@2IA      001184d8     KERNEL:memory.obj
 0003:000070dc       ?mem_map@Memory@@0PAIA     001184dc     KERNEL:memory.obj
 0003:000070e0       ?idt@IDT@@0PAUIDT_DESCRIPTOR@@A 001184e0     KERNEL:idt.obj
 0003:000078e0       ?idt_reg@IDT@@0UIDT_REG@@A 00118ce0     KERNEL:idt.obj

 entry point at        0000:00000000

 Static symbols

 0002:fffefa00       __guard_fids__             00100000     LIBCMT:std_type_info_static.obj
 0001:fffffd24       $LN29                      00100124     GameEngine:Collider.obj
 0001:fffffda0       $LN20                      001001a0     GameEngine:Collider.obj
 0001:00000000       ??__E?m_stride@GL@gl@@2IA@@YAXXZ 00100400 f   GL:GL.obj
 0001:00000010       ??__Emat_projection@gl@@YAXXZ 00100410 f   GL:GL.obj
 0001:00000020       ??__Emat_stack@gl@@YAXXZ   00100420 f   GL:GL.obj
 0001:00000050       ??__Emat_viewmodel@gl@@YAXXZ 00100450 f   GL:GL.obj
 0001:00000060       ??__Elast_mouse_pos@@YAXXZ 00100460 f   GameEngine:Engine.obj
 0001:00000070       ??__Eb@@YAXXZ              00100470 f   GameEngine:BoxCollider.obj
 0001:00000080       ??__Ec@@YAXXZ              00100480 f   GameEngine:BoxCollider.obj
 0001:00000090       ??__Ed@@YAXXZ              00100490 f   GameEngine:BoxCollider.obj
 0001:000000a0       ??__Ev@@YAXXZ              001004a0 f   GameEngine:BoxCollider.obj
 0001:000022f8       $LN28                      001026f8     tcpsession.obj
 0001:00009f04       $LN29                      0010a304     GameEngine:BoxCollider.obj
 0001:0000a2a0       $LN20                      0010a6a0     GameEngine:BoxCollider.obj
 0001:0000b158       $LN70                      0010b558     GameEngine:BoxCollider.obj
 0001:0000d780       $LN49                      0010db80     Lib:stdio.obj
 0001:0000d79c       $LN44                      0010db9c     Lib:stdio.obj
 0001:0000dc48       $LN28                      0010e048     KERNEL:debug.obj
 0001:0000dd98       $LN21                      0010e198     KERNEL:debug.obj
 0001:0000e750       $LN59                      0010eb50     KERNEL:keyboard.obj
 0001:0000e778       $LN60                      0010eb78     KERNEL:keyboard.obj
 0001:0000e7a8       $LN61                      0010eba8     KERNEL:keyboard.obj
 0001:0000e7e0       $LN56                      0010ebe0     KERNEL:keyboard.obj
 0002:00000498       ?scancodes@@3QBW4KEYCODE@@B 00110a98     KERNEL:keyboard.obj
 0003:00000008       ?DEFAULT_FONT@@3PAEA       00111408     3DGame:3DGame.obj
 0003:00001008       ?DEFAULT_FONT@@3PAEA       00112408     3DGame:MyBox.obj
 0003:00002008       ?DEFAULT_FONT@@3PAEA       00113408     3DGame:Thing.obj
 0003:00003020       ?next@@3KA                 00114420     Lib:math.obj
 0003:00003028       ?DEFAULT_FONT@@3PAEA       00114428     KERNEL:vbe.obj
 0004:00000000       ??m_stride$initializer$@GL@gl@@2P6AXXZA@@3P6AXXZA 00118e00     GL:GL.obj
 0004:00000004       ?mat_projection$initializer$@gl@@3P6AXXZA 00118e04     GL:GL.obj
 0004:00000008       ?mat_viewmodel$initializer$@gl@@3P6AXXZA 00118e08     GL:GL.obj
 0004:0000000c       ?mat_stack$initializer$@gl@@3P6AXXZA 00118e0c     GL:GL.obj
 0004:00000010       ?last_mouse_pos$initializer$@@3P6AXXZA 00118e10     GameEngine:Engine.obj
 0004:00000014       ?v$initializer$@@3P6AXXZA  00118e14     GameEngine:BoxCollider.obj
 0004:00000018       ?c$initializer$@@3P6AXXZA  00118e18     GameEngine:BoxCollider.obj
 0004:0000001c       ?b$initializer$@@3P6AXXZA  00118e1c     GameEngine:BoxCollider.obj
 0004:00000020       ?d$initializer$@@3P6AXXZA  00118e20     GameEngine:BoxCollider.obj
