 AndyOS

 Timestamp is 59e251a0 (Sat Oct 14 20:04:16 2017)

 Preferred load address is 00100000

 Start         Length     Name                   Class
 0001:00000000 00008831H .text$mn                CODE
 0002:00000000 00000000H .gfids$y                DATA
 0002:00000000 00000684H .rdata                  DATA
 0002:00000684 00000128H .rdata$r                DATA
 0002:000007ac 00000000H .edata                  DATA
 0002:000007ac 00000100H .rdata$zzzdbg           DATA
 0003:00000000 000011ecH .data                   DATA
 0003:000011ec 00000074H .data$r                 DATA
 0003:00001260 00002f56H .bss                    DATA

  Address         Publics by Value              Rva+Base       Lib:Object

 0000:00000000       ___enclave_config          00000000     <absolute>
 0000:00000000       ___guard_iat_table         00000000     <absolute>
 0000:00000000       ___hybrid_code_map         00000000     <absolute>
 0000:00000000       ___guard_flags             00000000     <absolute>
 0000:00000000       ___safe_se_handler_count   00000000     <absolute>
 0000:00000000       ___guard_longjmp_count     00000000     <absolute>
 0000:00000000       ___dynamic_value_reloc_table 00000000     <absolute>
 0000:00000000       ___hybrid_code_map_count   00000000     <absolute>
 0000:00000000       ___guard_fids_count        00000000     <absolute>
 0000:00000000       ___guard_fids_table        00000000     <absolute>
 0000:00000000       ___guard_longjmp_table     00000000     <absolute>
 0000:00000000       ___safe_se_handler_table   00000000     <absolute>
 0000:00000000       ___hybrid_auxiliary_iat    00000000     <absolute>
 0000:00000000       ___guard_iat_count         00000000     <absolute>
 0001:00000000       ?OSBoot@@YAXPAUMULTIBOOT_HEADER@@@Z 00100400 f   boot.obj
 0001:00000050       ??0Button@gui@@QAE@XZ      00100450 f   Button.obj
 0001:000000b0       ?Paint@Button@gui@@UAEXXZ  001004b0 f   Button.obj
 0001:00000150       ?Paint@Control@gui@@UAEXXZ 00100550 f i Button.obj
 0001:00000160       ?ReceiveSendMessage@Button@gui@@UAEXUWND_MSG@2@@Z 00100560 f   Button.obj
 0001:000001b0       ?ReceiveSendMessage@Control@gui@@UAEXUWND_MSG@2@@Z 001005b0 f i Button.obj
 0001:000001c0       ?Close@Control@gui@@QAEXXZ 001005c0 f   Control.obj
 0001:00000210       ?ReadFile@FileSystem@@SAIPADAAPAD@Z 00100610 f   FileSystem.obj
 0001:00000220       ?CloseWindow@WindowManager@gui@@SAXPAVWindow@2@@Z 00100620 f   GUI.obj
 0001:000002a0       ?Contains@Rect@@QAE_NHH@Z  001006a0 f i GUI.obj
 0001:000002e0       ?CreateWindow@WindowManager@gui@@SAPAVWindow@2@PAD@Z 001006e0 f   GUI.obj
 0001:00000360       ?GetWindowAtCursor@WindowManager@gui@@CAPAVWindow@2@XZ 00100760 f   GUI.obj
 0001:000003b0       ?HandleMouseInput@WindowManager@gui@@CAXXZ 001007b0 f   GUI.obj
 0001:000007e0       ?Init@WindowManager@gui@@SAIXZ 00100be0 f   GUI.obj
 0001:000008e0       ?PaintBackground@WindowManager@gui@@CAXXZ 00100ce0 f   GUI.obj
 0001:00000980       ?PaintCursor@WindowManager@gui@@CAXXZ 00100d80 f   GUI.obj
 0001:00000a40       ?PaintTaskbar@WindowManager@gui@@CAXXZ 00100e40 f   GUI.obj
 0001:00000ae0       ?PaintWindows@WindowManager@gui@@CAXXZ 00100ee0 f   GUI.obj
 0001:00000b50       ?SetFocusedWindow@WindowManager@gui@@CAXPAVWindow@2@@Z 00100f50 f   GUI.obj
 0001:00000c30       ?Start@WindowManager@gui@@SAXXZ 00101030 f   GUI.obj
 0001:00000c50       ?UpdateLoop@WindowManager@gui@@CAXXZ 00101050 f   GUI.obj
 0001:00000f60       ?FindFile@ISO_FS@@SAPAUISO_DIRECTORY@@PAD@Z 00101360 f   iso.obj
 0001:00001030       ?Init@ISO_FS@@SAIXZ        00101430 f   iso.obj
 0001:000010a0       ?ListFiles@ISO_FS@@SAHPAD@Z 001014a0 f   iso.obj
 0001:00001140       ?ReadFile@ISO_FS@@SAIPADAAPAD@Z 00101540 f   iso.obj
 0001:00001230       ?ReadFile@ISO_FS@@SAIPAUISO_DIRECTORY@@AAPAD@Z 00101630 f   iso.obj
 0001:00001260       ??0Label@gui@@QAE@XZ       00101660 f   Label.obj
 0001:000012b0       ?Paint@Label@gui@@UAEXXZ   001016b0 f   Label.obj
 0001:000012e0       ?Create@Mandelbrot@@SAXHH@Z 001016e0 f   Mandelbrot.obj
 0001:00001710       ?stuff@@YAXXZ              00101b10 f   Mandelbrot.obj
 0001:00001790       ?AddEntry@ARP@@SAXUMacAddress@@UIPv4Address@@@Z 00101b90 f   arp.obj
 0001:00001820       ?Decode@ARP@@SA_NPAUARP_Header@@PAUNetPacket@@@Z 00101c20 f   arp.obj
 0001:00001890       ?Init@ARP@@SAIXZ           00101c90 f   arp.obj
 0001:000018f0       ?LookupMac@ARP@@SA?AUMacAddress@@UIPv4Address@@@Z 00101cf0 f   arp.obj
 0001:00001970       ?Receive@ARP@@SAXPAVNetInterface@@PAUNetPacket@@@Z 00101d70 f   arp.obj
 0001:00001ab0       ?Send@ARP@@SAXPAVNetInterface@@UMacAddress@@UIPv4Address@@G@Z 00101eb0 f   arp.obj
 0001:00001b70       ?SendReply@ARP@@CAXPAVNetInterface@@PAUARP_Header@@@Z 00101f70 f   arp.obj
 0001:00001bb0       ?SendRequest@ARP@@SAXPAVNetInterface@@UIPv4Address@@@Z 00101fb0 f   arp.obj
 0001:00001bf0       ?DoStuff@DHCP@@SAXPAVNetInterface@@UIPv4Address@@@Z 00101ff0 f   dhcp.obj
 0001:00001cd0       ?Receive@DHCP@@SAXPAVNetInterface@@PAUIPv4_Header@@PAUUDP_Packet@@PAUNetPacket@@@Z 001020d0 f   dhcp.obj
 0001:00001ce0       ?AddEntry@DNS@@SAXPADUIPv4Address@@@Z 001020e0 f   dns.obj
 0001:00001d60       ?AppendDomain@DNS@@CAPAEPAEPAD@Z 00102160 f   dns.obj
 0001:00001dc0       ?Decode@DNS@@SA_NPAUDNS_Packet@@PAUUDP_Packet@@@Z 001021c0 f   dns.obj
 0001:00001e40       ?Init@DNS@@SAIXZ           00102240 f   dns.obj
 0001:00001e80       ?LookupAddress@DNS@@SA?AUIPv4Address@@PAD@Z 00102280 f   dns.obj
 0001:00001ec0       ?ParseAnswer@DNS@@CAPAEPAUDNS_Answer@@PAE@Z 001022c0 f   dns.obj
 0001:00001f20       ?ParseDomain@DNS@@CAPAEPADPAE@Z 00102320 f   dns.obj
 0001:00001f60       ?Query@DNS@@SAXPAVNetInterface@@PAD@Z 00102360 f   dns.obj
 0001:00002040       ?Receive@DNS@@SAXPAVNetInterface@@PAUIPv4_Header@@PAUUDP_Packet@@PAUNetPacket@@@Z 00102440 f   dns.obj
 0001:000021a0       ?CreatePacket@Eth@@SAPAUNetPacket@@PAVNetInterface@@UMacAddress@@GI@Z 001025a0 f   eth.obj
 0001:00002210       ?Decode@Eth@@SA_NPAUEthPacket@@PAUNetPacket@@@Z 00102610 f   eth.obj
 0001:00002290       ?Receive@Eth@@SAXPAVNetInterface@@PAUNetPacket@@@Z 00102690 f   eth.obj
 0001:00002330       ?Send@Eth@@SAXPAVNetInterface@@PAUNetPacket@@@Z 00102730 f   eth.obj
 0001:00002340       ??0WebClient@@QAE@XZ       00102740 f   http.obj
 0001:00002350       ?Download@WebClient@@QAEHVString@std@@AAPAE@Z 00102750 f   http.obj
 0001:00002370       ?Send@WebClient@@QAEXVString@std@@PAEI@Z 00102770 f   http.obj
 0001:00002400       ?Decode@ICMP@@SA_NPAUICMP_Packet@@PAUNetPacket@@@Z 00102800 f   icmp.obj
 0001:00002470       ?Receive@ICMP@@SAXPAVNetInterface@@PAUIPv4_Header@@PAUNetPacket@@@Z 00102870 f   icmp.obj
 0001:000024c0       ?Send@ICMP@@SAXPAVNetInterface@@PAUICMP_Packet@@UIPv4Address@@E@Z 001028c0 f   icmp.obj
 0001:00002560       ?SendReply@ICMP@@SAXPAVNetInterface@@PAUICMP_Packet@@UIPv4Address@@@Z 00102960 f   icmp.obj
 0001:000025f0       ?CreatePacket@IPv4@@SAPAUNetPacket@@PAVNetInterface@@UIPv4Address@@EI@Z 001029f0 f   ipv4.obj
 0001:00002770       ?Decode@IPv4@@SA_NPAUIPv4_Header@@PAUNetPacket@@@Z 00102b70 f   ipv4.obj
 0001:000027e0       ?Receive@IPv4@@SAXPAVNetInterface@@PAUEthPacket@@PAUNetPacket@@@Z 00102be0 f   ipv4.obj
 0001:000028e0       ?Send@IPv4@@SAXPAVNetInterface@@PAUNetPacket@@@Z 00102ce0 f   ipv4.obj
 0001:000028f0       ?Init@Net@@SAIXZ           00102cf0 f   net.obj
 0001:00002900       ?NetEthReceive@@YAXPAVNetInterface@@PAUNetPacket@@@Z 00102d00 f   net.obj
 0001:00002910       ?CreatePacket@TCP@@SAPAUNetPacket@@PAVNetInterface@@UIPv4Address@@GGEIIPAEI@Z 00102d10 f   tcp.obj
 0001:00002a00       ?CreateSession@TCP@@SAPAVTcpSession@@XZ 00102e00 f   tcp.obj
 0001:00002a40       ?Decode@TCP@@SA_NPAUTCP_Packet@@PAUNetPacket@@@Z 00102e40 f   tcp.obj
 0001:00002af0       ?Receive@TCP@@SAXPAVNetInterface@@PAUIPv4_Header@@PAUNetPacket@@@Z 00102ef0 f   tcp.obj
 0001:00002bf0       ?Send@TCP@@SAXPAVNetInterface@@PAUNetPacket@@@Z 00102ff0 f   tcp.obj
 0001:00002c00       ??0TcpSession@@QAE@XZ      00103000 f   tcpsession.obj
 0001:00002c20       ?Close@TcpSession@@QAEXXZ  00103020 f   tcpsession.obj
 0001:00002d20       ?Connect@TcpSession@@QAEXUIPv4Address@@G@Z 00103120 f   tcpsession.obj
 0001:00002ea0       ?Listen@TcpSession@@QAEXG@Z 001032a0 f   tcpsession.obj
 0001:00002ed0       ?Receive@TcpSession@@QAEXPAUIPv4_Header@@PAUTCP_Packet@@@Z 001032d0 f   tcpsession.obj
 0001:00003060       ?ReceivedData@TcpSession@@QAEXPAUIPv4_Header@@PAUTCP_Packet@@@Z 00103460 f   tcpsession.obj
 0001:000030c0       ?Reset@TcpSession@@AAEXXZ  001034c0 f   tcpsession.obj
 0001:000030e0       ?Send@TcpSession@@AAE_NEPAEI@Z 001034e0 f   tcpsession.obj
 0001:00003130       ?SendData@TcpSession@@QAE_NPAEI@Z 00103530 f   tcpsession.obj
 0001:00003180       ??0TcpSocket@@QAE@XZ       00103580 f   tcpsocket.obj
 0001:00003190       ?Close@TcpSocket@@QAE_NXZ  00103590 f   tcpsocket.obj
 0001:000031b0       ?Connect@TcpSocket@@QAE_NUIPv4Address@@G@Z 001035b0 f   tcpsocket.obj
 0001:000031e0       ?Listen@TcpSocket@@QAE_NG@Z 001035e0 f   tcpsocket.obj
 0001:00003210       ?Send@TcpSocket@@QAE_NPAEI@Z 00103610 f   tcpsocket.obj
 0001:00003240       ?RunTextEdit@apps@@YAXXZ   00103640 f   TextEdit.obj
 0001:00003380       ?CreatePacket@UDP@@SAPAUNetPacket@@PAVNetInterface@@UIPv4Address@@GGPAEI@Z 00103780 f   udp.obj
 0001:00003440       ?Decode@UDP@@SA_NPAUUDP_Packet@@PAUNetPacket@@@Z 00103840 f   udp.obj
 0001:000034b0       ?Receive@UDP@@SAXPAVNetInterface@@PAUIPv4_Header@@PAUNetPacket@@@Z 001038b0 f   udp.obj
 0001:00003560       ?Send@UDP@@SAXPAVNetInterface@@PAUNetPacket@@@Z 00103960 f   udp.obj
 0001:00003570       ??0UdpSocket@@QAE@G@Z      00103970 f   udpsocket.obj
 0001:00003590       ??1UdpSocket@@QAE@XZ       00103990 f   udpsocket.obj
 0001:000035a0       ?Receive@UdpSocket@@QAEHAAPAE@Z 001039a0 f   udpsocket.obj
 0001:000035b0       ?Send@UdpSocket@@QAEXUIPv4Address@@PAEG@Z 001039b0 f   udpsocket.obj
 0001:000035f0       ??_H@YGXPAXIIP6EPAX0@Z@Z   001039f0 f i OS.obj
 0001:00003620       ?Main@OS@@SAXXZ            00103a20 f   OS.obj
 0001:00003660       ?ThrowException@OS@@SAXPAD0@Z 00103a60 f   OS.obj
 0001:00003670       ?Add@?$List@VString@std@@@std@@QAEXVString@2@@Z 00103a70 f i string.obj
 0001:00003770       ?Split@String@std@@QAEXAAV?$List@VString@std@@@2@D@Z 00103b70 f   string.obj
 0001:000038b0       ??0Window@gui@@QAE@XZ      00103cb0 f   Window.obj
 0001:000039e0       ?Close@Window@gui@@QAEXXZ  00103de0 f   Window.obj
 0001:00003a60       ?CreateControl@Window@gui@@QAEPAVControl@2@W4CONTROL_TYPE@2@PADHHHHH@Z 00103e60 f   Window.obj
 0001:00003bc0       ?DispatchMessage@Window@gui@@QAEXUWND_MSG@2@@Z 00103fc0 f   Window.obj
 0001:00003c00       ?GetControlAt@Window@gui@@QAEPAVControl@2@HH@Z 00104000 f   Window.obj
 0001:00003c60       ?GetMessage@Window@gui@@QAE?AUWND_MSG@2@XZ 00104060 f   Window.obj
 0001:00003cb0       ?Paint@Window@gui@@QAEXXZ  001040b0 f   Window.obj
 0001:00003da0       ?PaintControls@Window@gui@@AAEXXZ 001041a0 f   Window.obj
 0001:00003dc0       ?PaintWindow@Window@gui@@AAEXXZ 001041c0 f   Window.obj
 0001:00003e90       ?ReceiveSendMessage@Window@gui@@QAEXUWND_MSG@2@@Z 00104290 f   Window.obj
 0001:00003ef0       ?SetFocus@Window@gui@@QAEX_N@Z 001042f0 f   Window.obj
 0001:00003f10       ?SetState@Window@gui@@QAEXW4WINDOW_STATE@2@@Z 00104310 f   Window.obj
 0001:00003f60       ?memcmp@@YAHPBX0I@Z        00104360 f   Lib:string.obj
 0001:00003fa0       ?memcpy@@YAPAXPAX0I@Z      001043a0 f   Lib:string.obj
 0001:00003fd0       ?memcpy_fast_128@@YAXPAX0I@Z 001043d0 f   Lib:string.obj
 0001:00004050       ?memset16@@YAPAXPAXGI@Z    00104450 f   Lib:string.obj
 0001:00004070       ?memset32@@YAPAXPAXII@Z    00104470 f   Lib:string.obj
 0001:00004090       ?memset_fast_128@@YAPAXPAXII@Z 00104490 f   Lib:string.obj
 0001:00004110       ?strcat@@YAPADPADPBD@Z     00104510 f   Lib:string.obj
 0001:00004140       ?strcmp@@YAIPBD0@Z         00104540 f   Lib:string.obj
 0001:00004190       ?strcpy@@YAPADPADPBD@Z     00104590 f   Lib:string.obj
 0001:000041b0       ?strlen@@YAIPBD@Z          001045b0 f   Lib:string.obj
 0001:000041d0       ?strncat@@YAPADPADPBDH@Z   001045d0 f   Lib:string.obj
 0001:00004210       _memset                    00104610 f   Lib:string.obj
 0001:00004230       ?acos@@YAMM@Z              00104630 f   Lib:math.obj
 0001:00004290       ?asin@@YAMM@Z              00104690 f   Lib:math.obj
 0001:000042f0       ?atan2@@YAMMM@Z            001046f0 f   Lib:math.obj
 0001:000043f0       ?atan@@YAMM@Z              001047f0 f   Lib:math.obj
 0001:00004420       ?ceil@@YAHM@Z              00104820 f   Lib:math.obj
 0001:00004440       ?cos@@YAMM@Z               00104840 f   Lib:math.obj
 0001:00004460       ?fact@@YAMM@Z              00104860 f   Lib:math.obj
 0001:000044a0       ?floor@@YAHM@Z             001048a0 f   Lib:math.obj
 0001:000044c0       ?log10@@YAMM@Z             001048c0 f   Lib:math.obj
 0001:000044e0       ?log2@@YAMM@Z              001048e0 f   Lib:math.obj
 0001:00004500       ?log@@YAMM@Z               00104900 f   Lib:math.obj
 0001:00004520       ?logn@@YAMMM@Z             00104920 f   Lib:math.obj
 0001:00004550       ?pow@@YAMMH@Z              00104950 f   Lib:math.obj
 0001:00004630       ?rand@@YAIXZ               00104a30 f   Lib:math.obj
 0001:00004650       ?round@@YAHM@Z             00104a50 f   Lib:math.obj
 0001:00004670       ?sin@@YAMM@Z               00104a70 f   Lib:math.obj
 0001:00004690       ?sqrt@@YAMM@Z              00104a90 f   Lib:math.obj
 0001:000046b0       ?srand@@YAXI@Z             00104ab0 f   Lib:math.obj
 0001:000046c0       ?tan@@YAMM@Z               00104ac0 f   Lib:math.obj
 0001:000046f0       ?atof@@YAMPBD@Z            00104af0 f   Lib:stdio.obj
 0001:00004790       ?atoi@@YAHPBD@Z            00104b90 f   Lib:stdio.obj
 0001:000047b0       ?ftoa@@YAPADMIPAD@Z        00104bb0 f   Lib:stdio.obj
 0001:000048d0       ?itoa@@YAPADHIPAD_N@Z      00104cd0 f   Lib:stdio.obj
 0001:00004960       ?strtol@@YAJPBDPAPADH@Z    00104d60 f   Lib:stdio.obj
 0001:00004ab0       ?vprintf@@YAPADPADPBDZZ    00104eb0 f   Lib:stdio.obj
 0001:00004ad0       ?vsprintf@@YAPADPADPBDPAE@Z 00104ed0 f   Lib:stdio.obj
 0001:00004e40       ??2@YAPAXI@Z               00105240 f   KERNEL:kernel.obj
 0001:00004e90       ??3@YAXPAX@Z               00105290 f   KERNEL:kernel.obj
 0001:00004eb0       ??_U@YAPAXI@Z              001052b0 f   KERNEL:kernel.obj
 0001:00004f40       ??_V@YAXPAX@Z              00105340 f   KERNEL:kernel.obj
 0001:00004f50       ?Init@Kernel@@SAXPAUMULTIBOOT_INFO@@@Z 00105350 f   KERNEL:kernel.obj
 0001:00004ff0       ?CreateThread@Task@@SAPAVThread@@PAX@Z 001053f0 f   KERNEL:task.obj
 0001:00005090       ?Idle@Task@@CAXXZ          00105490 f   KERNEL:task.obj
 0001:000050a0       ?Init@Task@@SAIXZ          001054a0 f   KERNEL:task.obj
 0001:000051a0       ?InsertThread@Task@@SAXPAVThread@@@Z 001055a0 f   KERNEL:task.obj
 0001:000051e0       ?Schedule@Task@@CAXXZ      001055e0 f   KERNEL:task.obj
 0001:00005200       ?StartThreading@Task@@SAXXZ 00105600 f   KERNEL:task.obj
 0001:00005240       ?Task_ISR@Task@@CAXXZ      00105640 f   KERNEL:task.obj
 0001:00005280       ?BitBlt@Drawing@@SAXUGC@@HHHH0HH_N@Z 00105680 f   KERNEL:drawing.obj
 0001:000054c0       ?BlendAlpha@Drawing@@CAIII@Z 001058c0 f i KERNEL:drawing.obj
 0001:00005580       ?Clear@Drawing@@SAXIUGC@@@Z 00105980 f   KERNEL:drawing.obj
 0001:000055b0       ?Draw@Drawing@@SAXUGC@@@Z  001059b0 f   KERNEL:drawing.obj
 0001:000055e0       ?DrawBezierCube@Drawing@@SAXPAUPoint@@HUGC@@@Z 001059e0 f   KERNEL:drawing.obj
 0001:00005840       ?DrawBezierQuad@Drawing@@SAXPAUPoint@@HUGC@@@Z 00105c40 f   KERNEL:drawing.obj
 0001:000059e0       ?DrawImage@Drawing@@SAXHHHHPAUBMP@@UGC@@@Z 00105de0 f   KERNEL:drawing.obj
 0001:00005ae0       ?DrawLine@Drawing@@SAXHHHHIUGC@@@Z 00105ee0 f   KERNEL:drawing.obj
 0001:00005c10       ?DrawRect@Drawing@@SAXHHHHHIUGC@@@Z 00106010 f   KERNEL:drawing.obj
 0001:00005ce0       ?DrawText@Drawing@@SAXHHPADIIUGC@@@Z 001060e0 f   KERNEL:drawing.obj
 0001:00005df0       ?DrawText@Drawing@@SAXHHPADIUGC@@@Z 001061f0 f   KERNEL:drawing.obj
 0001:00005ec0       ?FillRect@Drawing@@SAXHHHHIUGC@@@Z 001062c0 f   KERNEL:drawing.obj
 0001:00005f70       ?Init@Drawing@@SAIHHPAI@Z  00106370 f   KERNEL:drawing.obj
 0001:00006000       ?SetPixel@Drawing@@SAXHHIUGC@@@Z 00106400 f   KERNEL:drawing.obj
 0001:00006050       ?Clear@Debug@@SAXI@Z       00106450 f   KERNEL:debug.obj
 0001:00006070       ?Dump@Debug@@SAXPAXH_N@Z   00106470 f   KERNEL:debug.obj
 0001:00006210       ?Print@Debug@@SAXPADZZ     00106610 f   KERNEL:debug.obj
 0001:00006470       ?Putc@Debug@@SAXD_N@Z      00106870 f   KERNEL:debug.obj
 0001:00006690       ?Init@Mouse@@SAIIIM@Z      00106a90 f   KERNEL:mouse.obj
 0001:00006980       ?MouseRead@Mouse@@CAEXZ    00106d80 f   KERNEL:mouse.obj
 0001:000069b0       ?MouseWait@Mouse@@CAXE@Z   00106db0 f   KERNEL:mouse.obj
 0001:000069f0       ?MouseWrite@Mouse@@CAXE@Z  00106df0 f   KERNEL:mouse.obj
 0001:00006a50       ?Mouse_ISR@Mouse@@CAXXZ    00106e50 f   KERNEL:mouse.obj
 0001:00006b90       ?Init@PIT@@SAIXZ           00106f90 f   KERNEL:pit.obj
 0001:00006bd0       ?PIT_ISR@PIT@@CAXXZ        00106fd0 f   KERNEL:pit.obj
 0001:00006be0       ?ReadData@PIT@@CAEE@Z      00106fe0 f   KERNEL:pit.obj
 0001:00006c10       ?SendData@PIT@@CAXGE@Z     00107010 f   KERNEL:pit.obj
 0001:00006c50       ?Sleep@PIT@@SAXI@Z         00107050 f   KERNEL:pit.obj
 0001:00006c70       ?Start@PIT@@CAIXZ          00107070 f   KERNEL:pit.obj
 0001:00006cb0       ?ATA_Interrupt@ATA@@CAXXZ  001070b0 f   KERNEL:ata.obj
 0001:00006cc0       ?Init@ATA@@SAIXZ           001070c0 f   KERNEL:ata.obj
 0001:00006cf0       ?Read@ATA@@SAIHHHAAPADH@Z  001070f0 f   KERNEL:ata.obj
 0001:00006f00       ?ReadSector@ATA@@CAIHHHPAD@Z 00107300 f   KERNEL:ata.obj
 0001:000070b0       ?DecodeAscii@Keyboard@@CAXAAUKEY_PACKET@@@Z 001074b0 f   KERNEL:keyboard.obj
 0001:00007380       ?DiscardLastKey@Keyboard@@SAXXZ 00107780 f   KERNEL:keyboard.obj
 0001:00007390       ?GetKeyDown@Keyboard@@SA_NW4KEYCODE@@@Z 00107790 f   KERNEL:keyboard.obj
 0001:000073a0       ?GetLastKey@Keyboard@@SA?AUKEY_PACKET@@XZ 001077a0 f   KERNEL:keyboard.obj
 0001:000073c0       ?Init@Keyboard@@SAIXZ      001077c0 f   KERNEL:keyboard.obj
 0001:000073e0       ?Keyboard_ISR@Keyboard@@CAXXZ 001077e0 f   KERNEL:keyboard.obj
 0001:000075d0       ?Checksum@KNet@@SAGPAXH@Z  001079d0 f   KERNEL:net.obj
 0001:00007650       ?ChecksumDouble@KNet@@SAGPAXH0H@Z 00107a50 f   KERNEL:net.obj
 0001:00007730       ?Init@KNet@@SAIXZ          00107b30 f   KERNEL:net.obj
 0001:00007790       ?PrintIP@KNet@@SAXPADUIPv4Address@@@Z 00107b90 f   KERNEL:net.obj
 0001:000077d0       ?PrintMac@KNet@@SAXPADUMacAddress@@@Z 00107bd0 f   KERNEL:net.obj
 0001:00007820       ?htonl@@YAII@Z             00107c20 f   KERNEL:net.obj
 0001:00007830       ?htons@@YAGG@Z             00107c30 f   KERNEL:net.obj
 0001:00007850       ?ntohl@@YAII@Z             00107c50 f   KERNEL:net.obj
 0001:00007860       ?ntohs@@YAGG@Z             00107c60 f   KERNEL:net.obj
 0001:00007880       ?KernelPanic@Panic@@SAXPAD0@Z 00107c80 f   KERNEL:panic.obj
 0001:00007920       ?AllocBlocks@Memory@@SAPAXI@Z 00107d20 f   KERNEL:memory.obj
 0001:00007a50       ?DeInitRegion@Memory@@SAXPAXI@Z 00107e50 f   KERNEL:memory.obj
 0001:00007aa0       ?FirstFree@Memory@@CAIXZ   00107ea0 f   KERNEL:memory.obj
 0001:00007ae0       ?FirstFreeNum@Memory@@CAII@Z 00107ee0 f   KERNEL:memory.obj
 0001:00007bd0       ?FreeBlocks@Memory@@SAXPAXI@Z 00107fd0 f   KERNEL:memory.obj
 0001:00007c30       ?Init@Memory@@SAIIPAI@Z    00108030 f   KERNEL:memory.obj
 0001:00007cb0       ?InitRegion@Memory@@SAXPAXI@Z 001080b0 f   KERNEL:memory.obj
 0001:00007d00       ?EnableFPU@CPU@@CAIXZ      00108100 f   KERNEL:cpu.obj
 0001:00007d20       ?EnableSSE@CPU@@CAIXZ      00108120 f   KERNEL:cpu.obj
 0001:00007d50       ?Init@CPU@@SAIXZ           00108150 f   KERNEL:cpu.obj
 0001:00007d80       ?Init@VBE@@SAIPAUVBE_MODE_INFO@@@Z 00108180 f   KERNEL:vbe.obj
 0001:00007df0       ?Init@HAL@@SAIXZ           001081f0 f   KERNEL:hal.obj
 0001:00007e20       ?inb@@YAEG@Z               00108220 f   KERNEL:hal.obj
 0001:00007e40       ?inl@@YAIG@Z               00108240 f   KERNEL:hal.obj
 0001:00007e60       ?inw@@YAGG@Z               00108260 f   KERNEL:hal.obj
 0001:00007e80       ?outb@@YAXGE@Z             00108280 f   KERNEL:hal.obj
 0001:00007e90       ?outl@@YAXGI@Z             00108290 f   KERNEL:hal.obj
 0001:00007ea0       ?outw@@YAXGG@Z             001082a0 f   KERNEL:hal.obj
 0001:00007eb0       ?DefaultISR@Exceptions@@SAXXZ 001082b0 f   KERNEL:exceptions.obj
 0001:00007ed0       ?ISR0@Exceptions@@CAXXZ    001082d0 f   KERNEL:exceptions.obj
 0001:00007ef0       ?ISR10@Exceptions@@CAXXZ   001082f0 f   KERNEL:exceptions.obj
 0001:00007f10       ?ISR11@Exceptions@@CAXXZ   00108310 f   KERNEL:exceptions.obj
 0001:00007f30       ?ISR12@Exceptions@@CAXXZ   00108330 f   KERNEL:exceptions.obj
 0001:00007f50       ?ISR13@Exceptions@@CAXXZ   00108350 f   KERNEL:exceptions.obj
 0001:00007f70       ?ISR14@Exceptions@@CAXXZ   00108370 f   KERNEL:exceptions.obj
 0001:00007f90       ?ISR15@Exceptions@@CAXXZ   00108390 f   KERNEL:exceptions.obj
 0001:00007fb0       ?ISR16@Exceptions@@CAXXZ   001083b0 f   KERNEL:exceptions.obj
 0001:00007fd0       ?ISR17@Exceptions@@CAXXZ   001083d0 f   KERNEL:exceptions.obj
 0001:00007ff0       ?ISR18@Exceptions@@CAXXZ   001083f0 f   KERNEL:exceptions.obj
 0001:00008010       ?ISR19@Exceptions@@CAXXZ   00108410 f   KERNEL:exceptions.obj
 0001:00008030       ?ISR1@Exceptions@@CAXXZ    00108430 f   KERNEL:exceptions.obj
 0001:00008050       ?ISR2@Exceptions@@CAXXZ    00108450 f   KERNEL:exceptions.obj
 0001:00008070       ?ISR3@Exceptions@@CAXXZ    00108470 f   KERNEL:exceptions.obj
 0001:00008090       ?ISR4@Exceptions@@CAXXZ    00108490 f   KERNEL:exceptions.obj
 0001:000080b0       ?ISR5@Exceptions@@CAXXZ    001084b0 f   KERNEL:exceptions.obj
 0001:000080d0       ?ISR6@Exceptions@@CAXIII@Z 001084d0 f   KERNEL:exceptions.obj
 0001:00008150       ?ISR7@Exceptions@@CAXXZ    00108550 f   KERNEL:exceptions.obj
 0001:00008170       ?ISR8@Exceptions@@CAXXZ    00108570 f   KERNEL:exceptions.obj
 0001:00008190       ?ISR9@Exceptions@@CAXXZ    00108590 f   KERNEL:exceptions.obj
 0001:000081b0       ?Init@Exceptions@@SAIXZ    001085b0 f   KERNEL:exceptions.obj
 0001:000082b0       ?Create@PCI@@CAPAUPCI_DEVICE@@EEE@Z 001086b0 f   KERNEL:pci.obj
 0001:00008370       ?GetDevice@PCI@@SAPAUPCI_DEVICE@@HHH@Z 00108770 f   KERNEL:pci.obj
 0001:00008520       ?Init@PCI@@SAIXZ           00108920 f   KERNEL:pci.obj
 0001:00008530       ?Read@PCI@@CAIEEEEE@Z      00108930 f   KERNEL:pci.obj
 0001:000085a0       ?printdev@@YAXPAUPCI_DEVICE@@@Z 001089a0 f   KERNEL:pci.obj
 0001:000085e0       ?EmptyISR@IDT@@SAXXZ       001089e0 f   KERNEL:idt.obj
 0001:000085f0       ?GetIR@IDT@@SAPAUIDT_DESCRIPTOR@@I@Z 001089f0 f   KERNEL:idt.obj
 0001:00008600       ?GetVect@IDT@@SAP6AXXZH@Z  00108a00 f   KERNEL:idt.obj
 0001:00008630       ?Init@IDT@@SAIXZ           00108a30 f   KERNEL:idt.obj
 0001:000086a0       ?SetISR@IDT@@SAIIP6AXXZ@Z  00108aa0 f   KERNEL:idt.obj
 0001:000086e0       ?Init@PIC@@SAIXZ           00108ae0 f   KERNEL:pic.obj
 0001:00008740       ?InterruptDone@PIC@@SAXG@Z 00108b40 f   KERNEL:pic.obj
 0001:00008770       ?ReadData@PIC@@CAEE@Z      00108b70 f   KERNEL:pic.obj
 0001:000087a0       ?SendCommand@PIC@@CAXEE@Z  00108ba0 f   KERNEL:pic.obj
 0001:000087d0       ?SendData@PIC@@CAXGE@Z     00108bd0 f   KERNEL:pic.obj
 0001:000087f9       ??1type_info@@UAE@XZ       00108bf9 f   LIBCMT:std_type_info_static.obj
 0001:00008800       ??_Etype_info@@UAEPAXI@Z   00108c00 f i LIBCMT:std_type_info_static.obj
 0001:00008800       ??_Gtype_info@@UAEPAXI@Z   00108c00 f i LIBCMT:std_type_info_static.obj
 0001:00008823       ??3@YAXPAXI@Z              00108c23 f   LIBCMT:delete_scalar_size.obj
 0002:00000004       ??_7Control@gui@@6B@       00108e04     Button.obj
 0002:00000010       ??_7Button@gui@@6B@        00108e10     Button.obj
 0002:00000018       ??_C@_0BC@HJLBEKHE@Delta?3?5?$CFi?7FPS?3?5?$CFi?$AA@ 00108e18     GUI.obj
 0002:0000002c       ??_C@_06LAFIDHKA@?$CFi?6?$CFi?6?$AA@ 00108e2c     GUI.obj
 0002:00000040       __xmm@0000000e000000080000000000000000 00108e40     GUI.obj
 0002:00000050       ??_C@_06JJGECBPI@?$CFs?5?$CFi?6?$AA@ 00108e50     iso.obj
 0002:00000058       ??_C@_03OFAPEBGM@?$CFs?6?$AA@ 00108e58     iso.obj
 0002:00000060       ??_7Label@gui@@6B@         00108e60     Label.obj
 0002:00000068       ??_C@_03PELOGHMK@?$CFi?6?$AA@ 00108e68     Mandelbrot.obj
 0002:0000006c       ??_C@_06CMGOICJA@Start?6?$AA@ 00108e6c     Mandelbrot.obj
 0002:00000074       ??_C@_0BD@OAOOOKEK@Ticks?3?5?$CFi?7FPS?3?5?$CFi?6?$AA@ 00108e74     Mandelbrot.obj
 0002:00000088       ??_C@_09JHEKFLJE@Zoom?3?5?$CFf?6?$AA@ 00108e88     Mandelbrot.obj
 0002:00000094       __real@1adaca00            00108e94     Mandelbrot.obj
 0002:00000098       __real@3ff0000000000000    00108e98     Mandelbrot.obj
 0002:000000a0       __real@4010000000000000    00108ea0     Mandelbrot.obj
 0002:000000a8       __real@4088000000000000    00108ea8     Mandelbrot.obj
 0002:000000b0       __real@40f0000000000000    00108eb0     Mandelbrot.obj
 0002:000000b8       __real@437f0000            00108eb8     Mandelbrot.obj
 0002:000000bc       __real@447a0000            00108ebc     Mandelbrot.obj
 0002:000000c0       ??_C@_0BJ@FHJFEPME@arp?3?5sending?5request?5to?5?$AA@ 00108ec0     arp.obj
 0002:000000dc       ??_C@_0BH@NFEPIOCG@arp?3?5sending?5reply?5to?5?$AA@ 00108edc     arp.obj
 0002:000000f4       ??_C@_0BB@NPEPEJMJ@ARP?5added?5entry?5?$AA@ 00108ef4     arp.obj
 0002:00000108       ??_C@_0O@MBFFJLEF@DHCP?5RECEIVE?6?$AA@ 00108f08     dhcp.obj
 0002:00000118       ??_C@_0O@IJAKJLNJ@Received?5DNS?6?$AA@ 00108f18     dns.obj
 0002:00000128       ??_C@_0BF@DPFFLPFA@DNS?5added?5entry?3?5?$CFs?5?$AA@ 00108f28     dns.obj
 0002:0000013d       ??_C@_00CNPNBAHC@?$AA@     00108f3d     dns.obj
 0002:00000140       ??_C@_0M@KNKKGHNO@PARSED?5IP?3?5?$AA@ 00108f40     http.obj
 0002:0000014c       ??_C@_0BO@OHMKJDEI@Flags?3?5?$CFux?7ACK?3?5?$CFui?7SEQ?3?5?$CFui?6?$AA@ 00108f4c     tcpsession.obj
 0002:0000016c       ??_C@_0L@EIILFCEB@Connected?6?$AA@ 00108f6c     tcpsession.obj
 0002:00000178       ??_C@_07IPMAGINO@Closed?6?$AA@ 00108f78     tcpsession.obj
 0002:00000180       ??_C@_0BA@FHBAHEGN@Timeout?5closed?6?$AA@ 00108f80     tcpsession.obj
 0002:00000190       ??_C@_05PABKJLOM@Title?$AA@ 00108f90     TextEdit.obj
 0002:00000198       ??_C@_05IEIONIFO@Label?$AA@ 00108f98     TextEdit.obj
 0002:000001a0       ??_C@_06LKBCGDFD@Button?$AA@ 00108fa0     TextEdit.obj
 0002:000001a8       ??_C@_04LBABLPF@Exit?$AA@  00108fa8     TextEdit.obj
 0002:000001b0       ??_C@_0O@FOFNHLMB@Another?5title?$AA@ 00108fb0     TextEdit.obj
 0002:000001c0       ??_C@_07CDBKEHGM@Clicked?$AA@ 00108fc0     TextEdit.obj
 0002:000001c8       ??_C@_05KHPFCEDO@?$CFi?5?$CFi?$AA@ 00108fc8     TextEdit.obj
 0002:000001d0       __real@00000000            00108fd0     Lib:math.obj
 0002:000001d4       __real@3e8f5c29            00108fd4     Lib:math.obj
 0002:000001d8       __real@3f800000            00108fd8     Lib:math.obj
 0002:000001e0       __real@3fe0000000000000    00108fe0     Lib:math.obj
 0002:000001e8       __real@3ff921fb54442eea    00108fe8     Lib:math.obj
 0002:000001f0       __real@400921fb54442eea    00108ff0     Lib:math.obj
 0002:000001f8       __real@40490fdb            00108ff8     Lib:math.obj
 0002:000001fc       __real@bfc90fdb            00108ffc     Lib:math.obj
 0002:00000200       __xmm@7fffffff7fffffff7fffffff7fffffff 00109000     Lib:math.obj
 0002:00000210       ??_C@_03LHCJEHON@nan?$AA@  00109010     Lib:stdio.obj
 0002:00000214       ??_C@_03OJHLLCGB@inf?$AA@  00109014     Lib:stdio.obj
 0002:00000218       ??_C@_01GBGANLPD@0?$AA@    00109018     Lib:stdio.obj
 0002:00000220       __real@3f1a36e2eb1c432d    00109020     Lib:stdio.obj
 0002:00000228       __real@41200000            00109028     Lib:stdio.obj
 0002:0000022c       __real@bf800000            0010902c     Lib:stdio.obj
 0002:00000230       __xmm@46454443424139383736353433323130 00109030     Lib:stdio.obj
 0002:00000240       __real@39800000            00109040     KERNEL:kernel.obj
 0002:00000250       __xmm@41f00000000000000000000000000000 00109050     KERNEL:kernel.obj
 0002:00000260       __real@3c000000            00109060     KERNEL:drawing.obj
 0002:00000264       ??_C@_04PFOHOKJK@?5?5?5?5?$AA@ 00109064     KERNEL:debug.obj
 0002:0000026c       ??_C@_01CLKCMJKC@?5?$AA@   0010906c     KERNEL:debug.obj
 0002:00000270       ??_C@_03IKGEINEE@?$CFs?5?$AA@ 00109070     KERNEL:debug.obj
 0002:000003e8       ??_C@_0P@JJOCPBNH@?$CFs?$CFi?4?$CFi?4?$CFi?4?$CFi?6?$AA@ 001091e8     KERNEL:net.obj
 0002:000003f8       ??_C@_0BF@MCJEFIGG@?$CFs?$CFx?3?$CFx?3?$CFx?3?$CFx?3?$CFx?3?$CFx?6?$AA@ 001091f8     KERNEL:net.obj
 0002:00000410       ??_C@_0BK@KHJFGGEJ@Default?5interrupt?5handler?$AA@ 00109210     KERNEL:exceptions.obj
 0002:0000042c       ??_C@_0BB@CAGHCAFL@Division?5by?5zero?$AA@ 0010922c     KERNEL:exceptions.obj
 0002:00000440       ??_C@_05GCIPIGEI@Debug?$AA@ 00109240     KERNEL:exceptions.obj
 0002:00000448       ??_C@_0BH@DLMGGJOP@Non?9Maskable?5interrupt?$AA@ 00109248     KERNEL:exceptions.obj
 0002:00000460       ??_C@_0L@DEJAMIEF@Breakpoint?$AA@ 00109260     KERNEL:exceptions.obj
 0002:0000046c       ??_C@_08KJPBNJGC@Overflow?$AA@ 0010926c     KERNEL:exceptions.obj
 0002:00000478       ??_C@_0BF@KABNNNC@Bound?5range?5exceeded?$AA@ 00109278     KERNEL:exceptions.obj
 0002:00000490       ??_C@_0BJ@JILCCCBH@0x?$CFux?70x?$CFux?70x?$CFux?70x?$CFux?6?$AA@ 00109290     KERNEL:exceptions.obj
 0002:000004ac       ??_C@_06NIEMCLMH@0x?$CFux?6?$AA@ 001092ac     KERNEL:exceptions.obj
 0002:000004b4       ??_C@_0P@GJJPHHDN@Invalid?5opcode?$AA@ 001092b4     KERNEL:exceptions.obj
 0002:000004c4       ??_C@_0BF@COPPNEEP@Device?5not?5available?$AA@ 001092c4     KERNEL:exceptions.obj
 0002:000004dc       ??_C@_0N@EMHPBCJE@Double?5fault?$AA@ 001092dc     KERNEL:exceptions.obj
 0002:000004ec       ??_C@_0BM@FLNHCLJG@Coprocessor?5segment?5overrun?$AA@ 001092ec     KERNEL:exceptions.obj
 0002:00000508       ??_C@_0M@OLMALBPG@Invalid?5TSS?$AA@ 00109308     KERNEL:exceptions.obj
 0002:00000514       ??_C@_0BE@FPPPAKKN@Segment?5not?5present?$AA@ 00109314     KERNEL:exceptions.obj
 0002:00000528       ??_C@_0BE@OLMOIPB@Stack?9segment?5fault?$AA@ 00109328     KERNEL:exceptions.obj
 0002:0000053c       ??_C@_0BJ@LDJBBLLL@General?5protection?5fault?$AA@ 0010933c     KERNEL:exceptions.obj
 0002:00000558       ??_C@_0L@JBNHOLPF@Page?5fault?$AA@ 00109358     KERNEL:exceptions.obj
 0002:00000564       ??_C@_0O@EBPJONIA@15?5?$CIReserved?$CJ?$AA@ 00109364     KERNEL:exceptions.obj
 0002:00000574       ??_C@_0BN@OAPCMCOK@x87?5Floating?9point?5exception?$AA@ 00109374     KERNEL:exceptions.obj
 0002:00000594       ??_C@_0BA@DMDLEFCI@Alignment?5check?$AA@ 00109394     KERNEL:exceptions.obj
 0002:000005a4       ??_C@_0O@LHBOKIFP@Machine?5check?$AA@ 001093a4     KERNEL:exceptions.obj
 0002:000005b4       ??_C@_0BO@PAHIJHOM@SIMD?5floating?9point?5exception?$AA@ 001093b4     KERNEL:exceptions.obj
 0002:000005d8       ??_C@_0EO@NIHBEAOP@Bus?3?5?$CFx?5Device?3?5?$CFx?5Function?3?5?$CFx?5@ 001093d8     KERNEL:pci.obj
 0002:0000062c       ??_7type_info@@6B@         0010942c     LIBCMT:std_type_info_static.obj
 0002:00000684       ??_R4Control@gui@@6B@      00109484     Button.obj
 0002:00000698       ??_R3Control@gui@@8        00109498     Button.obj
 0002:000006a8       ??_R2Control@gui@@8        001094a8     Button.obj
 0002:000006b0       ??_R1A@?0A@EA@Control@gui@@8 001094b0     Button.obj
 0002:000006cc       ??_R4Button@gui@@6B@       001094cc     Button.obj
 0002:000006e0       ??_R3Button@gui@@8         001094e0     Button.obj
 0002:000006f0       ??_R2Button@gui@@8         001094f0     Button.obj
 0002:000006fc       ??_R1A@?0A@EA@Button@gui@@8 001094fc     Button.obj
 0002:00000718       ??_R4Label@gui@@6B@        00109518     Label.obj
 0002:0000072c       ??_R3Label@gui@@8          0010952c     Label.obj
 0002:0000073c       ??_R2Label@gui@@8          0010953c     Label.obj
 0002:00000748       ??_R1A@?0A@EA@Label@gui@@8 00109548     Label.obj
 0002:00000764       ??_R4type_info@@6B@        00109564     LIBCMT:std_type_info_static.obj
 0002:00000778       ??_R3type_info@@8          00109578     LIBCMT:std_type_info_static.obj
 0002:00000788       ??_R2type_info@@8          00109588     LIBCMT:std_type_info_static.obj
 0002:00000790       ??_R1A@?0A@EA@type_info@@8 00109590     LIBCMT:std_type_info_static.obj
 0003:00000000       ?cursor_bitmap@gui@@3PAIA  00109800     GUI.obj
 0003:000001c0       ?col_taskbar@gui@@3IA      001099c0     GUI.obj
 0003:000001c4       ?col_desktop_bg@gui@@3IA   001099c4     GUI.obj
 0003:000001c8       ?count@@3HA                001099c8     Mandelbrot.obj
 0003:000001cc       ?col_background@gui@@3IA   001099cc     Window.obj
 0003:000001d0       ?col_foreground@gui@@3IA   001099d0     Window.obj
 0003:000001d4       ?col_title@gui@@3IA        001099d4     Window.obj
 0003:000011e0       ?color@Debug@@2IA          0010a9e0     KERNEL:debug.obj
 0003:000011e4       ?bcolor@Debug@@2IA         0010a9e4     KERNEL:debug.obj
 0003:000011e8       __fltused                  0010a9e8     LIBCMT:fltused.obj
 0003:000011ec       ??_R0?AVControl@gui@@@8    0010a9ec     Button.obj
 0003:00001208       ??_R0?AVButton@gui@@@8     0010aa08     Button.obj
 0003:00001224       ??_R0?AVLabel@gui@@@8      0010aa24     Label.obj
 0003:0000123c       ??_R0?AVtype_info@@@8      0010aa3c     LIBCMT:std_type_info_static.obj
 0003:00001260       ?_kernel_stack@@3PADA      0010aa60     boot.obj
 0003:00003200       ?bmp_background@gui@@3PAUBMP@@A 0010ca00     GUI.obj
 0003:00003204       ?window_count@gui@@3HA     0010ca04     GUI.obj
 0003:00003208       ?first_window@gui@@3PAVWindow@1@A 0010ca08     GUI.obj
 0003:0000320c       ?last_window@gui@@3PAVWindow@1@A 0010ca0c     GUI.obj
 0003:00003210       ?focused_window@gui@@3PAVWindow@1@A 0010ca10     GUI.obj
 0003:00003214       ?cursor_x@gui@@3HA         0010ca14     GUI.obj
 0003:00003218       ?cursor_y@gui@@3HA         0010ca18     GUI.obj
 0003:0000321c       ?mouse_click_L@gui@@3_NA   0010ca1c     GUI.obj
 0003:0000321d       ?mouse_click_R@gui@@3_NA   0010ca1d     GUI.obj
 0003:0000321e       ?mouse_click_M@gui@@3_NA   0010ca1e     GUI.obj
 0003:0000321f       ?window_drag@gui@@3_NA     0010ca1f     GUI.obj
 0003:00003220       ?mouse_click_L_info@gui@@3UMOUSE_CLICK_INFO@1@A 0010ca20     GUI.obj
 0003:00003240       ?mouse_click_R_info@gui@@3UMOUSE_CLICK_INFO@1@A 0010ca40     GUI.obj
 0003:00003260       ?mouse_click_M_info@gui@@3UMOUSE_CLICK_INFO@1@A 0010ca60     GUI.obj
 0003:00003280       ?window_drag_info@gui@@3UWINDOW_DRAG_INFO@1@A 0010ca80     GUI.obj
 0003:0000328c       ?hover_window@gui@@3PAVWindow@1@A 0010ca8c     GUI.obj
 0003:00003290       ?hover_control@gui@@3PAVControl@1@A 0010ca90     GUI.obj
 0003:00003294       ?gc_taskbar@gui@@3UGC@@A   0010ca94     GUI.obj
 0003:000032ac       ?gc_background@gui@@3UGC@@A 0010caac     GUI.obj
 0003:000032c4       ?gc_cursor@gui@@3UGC@@A    0010cac4     GUI.obj
 0003:000032dc       ?desc@@3PAUISO_PRIMARYDESC@@A 0010cadc     iso.obj
 0003:000032e0       ?root@@3PAUISO_DIRECTORY@@A 0010cae0     iso.obj
 0003:000032e4       ?tz@@3UComplex@@A          0010cae4     Mandelbrot.obj
 0003:000032f0       ?arp_cache@ARP@@0PAUARP_TABLE_ENTRY@@A 0010caf0     arp.obj
 0003:00003430       ?dns_server@DNS@@2UIPv4Address@@A 0010cc30     dns.obj
 0003:00003438       ?dns_cache@DNS@@0PAUDNS_TABLE_ENTRY@@A 0010cc38     dns.obj
 0003:00003638       ?sessions@TCP@@2PAPAVTcpSession@@A 0010ce38     tcp.obj
 0003:000036b8       ?mem_left@@3HA             0010ceb8     KERNEL:kernel.obj
 0003:000036bc       ?mem_ptr@@3PAEA            0010cebc     KERNEL:kernel.obj
 0003:000036c0       ?idle_thread@@3PAVThread@@A 0010cec0     KERNEL:task.obj
 0003:000036c4       ?current_thread@@3PAVThread@@A 0010cec4     KERNEL:task.obj
 0003:000036c8       ?first_thread@@3PAVThread@@A 0010cec8     KERNEL:task.obj
 0003:000036cc       ?last_thread@@3PAVThread@@A 0010cecc     KERNEL:task.obj
 0003:000036d0       ?pit_isr@@3PAXA            0010ced0     KERNEL:task.obj
 0003:000036d4       ?screenBuffer@@3PAIA       0010ced4     KERNEL:drawing.obj
 0003:000036d8       ?gc@Drawing@@2UGC@@A       0010ced8     KERNEL:drawing.obj
 0003:000036f0       ?gc_direct@Drawing@@2UGC@@A 0010cef0     KERNEL:drawing.obj
 0003:00003708       ?x@Debug@@2HA              0010cf08     KERNEL:debug.obj
 0003:0000370c       ?y@Debug@@2HA              0010cf0c     KERNEL:debug.obj
 0003:00003710       ?x@Mouse@@2HA              0010cf10     KERNEL:mouse.obj
 0003:00003714       ?y@Mouse@@2HA              0010cf14     KERNEL:mouse.obj
 0003:00003718       ?sensitivity@Mouse@@2MA    0010cf18     KERNEL:mouse.obj
 0003:0000371c       ?mouse_L@Mouse@@2_NA       0010cf1c     KERNEL:mouse.obj
 0003:0000371d       ?mouse_R@Mouse@@2_NA       0010cf1d     KERNEL:mouse.obj
 0003:0000371e       ?mouse_M@Mouse@@2_NA       0010cf1e     KERNEL:mouse.obj
 0003:0000371f       ?mouse_cycle@Mouse@@0EA    0010cf1f     KERNEL:mouse.obj
 0003:00003720       ?scroll_x@Mouse@@2HA       0010cf20     KERNEL:mouse.obj
 0003:00003724       ?scroll_y@Mouse@@2HA       0010cf24     KERNEL:mouse.obj
 0003:00003728       ?w@Mouse@@0IA              0010cf28     KERNEL:mouse.obj
 0003:0000372c       ?h@Mouse@@0IA              0010cf2c     KERNEL:mouse.obj
 0003:00003730       ?mouse_byte@Mouse@@0PACA   0010cf30     KERNEL:mouse.obj
 0003:00003734       ?initialized@Mouse@@0_NA   0010cf34     KERNEL:mouse.obj
 0003:00003738       ?ticks@PIT@@2IA            0010cf38     KERNEL:pit.obj
 0003:00003740       ?ctrl@Keyboard@@2_NA       0010cf40     KERNEL:keyboard.obj
 0003:00003741       ?shift@Keyboard@@2_NA      0010cf41     KERNEL:keyboard.obj
 0003:00003742       ?alt@Keyboard@@2_NA        0010cf42     KERNEL:keyboard.obj
 0003:00003743       ?caps@Keyboard@@2_NA       0010cf43     KERNEL:keyboard.obj
 0003:00003744       ?num@Keyboard@@2_NA        0010cf44     KERNEL:keyboard.obj
 0003:00003745       ?scroll@Keyboard@@2_NA     0010cf45     KERNEL:keyboard.obj
 0003:00003746       ?extended@@3_NA            0010cf46     KERNEL:keyboard.obj
 0003:00003747       ?scancode@@3EA             0010cf47     KERNEL:keyboard.obj
 0003:00003748       ?keystates@@3PA_NA         0010cf48     KERNEL:keyboard.obj
 0003:00003847       ?scan@@3EA                 0010d047     KERNEL:keyboard.obj
 0003:00003848       ?last_key@@3UKEY_PACKET@@A 0010d048     KERNEL:keyboard.obj
 0003:00003854       ?pressed@@3_NA             0010d054     KERNEL:keyboard.obj
 0003:00003858       ?key@@3W4KEYCODE@@A        0010d058     KERNEL:keyboard.obj
 0003:0000385c       ?intf@KNet@@2PAVNetInterface@@A 0010d05c     KERNEL:net.obj
 0003:00003860       ?GatewayIPv4@KNet@@2UIPv4Address@@A 0010d060     KERNEL:net.obj
 0003:00003864       ?GatewayMAC@KNet@@2UMacAddress@@A 0010d064     KERNEL:net.obj
 0003:0000386c       ?BroadcastMAC@KNet@@2UMacAddress@@A 0010d06c     KERNEL:net.obj
 0003:00003874       ?BroadcastIPv4@KNet@@2UIPv4Address@@A 0010d074     KERNEL:net.obj
 0003:00003878       ?NullMAC@KNet@@2UMacAddress@@A 0010d078     KERNEL:net.obj
 0003:00003880       ?NullIPv4@KNet@@2UIPv4Address@@A 0010d080     KERNEL:net.obj
 0003:00003884       ?num_blocks@Memory@@2IA    0010d084     KERNEL:memory.obj
 0003:00003888       ?num_free@Memory@@2IA      0010d088     KERNEL:memory.obj
 0003:0000388c       ?mem_size@Memory@@2IA      0010d08c     KERNEL:memory.obj
 0003:00003890       ?mem_map@Memory@@0PAIA     0010d090     KERNEL:memory.obj
 0003:00003898       ?mode@VBE@@2UVBE_MODE_INFO@@A 0010d098     KERNEL:vbe.obj
 0003:00003998       ?mem_base@@3PAIA           0010d198     KERNEL:vbe.obj
 0003:0000399c       ?mem_max@@3PAIA            0010d19c     KERNEL:vbe.obj
 0003:000039a0       ?mem_size@@3IA             0010d1a0     KERNEL:vbe.obj
 0003:000039a4       ?bytes_per_pixel@@3IA      0010d1a4     KERNEL:vbe.obj
 0003:000039a8       ?pixel_count@@3IA          0010d1a8     KERNEL:vbe.obj
 0003:000039b0       ?idt@IDT@@0PAUIDT_DESCRIPTOR@@A 0010d1b0     KERNEL:idt.obj
 0003:000041b0       ?idt_reg@IDT@@0UIDT_REG@@A 0010d9b0     KERNEL:idt.obj

 entry point at        0000:00000000

 Static symbols

 0002:ffff7200       __guard_fids__             00100000     LIBCMT:std_type_info_static.obj
 0001:00000198       $LN11                      00100598     Button.obj
 0001:00003038       $LN28                      00103438     tcpsession.obj
 0001:00004df8       $LN49                      001051f8     Lib:stdio.obj
 0001:00004e14       $LN44                      00105214     Lib:stdio.obj
 0001:00006458       $LN28                      00106858     KERNEL:debug.obj
 0001:00006674       $LN22                      00106a74     KERNEL:debug.obj
 0001:000072a0       $LN64                      001076a0     KERNEL:keyboard.obj
 0001:000072b4       $LN61                      001076b4     KERNEL:keyboard.obj
 0001:000072c0       $LN65                      001076c0     KERNEL:keyboard.obj
 0001:000072f0       $LN66                      001076f0     KERNEL:keyboard.obj
 0001:00007318       $LN67                      00107718     KERNEL:keyboard.obj
 0001:00007350       $LN62                      00107750     KERNEL:keyboard.obj
 0002:00000278       ?scancodes@@3QBW4KEYCODE@@B 00109078     KERNEL:keyboard.obj
 0003:000001d8       ?new_id@gui@@3HA           001099d8     Window.obj
 0003:000001dc       ?next@@3KA                 001099dc     Lib:math.obj
 0003:000001e0       ?DEFAULT_FONT@@3PAEA       001099e0     KERNEL:drawing.obj
