 AndyOS

 Timestamp is 59e8c98d (Thu Oct 19 17:49:33 2017)

 Preferred load address is 00100000

 Start         Length     Name                   Class
 0001:00000000 000000d0H .text$di                CODE
 0001:000000d0 0001752bH .text$mn                CODE
 0002:00000000 00000000H .gfids$y                DATA
 0002:00000000 00000a74H .rdata                  DATA
 0002:00000a74 000004b4H .rdata$r                DATA
 0002:00000f28 00000000H .edata                  DATA
 0002:00000f28 00000128H .rdata$zzzdbg           DATA
 0003:00000000 0000420cH .data                   DATA
 0003:0000420c 00000194H .data$r                 DATA
 0003:000043a0 000040e8H .bss                    DATA
 0004:00000000 00000024H .CRT$XCU                DATA

  Address         Publics by Value              Rva+Base       Lib:Object

 0000:00000000       ___guard_fids_count        00000000     <absolute>
 0000:00000000       ___dynamic_value_reloc_table 00000000     <absolute>
 0000:00000000       ___safe_se_handler_table   00000000     <absolute>
 0000:00000000       ___guard_fids_table        00000000     <absolute>
 0000:00000000       ___safe_se_handler_count   00000000     <absolute>
 0000:00000000       ___guard_longjmp_table     00000000     <absolute>
 0000:00000000       ___hybrid_code_map_count   00000000     <absolute>
 0000:00000000       ___guard_iat_table         00000000     <absolute>
 0000:00000000       ___guard_longjmp_count     00000000     <absolute>
 0000:00000000       ___enclave_config          00000000     <absolute>
 0000:00000000       ___hybrid_auxiliary_iat    00000000     <absolute>
 0000:00000000       ___guard_flags             00000000     <absolute>
 0000:00000000       ___hybrid_code_map         00000000     <absolute>
 0000:00000000       ___guard_iat_count         00000000     <absolute>
 0001:000000d0       ?OSBoot@@YAXPAUMULTIBOOT_HEADER@@@Z 001004d0 f   boot.obj
 0001:00000120       ??0Button@gui@@QAE@XZ      00100520 f   Button.obj
 0001:00000180       ?Paint@Button@gui@@UAEXXZ  00100580 f   Button.obj
 0001:00000220       ?Paint@Control@gui@@UAEXXZ 00100620 f i Button.obj
 0001:00000230       ?ReceiveSendMessage@Button@gui@@UAEXUWND_MSG@2@@Z 00100630 f   Button.obj
 0001:00000280       ?ReceiveSendMessage@Control@gui@@UAEXUWND_MSG@2@@Z 00100680 f i Button.obj
 0001:00000290       ??0Canvas@gui@@QAE@XZ      00100690 f   Canvas.obj
 0001:000002f0       ?Close@Control@gui@@QAEXXZ 001006f0 f   Control.obj
 0001:00000340       ?CloseWindow@WindowManager@gui@@SAXPAVWindow@2@@Z 00100740 f   GUI.obj
 0001:000003c0       ?Contains@Rect@@QAE_NHH@Z  001007c0 f i GUI.obj
 0001:00000400       ?CreateWindow@WindowManager@gui@@SAPAVWindow@2@PAD@Z 00100800 f   GUI.obj
 0001:00000480       ?GetWindowAtCursor@WindowManager@gui@@CAPAVWindow@2@XZ 00100880 f   GUI.obj
 0001:000004d0       ?HandleKeyInput@WindowManager@gui@@CAXXZ 001008d0 f   GUI.obj
 0001:00000540       ?HandleMouseInput@WindowManager@gui@@CAXXZ 00100940 f   GUI.obj
 0001:00000970       ?Init@WindowManager@gui@@SAIXZ 00100d70 f   GUI.obj
 0001:00000a70       ?PaintBackground@WindowManager@gui@@CAXXZ 00100e70 f   GUI.obj
 0001:00000b10       ?PaintCursor@WindowManager@gui@@CAXXZ 00100f10 f   GUI.obj
 0001:00000bd0       ?PaintTaskbar@WindowManager@gui@@CAXXZ 00100fd0 f   GUI.obj
 0001:00000c70       ?PaintWindows@WindowManager@gui@@CAXXZ 00101070 f   GUI.obj
 0001:00000ce0       ?SetFocusedWindow@WindowManager@gui@@CAXPAVWindow@2@@Z 001010e0 f   GUI.obj
 0001:00000dc0       ?Start@WindowManager@gui@@SAXXZ 001011c0 f   GUI.obj
 0001:00000dd0       ?UpdateLoop@WindowManager@gui@@CAXXZ 001011d0 f   GUI.obj
 0001:00001140       ??0Label@gui@@QAE@XZ       00101540 f   Label.obj
 0001:000011a0       ?Paint@Label@gui@@UAEXXZ   001015a0 f   Label.obj
 0001:000011d0       ??0Mandelbrot@@QAE@UGC@@@Z 001015d0 f   Mandelbrot.obj
 0001:00001250       ?Run@Mandelbrot@@QAEXXZ    00101650 f   Mandelbrot.obj
 0001:000016c0       ?stuff@@YAXXZ              00101ac0 f   Mandelbrot.obj
 0001:00001740       ?AddEntry@ARP@@SAXUMacAddress@@UIPv4Address@@@Z 00101b40 f   arp.obj
 0001:000017d0       ?Decode@ARP@@SA_NPAUARP_Header@@PAUNetPacket@@@Z 00101bd0 f   arp.obj
 0001:00001840       ?Init@ARP@@SAIXZ           00101c40 f   arp.obj
 0001:000018a0       ?LookupMac@ARP@@SA?AUMacAddress@@UIPv4Address@@@Z 00101ca0 f   arp.obj
 0001:00001920       ?Receive@ARP@@SAXPAVNetInterface@@PAUNetPacket@@@Z 00101d20 f   arp.obj
 0001:00001a60       ?Send@ARP@@SAXPAVNetInterface@@UMacAddress@@UIPv4Address@@G@Z 00101e60 f   arp.obj
 0001:00001b20       ?SendReply@ARP@@CAXPAVNetInterface@@PAUARP_Header@@@Z 00101f20 f   arp.obj
 0001:00001b60       ?SendRequest@ARP@@SAXPAVNetInterface@@UIPv4Address@@@Z 00101f60 f   arp.obj
 0001:00001ba0       ?DoStuff@DHCP@@SAXPAVNetInterface@@UIPv4Address@@@Z 00101fa0 f   dhcp.obj
 0001:00001c80       ?Receive@DHCP@@SAXPAVNetInterface@@PAUIPv4_Header@@PAUUDP_Packet@@PAUNetPacket@@@Z 00102080 f   dhcp.obj
 0001:00001c90       ?AddEntry@DNS@@SAXPADUIPv4Address@@@Z 00102090 f   dns.obj
 0001:00001d10       ?AppendDomain@DNS@@CAPAEPAEPAD@Z 00102110 f   dns.obj
 0001:00001d70       ?Decode@DNS@@SA_NPAUDNS_Packet@@PAUUDP_Packet@@@Z 00102170 f   dns.obj
 0001:00001df0       ?Init@DNS@@SAIXZ           001021f0 f   dns.obj
 0001:00001e30       ?LookupAddress@DNS@@SA?AUIPv4Address@@PAD@Z 00102230 f   dns.obj
 0001:00001e70       ?ParseAnswer@DNS@@CAPAEPAUDNS_Answer@@PAE@Z 00102270 f   dns.obj
 0001:00001ed0       ?ParseDomain@DNS@@CAPAEPADPAE@Z 001022d0 f   dns.obj
 0001:00001f10       ?Query@DNS@@SAXPAVNetInterface@@PAD@Z 00102310 f   dns.obj
 0001:00001ff0       ?Receive@DNS@@SAXPAVNetInterface@@PAUIPv4_Header@@PAUUDP_Packet@@PAUNetPacket@@@Z 001023f0 f   dns.obj
 0001:00002150       ?CreatePacket@Eth@@SAPAUNetPacket@@PAVNetInterface@@UMacAddress@@GI@Z 00102550 f   eth.obj
 0001:000021c0       ?Decode@Eth@@SA_NPAUEthPacket@@PAUNetPacket@@@Z 001025c0 f   eth.obj
 0001:00002240       ?Receive@Eth@@SAXPAVNetInterface@@PAUNetPacket@@@Z 00102640 f   eth.obj
 0001:000022e0       ?Send@Eth@@SAXPAVNetInterface@@PAUNetPacket@@@Z 001026e0 f   eth.obj
 0001:000022f0       ??0WebClient@@QAE@XZ       001026f0 f   http.obj
 0001:00002300       ?Download@WebClient@@QAEHVString@std@@AAPAE@Z 00102700 f   http.obj
 0001:00002320       ?Send@WebClient@@QAEXVString@std@@PAEI@Z 00102720 f   http.obj
 0001:000023b0       ?Decode@ICMP@@SA_NPAUICMP_Packet@@PAUNetPacket@@@Z 001027b0 f   icmp.obj
 0001:00002420       ?Receive@ICMP@@SAXPAVNetInterface@@PAUIPv4_Header@@PAUNetPacket@@@Z 00102820 f   icmp.obj
 0001:00002470       ?Send@ICMP@@SAXPAVNetInterface@@PAUICMP_Packet@@UIPv4Address@@E@Z 00102870 f   icmp.obj
 0001:00002510       ?SendReply@ICMP@@SAXPAVNetInterface@@PAUICMP_Packet@@UIPv4Address@@@Z 00102910 f   icmp.obj
 0001:000025a0       ?CreatePacket@IPv4@@SAPAUNetPacket@@PAVNetInterface@@UIPv4Address@@EI@Z 001029a0 f   ipv4.obj
 0001:00002720       ?Decode@IPv4@@SA_NPAUIPv4_Header@@PAUNetPacket@@@Z 00102b20 f   ipv4.obj
 0001:00002790       ?Receive@IPv4@@SAXPAVNetInterface@@PAUEthPacket@@PAUNetPacket@@@Z 00102b90 f   ipv4.obj
 0001:00002890       ?Send@IPv4@@SAXPAVNetInterface@@PAUNetPacket@@@Z 00102c90 f   ipv4.obj
 0001:000028a0       ?Init@Net@@SAIXZ           00102ca0 f   net.obj
 0001:000028c0       ?NetEthReceive@@YAXPAVNetInterface@@PAUNetPacket@@@Z 00102cc0 f   net.obj
 0001:000028d0       ?CreatePacket@TCP@@SAPAUNetPacket@@PAVNetInterface@@UIPv4Address@@GGEIIPAEI@Z 00102cd0 f   tcp.obj
 0001:000029c0       ?CreateSession@TCP@@SAPAVTcpSession@@XZ 00102dc0 f   tcp.obj
 0001:00002a00       ?Decode@TCP@@SA_NPAUTCP_Packet@@PAUNetPacket@@@Z 00102e00 f   tcp.obj
 0001:00002ab0       ?Receive@TCP@@SAXPAVNetInterface@@PAUIPv4_Header@@PAUNetPacket@@@Z 00102eb0 f   tcp.obj
 0001:00002bb0       ?Send@TCP@@SAXPAVNetInterface@@PAUNetPacket@@@Z 00102fb0 f   tcp.obj
 0001:00002bc0       ??0TcpSession@@QAE@XZ      00102fc0 f   tcpsession.obj
 0001:00002bf0       ?Close@TcpSession@@QAEXXZ  00102ff0 f   tcpsession.obj
 0001:00002cf0       ?Connect@TcpSession@@QAEXUIPv4Address@@G@Z 001030f0 f   tcpsession.obj
 0001:00002e70       ?Listen@TcpSession@@QAEXG@Z 00103270 f   tcpsession.obj
 0001:00002ea0       ?Receive@TcpSession@@QAEXPAUIPv4_Header@@PAUTCP_Packet@@@Z 001032a0 f   tcpsession.obj
 0001:00003030       ?ReceivedData@TcpSession@@QAEXPAUIPv4_Header@@PAUTCP_Packet@@@Z 00103430 f   tcpsession.obj
 0001:00003090       ?Reset@TcpSession@@AAEXXZ  00103490 f   tcpsession.obj
 0001:000030b0       ?Send@TcpSession@@AAE_NEPAEI@Z 001034b0 f   tcpsession.obj
 0001:00003100       ?SendData@TcpSession@@QAE_NPAEI@Z 00103500 f   tcpsession.obj
 0001:00003150       ??0TcpSocket@@QAE@XZ       00103550 f   tcpsocket.obj
 0001:00003160       ?Close@TcpSocket@@QAE_NXZ  00103560 f   tcpsocket.obj
 0001:00003180       ?Connect@TcpSocket@@QAE_NUIPv4Address@@G@Z 00103580 f   tcpsocket.obj
 0001:000031b0       ?Listen@TcpSocket@@QAE_NG@Z 001035b0 f   tcpsocket.obj
 0001:000031e0       ?Send@TcpSocket@@QAE_NPAEI@Z 001035e0 f   tcpsocket.obj
 0001:00003210       ??0TextBox@gui@@QAE@XZ     00103610 f   TextBox.obj
 0001:00003290       ?Paint@TextBox@gui@@UAEXXZ 00103690 f   TextBox.obj
 0001:00003340       ?ReceiveSendMessage@TextBox@gui@@UAEXUWND_MSG@2@@Z 00103740 f   TextBox.obj
 0001:00003370       ??_H@YGXPAXIIP6EPAX0@Z@Z   00103770 f i TextEdit.obj
 0001:000033a0       ?Receive@apps@@YAXXZ       001037a0 f   TextEdit.obj
 0001:000033e0       ?RunTextEdit@apps@@YAXXZ   001037e0 f   TextEdit.obj
 0001:00003690       ?UpdateCanvas@apps@@YAXXZ  00103a90 f   TextEdit.obj
 0001:00003740       ?CreatePacket@UDP@@SAPAUNetPacket@@PAVNetInterface@@UIPv4Address@@GGPAEI@Z 00103b40 f   udp.obj
 0001:00003800       ?CreateSocket@UDP@@SAPAVUdpSocket@@H@Z 00103c00 f   udp.obj
 0001:00003840       ?Decode@UDP@@SA_NPAUUDP_Packet@@PAUNetPacket@@@Z 00103c40 f   udp.obj
 0001:000038b0       ?Init@UDP@@SAIXZ           00103cb0 f   udp.obj
 0001:000038e0       ?Receive@UDP@@SAXPAVNetInterface@@PAUIPv4_Header@@PAUNetPacket@@@Z 00103ce0 f   udp.obj
 0001:000039b0       ?Send@UDP@@SAXPAVNetInterface@@PAUNetPacket@@@Z 00103db0 f   udp.obj
 0001:000039c0       ??0UdpSocket@@QAE@GG@Z     00103dc0 f   udpsocket.obj
 0001:00003a00       ??1UdpSocket@@QAE@XZ       00103e00 f   udpsocket.obj
 0001:00003a10       ?Receive@UdpSocket@@QAEHAAPAEAAUIPv4Address@@@Z 00103e10 f   udpsocket.obj
 0001:00003a60       ?Send@UdpSocket@@QAEXUIPv4Address@@PAEG@Z 00103e60 f   udpsocket.obj
 0001:00003aa0       ?SetReceivedData@UdpSocket@@QAEXUIPv4Address@@PAEG@Z 00103ea0 f   udpsocket.obj
 0001:00003ad0       ?Audio@@YAXXZ              00103ed0 f   OS.obj
 0001:00003b10       ?GUI@@YAXXZ                00103f10 f   OS.obj
 0001:00003b40       ?Game@@YAXXZ               00103f40 f   OS.obj
 0001:00003bd0       ?Main@OS@@SAXXZ            00103fd0 f   OS.obj
 0001:00003be0       ?ThrowException@OS@@SAXPAD0@Z 00103fe0 f   OS.obj
 0001:00003bf0       ?_Font@@YAXXZ              00103ff0 f   OS.obj
 0001:00003c10       ?render@@YAXXZ             00104010 f   OS.obj
 0001:00003c70       ?Add@?$List@VString@std@@@std@@QAEXVString@2@@Z 00104070 f i string.obj
 0001:00003d70       ?Split@String@std@@QAEXAAV?$List@VString@std@@@2@D@Z 00104170 f   string.obj
 0001:00003eb0       ??0GC@@QAE@HH@Z            001042b0 f i Window.obj
 0001:00003f00       ??0Window@gui@@QAE@XZ      00104300 f   Window.obj
 0001:00004030       ?Close@Window@gui@@QAEXXZ  00104430 f   Window.obj
 0001:000040b0       ?CreateControl@Window@gui@@QAEPAVControl@2@W4CONTROL_TYPE@2@PADHHHHH@Z 001044b0 f   Window.obj
 0001:000042e0       ?DispatchMessage@Window@gui@@QAEXUWND_MSG@2@@Z 001046e0 f   Window.obj
 0001:00004320       ?GetControlAt@Window@gui@@QAEPAVControl@2@HH@Z 00104720 f   Window.obj
 0001:00004380       ?GetMessage@Window@gui@@QAE?AUWND_MSG@2@XZ 00104780 f   Window.obj
 0001:000043d0       ?Paint@Window@gui@@QAEXXZ  001047d0 f   Window.obj
 0001:00004530       ?PaintControls@Window@gui@@AAEXXZ 00104930 f   Window.obj
 0001:000045d0       ?PaintWindow@Window@gui@@AAEXXZ 001049d0 f   Window.obj
 0001:000046a0       ?ReceiveSendMessage@Window@gui@@QAEXUWND_MSG@2@@Z 00104aa0 f   Window.obj
 0001:00004700       ?SetFocus@Window@gui@@QAEX_N@Z 00104b00 f   Window.obj
 0001:00004720       ?SetState@Window@gui@@QAEXW4WINDOW_STATE@2@@Z 00104b20 f   Window.obj
 0001:00004770       ??$CreateCamera@VCamera@@@Game@@QAEPAVCamera@@VString@std@@@Z 00104b70 f i 3DGame:3DGame.obj
 0001:000047e0       ??$CreateObject@VMyBox@@@Game@@QAEPAVMyBox@@VString@std@@@Z 00104be0 f i 3DGame:3DGame.obj
 0001:00004850       ??$CreateObject@VThing@@@Game@@QAEPAVThing@@VString@std@@@Z 00104c50 f i 3DGame:3DGame.obj
 0001:000048c0       ??0MyGame@@QAE@XZ          00104cc0 f   3DGame:3DGame.obj
 0001:00004c60       ??0String@std@@QAE@PAD@Z   00105060 f i 3DGame:3DGame.obj
 0001:00004cd0       ??1String@std@@QAE@XZ      001050d0 f i 3DGame:3DGame.obj
 0001:00004d00       ??YString@std@@QAEAAV01@D@Z 00105100 f i 3DGame:3DGame.obj
 0001:00004d50       ?Length@String@std@@QAEHXZ 00105150 f i 3DGame:3DGame.obj
 0001:00004d80       ??$CreateComponent@VMeshComponent@@@GameObject@@QAEPAVMeshComponent@@VString@std@@@Z 00105180 f i 3DGame:MyBox.obj
 0001:00004df0       ??$CreateComponent@VRigidbody@@@GameObject@@QAEPAVRigidbody@@VString@std@@@Z 001051f0 f i 3DGame:MyBox.obj
 0001:00004e60       ??0MyBox@@QAE@XZ           00105260 f   3DGame:MyBox.obj
 0001:00004fc0       ?Start@GameObject@@UAEXXZ  001053c0 f i 3DGame:MyBox.obj
 0001:00004fe0       ?Update@GameObject@@UAEXM@Z 001053e0 f i 3DGame:MyBox.obj
 0001:00005000       ??0Thing@@QAE@XZ           00105400 f   3DGame:Thing.obj
 0001:00005150       ??DVector3@@QAE?AU0@M@Z    00105550 f i 3DGame:Thing.obj
 0001:000051b0       ?Update@Thing@@UAEXM@Z     001055b0 f   3DGame:Thing.obj
 0001:000054f0       ?AddTexture@GL@gl@@SAHPAUBMP@@@Z 001058f0 f   GL:GL.obj
 0001:00005530       ?BindTexture@GL@gl@@SAXH@Z 00105930 f   GL:GL.obj
 0001:00005540       ?Clear@GL@gl@@SAXI@Z       00105940 f   GL:GL.obj
 0001:000055a0       ?Draw@GL@gl@@SAXHH@Z       001059a0 f   GL:GL.obj
 0001:00005910       ?Init@GL@gl@@SAIUGC@@@Z    00105d10 f   GL:GL.obj
 0001:00005a20       ?LightSource@GL@gl@@SAHUVector4@2@@Z 00105e20 f   GL:GL.obj
 0001:00005aa0       ?LoadIdentity@GL@gl@@SAXXZ 00105ea0 f   GL:GL.obj
 0001:00005b00       ?LoadMatrix@GL@gl@@SAXABUMatrix4@2@@Z 00105f00 f   GL:GL.obj
 0001:00005b50       ?MatrixMode@GL@gl@@SAXW4GLMatrixMode@@@Z 00105f50 f   GL:GL.obj
 0001:00005b60       ?MulMatrix@GL@gl@@SAXABUMatrix4@2@@Z 00105f60 f   GL:GL.obj
 0001:00005bc0       ?PopMatrix@GL@gl@@SAXXZ    00105fc0 f   GL:GL.obj
 0001:00005c20       ?PushMatrix@GL@gl@@SAXXZ   00106020 f   GL:GL.obj
 0001:00005c80       ?SelectedMatrix@GL@gl@@CAAAUMatrix4@2@XZ 00106080 f   GL:GL.obj
 0001:00005ca0       ?SwapBuffers@GL@gl@@SAXXZ  001060a0 f   GL:GL.obj
 0001:00005d00       ?VertexPointer@GL@gl@@SAXPAUVertex@2@@Z 00106100 f   GL:GL.obj
 0001:00005d10       ??0Vector4@gl@@QAE@MMMM@Z  00106110 f   GL:Vector4.obj
 0001:00005d40       ??0Vector4@gl@@QAE@XZ      00106140 f   GL:Vector4.obj
 0001:00005d60       ?Cross@Vector4@gl@@SA?AU12@ABU12@0@Z 00106160 f   GL:Vector4.obj
 0001:00005dd0       ?Dot@Vector4@gl@@SAMABU12@0@Z 001061d0 f   GL:Vector4.obj
 0001:00005df0       ??0Matrix4@gl@@QAE@QAM@Z   001061f0 f   GL:Matrix4.obj
 0001:00005e60       ??0Matrix4@gl@@QAE@XZ      00106260 f   GL:Matrix4.obj
 0001:00005e90       ??Dgl@@YA?AUMatrix4@0@ABU10@0@Z 00106290 f i GL:Matrix4.obj
 0001:00005ed0       ??Dgl@@YA?AUMatrix4@0@ABU10@ABM@Z 001062d0 f i GL:Matrix4.obj
 0001:00005f10       ??Dgl@@YA?AUVector4@0@ABUMatrix4@0@ABU10@@Z 00106310 f i GL:Matrix4.obj
 0001:00006010       ??Ggl@@YA?AUMatrix4@0@ABU10@0@Z 00106410 f i GL:Matrix4.obj
 0001:00006080       ??Hgl@@YA?AUMatrix4@0@ABU10@0@Z 00106480 f i GL:Matrix4.obj
 0001:000060f0       ??XMatrix4@gl@@QAEAAU01@ABM@Z 001064f0 f i GL:Matrix4.obj
 0001:00006190       ??XMatrix4@gl@@QAEAAU01@ABU01@@Z 00106590 f i GL:Matrix4.obj
 0001:00006540       ?CreateOrthographicProjection@Matrix4@gl@@SA?AU12@MMMMMM@Z 00106940 f   GL:Matrix4.obj
 0001:000065f0       ?CreatePerspectiveProjection@Matrix4@gl@@SA?AU12@MMMMM@Z 001069f0 f   GL:Matrix4.obj
 0001:000066d0       ?CreateRotation@Matrix4@gl@@SA?AU12@UVector4@2@@Z 00106ad0 f   GL:Matrix4.obj
 0001:000068e0       ?CreateScale@Matrix4@gl@@SA?AU12@UVector4@2@@Z 00106ce0 f   GL:Matrix4.obj
 0001:00006920       ?CreateTransformation@Matrix4@gl@@SA?AU12@UVector4@2@00@Z 00106d20 f   GL:Matrix4.obj
 0001:00006c60       ?CreateTranslation@Matrix4@gl@@SA?AU12@UVector4@2@@Z 00107060 f   GL:Matrix4.obj
 0001:00006cc0       ?CreateView@Matrix4@gl@@SA?AU12@UVector4@2@000@Z 001070c0 f   GL:Matrix4.obj
 0001:00006de0       ?GetElementsPointer@Matrix4@gl@@QAEPAMXZ 001071e0 f   GL:Matrix4.obj
 0001:00006df0       ?Inverse@Matrix4@gl@@QAE?AU12@XZ 001071f0 f   GL:Matrix4.obj
 0001:000075c0       ??0ColRGB@gl@@QAE@I@Z      001079c0 f   GL:Color.obj
 0001:00007650       ??0ColRGB@gl@@QAE@MMM@Z    00107a50 f   GL:Color.obj
 0001:000076b0       ??0ColRGB@gl@@QAE@XZ       00107ab0 f   GL:Color.obj
 0001:000076d0       ??DColRGB@gl@@QAE?AU01@M@Z 00107ad0 f   GL:Color.obj
 0001:00007740       ??HColRGB@gl@@QAE?AU01@U01@@Z 00107b40 f   GL:Color.obj
 0001:000077b0       ??XColRGB@gl@@QAE?AU01@M@Z 00107bb0 f   GL:Color.obj
 0001:00007820       ?Luminosity@ColRGB@gl@@QAEMXZ 00107c20 f   GL:Color.obj
 0001:00007870       ?ToInt@ColRGB@gl@@QAEIXZ   00107c70 f   GL:Color.obj
 0001:000078b0       ??0Vertex@gl@@QAE@MMMUColRGB@1@UVector4@1@@Z 00107cb0 f   GL:Vertex.obj
 0001:00007950       ??0Vertex@gl@@QAE@XZ       00107d50 f   GL:Vertex.obj
 0001:000079a0       ?MulMatrix@Vertex@gl@@QAEXABUMatrix4@2@@Z 00107da0 f   GL:Vertex.obj
 0001:00007a70       ?DrawTriangle2@Rasterizer@gl@@SAXAAUVertex@2@00PAUBMP@@@Z 00107e70 f   GL:Rasterizer.obj
 0001:000081c0       ?DrawTriangle@Rasterizer@gl@@SAXAAUVertex@2@00PAUBMP@@@Z 001085c0 f   GL:Rasterizer.obj
 0001:00008550       ?EdgeFunction@gl@@YAMABUVector4@1@00@Z 00108950 f   GL:Rasterizer.obj
 0001:000085a0       ?EdgeFunction@gl@@YAMABUVector4@1@0MM@Z 001089a0 f   GL:Rasterizer.obj
 0001:000085f0       ?Init@Rasterizer@gl@@SAIXZ 001089f0 f   GL:Rasterizer.obj
 0001:00008620       ??0GEngine@@QAE@UGC@@@Z    00108a20 f   GameEngine:Engine.obj
 0001:000086c0       ?Add@?$List@PAVRigidbody@@@std@@QAEXPAVRigidbody@@@Z 00108ac0 f i GameEngine:Engine.obj
 0001:00008740       ?Collision@GEngine@@AAEXXZ 00108b40 f   GameEngine:Engine.obj
 0001:00009b80       ?Render@GEngine@@AAEXXZ    00109f80 f   GameEngine:Engine.obj
 0001:0000a030       ?Rotate@Quaternion@@QAEXUVector3@@M@Z 0010a430 f i GameEngine:Engine.obj
 0001:0000a1a0       ?StartGame@GEngine@@QAEXPAVGame@@@Z 0010a5a0 f   GameEngine:Engine.obj
 0001:0000a5a0       ?Update@GEngine@@AAEXXZ    0010a9a0 f   GameEngine:Engine.obj
 0001:0000b400       ??0Vector3@@QAE@MMM@Z      0010b800 f   GameEngine:Vector3.obj
 0001:0000b430       ??0Vector3@@QAE@XZ         0010b830 f   GameEngine:Vector3.obj
 0001:0000b450       ?Cross@Vector3@@SA?AU1@ABU1@0@Z 0010b850 f   GameEngine:Vector3.obj
 0001:0000b4b0       ?Dot@Vector3@@SAMABU1@0@Z  0010b8b0 f   GameEngine:Vector3.obj
 0001:0000b4d0       ?EulerAngles@Vector3@@QAE?AU1@XZ 0010b8d0 f   GameEngine:Vector3.obj
 0001:0000b580       ?ToVector4@Vector3@@QAE?AUVector4@gl@@XZ 0010b980 f   GameEngine:Vector3.obj
 0001:0000b5c0       ??0Quaternion@@QAE@XZ      0010b9c0 f   GameEngine:Quaternion.obj
 0001:0000b5e0       ?FromAxisAngle@Quaternion@@SA?AU1@ABUVector3@@M@Z 0010b9e0 f   GameEngine:Quaternion.obj
 0001:0000b680       ?FromEuler@Quaternion@@SA?AU1@ABUVector3@@@Z 0010ba80 f   GameEngine:Quaternion.obj
 0001:0000b7f0       ??0GameObject@@QAE@XZ      0010bbf0 f   GameEngine:GameObject.obj
 0001:0000b8a0       ??A?$List@PAVComponent@@@std@@QAEAAPAVComponent@@H@Z 0010bca0 f i GameEngine:GameObject.obj
 0001:0000b8f0       ?Add@?$List@PAVComponent@@@std@@QAEXPAVComponent@@@Z 0010bcf0 f i GameEngine:GameObject.obj
 0001:0000b970       ?Add@?$List@PAVMeshComponent@@@std@@QAEXPAVMeshComponent@@@Z 0010bd70 f i GameEngine:GameObject.obj
 0001:0000b9f0       ?AddComponent@GameObject@@QAEXPAVComponent@@@Z 0010bdf0 f   GameEngine:GameObject.obj
 0001:0000bb70       ?Contains@String@std@@QAE_NV12@@Z 0010bf70 f i GameEngine:GameObject.obj
 0001:0000bbd0       ?GetComponent@GameObject@@QAEPAVComponent@@VString@std@@@Z 0010bfd0 f   GameEngine:GameObject.obj
 0001:0000bc70       ?GetName@GameObject@@QAE?AVString@std@@XZ 0010c070 f   GameEngine:GameObject.obj
 0001:0000bc80       ?GetWorldPosition@GameObject@@QAE?AUVector3@@XZ 0010c080 f   GameEngine:GameObject.obj
 0001:0000bd00       ?GetWorldRotation@GameObject@@QAE?AUQuaternion@@XZ 0010c100 f   GameEngine:GameObject.obj
 0001:0000bd20       ?GetWorldScale@GameObject@@QAE?AUVector3@@XZ 0010c120 f   GameEngine:GameObject.obj
 0001:0000bda0       ?GetWorldTransform@GameObject@@QAE?AUTransform@@XZ 0010c1a0 f   GameEngine:GameObject.obj
 0001:0000beb0       ?SetName@GameObject@@QAEXVString@std@@@Z 0010c2b0 f   GameEngine:GameObject.obj
 0001:0000bed0       ??0Camera@@QAE@XZ          0010c2d0 f   GameEngine:Camera.obj
 0001:0000bef0       ?RotateEuler@Camera@@QAEXABUVector3@@@Z 0010c2f0 f   GameEngine:Camera.obj
 0001:0000bf50       ??0Game@@QAE@XZ            0010c350 f   GameEngine:Game.obj
 0001:0000bfa0       ?Add@?$List@PAVCamera@@@std@@QAEXPAVCamera@@@Z 0010c3a0 f i GameEngine:Game.obj
 0001:0000c020       ?Add@?$List@PAVGameObject@@@std@@QAEXPAVGameObject@@@Z 0010c420 f i GameEngine:Game.obj
 0001:0000c0a0       ?Add@?$List@PAVLightSource@@@std@@QAEXPAVLightSource@@@Z 0010c4a0 f i GameEngine:Game.obj
 0001:0000c120       ?AddCamera@Game@@QAEXPAVCamera@@@Z 0010c520 f   GameEngine:Game.obj
 0001:0000c1a0       ?AddLightSource@Game@@QAEXPAVLightSource@@@Z 0010c5a0 f   GameEngine:Game.obj
 0001:0000c220       ?AddObject@Game@@QAEXPAVGameObject@@@Z 0010c620 f   GameEngine:Game.obj
 0001:0000c2a0       ?GetActiveCamera@Game@@QAEPAVCamera@@XZ 0010c6a0 f   GameEngine:Game.obj
 0001:0000c2b0       ?GetCamera@Game@@QAEPAVCamera@@VString@std@@@Z 0010c6b0 f   GameEngine:Game.obj
 0001:0000c350       ?GetLightSource@Game@@QAEPAVLightSource@@VString@std@@@Z 0010c750 f   GameEngine:Game.obj
 0001:0000c3f0       ?GetObject@Game@@QAEPAVGameObject@@VString@std@@@Z 0010c7f0 f   GameEngine:Game.obj
 0001:0000c510       ?SetActiveCamera@Game@@QAEXPAVCamera@@@Z 0010c910 f   GameEngine:Game.obj
 0001:0000c520       ??0Component@@QAE@XZ       0010c920 f   GameEngine:Component.obj
 0001:0000c550       ?GetName@Component@@QAE?AVString@std@@XZ 0010c950 f   GameEngine:Component.obj
 0001:0000c560       ?SetName@Component@@QAEXVString@std@@@Z 0010c960 f   GameEngine:Component.obj
 0001:0000c580       ?Start@Component@@UAEXXZ   0010c980 f i GameEngine:Component.obj
 0001:0000c590       ?Update@Component@@UAEXM@Z 0010c990 f i GameEngine:Component.obj
 0001:0000c5a0       ??0MeshComponent@@QAE@XZ   0010c9a0 f   GameEngine:MeshComponent.obj
 0001:0000c5d0       ?Update@MeshComponent@@UAEXM@Z 0010c9d0 f   GameEngine:MeshComponent.obj
 0001:0000c5e0       ??0Rigidbody@@QAE@XZ       0010c9e0 f   GameEngine:Rigidbody.obj
 0001:0000c630       ?AddImpulse@Rigidbody@@QAEXUVector3@@@Z 0010ca30 f   GameEngine:Rigidbody.obj
 0001:0000c670       ?AddImpulseAt@Rigidbody@@QAEXUVector3@@0@Z 0010ca70 f   GameEngine:Rigidbody.obj
 0001:0000c680       ?Speed@Rigidbody@@QAEMXZ   0010ca80 f   GameEngine:Rigidbody.obj
 0001:0000c6c0       ?SpeedSquared@Rigidbody@@QAEMXZ 0010cac0 f   GameEngine:Rigidbody.obj
 0001:0000c710       ?Start@Rigidbody@@UAEXXZ   0010cb10 f   GameEngine:Rigidbody.obj
 0001:0000c720       ?Update@Rigidbody@@UAEXM@Z 0010cb20 f   GameEngine:Rigidbody.obj
 0001:0000cb40       ??0BoxCollider@@QAE@XZ     0010cf40 f   GameEngine:BoxCollider.obj
 0001:0000cb60       ?GetEdge@Collider@@UAEPAUVector3@@H@Z 0010cf60 f i GameEngine:BoxCollider.obj
 0001:0000ccc0       ?GetEdgeDir@Collider@@UAE?AUVector3@@H@Z 0010d0c0 f i GameEngine:BoxCollider.obj
 0001:0000cd50       ?GetFaceDir@Collider@@UAE?AUVector3@@H@Z 0010d150 f i GameEngine:BoxCollider.obj
 0001:0000ce70       ?GetVertex@Collider@@UAE?AUVector3@@H@Z 0010d270 f i GameEngine:BoxCollider.obj
 0001:0000cfb0       ?IsColliding@BoxCollider@@QAE_NPAV1@AAUVector3@@@Z 0010d3b0 f   GameEngine:BoxCollider.obj
 0001:0000cfc0       ?SupportFunction@@YA?AUVector3@@U1@UTransform@@@Z 0010d3c0 f   GameEngine:BoxCollider.obj
 0001:0000d390       ?cross_aba@@YA?AUVector3@@ABU1@0@Z 0010d790 f i GameEngine:BoxCollider.obj
 0001:0000d3c0       ?update@@YA_NUVector3@@@Z  0010d7c0 f   GameEngine:BoxCollider.obj
 0001:0000ddb0       ?LoadModel@ModelLoader@@SAPAVModel3D@@PADW4Format3D@@@Z 0010e1b0 f   GameEngine:ModelLoader.obj
 0001:0000de30       ??0Matrix3@@QAE@QAM@Z      0010e230 f   GameEngine:Matrix3.obj
 0001:0000de70       ??0Matrix3@@QAE@XZ         0010e270 f   GameEngine:Matrix3.obj
 0001:0000dec0       ??D@YA?AUMatrix3@@ABU0@0@Z 0010e2c0 f i GameEngine:Matrix3.obj
 0001:0000e090       ??D@YA?AUMatrix3@@ABU0@ABM@Z 0010e490 f i GameEngine:Matrix3.obj
 0001:0000e130       ??D@YA?AUVector3@@ABUMatrix3@@ABU0@@Z 0010e530 f i GameEngine:Matrix3.obj
 0001:0000e1d0       ??G@YA?AUMatrix3@@ABU0@0@Z 0010e5d0 f i GameEngine:Matrix3.obj
 0001:0000e280       ??H@YA?AUMatrix3@@ABU0@0@Z 0010e680 f i GameEngine:Matrix3.obj
 0001:0000e330       ?CreateRotation@Matrix3@@SA?AU1@UVector3@@@Z 0010e730 f   GameEngine:Matrix3.obj
 0001:0000e4c0       ?Inverse@Matrix3@@QAE?AU1@XZ 0010e8c0 f   GameEngine:Matrix3.obj
 0001:0000e6d0       ?Transpose@Matrix3@@QAE?AU1@XZ 0010ead0 f   GameEngine:Matrix3.obj
 0001:0000e720       ??0Transform@@QAE@UVector3@@UQuaternion@@0@Z 0010eb20 f   GameEngine:Transform.obj
 0001:0000e770       ??0Transform@@QAE@XZ       0010eb70 f   GameEngine:Transform.obj
 0001:0000e7f0       ??DQuaternion@@QAEAAUVector3@@AAU1@@Z 0010ebf0 f i GameEngine:Transform.obj
 0001:0000e930       ?GetForwardVector@Transform@@QAE?AUVector3@@XZ 0010ed30 f   GameEngine:Transform.obj
 0001:0000e980       ?GetRightVector@Transform@@QAE?AUVector3@@XZ 0010ed80 f   GameEngine:Transform.obj
 0001:0000e9d0       ?GetUpVector@Transform@@QAE?AUVector3@@XZ 0010edd0 f   GameEngine:Transform.obj
 0001:0000ea20       ?Rotate@Transform@@QAEXUQuaternion@@@Z 0010ee20 f   GameEngine:Transform.obj
 0001:0000eb20       ?Rotate@Transform@@QAEXUVector3@@M@Z 0010ef20 f   GameEngine:Transform.obj
 0001:0000ed40       ?Scale@Transform@@QAEXUVector3@@@Z 0010f140 f   GameEngine:Transform.obj
 0001:0000ed80       ?ToString@Transform@@QAEPADPAD@Z 0010f180 f   GameEngine:Transform.obj
 0001:0000ee30       ?Translate@Transform@@QAEXUVector3@@@Z 0010f230 f   GameEngine:Transform.obj
 0001:0000ee70       ??0Manifold@@QAE@XZ        0010f270 f i GameEngine:Collision.obj
 0001:0000ee90       ?CollisionPoint@Collision@@QAEPAUManifold@@AAVRigidbody@@0AAH@Z 0010f290 f   GameEngine:Collision.obj
 0001:000102e0       ?GetInterval@Collision@@QAEXAAVRigidbody@@UVector3@@AAM2@Z 001106e0 f   GameEngine:Collision.obj
 0001:00010560       ?Normalized@Vector3@@QAE?AU1@XZ 00110960 f i GameEngine:Collision.obj
 0001:00010620       ?TestIntersection@Collision@@QAE_NAAVRigidbody@@0PAUVector3@@AAPAUManifold@@AAH@Z 00110a20 f   GameEngine:Collision.obj
 0001:00010c70       ?closest_Point@Collision@@QAEXUVector3@@000AAU2@1@Z 00111070 f   GameEngine:Collision.obj
 0001:00010fc0       ?distance@@YAMMMMM@Z       001113c0 f   GameEngine:Collision.obj
 0001:00010fe0       ?getNormalEdge@Collision@@QAE?AUVector3@@AAU2@000@Z 001113e0 f   GameEngine:Collision.obj
 0001:000110e0       ?getNormalFace@Collision@@QAE?AUVector3@@AAVRigidbody@@U2@@Z 001114e0 f   GameEngine:Collision.obj
 0001:000113a0       ?isInside@Collision@@QAE_NUVector3@@VRigidbody@@@Z 001117a0 f   GameEngine:Collision.obj
 0001:000114c0       ??0Collider@@QAE@XZ        001118c0 f   GameEngine:Collider.obj
 0001:00011520       ??0Obj@@QAE@PAD@Z          00111920 f   GameEngine:Obj.obj
 0001:00011590       ?Add@?$List@UFace@@@std@@QAEXUFace@@@Z 00111990 f i GameEngine:Obj.obj
 0001:00011630       ?Add@?$List@UVector3@@@std@@QAEXUVector3@@@Z 00111a30 f i GameEngine:Obj.obj
 0001:000116e0       ?CreateVertices@Obj@@AAEXXZ 00111ae0 f   GameEngine:Obj.obj
 0001:00011a00       ?ReadFile@Obj@@AAEXPAD@Z   00111e00 f   GameEngine:Obj.obj
 0001:00011a10       ??0A3D@@QAE@PAD@Z          00111e10 f   GameEngine:A3D.obj
 0001:00011bb0       ?acos@@YAMM@Z              00111fb0 f   Lib:math.obj
 0001:00011c10       ?asin@@YAMM@Z              00112010 f   Lib:math.obj
 0001:00011c70       ?atan2@@YAMMM@Z            00112070 f   Lib:math.obj
 0001:00011d70       ?atan@@YAMM@Z              00112170 f   Lib:math.obj
 0001:00011da0       ?ceil@@YAHM@Z              001121a0 f   Lib:math.obj
 0001:00011dc0       ?cos@@YAMM@Z               001121c0 f   Lib:math.obj
 0001:00011de0       ?fact@@YAMM@Z              001121e0 f   Lib:math.obj
 0001:00011e20       ?floor@@YAHM@Z             00112220 f   Lib:math.obj
 0001:00011e40       ?log10@@YAMM@Z             00112240 f   Lib:math.obj
 0001:00011e60       ?log2@@YAMM@Z              00112260 f   Lib:math.obj
 0001:00011e80       ?log@@YAMM@Z               00112280 f   Lib:math.obj
 0001:00011ea0       ?logn@@YAMMM@Z             001122a0 f   Lib:math.obj
 0001:00011ed0       ?pow@@YAMMH@Z              001122d0 f   Lib:math.obj
 0001:00011fb0       ?rand@@YAHXZ               001123b0 f   Lib:math.obj
 0001:00011fd0       ?round@@YAHM@Z             001123d0 f   Lib:math.obj
 0001:00011ff0       ?sin@@YAMM@Z               001123f0 f   Lib:math.obj
 0001:00012010       ?sqrt@@YAMM@Z              00112410 f   Lib:math.obj
 0001:00012030       ?srand@@YAXI@Z             00112430 f   Lib:math.obj
 0001:00012040       ?tan@@YAMM@Z               00112440 f   Lib:math.obj
 0001:00012070       ?memcmp@@YAHPBX0I@Z        00112470 f   Lib:string.obj
 0001:000120b0       ?memcpy@@YAPAXPAX0I@Z      001124b0 f   Lib:string.obj
 0001:000120e0       ?memcpy_fast_128@@YAXPAX0I@Z 001124e0 f   Lib:string.obj
 0001:00012160       ?memset16@@YAPAXPAXGI@Z    00112560 f   Lib:string.obj
 0001:00012180       ?memset32@@YAPAXPAXII@Z    00112580 f   Lib:string.obj
 0001:000121a0       ?memset_fast_128@@YAPAXPAXII@Z 001125a0 f   Lib:string.obj
 0001:00012220       ?strcat@@YAPADPADPBD@Z     00112620 f   Lib:string.obj
 0001:00012250       ?strcmp@@YAIPBD0@Z         00112650 f   Lib:string.obj
 0001:000122a0       ?strcpy@@YAPADPADPBD@Z     001126a0 f   Lib:string.obj
 0001:000122c0       ?strlen@@YAIPBD@Z          001126c0 f   Lib:string.obj
 0001:000122e0       ?strncat@@YAPADPADPBDH@Z   001126e0 f   Lib:string.obj
 0001:00012320       _memset                    00112720 f   Lib:string.obj
 0001:00012340       ?atof@@YAMPBD@Z            00112740 f   Lib:stdio.obj
 0001:000123e0       ?atoi@@YAHPBD@Z            001127e0 f   Lib:stdio.obj
 0001:00012400       ?ftoa@@YAPADMIPAD@Z        00112800 f   Lib:stdio.obj
 0001:00012520       ?itoa@@YAPADHIPAD_N@Z      00112920 f   Lib:stdio.obj
 0001:000125b0       ?strtol@@YAJPBDPAPADH@Z    001129b0 f   Lib:stdio.obj
 0001:00012700       ?vprintf@@YAPADPADPBDZZ    00112b00 f   Lib:stdio.obj
 0001:00012720       ?vsprintf@@YAPADPADPBDPAE@Z 00112b20 f   Lib:stdio.obj
 0001:00012a90       ??2@YAPAXI@Z               00112e90 f   KERNEL:kernel.obj
 0001:00012ae0       ??3@YAXPAX@Z               00112ee0 f   KERNEL:kernel.obj
 0001:00012b00       ??_U@YAPAXI@Z              00112f00 f   KERNEL:kernel.obj
 0001:00012b90       ??_V@YAXPAX@Z              00112f90 f   KERNEL:kernel.obj
 0001:00012ba0       ?Init@Kernel@@SAXPAUMULTIBOOT_INFO@@@Z 00112fa0 f   KERNEL:kernel.obj
 0001:00012c50       ?CreateThread@Task@@SAPAVThread@@PAX@Z 00113050 f   KERNEL:task.obj
 0001:00012cf0       ?Idle@Task@@CAXXZ          001130f0 f   KERNEL:task.obj
 0001:00012d00       ?Init@Task@@SAIXZ          00113100 f   KERNEL:task.obj
 0001:00012e00       ?InsertThread@Task@@SAXPAVThread@@@Z 00113200 f   KERNEL:task.obj
 0001:00012e40       ?Schedule@Task@@CAXXZ      00113240 f   KERNEL:task.obj
 0001:00012e60       ?StartThreading@Task@@SAXXZ 00113260 f   KERNEL:task.obj
 0001:00012ea0       ?Task_ISR@Task@@CAXXZ      001132a0 f   KERNEL:task.obj
 0001:00012ee0       ?BitBlt@Drawing@@SAXUGC@@HHHH0HH_N@Z 001132e0 f   KERNEL:drawing.obj
 0001:00013140       ?BlendAlpha@Drawing@@CAIII@Z 00113540 f i KERNEL:drawing.obj
 0001:00013200       ?Clear@Drawing@@SAXIUGC@@@Z 00113600 f   KERNEL:drawing.obj
 0001:00013250       ?Draw@Drawing@@SAXUGC@@@Z  00113650 f   KERNEL:drawing.obj
 0001:00013280       ?DrawBezierCube@Drawing@@SAXPAUPoint@@HUGC@@@Z 00113680 f   KERNEL:drawing.obj
 0001:000134e0       ?DrawBezierQuad@Drawing@@SAXPAUPoint@@HUGC@@@Z 001138e0 f   KERNEL:drawing.obj
 0001:00013620       ?DrawImage@Drawing@@SAXHHHHPAUBMP@@UGC@@@Z 00113a20 f   KERNEL:drawing.obj
 0001:00013720       ?DrawLine@Drawing@@SAXHHHHIUGC@@@Z 00113b20 f   KERNEL:drawing.obj
 0001:00013840       ?DrawRect@Drawing@@SAXHHHHHIUGC@@@Z 00113c40 f   KERNEL:drawing.obj
 0001:00013910       ?DrawText@Drawing@@SAXHHPADIIUGC@@@Z 00113d10 f   KERNEL:drawing.obj
 0001:00013a20       ?DrawText@Drawing@@SAXHHPADIUGC@@@Z 00113e20 f   KERNEL:drawing.obj
 0001:00013af0       ?FillRect@Drawing@@SAXHHHHIUGC@@@Z 00113ef0 f   KERNEL:drawing.obj
 0001:00013bb0       ?Init@Drawing@@SAIHHPAI@Z  00113fb0 f   KERNEL:drawing.obj
 0001:00013c40       ?SetPixel@Drawing@@SAXHHIUGC@@@Z 00114040 f   KERNEL:drawing.obj
 0001:00013c90       ?Clear@Debug@@SAXI@Z       00114090 f   KERNEL:debug.obj
 0001:00013cb0       ?Dump@Debug@@SAXPAXH_N@Z   001140b0 f   KERNEL:debug.obj
 0001:00013e50       ?Print@Debug@@SAXPADZZ     00114250 f   KERNEL:debug.obj
 0001:000140c0       ?Putc@Debug@@SAXD_N@Z      001144c0 f   KERNEL:debug.obj
 0001:000142e0       ?DecodeAscii@Keyboard@@CAXAAUKEY_PACKET@@@Z 001146e0 f   KERNEL:keyboard.obj
 0001:000145b0       ?DiscardLastKey@Keyboard@@SAXXZ 001149b0 f   KERNEL:keyboard.obj
 0001:000145c0       ?GetKeyDown@Keyboard@@SA_NW4KEYCODE@@@Z 001149c0 f   KERNEL:keyboard.obj
 0001:000145d0       ?GetLastKey@Keyboard@@SA?AUKEY_PACKET@@XZ 001149d0 f   KERNEL:keyboard.obj
 0001:000145f0       ?Init@Keyboard@@SAIXZ      001149f0 f   KERNEL:keyboard.obj
 0001:00014610       ?Keyboard_ISR@Keyboard@@CAXXZ 00114a10 f   KERNEL:keyboard.obj
 0001:00014800       ?Init@PIT@@SAIXZ           00114c00 f   KERNEL:pit.obj
 0001:00014840       ?PIT_ISR@PIT@@CAXXZ        00114c40 f   KERNEL:pit.obj
 0001:00014850       ?ReadData@PIT@@CAEE@Z      00114c50 f   KERNEL:pit.obj
 0001:00014880       ?SendData@PIT@@CAXGE@Z     00114c80 f   KERNEL:pit.obj
 0001:000148c0       ?Sleep@PIT@@SAXI@Z         00114cc0 f   KERNEL:pit.obj
 0001:000148e0       ?Start@PIT@@CAIXZ          00114ce0 f   KERNEL:pit.obj
 0001:00014920       ?Init@Mouse@@SAIIIM@Z      00114d20 f   KERNEL:mouse.obj
 0001:00014c10       ?MouseRead@Mouse@@CAEXZ    00115010 f   KERNEL:mouse.obj
 0001:00014c40       ?MouseWait@Mouse@@CAXE@Z   00115040 f   KERNEL:mouse.obj
 0001:00014c80       ?MouseWrite@Mouse@@CAXE@Z  00115080 f   KERNEL:mouse.obj
 0001:00014ce0       ?Mouse_ISR@Mouse@@CAXXZ    001150e0 f   KERNEL:mouse.obj
 0001:00014e20       ?Checksum@KNet@@SAGPAXH@Z  00115220 f   KERNEL:net.obj
 0001:00014ea0       ?ChecksumDouble@KNet@@SAGPAXH0H@Z 001152a0 f   KERNEL:net.obj
 0001:00014f80       ?Init@KNet@@SAIXZ          00115380 f   KERNEL:net.obj
 0001:00014fe0       ?PrintIP@KNet@@SAXPADUIPv4Address@@@Z 001153e0 f   KERNEL:net.obj
 0001:00015020       ?PrintMac@KNet@@SAXPADUMacAddress@@@Z 00115420 f   KERNEL:net.obj
 0001:00015070       ?htonl@@YAII@Z             00115470 f   KERNEL:net.obj
 0001:00015080       ?htons@@YAGG@Z             00115480 f   KERNEL:net.obj
 0001:000150a0       ?ntohl@@YAII@Z             001154a0 f   KERNEL:net.obj
 0001:000150b0       ?ntohs@@YAGG@Z             001154b0 f   KERNEL:net.obj
 0001:000150d0       ??0Font@@QAE@PAD@Z         001154d0 f   KERNEL:font.obj
 0001:000152d0       ?FindTable@Font@@AAEPAUTTF_TABLE@@PAD@Z 001156d0 f   KERNEL:font.obj
 0001:00015320       ?GetGlyphOffset@Font@@AAEIH@Z 00115720 f   KERNEL:font.obj
 0001:000153a0       ?Print@Font@@AAE_NHHHM@Z   001157a0 f   KERNEL:font.obj
 0001:000158f0       ?ReadHead@Font@@AAEXXZ     00115cf0 f   KERNEL:font.obj
 0001:00015aa0       ?Init@FS@@SAIXZ            00115ea0 f   KERNEL:FileSystem.obj
 0001:00015ab0       ?ReadFile@FS@@SAIPADAAPAD@Z 00115eb0 f   KERNEL:FileSystem.obj
 0001:00015ac0       ?KernelPanic@Panic@@SAXPAD0@Z 00115ec0 f   KERNEL:panic.obj
 0001:00015b60       ?Create@PCI@@CAPAUPCI_DEVICE@@EEE@Z 00115f60 f   KERNEL:pci.obj
 0001:00015c20       ?GetDevice@PCI@@SAPAUPCI_DEVICE@@HHH@Z 00116020 f   KERNEL:pci.obj
 0001:00015dd0       ?Init@PCI@@SAIXZ           001161d0 f   KERNEL:pci.obj
 0001:00015de0       ?Read@PCI@@CAIEEEEE@Z      001161e0 f   KERNEL:pci.obj
 0001:00015e50       ?printdev@@YAXPAUPCI_DEVICE@@@Z 00116250 f   KERNEL:pci.obj
 0001:00015e90       ?AC97_ISR@AC97@@CAXXZ      00116290 f   KERNEL:ac97.obj
 0001:00015f50       ?Init@AC97@@SAIPAUPCI_DEVICE@@@Z 00116350 f   KERNEL:ac97.obj
 0001:00016240       ??0BMP@@QAE@PAX@Z          00116640 f   KERNEL:bmp.obj
 0001:000162d0       ??0BMP@@QAE@PAXHH@Z        001166d0 f   KERNEL:bmp.obj
 0001:00016320       ?AllocBlocks@Memory@@SAPAXI@Z 00116720 f   KERNEL:memory.obj
 0001:00016450       ?DeInitRegion@Memory@@SAXPAXI@Z 00116850 f   KERNEL:memory.obj
 0001:000164a0       ?FirstFree@Memory@@CAIXZ   001168a0 f   KERNEL:memory.obj
 0001:000164e0       ?FirstFreeNum@Memory@@CAII@Z 001168e0 f   KERNEL:memory.obj
 0001:000165d0       ?FreeBlocks@Memory@@SAXPAXI@Z 001169d0 f   KERNEL:memory.obj
 0001:00016630       ?Init@Memory@@SAIIPAI@Z    00116a30 f   KERNEL:memory.obj
 0001:000166b0       ?InitRegion@Memory@@SAXPAXI@Z 00116ab0 f   KERNEL:memory.obj
 0001:00016700       ?EnableFPU@CPU@@CAIXZ      00116b00 f   KERNEL:cpu.obj
 0001:00016720       ?EnableSSE@CPU@@CAIXZ      00116b20 f   KERNEL:cpu.obj
 0001:00016750       ?Init@CPU@@SAIXZ           00116b50 f   KERNEL:cpu.obj
 0001:00016780       ?Init@VBE@@SAIPAUVBE_MODE_INFO@@@Z 00116b80 f   KERNEL:vbe.obj
 0001:000167f0       ?Init@HAL@@SAIXZ           00116bf0 f   KERNEL:hal.obj
 0001:00016820       ?inb@@YAEG@Z               00116c20 f   KERNEL:hal.obj
 0001:00016840       ?inl@@YAIG@Z               00116c40 f   KERNEL:hal.obj
 0001:00016860       ?inw@@YAGG@Z               00116c60 f   KERNEL:hal.obj
 0001:00016880       ?outb@@YAXGE@Z             00116c80 f   KERNEL:hal.obj
 0001:00016890       ?outl@@YAXGI@Z             00116c90 f   KERNEL:hal.obj
 0001:000168a0       ?outw@@YAXGG@Z             00116ca0 f   KERNEL:hal.obj
 0001:000168b0       ?DefaultISR@Exceptions@@SAXXZ 00116cb0 f   KERNEL:exceptions.obj
 0001:000168d0       ?ISR0@Exceptions@@CAXXZ    00116cd0 f   KERNEL:exceptions.obj
 0001:000168f0       ?ISR10@Exceptions@@CAXXZ   00116cf0 f   KERNEL:exceptions.obj
 0001:00016910       ?ISR11@Exceptions@@CAXXZ   00116d10 f   KERNEL:exceptions.obj
 0001:00016930       ?ISR12@Exceptions@@CAXXZ   00116d30 f   KERNEL:exceptions.obj
 0001:00016950       ?ISR13@Exceptions@@CAXXZ   00116d50 f   KERNEL:exceptions.obj
 0001:00016970       ?ISR14@Exceptions@@CAXXZ   00116d70 f   KERNEL:exceptions.obj
 0001:00016990       ?ISR15@Exceptions@@CAXXZ   00116d90 f   KERNEL:exceptions.obj
 0001:000169b0       ?ISR16@Exceptions@@CAXXZ   00116db0 f   KERNEL:exceptions.obj
 0001:000169d0       ?ISR17@Exceptions@@CAXXZ   00116dd0 f   KERNEL:exceptions.obj
 0001:000169f0       ?ISR18@Exceptions@@CAXXZ   00116df0 f   KERNEL:exceptions.obj
 0001:00016a10       ?ISR19@Exceptions@@CAXXZ   00116e10 f   KERNEL:exceptions.obj
 0001:00016a30       ?ISR1@Exceptions@@CAXXZ    00116e30 f   KERNEL:exceptions.obj
 0001:00016a50       ?ISR2@Exceptions@@CAXXZ    00116e50 f   KERNEL:exceptions.obj
 0001:00016a70       ?ISR3@Exceptions@@CAXXZ    00116e70 f   KERNEL:exceptions.obj
 0001:00016a90       ?ISR4@Exceptions@@CAXXZ    00116e90 f   KERNEL:exceptions.obj
 0001:00016ab0       ?ISR5@Exceptions@@CAXXZ    00116eb0 f   KERNEL:exceptions.obj
 0001:00016ad0       ?ISR6@Exceptions@@CAXIII@Z 00116ed0 f   KERNEL:exceptions.obj
 0001:00016b50       ?ISR7@Exceptions@@CAXXZ    00116f50 f   KERNEL:exceptions.obj
 0001:00016b70       ?ISR8@Exceptions@@CAXXZ    00116f70 f   KERNEL:exceptions.obj
 0001:00016b90       ?ISR9@Exceptions@@CAXXZ    00116f90 f   KERNEL:exceptions.obj
 0001:00016bb0       ?Init@Exceptions@@SAIXZ    00116fb0 f   KERNEL:exceptions.obj
 0001:00016cb0       ?ATA_Interrupt@ATA@@CAXXZ  001170b0 f   KERNEL:ata.obj
 0001:00016cc0       ?Init@ATA@@SAIXZ           001170c0 f   KERNEL:ata.obj
 0001:00016cf0       ?Read@ATA@@SAIHHHAAPADH@Z  001170f0 f   KERNEL:ata.obj
 0001:00016f00       ?ReadSector@ATA@@CAIHHHPAD@Z 00117300 f   KERNEL:ata.obj
 0001:000170b0       ?EmptyISR@IDT@@SAXXZ       001174b0 f   KERNEL:idt.obj
 0001:000170c0       ?GetIR@IDT@@SAPAUIDT_DESCRIPTOR@@I@Z 001174c0 f   KERNEL:idt.obj
 0001:000170d0       ?GetVect@IDT@@SAP6AXXZH@Z  001174d0 f   KERNEL:idt.obj
 0001:00017100       ?Init@IDT@@SAIXZ           00117500 f   KERNEL:idt.obj
 0001:00017170       ?SetISR@IDT@@SAIIP6AXXZ@Z  00117570 f   KERNEL:idt.obj
 0001:000171b0       ?Init@PIC@@SAIXZ           001175b0 f   KERNEL:pic.obj
 0001:00017210       ?InterruptDone@PIC@@SAXG@Z 00117610 f   KERNEL:pic.obj
 0001:00017240       ?ReadData@PIC@@CAEE@Z      00117640 f   KERNEL:pic.obj
 0001:00017270       ?SendCommand@PIC@@CAXEE@Z  00117670 f   KERNEL:pic.obj
 0001:000172a0       ?SendData@PIC@@CAXGE@Z     001176a0 f   KERNEL:pic.obj
 0001:000172d0       ?FindFile@ISO_FS@@SAPAUISO_DIRECTORY@@PAD@Z 001176d0 f   KERNEL:iso.obj
 0001:000173a0       ?Init@ISO_FS@@SAIXZ        001177a0 f   KERNEL:iso.obj
 0001:00017410       ?ListFiles@ISO_FS@@SAHPAD@Z 00117810 f   KERNEL:iso.obj
 0001:000174b0       ?ReadFile@ISO_FS@@SAIPADAAPAD@Z 001178b0 f   KERNEL:iso.obj
 0001:000175a0       ?ReadFile@ISO_FS@@SAIPAUISO_DIRECTORY@@AAPAD@Z 001179a0 f   KERNEL:iso.obj
 0001:000175c3       ??1type_info@@UAE@XZ       001179c3 f   LIBCMT:std_type_info_static.obj
 0001:000175ca       ??_Gtype_info@@UAEPAXI@Z   001179ca f i LIBCMT:std_type_info_static.obj
 0001:000175ca       ??_Etype_info@@UAEPAXI@Z   001179ca f i LIBCMT:std_type_info_static.obj
 0001:000175ed       ??3@YAXPAXI@Z              001179ed f   LIBCMT:delete_scalar_size.obj
 0002:00000004       ??_7Control@gui@@6B@       00117a04     Button.obj
 0002:00000010       ??_7Button@gui@@6B@        00117a10     Button.obj
 0002:0000001c       ??_7Canvas@gui@@6B@        00117a1c     Canvas.obj
 0002:00000024       ??_C@_0BC@HJLBEKHE@Delta?3?5?$CFi?7FPS?3?5?$CFi?$AA@ 00117a24     GUI.obj
 0002:00000038       ??_C@_06LAFIDHKA@?$CFi?6?$CFi?6?$AA@ 00117a38     GUI.obj
 0002:00000040       __xmm@0000000e000000080000000000000000 00117a40     GUI.obj
 0002:00000054       ??_7Label@gui@@6B@         00117a54     Label.obj
 0002:0000005c       ??_C@_03PELOGHMK@?$CFi?6?$AA@ 00117a5c     Mandelbrot.obj
 0002:00000060       ??_C@_06CMGOICJA@Start?6?$AA@ 00117a60     Mandelbrot.obj
 0002:00000068       ??_C@_0BD@OAOOOKEK@Ticks?3?5?$CFi?7FPS?3?5?$CFi?6?$AA@ 00117a68     Mandelbrot.obj
 0002:0000007c       ??_C@_09JHEKFLJE@Zoom?3?5?$CFf?6?$AA@ 00117a7c     Mandelbrot.obj
 0002:00000088       __real@1adaca00            00117a88     Mandelbrot.obj
 0002:00000090       __real@3ff0000000000000    00117a90     Mandelbrot.obj
 0002:00000098       __real@4010000000000000    00117a98     Mandelbrot.obj
 0002:000000a0       __real@40f0000000000000    00117aa0     Mandelbrot.obj
 0002:000000a8       __real@437f0000            00117aa8     Mandelbrot.obj
 0002:000000ac       __real@447a0000            00117aac     Mandelbrot.obj
 0002:000000b0       ??_C@_0BJ@FHJFEPME@arp?3?5sending?5request?5to?5?$AA@ 00117ab0     arp.obj
 0002:000000cc       ??_C@_0BH@NFEPIOCG@arp?3?5sending?5reply?5to?5?$AA@ 00117acc     arp.obj
 0002:000000e4       ??_C@_0BB@NPEPEJMJ@ARP?5added?5entry?5?$AA@ 00117ae4     arp.obj
 0002:000000f8       ??_C@_0O@MBFFJLEF@DHCP?5RECEIVE?6?$AA@ 00117af8     dhcp.obj
 0002:00000108       ??_C@_0O@IJAKJLNJ@Received?5DNS?6?$AA@ 00117b08     dns.obj
 0002:00000118       ??_C@_0BF@DPFFLPFA@DNS?5added?5entry?3?5?$CFs?5?$AA@ 00117b18     dns.obj
 0002:0000012d       ??_C@_00CNPNBAHC@?$AA@     00117b2d     dns.obj
 0002:00000130       ??_C@_0M@KNKKGHNO@PARSED?5IP?3?5?$AA@ 00117b30     http.obj
 0002:0000013c       ??_C@_0BO@OHMKJDEI@Flags?3?5?$CFux?7ACK?3?5?$CFui?7SEQ?3?5?$CFui?6?$AA@ 00117b3c     tcpsession.obj
 0002:0000015c       ??_C@_0L@EIILFCEB@Connected?6?$AA@ 00117b5c     tcpsession.obj
 0002:00000168       ??_C@_07IPMAGINO@Closed?6?$AA@ 00117b68     tcpsession.obj
 0002:00000170       ??_C@_0BA@FHBAHEGN@Timeout?5closed?6?$AA@ 00117b70     tcpsession.obj
 0002:00000184       ??_7TextBox@gui@@6B@       00117b84     TextBox.obj
 0002:0000018c       ??_C@_05PABKJLOM@Title?$AA@ 00117b8c     TextEdit.obj
 0002:00000194       ??_C@_05IEIONIFO@Label?$AA@ 00117b94     TextEdit.obj
 0002:0000019c       ??_C@_06LKBCGDFD@Button?$AA@ 00117b9c     TextEdit.obj
 0002:000001a4       ??_C@_04LBABLPF@Exit?$AA@  00117ba4     TextEdit.obj
 0002:000001ac       ??_C@_07IFDKABCP@Receive?$AA@ 00117bac     TextEdit.obj
 0002:000001b4       ??_C@_0O@FOFNHLMB@Another?5title?$AA@ 00117bb4     TextEdit.obj
 0002:000001c4       ??_C@_07CDBKEHGM@Clicked?$AA@ 00117bc4     TextEdit.obj
 0002:000001cc       ??_C@_05KHPFCEDO@?$CFi?5?$CFi?$AA@ 00117bcc     TextEdit.obj
 0002:000001d4       ??_C@_0BE@FOMLPMPJ@Found?5audio?5device?6?$AA@ 00117bd4     OS.obj
 0002:000001e8       ??_C@_0BJ@MJFONFFA@Audio?5device?5not?5found?$CB?6?$AA@ 00117be8     OS.obj
 0002:00000204       ??_C@_08EHJIPPF@consolas?$AA@ 00117c04     OS.obj
 0002:00000210       ??_C@_04CDEGOFNM@Cam1?$AA@ 00117c10     3DGame:3DGame.obj
 0002:00000218       ??_C@_05FOLLILPC@Thing?$AA@ 00117c18     3DGame:3DGame.obj
 0002:00000220       ??_C@_05PGDJFNFN@Floor?$AA@ 00117c20     3DGame:3DGame.obj
 0002:00000228       ??_C@_04BPGKJMON@Box_?$AA@ 00117c28     3DGame:3DGame.obj
 0002:00000230       __real@3f800000            00117c30     3DGame:3DGame.obj
 0002:00000234       __real@40a00000            00117c34     3DGame:3DGame.obj
 0002:00000238       __real@41200000            00117c38     3DGame:3DGame.obj
 0002:0000023c       __real@c1700000            00117c3c     3DGame:3DGame.obj
 0002:00000244       ??_7MyBox@@6B@             00117c44     3DGame:MyBox.obj
 0002:0000024c       ??_C@_0L@IDFINJJI@sphere?4a3d?$AA@ 00117c4c     3DGame:MyBox.obj
 0002:00000258       ??_C@_07CKAHAGKJ@img?4bmp?$AA@ 00117c58     3DGame:MyBox.obj
 0002:00000260       ??_C@_0O@NJFLLBAD@bmp?5not?5found?$AA@ 00117c60     3DGame:MyBox.obj
 0002:00000270       ??_C@_04GONFKEIN@Mesh?$AA@ 00117c70     3DGame:MyBox.obj
 0002:00000278       ??_C@_09DHKFHJOA@Rigidbody?$AA@ 00117c78     3DGame:MyBox.obj
 0002:00000288       ??_7Thing@@6B@             00117c88     3DGame:Thing.obj
 0002:00000290       ??_C@_08GGPPOII@cube?4a3d?$AA@ 00117c90     3DGame:Thing.obj
 0002:0000029c       ??_C@_09PCLIKNNA@earth?4bmp?$AA@ 00117c9c     3DGame:Thing.obj
 0002:000002a8       __real@41a00000            00117ca8     3DGame:Thing.obj
 0002:000002b0       __xmm@80000000800000008000000080000000 00117cb0     3DGame:Thing.obj
 0002:000002c0       __real@0000000000000000    00117cc0     GL:Matrix4.obj
 0002:000002c8       __real@3fe0000000000000    00117cc8     GL:Matrix4.obj
 0002:000002d0       __real@40000000            00117cd0     GL:Matrix4.obj
 0002:000002d8       __real@400921fb54442eea    00117cd8     GL:Matrix4.obj
 0002:000002e0       __real@4066800000000000    00117ce0     GL:Matrix4.obj
 0002:000002e8       __real@3fb1eb851eb851ec    00117ce8     GL:Color.obj
 0002:000002f0       __real@3fcae147ae147ae1    00117cf0     GL:Color.obj
 0002:000002f8       __real@3fe70a3d70a3d70a    00117cf8     GL:Color.obj
 0002:00000300       __xmm@41f00000000000000000000000000000 00117d00     GL:Color.obj
 0002:00000310       ??_C@_05JODGIKH@Light?$AA@ 00117d10     GameEngine:Engine.obj
 0002:00000318       ??_C@_06LOJNHMMK@Thing2?$AA@ 00117d18     GameEngine:Engine.obj
 0002:00000320       ??_C@_0BJ@JEFINMGB@FPS?3?5?$CFi?7DT?3?$CFi?7AvgDT?3?5?$CFi?6?$AA@ 00117d20     GameEngine:Engine.obj
 0002:0000033c       ??_C@_0L@KCHEIND@Ticks?3?5?$CFi?6?$AA@ 00117d3c     GameEngine:Engine.obj
 0002:00000348       ??_C@_08DAHIJCLH@Free?5?$CFi?6?$AA@ 00117d48     GameEngine:Engine.obj
 0002:00000354       ??_C@_08FHFNDDND@Cam?3?5?$CFs?6?$AA@ 00117d54     GameEngine:Engine.obj
 0002:00000360       ??_C@_07JOHLBHPG@P1?3?5?$CFs?6?$AA@ 00117d60     GameEngine:Engine.obj
 0002:00000368       ??_C@_0BC@KLOOLLKI@V1?3?5?$FL?$CFf?0?5?$CFf?0?5?$CFf?$FN?6?$AA@ 00117d68     GameEngine:Engine.obj
 0002:0000037c       ??_C@_0M@CBHEFHKI@Energy?3?5?$CFf?6?$AA@ 00117d7c     GameEngine:Engine.obj
 0002:00000388       ??_C@_0N@MDOCIACE@?$CFf?5?$CFf?5?$CFf?5?$CFf?6?$AA@ 00117d88     GameEngine:Engine.obj
 0002:00000398       ??_C@_08FNAIPBCN@Err?3?5?$CFf?6?$AA@ 00117d98     GameEngine:Engine.obj
 0002:000003a4       ??_C@_0BA@DLCGCPOP@?$CFi?5?$CFi?7?$CFf?5?$CFf?5?$CFf?6?$AA@ 00117da4     GameEngine:Engine.obj
 0002:000003b4       ??_C@_09MALOBAAJ@?$CFf?5?$CFf?5?$CFf?6?$AA@ 00117db4     GameEngine:Engine.obj
 0002:000003c0       ??_C@_08GDLGNBJK@?$CFf?7?$CFf?7?$CFf?$AA@ 00117dc0     GameEngine:Engine.obj
 0002:000003cc       ??_C@_0BB@PIJAIOHM@List?3?3operator?$FL?$FN?$AA@ 00117dcc     GameEngine:Engine.obj
 0002:000003e0       ??_C@_0BN@NJEFJLOF@Index?5out?5of?5range?5exception?$AA@ 00117de0     GameEngine:Engine.obj
 0002:00000400       __real@2edbe6ff            00117e00     GameEngine:Engine.obj
 0002:00000404       __real@3c23d70a            00117e04     GameEngine:Engine.obj
 0002:00000408       __real@3ff921fb54442eea    00117e08     GameEngine:Engine.obj
 0002:00000410       __real@401921fb54442eea    00117e10     GameEngine:Engine.obj
 0002:00000418       __real@402399999999999a    00117e18     GameEngine:Engine.obj
 0002:00000420       __real@40800000            00117e20     GameEngine:Engine.obj
 0002:00000424       __real@41400000            00117e24     GameEngine:Engine.obj
 0002:00000428       __real@43c80000            00117e28     GameEngine:Engine.obj
 0002:0000042c       __real@44fa0000            00117e2c     GameEngine:Engine.obj
 0002:00000430       __real@501502f9            00117e30     GameEngine:Engine.obj
 0002:00000438       ??_7GameObject@@6B@        00117e38     GameEngine:GameObject.obj
 0002:00000440       ??_C@_0L@EJMOOPIK@GameObject?$AA@ 00117e40     GameEngine:GameObject.obj
 0002:00000450       ??_7Camera@@6B@            00117e50     GameEngine:Camera.obj
 0002:0000045c       ??_7Component@@6B@         00117e5c     GameEngine:Component.obj
 0002:00000468       ??_7MeshComponent@@6B@     00117e68     GameEngine:MeshComponent.obj
 0002:00000474       ??_7Rigidbody@@6B@         00117e74     GameEngine:Rigidbody.obj
 0002:00000480       ??_7BoxCollider@@6B@       00117e80     GameEngine:BoxCollider.obj
 0002:00000490       __real@bff921fb54442eea    00117e90     GameEngine:BoxCollider.obj
 0002:000004a0       __xmm@7fffffffffffffff7fffffffffffffff 00117ea0     GameEngine:BoxCollider.obj
 0002:000004b0       __xmm@80000000000000008000000000000000 00117eb0     GameEngine:BoxCollider.obj
 0002:000004c0       ??_C@_05MBDEGLCK@ERROR?$AA@ 00117ec0     GameEngine:ModelLoader.obj
 0002:000004d0       __xmm@0000000000000000000000003f800000 00117ed0     GameEngine:Matrix3.obj
 0002:000004e0       __xmm@3f800000000000000000000000000000 00117ee0     GameEngine:Matrix3.obj
 0002:000004f0       ??_C@_0CL@CEJFKDDD@?$FL?$CFf?0?5?$CFf?0?5?$CFf?$FN?5?$FL?$CFf?0?5?$CFf?0?5?$CFf?0?5?$CFf?$FN?5?$FL?$CF@ 00117ef0     GameEngine:Transform.obj
 0002:0000051c       __real@3f000000            00117f1c     GameEngine:Transform.obj
 0002:00000520       ??_C@_03PPOCCAPH@?$CFf?6?$AA@ 00117f20     GameEngine:Collision.obj
 0002:00000524       __real@00000000            00117f24     GameEngine:Collision.obj
 0002:00000528       __real@3727c5ac            00117f28     GameEngine:Collision.obj
 0002:0000052c       __real@3d4ccccd            00117f2c     GameEngine:Collision.obj
 0002:00000530       __real@3dcccccd            00117f30     GameEngine:Collision.obj
 0002:00000534       __real@7f800000            00117f34     GameEngine:Collision.obj
 0002:00000538       __real@bf800000            00117f38     GameEngine:Collision.obj
 0002:00000540       __xmm@7fffffff7fffffff7fffffff7fffffff 00117f40     GameEngine:Collision.obj
 0002:00000554       ??_7Collider@@6B@          00117f54     GameEngine:Collider.obj
 0002:00000564       __real@3e8f5c29            00117f64     Lib:math.obj
 0002:00000568       __real@40490fdb            00117f68     Lib:math.obj
 0002:0000056c       __real@bfc90fdb            00117f6c     Lib:math.obj
 0002:00000570       ??_C@_03LHCJEHON@nan?$AA@  00117f70     Lib:stdio.obj
 0002:00000574       ??_C@_03OJHLLCGB@inf?$AA@  00117f74     Lib:stdio.obj
 0002:00000578       ??_C@_01GBGANLPD@0?$AA@    00117f78     Lib:stdio.obj
 0002:00000580       __real@3f1a36e2eb1c432d    00117f80     Lib:stdio.obj
 0002:00000590       __xmm@46454443424139383736353433323130 00117f90     Lib:stdio.obj
 0002:000005a0       ??_C@_0BE@FFHLEPEC@Found?5network?5card?6?$AA@ 00117fa0     KERNEL:kernel.obj
 0002:000005b4       __real@39800000            00117fb4     KERNEL:kernel.obj
 0002:000005b8       __real@3c000000            00117fb8     KERNEL:drawing.obj
 0002:000005bc       ??_C@_04PFOHOKJK@?5?5?5?5?$AA@ 00117fbc     KERNEL:debug.obj
 0002:000005c4       ??_C@_01CLKCMJKC@?5?$AA@   00117fc4     KERNEL:debug.obj
 0002:000005c8       ??_C@_03IKGEINEE@?$CFs?5?$AA@ 00117fc8     KERNEL:debug.obj
 0002:00000740       ??_C@_0P@JJOCPBNH@?$CFs?$CFi?4?$CFi?4?$CFi?4?$CFi?6?$AA@ 00118140     KERNEL:net.obj
 0002:00000750       ??_C@_0BF@MCJEFIGG@?$CFs?$CFx?3?$CFx?3?$CFx?3?$CFx?3?$CFx?3?$CFx?6?$AA@ 00118150     KERNEL:net.obj
 0002:00000768       ??_C@_04MDCOKCOB@?4ttf?$AA@ 00118168     KERNEL:font.obj
 0002:00000770       ??_C@_0BF@FDJBNMIG@Font?5not?5found?5?$CC?$CFs?$CC?6?$AA@ 00118170     KERNEL:font.obj
 0002:00000788       ??_C@_04NEODDMOL@head?$AA@ 00118188     KERNEL:font.obj
 0002:00000790       ??_C@_04DACNFKGE@loca?$AA@ 00118190     KERNEL:font.obj
 0002:00000798       ??_C@_04LLIHEPK@glyf?$AA@  00118198     KERNEL:font.obj
 0002:000007a0       __real@42800000            001181a0     KERNEL:font.obj
 0002:000007a8       ??_C@_0EO@NIHBEAOP@Bus?3?5?$CFx?5Device?3?5?$CFx?5Function?3?5?$CFx?5@ 001181a8     KERNEL:pci.obj
 0002:000007f8       ??_C@_06NIEMCLMH@0x?$CFux?6?$AA@ 001181f8     KERNEL:ac97.obj
 0002:00000800       ??_C@_0BD@DMEBPKNG@Sample?5rate?548kHz?6?$AA@ 00118200     KERNEL:ac97.obj
 0002:00000814       ??_C@_0BF@CIKPHNMK@Sample?5rate?544?41kHz?6?$AA@ 00118214     KERNEL:ac97.obj
 0002:0000082c       ??_C@_0L@FDAJDMJO@SR?3?5?$CFx?5?5?5?6?$AA@ 0011822c     KERNEL:ac97.obj
 0002:00000838       ??_C@_02NPPIEBMA@1?6?$AA@  00118238     KERNEL:ac97.obj
 0002:0000083c       ??_C@_02NNLOPPJJ@2?6?$AA@  0011823c     KERNEL:ac97.obj
 0002:00000840       ??_C@_02NJDDIDCL@4?6?$AA@  00118240     KERNEL:ac97.obj
 0002:00000844       ??_C@_0BK@KHJFGGEJ@Default?5interrupt?5handler?$AA@ 00118244     KERNEL:exceptions.obj
 0002:00000860       ??_C@_0BB@CAGHCAFL@Division?5by?5zero?$AA@ 00118260     KERNEL:exceptions.obj
 0002:00000874       ??_C@_05GCIPIGEI@Debug?$AA@ 00118274     KERNEL:exceptions.obj
 0002:0000087c       ??_C@_0BH@DLMGGJOP@Non?9Maskable?5interrupt?$AA@ 0011827c     KERNEL:exceptions.obj
 0002:00000894       ??_C@_0L@DEJAMIEF@Breakpoint?$AA@ 00118294     KERNEL:exceptions.obj
 0002:000008a0       ??_C@_08KJPBNJGC@Overflow?$AA@ 001182a0     KERNEL:exceptions.obj
 0002:000008ac       ??_C@_0BF@KABNNNC@Bound?5range?5exceeded?$AA@ 001182ac     KERNEL:exceptions.obj
 0002:000008c4       ??_C@_0BJ@JILCCCBH@0x?$CFux?70x?$CFux?70x?$CFux?70x?$CFux?6?$AA@ 001182c4     KERNEL:exceptions.obj
 0002:000008e0       ??_C@_0P@GJJPHHDN@Invalid?5opcode?$AA@ 001182e0     KERNEL:exceptions.obj
 0002:000008f0       ??_C@_0BF@COPPNEEP@Device?5not?5available?$AA@ 001182f0     KERNEL:exceptions.obj
 0002:00000908       ??_C@_0N@EMHPBCJE@Double?5fault?$AA@ 00118308     KERNEL:exceptions.obj
 0002:00000918       ??_C@_0BM@FLNHCLJG@Coprocessor?5segment?5overrun?$AA@ 00118318     KERNEL:exceptions.obj
 0002:00000934       ??_C@_0M@OLMALBPG@Invalid?5TSS?$AA@ 00118334     KERNEL:exceptions.obj
 0002:00000940       ??_C@_0BE@FPPPAKKN@Segment?5not?5present?$AA@ 00118340     KERNEL:exceptions.obj
 0002:00000954       ??_C@_0BE@OLMOIPB@Stack?9segment?5fault?$AA@ 00118354     KERNEL:exceptions.obj
 0002:00000968       ??_C@_0BJ@LDJBBLLL@General?5protection?5fault?$AA@ 00118368     KERNEL:exceptions.obj
 0002:00000984       ??_C@_0L@JBNHOLPF@Page?5fault?$AA@ 00118384     KERNEL:exceptions.obj
 0002:00000990       ??_C@_0O@EBPJONIA@15?5?$CIReserved?$CJ?$AA@ 00118390     KERNEL:exceptions.obj
 0002:000009a0       ??_C@_0BN@OAPCMCOK@x87?5Floating?9point?5exception?$AA@ 001183a0     KERNEL:exceptions.obj
 0002:000009c0       ??_C@_0BA@DMDLEFCI@Alignment?5check?$AA@ 001183c0     KERNEL:exceptions.obj
 0002:000009d0       ??_C@_0O@LHBOKIFP@Machine?5check?$AA@ 001183d0     KERNEL:exceptions.obj
 0002:000009e0       ??_C@_0BO@PAHIJHOM@SIMD?5floating?9point?5exception?$AA@ 001183e0     KERNEL:exceptions.obj
 0002:00000a00       ??_C@_06JJGECBPI@?$CFs?5?$CFi?6?$AA@ 00118400     KERNEL:iso.obj
 0002:00000a08       ??_C@_03OFAPEBGM@?$CFs?6?$AA@ 00118408     KERNEL:iso.obj
 0002:00000a10       ??_7type_info@@6B@         00118410     LIBCMT:std_type_info_static.obj
 0002:00000a74       ??_R4Control@gui@@6B@      00118474     Button.obj
 0002:00000a88       ??_R3Control@gui@@8        00118488     Button.obj
 0002:00000a98       ??_R2Control@gui@@8        00118498     Button.obj
 0002:00000aa0       ??_R1A@?0A@EA@Control@gui@@8 001184a0     Button.obj
 0002:00000abc       ??_R4Button@gui@@6B@       001184bc     Button.obj
 0002:00000ad0       ??_R3Button@gui@@8         001184d0     Button.obj
 0002:00000ae0       ??_R2Button@gui@@8         001184e0     Button.obj
 0002:00000aec       ??_R1A@?0A@EA@Button@gui@@8 001184ec     Button.obj
 0002:00000b08       ??_R4Canvas@gui@@6B@       00118508     Canvas.obj
 0002:00000b1c       ??_R3Canvas@gui@@8         0011851c     Canvas.obj
 0002:00000b2c       ??_R2Canvas@gui@@8         0011852c     Canvas.obj
 0002:00000b38       ??_R1A@?0A@EA@Canvas@gui@@8 00118538     Canvas.obj
 0002:00000b54       ??_R4Label@gui@@6B@        00118554     Label.obj
 0002:00000b68       ??_R3Label@gui@@8          00118568     Label.obj
 0002:00000b78       ??_R2Label@gui@@8          00118578     Label.obj
 0002:00000b84       ??_R1A@?0A@EA@Label@gui@@8 00118584     Label.obj
 0002:00000ba0       ??_R4TextBox@gui@@6B@      001185a0     TextBox.obj
 0002:00000bb4       ??_R3TextBox@gui@@8        001185b4     TextBox.obj
 0002:00000bc4       ??_R2TextBox@gui@@8        001185c4     TextBox.obj
 0002:00000bd0       ??_R1A@?0A@EA@TextBox@gui@@8 001185d0     TextBox.obj
 0002:00000bec       ??_R4MyBox@@6B@            001185ec     3DGame:MyBox.obj
 0002:00000c00       ??_R3MyBox@@8              00118600     3DGame:MyBox.obj
 0002:00000c10       ??_R2MyBox@@8              00118610     3DGame:MyBox.obj
 0002:00000c1c       ??_R1A@?0A@EA@MyBox@@8     0011861c     3DGame:MyBox.obj
 0002:00000c38       ??_R1A@?0A@EA@GameObject@@8 00118638     3DGame:MyBox.obj
 0002:00000c54       ??_R3GameObject@@8         00118654     3DGame:MyBox.obj
 0002:00000c64       ??_R2GameObject@@8         00118664     3DGame:MyBox.obj
 0002:00000c6c       ??_R4Thing@@6B@            0011866c     3DGame:Thing.obj
 0002:00000c80       ??_R3Thing@@8              00118680     3DGame:Thing.obj
 0002:00000c90       ??_R2Thing@@8              00118690     3DGame:Thing.obj
 0002:00000c9c       ??_R1A@?0A@EA@Thing@@8     0011869c     3DGame:Thing.obj
 0002:00000cb8       ??_R4GameObject@@6B@       001186b8     GameEngine:GameObject.obj
 0002:00000ccc       ??_R4Camera@@6B@           001186cc     GameEngine:Camera.obj
 0002:00000ce0       ??_R3Camera@@8             001186e0     GameEngine:Camera.obj
 0002:00000cf0       ??_R2Camera@@8             001186f0     GameEngine:Camera.obj
 0002:00000cfc       ??_R1A@?0A@EA@Camera@@8    001186fc     GameEngine:Camera.obj
 0002:00000d18       ??_R4Component@@6B@        00118718     GameEngine:Component.obj
 0002:00000d2c       ??_R3Component@@8          0011872c     GameEngine:Component.obj
 0002:00000d3c       ??_R2Component@@8          0011873c     GameEngine:Component.obj
 0002:00000d44       ??_R1A@?0A@EA@Component@@8 00118744     GameEngine:Component.obj
 0002:00000d60       ??_R4MeshComponent@@6B@    00118760     GameEngine:MeshComponent.obj
 0002:00000d74       ??_R3MeshComponent@@8      00118774     GameEngine:MeshComponent.obj
 0002:00000d84       ??_R2MeshComponent@@8      00118784     GameEngine:MeshComponent.obj
 0002:00000d94       ??_R1A@?0A@EA@MeshComponent@@8 00118794     GameEngine:MeshComponent.obj
 0002:00000db0       ??_R1M@?0A@EA@IMesh@@8     001187b0     GameEngine:MeshComponent.obj
 0002:00000dcc       ??_R3IMesh@@8              001187cc     GameEngine:MeshComponent.obj
 0002:00000ddc       ??_R2IMesh@@8              001187dc     GameEngine:MeshComponent.obj
 0002:00000de4       ??_R1A@?0A@EA@IMesh@@8     001187e4     GameEngine:MeshComponent.obj
 0002:00000e00       ??_R4Rigidbody@@6B@        00118800     GameEngine:Rigidbody.obj
 0002:00000e14       ??_R3Rigidbody@@8          00118814     GameEngine:Rigidbody.obj
 0002:00000e24       ??_R2Rigidbody@@8          00118824     GameEngine:Rigidbody.obj
 0002:00000e30       ??_R1A@?0A@EA@Rigidbody@@8 00118830     GameEngine:Rigidbody.obj
 0002:00000e4c       ??_R4BoxCollider@@6B@      0011884c     GameEngine:BoxCollider.obj
 0002:00000e60       ??_R3BoxCollider@@8        00118860     GameEngine:BoxCollider.obj
 0002:00000e70       ??_R2BoxCollider@@8        00118870     GameEngine:BoxCollider.obj
 0002:00000e7c       ??_R1A@?0A@EA@BoxCollider@@8 0011887c     GameEngine:BoxCollider.obj
 0002:00000e98       ??_R1A@?0A@EA@Collider@@8  00118898     GameEngine:BoxCollider.obj
 0002:00000eb4       ??_R3Collider@@8           001188b4     GameEngine:BoxCollider.obj
 0002:00000ec4       ??_R2Collider@@8           001188c4     GameEngine:BoxCollider.obj
 0002:00000ecc       ??_R4Collider@@6B@         001188cc     GameEngine:Collider.obj
 0002:00000ee0       ??_R4type_info@@6B@        001188e0     LIBCMT:std_type_info_static.obj
 0002:00000ef4       ??_R3type_info@@8          001188f4     LIBCMT:std_type_info_static.obj
 0002:00000f04       ??_R2type_info@@8          00118904     LIBCMT:std_type_info_static.obj
 0002:00000f0c       ??_R1A@?0A@EA@type_info@@8 0011890c     LIBCMT:std_type_info_static.obj
 0003:00000000       ?cursor_bitmap@gui@@3PAIA  00118c00     GUI.obj
 0003:000001c0       ?col_taskbar@gui@@3IA      00118dc0     GUI.obj
 0003:000001c4       ?col_desktop_bg@gui@@3IA   00118dc4     GUI.obj
 0003:000001c8       ?count@@3HA                00118dc8     Mandelbrot.obj
 0003:000001cc       ?col_background@gui@@3IA   00118dcc     Window.obj
 0003:000001d0       ?col_foreground@gui@@3IA   00118dd0     Window.obj
 0003:000001d4       ?col_title@gui@@3IA        00118dd4     Window.obj
 0003:000031e0       ?acc@@3MA                  0011bde0     3DGame:Thing.obj
 0003:000031e4       ?bound_tex@gl@@3HA         0011bde4     GL:GL.obj
 0003:000031e8       ?__LINE__Var@?0???0GC@@QAE@XZ@4JA 0011bde8     GL:GL.obj
 0003:000031ec       ?p4@@3MA                   0011bdec     GameEngine:Engine.obj
 0003:000031f0       ?p5@@3MA                   0011bdf0     GameEngine:Engine.obj
 0003:000031f4       ?__LINE__Var@?0???0Manifold@@QAE@XZ@4JA 0011bdf4     GameEngine:Collision.obj
 0003:00004200       ?color@Debug@@2IA          0011ce00     KERNEL:debug.obj
 0003:00004204       ?bcolor@Debug@@2IA         0011ce04     KERNEL:debug.obj
 0003:00004208       __fltused                  0011ce08     LIBCMT:fltused.obj
 0003:0000420c       ??_R0?AVControl@gui@@@8    0011ce0c     Button.obj
 0003:00004228       ??_R0?AVButton@gui@@@8     0011ce28     Button.obj
 0003:00004244       ??_R0?AVCanvas@gui@@@8     0011ce44     Canvas.obj
 0003:00004260       ??_R0?AVLabel@gui@@@8      0011ce60     Label.obj
 0003:00004278       ??_R0?AVTextBox@gui@@@8    0011ce78     TextBox.obj
 0003:00004294       ??_R0?AVMyBox@@@8          0011ce94     3DGame:MyBox.obj
 0003:000042a8       ??_R0?AVGameObject@@@8     0011cea8     3DGame:MyBox.obj
 0003:000042c4       ??_R0?AVThing@@@8          0011cec4     3DGame:Thing.obj
 0003:000042d8       ??_R0?AVCamera@@@8         0011ced8     GameEngine:Camera.obj
 0003:000042f0       ??_R0?AVComponent@@@8      0011cef0     GameEngine:Component.obj
 0003:00004308       ??_R0?AVMeshComponent@@@8  0011cf08     GameEngine:MeshComponent.obj
 0003:00004324       ??_R0?AVIMesh@@@8          0011cf24     GameEngine:MeshComponent.obj
 0003:00004338       ??_R0?AVRigidbody@@@8      0011cf38     GameEngine:Rigidbody.obj
 0003:00004350       ??_R0?AVBoxCollider@@@8    0011cf50     GameEngine:BoxCollider.obj
 0003:0000436c       ??_R0?AVCollider@@@8       0011cf6c     GameEngine:BoxCollider.obj
 0003:00004384       ??_R0?AVtype_info@@@8      0011cf84     LIBCMT:std_type_info_static.obj
 0003:000043a0       ?_kernel_stack@@3PADA      0011cfa0     boot.obj
 0003:00006340       ?bmp_background@gui@@3PAUBMP@@A 0011ef40     GUI.obj
 0003:00006344       ?window_count@gui@@3HA     0011ef44     GUI.obj
 0003:00006348       ?first_window@gui@@3PAVWindow@1@A 0011ef48     GUI.obj
 0003:0000634c       ?last_window@gui@@3PAVWindow@1@A 0011ef4c     GUI.obj
 0003:00006350       ?focused_window@gui@@3PAVWindow@1@A 0011ef50     GUI.obj
 0003:00006354       ?cursor_x@gui@@3HA         0011ef54     GUI.obj
 0003:00006358       ?cursor_y@gui@@3HA         0011ef58     GUI.obj
 0003:0000635c       ?mouse_click_L@gui@@3_NA   0011ef5c     GUI.obj
 0003:0000635d       ?mouse_click_R@gui@@3_NA   0011ef5d     GUI.obj
 0003:0000635e       ?mouse_click_M@gui@@3_NA   0011ef5e     GUI.obj
 0003:0000635f       ?window_drag@gui@@3_NA     0011ef5f     GUI.obj
 0003:00006360       ?mouse_click_L_info@gui@@3UMOUSE_CLICK_INFO@1@A 0011ef60     GUI.obj
 0003:00006380       ?mouse_click_R_info@gui@@3UMOUSE_CLICK_INFO@1@A 0011ef80     GUI.obj
 0003:000063a0       ?mouse_click_M_info@gui@@3UMOUSE_CLICK_INFO@1@A 0011efa0     GUI.obj
 0003:000063c0       ?window_drag_info@gui@@3UWINDOW_DRAG_INFO@1@A 0011efc0     GUI.obj
 0003:000063cc       ?hover_window@gui@@3PAVWindow@1@A 0011efcc     GUI.obj
 0003:000063d0       ?hover_control@gui@@3PAVControl@1@A 0011efd0     GUI.obj
 0003:000063d4       ?gc_taskbar@gui@@3UGC@@A   0011efd4     GUI.obj
 0003:000063ec       ?gc_background@gui@@3UGC@@A 0011efec     GUI.obj
 0003:00006404       ?gc_cursor@gui@@3UGC@@A    0011f004     GUI.obj
 0003:0000641c       ?tz@@3UComplex@@A          0011f01c     Mandelbrot.obj
 0003:00006428       ?arp_cache@ARP@@0PAUARP_TABLE_ENTRY@@A 0011f028     arp.obj
 0003:00006568       ?dns_server@DNS@@2UIPv4Address@@A 0011f168     dns.obj
 0003:00006570       ?dns_cache@DNS@@0PAUDNS_TABLE_ENTRY@@A 0011f170     dns.obj
 0003:00006770       ?sessions@TCP@@2PAPAVTcpSession@@A 0011f370     tcp.obj
 0003:000067f0       ?tmp1@apps@@3PAVCanvas@gui@@A 0011f3f0     TextEdit.obj
 0003:000067f4       ?tmp2@apps@@3PAVCanvas@gui@@A 0011f3f4     TextEdit.obj
 0003:000067f8       ?socket@apps@@3PAVUdpSocket@@A 0011f3f8     TextEdit.obj
 0003:000067fc       ?rec_label@apps@@3PAVLabel@gui@@A 0011f3fc     TextEdit.obj
 0003:00006800       ?sockets@@3PAPAVUdpSocket@@A 0011f400     udp.obj
 0003:00006804       ?gameGC@@3UGC@@A           0011f404     OS.obj
 0003:0000681c       ?mod@@3PAVModel3D@@A       0011f41c     3DGame:MyBox.obj
 0003:00006820       ?img_buf@@3PADA            0011f420     3DGame:MyBox.obj
 0003:00006824       ?bmp@@3PAUBMP@@A           0011f424     3DGame:MyBox.obj
 0003:00006828       ?phys@@3PAVRigidbody@@A    0011f428     3DGame:Thing.obj
 0003:0000682c       ?vel@@3MA                  0011f42c     3DGame:Thing.obj
 0003:00006830       ?tex_index@gl@@3HA         0011f430     GL:GL.obj
 0003:00006834       ?light_index@gl@@3HA       0011f434     GL:GL.obj
 0003:00006838       ?mat_mode@gl@@3W4GLMatrixMode@@A 0011f438     GL:GL.obj
 0003:0000683c       ?mat_stack@gl@@3PAUMatrix4@1@A 0011f43c     GL:GL.obj
 0003:00006840       ?mat_stack_index@gl@@3HA   0011f440     GL:GL.obj
 0003:00006844       ?vert_ptr@gl@@3PAUVertex@1@A 0011f444     GL:GL.obj
 0003:00006848       ?m_width@GL@gl@@2IA        0011f448     GL:GL.obj
 0003:0000684c       ?m_height@GL@gl@@2IA       0011f44c     GL:GL.obj
 0003:00006850       ?m_stride@GL@gl@@2IA       0011f450     GL:GL.obj
 0003:00006854       ?m_textures@GL@gl@@2PAPAUBMP@@A 0011f454     GL:GL.obj
 0003:00006858       ?mat_viewmodel@gl@@3UMatrix4@1@A 0011f458     GL:GL.obj
 0003:00006898       ?lightsources@gl@@3PAUVector4@1@A 0011f498     GL:GL.obj
 0003:000068d8       ?gc_out@GL@gl@@2UGC@@A     0011f4d8     GL:GL.obj
 0003:000068f0       ?gc_buf@GL@gl@@2UGC@@A     0011f4f0     GL:GL.obj
 0003:00006908       ?mat_projection@gl@@3UMatrix4@1@A 0011f508     GL:GL.obj
 0003:00006948       ?depth_buffer@Rasterizer@gl@@2PAMA 0011f548     GL:Rasterizer.obj
 0003:0000694c       ?p1@@3HA                   0011f54c     GameEngine:Engine.obj
 0003:00006950       ?p2@@3MA                   0011f550     GameEngine:Engine.obj
 0003:00006954       ?p3@@3MA                   0011f554     GameEngine:Engine.obj
 0003:00006958       ?ticks@@3HA                0011f558     GameEngine:Engine.obj
 0003:0000695c       ?totalFrames@@3HA          0011f55c     GameEngine:Engine.obj
 0003:00006960       ?startTicks@@3HA           0011f560     GameEngine:Engine.obj
 0003:00006964       ?BOOL1@@3_NA               0011f564     GameEngine:Engine.obj
 0003:00006968       ?err@@3MA                  0011f568     GameEngine:Engine.obj
 0003:0000696c       ?last_mouse_pos@@3UVector3@@A 0011f56c     GameEngine:Engine.obj
 0003:00006978       ?_gc@@3UGC@@A              0011f578     GameEngine:Engine.obj
 0003:00006990       ?n@@3HA                    0011f590     GameEngine:BoxCollider.obj
 0003:00006994       ?c@@3UVector3@@A           0011f594     GameEngine:BoxCollider.obj
 0003:000069a0       ?v@@3UVector3@@A           0011f5a0     GameEngine:BoxCollider.obj
 0003:000069ac       ?d@@3UVector3@@A           0011f5ac     GameEngine:BoxCollider.obj
 0003:000069b8       ?b@@3UVector3@@A           0011f5b8     GameEngine:BoxCollider.obj
 0003:000069c8       ?cols@@3PAUManifold@@A     0011f5c8     GameEngine:Collision.obj
 0003:00007968       ?mem_left@@3HA             00120568     KERNEL:kernel.obj
 0003:0000796c       ?mem_ptr@@3PAEA            0012056c     KERNEL:kernel.obj
 0003:00007970       ?idle_thread@@3PAVThread@@A 00120570     KERNEL:task.obj
 0003:00007974       ?current_thread@@3PAVThread@@A 00120574     KERNEL:task.obj
 0003:00007978       ?first_thread@@3PAVThread@@A 00120578     KERNEL:task.obj
 0003:0000797c       ?last_thread@@3PAVThread@@A 0012057c     KERNEL:task.obj
 0003:00007980       ?pit_isr@@3PAXA            00120580     KERNEL:task.obj
 0003:00007984       ?screenBuffer@@3PAIA       00120584     KERNEL:drawing.obj
 0003:00007988       ?gc@Drawing@@2UGC@@A       00120588     KERNEL:drawing.obj
 0003:000079a0       ?gc_direct@Drawing@@2UGC@@A 001205a0     KERNEL:drawing.obj
 0003:000079b8       ?x@Debug@@2HA              001205b8     KERNEL:debug.obj
 0003:000079bc       ?y@Debug@@2HA              001205bc     KERNEL:debug.obj
 0003:000079c0       ?x0@Debug@@2HA             001205c0     KERNEL:debug.obj
 0003:000079c8       ?ctrl@Keyboard@@2_NA       001205c8     KERNEL:keyboard.obj
 0003:000079c9       ?shift@Keyboard@@2_NA      001205c9     KERNEL:keyboard.obj
 0003:000079ca       ?alt@Keyboard@@2_NA        001205ca     KERNEL:keyboard.obj
 0003:000079cb       ?caps@Keyboard@@2_NA       001205cb     KERNEL:keyboard.obj
 0003:000079cc       ?num@Keyboard@@2_NA        001205cc     KERNEL:keyboard.obj
 0003:000079cd       ?scroll@Keyboard@@2_NA     001205cd     KERNEL:keyboard.obj
 0003:000079ce       ?extended@@3_NA            001205ce     KERNEL:keyboard.obj
 0003:000079cf       ?scancode@@3EA             001205cf     KERNEL:keyboard.obj
 0003:000079d0       ?keystates@@3PA_NA         001205d0     KERNEL:keyboard.obj
 0003:00007acf       ?scan@@3EA                 001206cf     KERNEL:keyboard.obj
 0003:00007ad0       ?last_key@@3UKEY_PACKET@@A 001206d0     KERNEL:keyboard.obj
 0003:00007adc       ?pressed@@3_NA             001206dc     KERNEL:keyboard.obj
 0003:00007ae0       ?key@@3W4KEYCODE@@A        001206e0     KERNEL:keyboard.obj
 0003:00007ae4       ?ticks@PIT@@2IA            001206e4     KERNEL:pit.obj
 0003:00007ae8       ?x@Mouse@@2HA              001206e8     KERNEL:mouse.obj
 0003:00007aec       ?y@Mouse@@2HA              001206ec     KERNEL:mouse.obj
 0003:00007af0       ?sensitivity@Mouse@@2MA    001206f0     KERNEL:mouse.obj
 0003:00007af4       ?mouse_L@Mouse@@2_NA       001206f4     KERNEL:mouse.obj
 0003:00007af5       ?mouse_R@Mouse@@2_NA       001206f5     KERNEL:mouse.obj
 0003:00007af6       ?mouse_M@Mouse@@2_NA       001206f6     KERNEL:mouse.obj
 0003:00007af7       ?mouse_cycle@Mouse@@0EA    001206f7     KERNEL:mouse.obj
 0003:00007af8       ?scroll_x@Mouse@@2HA       001206f8     KERNEL:mouse.obj
 0003:00007afc       ?scroll_y@Mouse@@2HA       001206fc     KERNEL:mouse.obj
 0003:00007b00       ?w@Mouse@@0IA              00120700     KERNEL:mouse.obj
 0003:00007b04       ?h@Mouse@@0IA              00120704     KERNEL:mouse.obj
 0003:00007b08       ?mouse_byte@Mouse@@0PACA   00120708     KERNEL:mouse.obj
 0003:00007b0c       ?initialized@Mouse@@0_NA   0012070c     KERNEL:mouse.obj
 0003:00007b10       ?intf@KNet@@2PAVNetInterface@@A 00120710     KERNEL:net.obj
 0003:00007b14       ?GatewayIPv4@KNet@@2UIPv4Address@@A 00120714     KERNEL:net.obj
 0003:00007b18       ?GatewayMAC@KNet@@2UMacAddress@@A 00120718     KERNEL:net.obj
 0003:00007b20       ?BroadcastMAC@KNet@@2UMacAddress@@A 00120720     KERNEL:net.obj
 0003:00007b28       ?BroadcastIPv4@KNet@@2UIPv4Address@@A 00120728     KERNEL:net.obj
 0003:00007b2c       ?NullMAC@KNet@@2UMacAddress@@A 0012072c     KERNEL:net.obj
 0003:00007b34       ?NullIPv4@KNet@@2UIPv4Address@@A 00120734     KERNEL:net.obj
 0003:00007b38       ?device@AC97@@2UAC97_DEVICE@@A 00120738     KERNEL:ac97.obj
 0003:00007b4c       ?buf@@3PAEA                0012074c     KERNEL:ac97.obj
 0003:00007b50       ?num_blocks@Memory@@2IA    00120750     KERNEL:memory.obj
 0003:00007b54       ?num_free@Memory@@2IA      00120754     KERNEL:memory.obj
 0003:00007b58       ?mem_size@Memory@@2IA      00120758     KERNEL:memory.obj
 0003:00007b5c       ?mem_map@Memory@@0PAIA     0012075c     KERNEL:memory.obj
 0003:00007b60       ?mode@VBE@@2UVBE_MODE_INFO@@A 00120760     KERNEL:vbe.obj
 0003:00007c60       ?mem_base@@3PAIA           00120860     KERNEL:vbe.obj
 0003:00007c64       ?mem_max@@3PAIA            00120864     KERNEL:vbe.obj
 0003:00007c68       ?mem_size@@3IA             00120868     KERNEL:vbe.obj
 0003:00007c6c       ?bytes_per_pixel@@3IA      0012086c     KERNEL:vbe.obj
 0003:00007c70       ?pixel_count@@3IA          00120870     KERNEL:vbe.obj
 0003:00007c78       ?idt@IDT@@0PAUIDT_DESCRIPTOR@@A 00120878     KERNEL:idt.obj
 0003:00008478       ?idt_reg@IDT@@0UIDT_REG@@A 00121078     KERNEL:idt.obj
 0003:00008480       ?desc@@3PAUISO_PRIMARYDESC@@A 00121080     KERNEL:iso.obj
 0003:00008484       ?root@@3PAUISO_DIRECTORY@@A 00121084     KERNEL:iso.obj

 entry point at        0000:00000000

 Static symbols

 0002:fffe8600       __guard_fids__             00100000     LIBCMT:std_type_info_static.obj
 0001:fffffd08       $LN15                      00100108     GameEngine:Collider.obj
 0001:fffffd18       $LN24                      00100118     GameEngine:Collider.obj
 0001:fffffd24       $LN29                      00100124     GameEngine:Collider.obj
 0001:00000000       ??__Elightsources@gl@@YAXXZ 00100400 f   GL:GL.obj
 0001:00000030       ??__Emat_projection@gl@@YAXXZ 00100430 f   GL:GL.obj
 0001:00000040       ??__Emat_viewmodel@gl@@YAXXZ 00100440 f   GL:GL.obj
 0001:00000050       ??__Elast_mouse_pos@@YAXXZ 00100450 f   GameEngine:Engine.obj
 0001:00000060       ??__Eb@@YAXXZ              00100460 f   GameEngine:BoxCollider.obj
 0001:00000070       ??__Ec@@YAXXZ              00100470 f   GameEngine:BoxCollider.obj
 0001:00000080       ??__Ed@@YAXXZ              00100480 f   GameEngine:BoxCollider.obj
 0001:00000090       ??__Ev@@YAXXZ              00100490 f   GameEngine:BoxCollider.obj
 0001:000000a0       ??__Ecols@@YAXXZ           001004a0 f   GameEngine:Collision.obj
 0001:00000268       $LN11                      00100668     Button.obj
 0001:00003008       $LN28                      00103408     tcpsession.obj
 0001:000042bc       $LN55                      001046bc     Window.obj
 0001:0000cc84       $LN29                      0010d084     GameEngine:BoxCollider.obj
 0001:0000ce58       $LN15                      0010d258     GameEngine:BoxCollider.obj
 0001:0000cf88       $LN24                      0010d388     GameEngine:BoxCollider.obj
 0001:0000dd88       $LN70                      0010e188     GameEngine:BoxCollider.obj
 0001:00012a48       $LN49                      00112e48     Lib:stdio.obj
 0001:00012a64       $LN44                      00112e64     Lib:stdio.obj
 0001:0001409c       $LN29                      0011449c     KERNEL:debug.obj
 0001:000142c4       $LN22                      001146c4     KERNEL:debug.obj
 0001:000144d0       $LN64                      001148d0     KERNEL:keyboard.obj
 0001:000144e4       $LN61                      001148e4     KERNEL:keyboard.obj
 0001:000144f0       $LN65                      001148f0     KERNEL:keyboard.obj
 0001:00014520       $LN66                      00114920     KERNEL:keyboard.obj
 0001:00014548       $LN67                      00114948     KERNEL:keyboard.obj
 0001:00014580       $LN62                      00114980     KERNEL:keyboard.obj
 0002:000005d0       ?scancodes@@3QBW4KEYCODE@@B 00117fd0     KERNEL:keyboard.obj
 0003:000001d8       ?new_id@gui@@3HA           00118dd8     Window.obj
 0003:000001e0       ?DEFAULT_FONT@@3PAEA       00118de0     3DGame:3DGame.obj
 0003:000011e0       ?DEFAULT_FONT@@3PAEA       00119de0     3DGame:MyBox.obj
 0003:000021e0       ?DEFAULT_FONT@@3PAEA       0011ade0     3DGame:Thing.obj
 0003:000031f8       ?next@@3KA                 0011bdf8     Lib:math.obj
 0003:00003200       ?DEFAULT_FONT@@3PAEA       0011be00     KERNEL:drawing.obj
 0004:00000000       ?lightsources$initializer$@gl@@3P6AXXZA 00121200     GL:GL.obj
 0004:00000004       ?mat_projection$initializer$@gl@@3P6AXXZA 00121204     GL:GL.obj
 0004:00000008       ?mat_viewmodel$initializer$@gl@@3P6AXXZA 00121208     GL:GL.obj
 0004:0000000c       ?last_mouse_pos$initializer$@@3P6AXXZA 0012120c     GameEngine:Engine.obj
 0004:00000010       ?v$initializer$@@3P6AXXZA  00121210     GameEngine:BoxCollider.obj
 0004:00000014       ?c$initializer$@@3P6AXXZA  00121214     GameEngine:BoxCollider.obj
 0004:00000018       ?b$initializer$@@3P6AXXZA  00121218     GameEngine:BoxCollider.obj
 0004:0000001c       ?d$initializer$@@3P6AXXZA  0012121c     GameEngine:BoxCollider.obj
 0004:00000020       ?cols$initializer$@@3P6AXXZA 00121220     GameEngine:Collision.obj
