 AndyOS

 Timestamp is 59abff61 (Sun Sep  3 15:10:57 2017)

 Preferred load address is 00100000

 Start         Length     Name                   Class
 0001:00000000 00000060H .text$di                CODE
 0001:00000060 0000e0bbH .text$mn                CODE
 0002:00000000 00000000H .gfids$y                DATA
 0002:00000000 00000884H .rdata                  DATA
 0002:00000884 000003d8H .rdata$r                DATA
 0002:00000c5c 00000000H .edata                  DATA
 0002:00000c5c 00000128H .rdata$zzzdbg           DATA
 0003:00000000 00004034H .data                   DATA
 0003:00004034 0000014cH .data$r                 DATA
 0003:00004180 0000376eH .bss                    DATA
 0004:00000000 00000010H .CRT$XCU                DATA

  Address         Publics by Value              Rva+Base       Lib:Object

 0000:00000000       ___safe_se_handler_table   00000000     <absolute>
 0000:00000000       ___dynamic_value_reloc_table 00000000     <absolute>
 0000:00000000       ___guard_iat_table         00000000     <absolute>
 0000:00000000       ___guard_fids_table        00000000     <absolute>
 0000:00000000       ___hybrid_auxiliary_iat    00000000     <absolute>
 0000:00000000       ___hybrid_code_map         00000000     <absolute>
 0000:00000000       ___guard_flags             00000000     <absolute>
 0000:00000000       ___enclave_config          00000000     <absolute>
 0000:00000000       ___guard_longjmp_count     00000000     <absolute>
 0000:00000000       ___safe_se_handler_count   00000000     <absolute>
 0000:00000000       ___guard_fids_count        00000000     <absolute>
 0000:00000000       ___guard_iat_count         00000000     <absolute>
 0000:00000000       ___hybrid_code_map_count   00000000     <absolute>
 0000:00000000       ___guard_longjmp_table     00000000     <absolute>
 0001:00000060       ??0BMP@@QAE@PAX@Z          00100460 f   bmp.obj
 0001:000000e0       ??0BMP@@QAE@PAXHH@Z        001004e0 f   bmp.obj
 0001:00000130       ?OSBoot@@YAXPAUMULTIBOOT_HEADER@@@Z 00100530 f   boot.obj
 0001:00000170       ?ReadFile@FileSystem@@SAIPADAAPAD@Z 00100570 f   FileSystem.obj
 0001:00000180       ?FindFile@ISO_FS@@SAPAUISO_DIRECTORY@@PAD@Z 00100580 f   iso.obj
 0001:00000250       ?Init@ISO_FS@@SAIXZ        00100650 f   iso.obj
 0001:000002c0       ?ListFiles@ISO_FS@@SAHPAD@Z 001006c0 f   iso.obj
 0001:00000360       ?ReadFile@ISO_FS@@SAIPADAAPAD@Z 00100760 f   iso.obj
 0001:00000450       ?ReadFile@ISO_FS@@SAIPAUISO_DIRECTORY@@AAPAD@Z 00100850 f   iso.obj
 0001:00000480       ?Create@Mandelbrot@@SAXHH@Z 00100880 f   Mandelbrot.obj
 0001:00000910       ?GiveLastIteration@@YAHNNNNHH@Z 00100d10 f   Mandelbrot.obj
 0001:00000990       ?stuff@@YAXXZ              00100d90 f   Mandelbrot.obj
 0001:00000a10       ?AddEntry@ARP@@SAXUMacAddress@@UIPv4Address@@@Z 00100e10 f   arp.obj
 0001:00000aa0       ?Decode@ARP@@SA_NPAUARP_Header@@PAUNetPacket@@@Z 00100ea0 f   arp.obj
 0001:00000b10       ?Init@ARP@@SAIXZ           00100f10 f   arp.obj
 0001:00000b70       ?LookupMac@ARP@@SA?AUMacAddress@@UIPv4Address@@@Z 00100f70 f   arp.obj
 0001:00000bf0       ?Receive@ARP@@SAXPAVNetInterface@@PAUNetPacket@@@Z 00100ff0 f   arp.obj
 0001:00000d30       ?Send@ARP@@SAXPAVNetInterface@@UMacAddress@@UIPv4Address@@G@Z 00101130 f   arp.obj
 0001:00000df0       ?SendReply@ARP@@CAXPAVNetInterface@@PAUARP_Header@@@Z 001011f0 f   arp.obj
 0001:00000e30       ?SendRequest@ARP@@SAXPAVNetInterface@@UIPv4Address@@@Z 00101230 f   arp.obj
 0001:00000e70       ?DoStuff@DHCP@@SAXPAVNetInterface@@UIPv4Address@@@Z 00101270 f   dhcp.obj
 0001:00000f50       ?Receive@DHCP@@SAXPAVNetInterface@@PAUIPv4_Header@@PAUUDP_Packet@@PAUNetPacket@@@Z 00101350 f   dhcp.obj
 0001:00000f60       ?AddEntry@DNS@@SAXPADUIPv4Address@@@Z 00101360 f   dns.obj
 0001:00000fe0       ?AppendDomain@DNS@@CAPAEPAEPAD@Z 001013e0 f   dns.obj
 0001:00001040       ?Decode@DNS@@SA_NPAUDNS_Packet@@PAUUDP_Packet@@@Z 00101440 f   dns.obj
 0001:000010c0       ?Init@DNS@@SAIXZ           001014c0 f   dns.obj
 0001:00001100       ?LookupAddress@DNS@@SA?AUIPv4Address@@PAD@Z 00101500 f   dns.obj
 0001:00001140       ?ParseAnswer@DNS@@CAPAEPAUDNS_Answer@@PAE@Z 00101540 f   dns.obj
 0001:000011a0       ?ParseDomain@DNS@@CAPAEPADPAE@Z 001015a0 f   dns.obj
 0001:000011e0       ?Query@DNS@@SAXPAVNetInterface@@PAD@Z 001015e0 f   dns.obj
 0001:000012c0       ?Receive@DNS@@SAXPAVNetInterface@@PAUIPv4_Header@@PAUUDP_Packet@@PAUNetPacket@@@Z 001016c0 f   dns.obj
 0001:00001420       ?CreatePacket@Eth@@SAPAUNetPacket@@PAVNetInterface@@UMacAddress@@GI@Z 00101820 f   eth.obj
 0001:00001490       ?Decode@Eth@@SA_NPAUEthPacket@@PAUNetPacket@@@Z 00101890 f   eth.obj
 0001:00001510       ?Receive@Eth@@SAXPAVNetInterface@@PAUNetPacket@@@Z 00101910 f   eth.obj
 0001:000015b0       ?Send@Eth@@SAXPAVNetInterface@@PAUNetPacket@@@Z 001019b0 f   eth.obj
 0001:000015c0       ??0WebClient@@QAE@XZ       001019c0 f   http.obj
 0001:000015d0       ?Download@WebClient@@QAEHVString@std@@AAPAE@Z 001019d0 f   http.obj
 0001:000015f0       ?Send@WebClient@@QAEXVString@std@@PAEI@Z 001019f0 f   http.obj
 0001:00001670       ?Decode@ICMP@@SA_NPAUICMP_Packet@@PAUNetPacket@@@Z 00101a70 f   icmp.obj
 0001:000016e0       ?Receive@ICMP@@SAXPAVNetInterface@@PAUIPv4_Header@@PAUNetPacket@@@Z 00101ae0 f   icmp.obj
 0001:00001730       ?Send@ICMP@@SAXPAVNetInterface@@PAUICMP_Packet@@UIPv4Address@@E@Z 00101b30 f   icmp.obj
 0001:000017d0       ?SendReply@ICMP@@SAXPAVNetInterface@@PAUICMP_Packet@@UIPv4Address@@@Z 00101bd0 f   icmp.obj
 0001:00001860       ?CreatePacket@IPv4@@SAPAUNetPacket@@PAVNetInterface@@UIPv4Address@@EI@Z 00101c60 f   ipv4.obj
 0001:000019e0       ?Decode@IPv4@@SA_NPAUIPv4_Header@@PAUNetPacket@@@Z 00101de0 f   ipv4.obj
 0001:00001a50       ?Receive@IPv4@@SAXPAVNetInterface@@PAUEthPacket@@PAUNetPacket@@@Z 00101e50 f   ipv4.obj
 0001:00001b50       ?Send@IPv4@@SAXPAVNetInterface@@PAUNetPacket@@@Z 00101f50 f   ipv4.obj
 0001:00001b60       ?Init@Net@@SAIXZ           00101f60 f   net.obj
 0001:00001b70       ?NetEthReceive@@YAXPAVNetInterface@@PAUNetPacket@@@Z 00101f70 f   net.obj
 0001:00001b80       ?CreatePacket@TCP@@SAPAUNetPacket@@PAVNetInterface@@UIPv4Address@@GGEIIPAEI@Z 00101f80 f   tcp.obj
 0001:00001c70       ?CreateSession@TCP@@SAPAVTcpSession@@XZ 00102070 f   tcp.obj
 0001:00001cb0       ?Decode@TCP@@SA_NPAUTCP_Packet@@PAUNetPacket@@@Z 001020b0 f   tcp.obj
 0001:00001d60       ?Receive@TCP@@SAXPAVNetInterface@@PAUIPv4_Header@@PAUNetPacket@@@Z 00102160 f   tcp.obj
 0001:00001e60       ?Send@TCP@@SAXPAVNetInterface@@PAUNetPacket@@@Z 00102260 f   tcp.obj
 0001:00001e70       ??0TcpSession@@QAE@XZ      00102270 f   tcpsession.obj
 0001:00001e90       ?Close@TcpSession@@QAEXXZ  00102290 f   tcpsession.obj
 0001:00001f90       ?Connect@TcpSession@@QAEXUIPv4Address@@G@Z 00102390 f   tcpsession.obj
 0001:00002110       ?Listen@TcpSession@@QAEXG@Z 00102510 f   tcpsession.obj
 0001:00002140       ?Receive@TcpSession@@QAEXPAUIPv4_Header@@PAUTCP_Packet@@@Z 00102540 f   tcpsession.obj
 0001:000022d0       ?ReceivedData@TcpSession@@QAEXPAUIPv4_Header@@PAUTCP_Packet@@@Z 001026d0 f   tcpsession.obj
 0001:00002330       ?Reset@TcpSession@@AAEXXZ  00102730 f   tcpsession.obj
 0001:00002350       ?Send@TcpSession@@AAE_NEPAEI@Z 00102750 f   tcpsession.obj
 0001:000023a0       ?SendData@TcpSession@@QAE_NPAEI@Z 001027a0 f   tcpsession.obj
 0001:000023f0       ??0TcpSocket@@QAE@XZ       001027f0 f   tcpsocket.obj
 0001:00002400       ?Close@TcpSocket@@QAE_NXZ  00102800 f   tcpsocket.obj
 0001:00002420       ?Connect@TcpSocket@@QAE_NUIPv4Address@@G@Z 00102820 f   tcpsocket.obj
 0001:00002450       ?Listen@TcpSocket@@QAE_NG@Z 00102850 f   tcpsocket.obj
 0001:00002480       ?Send@TcpSocket@@QAE_NPAEI@Z 00102880 f   tcpsocket.obj
 0001:000024b0       ?CreatePacket@UDP@@SAPAUNetPacket@@PAVNetInterface@@UIPv4Address@@GGPAEI@Z 001028b0 f   udp.obj
 0001:00002570       ?Decode@UDP@@SA_NPAUUDP_Packet@@PAUNetPacket@@@Z 00102970 f   udp.obj
 0001:000025e0       ?Receive@UDP@@SAXPAVNetInterface@@PAUIPv4_Header@@PAUNetPacket@@@Z 001029e0 f   udp.obj
 0001:00002690       ?Send@UDP@@SAXPAVNetInterface@@PAUNetPacket@@@Z 00102a90 f   udp.obj
 0001:000026a0       ??0UdpSocket@@QAE@G@Z      00102aa0 f   udpsocket.obj
 0001:000026c0       ??1UdpSocket@@QAE@XZ       00102ac0 f   udpsocket.obj
 0001:000026d0       ?Receive@UdpSocket@@QAEHAAPAE@Z 00102ad0 f   udpsocket.obj
 0001:000026e0       ?Send@UdpSocket@@QAEXUIPv4Address@@PAEG@Z 00102ae0 f   udpsocket.obj
 0001:00002720       ?Main@OS@@SAXXZ            00102b20 f   OS.obj
 0001:00002770       ?ThrowException@OS@@SAXPAD0@Z 00102b70 f   OS.obj
 0001:00002780       ?Add@?$List@VString@std@@@std@@QAEXVString@2@@Z 00102b80 f i string.obj
 0001:00002880       ?Split@String@std@@QAEXAAV?$List@VString@std@@@2@D@Z 00102c80 f   string.obj
 0001:000029c0       ??$CreateCamera@VCamera@@@Game@@QAEPAVCamera@@VString@std@@@Z 00102dc0 f i 3DGame:3DGame.obj
 0001:00002a30       ??$CreateObject@VBox@@@Game@@QAEPAVBox@@VString@std@@@Z 00102e30 f i 3DGame:3DGame.obj
 0001:00002aa0       ??$CreateObject@VThing@@@Game@@QAEPAVThing@@VString@std@@@Z 00102ea0 f i 3DGame:3DGame.obj
 0001:00002b10       ??0MyGame@@QAE@XZ          00102f10 f   3DGame:3DGame.obj
 0001:00002d20       ??0String@std@@QAE@PAD@Z   00103120 f i 3DGame:3DGame.obj
 0001:00002d90       ??1String@std@@QAE@XZ      00103190 f i 3DGame:3DGame.obj
 0001:00002dc0       ??$CreateComponent@VMeshComponent@@@GameObject@@QAEPAVMeshComponent@@VString@std@@@Z 001031c0 f i 3DGame:Box.obj
 0001:00002e30       ??$CreateComponent@VPhysicsComponent@@@GameObject@@QAEPAVPhysicsComponent@@VString@std@@@Z 00103230 f i 3DGame:Box.obj
 0001:00002ea0       ??$CreateComponent@VSphereCollider@@@GameObject@@QAEPAVSphereCollider@@VString@std@@@Z 001032a0 f i 3DGame:Box.obj
 0001:00002f10       ??0Box@@QAE@XZ             00103310 f   3DGame:Box.obj
 0001:00003050       ?Start@GameObject@@UAEXXZ  00103450 f i 3DGame:Box.obj
 0001:00003070       ?Update@GameObject@@UAEXM@Z 00103470 f i 3DGame:Box.obj
 0001:00003090       ??0Thing@@QAE@XZ           00103490 f   3DGame:Thing.obj
 0001:000031c0       ??DVector@@QAE?AU0@M@Z     001035c0 f i 3DGame:Thing.obj
 0001:00003220       ?Update@Thing@@UAEXM@Z     00103620 f   3DGame:Thing.obj
 0001:00003470       ??_H@YGXPAXIIP6EPAX0@Z@Z   00103870 f i GL:GL.obj
 0001:000034a0       ?AddTexture@GL@gl@@SAHPAVBMP@@@Z 001038a0 f   GL:GL.obj
 0001:000034d0       ?BindTexture@GL@gl@@SAXH@Z 001038d0 f   GL:GL.obj
 0001:000034e0       ?Clear@GL@gl@@SAXI@Z       001038e0 f   GL:GL.obj
 0001:00003520       ?Draw@GL@gl@@SAXHH@Z       00103920 f   GL:GL.obj
 0001:00003a90       ?Init@GL@gl@@SAIXZ         00103e90 f   GL:GL.obj
 0001:00003aa0       ?LoadIdentity@GL@gl@@SAXXZ 00103ea0 f   GL:GL.obj
 0001:00003b00       ?LoadMatrix@GL@gl@@SAXABUMatrix@2@@Z 00103f00 f   GL:GL.obj
 0001:00003b50       ?MatrixMode@GL@gl@@SAXW4GLMatrixMode@@@Z 00103f50 f   GL:GL.obj
 0001:00003b60       ?MulMatrix@GL@gl@@SAXABUMatrix@2@@Z 00103f60 f   GL:GL.obj
 0001:00003bc0       ?PopMatrix@GL@gl@@SAXXZ    00103fc0 f   GL:GL.obj
 0001:00003c20       ?PushMatrix@GL@gl@@SAXXZ   00104020 f   GL:GL.obj
 0001:00003c80       ?SelectedMatrix@GL@gl@@CAAAUMatrix@2@XZ 00104080 f   GL:GL.obj
 0001:00003ca0       ?SwapBuffers@GL@gl@@SAXXZ  001040a0 f   GL:GL.obj
 0001:00003cb0       ?VertexPointer@GL@gl@@SAXPAUVertex@2@@Z 001040b0 f   GL:GL.obj
 0001:00003cc0       ??0Vector4@gl@@QAE@MMMM@Z  001040c0 f   GL:Vector4.obj
 0001:00003cf0       ??0Vector4@gl@@QAE@XZ      001040f0 f   GL:Vector4.obj
 0001:00003d10       ??0Matrix@gl@@QAE@QAM@Z    00104110 f   GL:Matrix.obj
 0001:00003d80       ??0Matrix@gl@@QAE@XZ       00104180 f   GL:Matrix.obj
 0001:00003db0       ??Dgl@@YA?AUMatrix@0@ABU10@0@Z 001041b0 f i GL:Matrix.obj
 0001:00003df0       ??Dgl@@YA?AUMatrix@0@ABU10@ABM@Z 001041f0 f i GL:Matrix.obj
 0001:00003e60       ??Dgl@@YA?AUVector4@0@ABU10@ABUMatrix@0@@Z 00104260 f i GL:Matrix.obj
 0001:00003f60       ??Ggl@@YA?AUMatrix@0@ABU10@0@Z 00104360 f i GL:Matrix.obj
 0001:00003fd0       ??Hgl@@YA?AUMatrix@0@ABU10@0@Z 001043d0 f i GL:Matrix.obj
 0001:00004040       ??XMatrix@gl@@QAEAAU01@ABU01@@Z 00104440 f i GL:Matrix.obj
 0001:000043f0       ?CreateOrthographicProjection@Matrix@gl@@SA?AU12@MMMMMM@Z 001047f0 f   GL:Matrix.obj
 0001:000044a0       ?CreatePerspectiveProjection@Matrix@gl@@SA?AU12@MMMMM@Z 001048a0 f   GL:Matrix.obj
 0001:00004580       ?CreateRotation@Matrix@gl@@SA?AU12@UVector4@2@@Z 00104980 f   GL:Matrix.obj
 0001:000047e0       ?CreateScale@Matrix@gl@@SA?AU12@UVector4@2@@Z 00104be0 f   GL:Matrix.obj
 0001:00004820       ?CreateTransformation@Matrix@gl@@SA?AU12@UVector4@2@00@Z 00104c20 f   GL:Matrix.obj
 0001:00004b90       ?CreateTranslation@Matrix@gl@@SA?AU12@UVector4@2@@Z 00104f90 f   GL:Matrix.obj
 0001:00004bf0       ?CreateView@Matrix@gl@@SA?AU12@UVector4@2@000@Z 00104ff0 f   GL:Matrix.obj
 0001:00004d10       ?GetElementsPointer@Matrix@gl@@QAEPAMXZ 00105110 f   GL:Matrix.obj
 0001:00004d20       ??0ColRGB@gl@@QAE@I@Z      00105120 f   GL:Color.obj
 0001:00004db0       ??0ColRGB@gl@@QAE@MMM@Z    001051b0 f   GL:Color.obj
 0001:00004e10       ??0ColRGB@gl@@QAE@XZ       00105210 f   GL:Color.obj
 0001:00004e30       ??DColRGB@gl@@QAE?AU01@M@Z 00105230 f   GL:Color.obj
 0001:00004ea0       ??HColRGB@gl@@QAE?AU01@U01@@Z 001052a0 f   GL:Color.obj
 0001:00004f10       ??XColRGB@gl@@QAE?AU01@M@Z 00105310 f   GL:Color.obj
 0001:00004f80       ?Luminosity@ColRGB@gl@@QAEMXZ 00105380 f   GL:Color.obj
 0001:00004fd0       ?ToInt@ColRGB@gl@@QAEIXZ   001053d0 f   GL:Color.obj
 0001:00005010       ??0Vertex@gl@@QAE@MMMUColRGB@1@UVector4@1@@Z 00105410 f   GL:Vertex.obj
 0001:000050a0       ??0Vertex@gl@@QAE@XZ       001054a0 f   GL:Vertex.obj
 0001:00005100       ?MulMatrix@Vertex@gl@@QAEXABUMatrix@2@@Z 00105500 f   GL:Vertex.obj
 0001:000051d0       ?DrawTriangle@Rasterizer@gl@@SAXPAUVertex@2@PAVBMP@@@Z 001055d0 f   GL:Rasterizer.obj
 0001:00005a60       ?EdgeFunction@gl@@YAMABUVertex@1@00@Z 00105e60 f   GL:Rasterizer.obj
 0001:00005ab0       ?Init@Rasterizer@gl@@SAIXZ 00105eb0 f   GL:Rasterizer.obj
 0001:00005ae0       ??0GEngine@@QAE@XZ         00105ee0 f   GameEngine:Engine.obj
 0001:00005b50       ?Add@?$List@PAVColliderComponent@@@std@@QAEXPAVColliderComponent@@@Z 00105f50 f i GameEngine:Engine.obj
 0001:00005bd0       ?Collision@GEngine@@AAEXXZ 00105fd0 f   GameEngine:Engine.obj
 0001:000063e0       ?Render@GEngine@@AAEXXZ    001067e0 f   GameEngine:Engine.obj
 0001:00006800       ?Rotate@Quaternion@@QAEXUVector@@M@Z 00106c00 f i GameEngine:Engine.obj
 0001:00006990       ?StartGame@GEngine@@QAEXPAVGame@@@Z 00106d90 f   GameEngine:Engine.obj
 0001:00006cd0       ?Update@GEngine@@AAEXXZ    001070d0 f   GameEngine:Engine.obj
 0001:00007920       ??0Vector@@QAE@MMM@Z       00107d20 f   GameEngine:Vector.obj
 0001:00007950       ??0Vector@@QAE@XZ          00107d50 f   GameEngine:Vector.obj
 0001:00007970       ?Cross@Vector@@SA?AU1@ABU1@0@Z 00107d70 f   GameEngine:Vector.obj
 0001:000079d0       ?Dot@Vector@@SAMABU1@0@Z   00107dd0 f   GameEngine:Vector.obj
 0001:000079f0       ?EulerAngles@Vector@@QAE?AU1@XZ 00107df0 f   GameEngine:Vector.obj
 0001:00007aa0       ?ToVector4@Vector@@QAE?AUVector4@gl@@XZ 00107ea0 f   GameEngine:Vector.obj
 0001:00007ae0       ??0Quaternion@@QAE@XZ      00107ee0 f   GameEngine:Quaternion.obj
 0001:00007b00       ??D@YA?AUQuaternion@@ABU0@0@Z 00107f00 f i GameEngine:Quaternion.obj
 0001:00007c20       ??D@YA?AUQuaternion@@ABU0@M@Z 00108020 f i GameEngine:Quaternion.obj
 0001:00007c50       ??D@YA?AUVector@@AAUQuaternion@@AAU0@@Z 00108050 f i GameEngine:Quaternion.obj
 0001:00007e50       ??0GameObject@@QAE@XZ      00108250 f   GameEngine:GameObject.obj
 0001:00007f20       ??A?$List@PAVComponent@@@std@@QAEAAPAVComponent@@H@Z 00108320 f i GameEngine:GameObject.obj
 0001:00007f70       ?Add@?$List@PAVComponent@@@std@@QAEXPAVComponent@@@Z 00108370 f i GameEngine:GameObject.obj
 0001:00007ff0       ?Add@?$List@PAVMeshComponent@@@std@@QAEXPAVMeshComponent@@@Z 001083f0 f i GameEngine:GameObject.obj
 0001:00008070       ?AddComponent@GameObject@@QAEXPAVComponent@@@Z 00108470 f   GameEngine:GameObject.obj
 0001:00008290       ?Contains@String@std@@QAE_NV12@@Z 00108690 f i GameEngine:GameObject.obj
 0001:000082f0       ?GetComponent@GameObject@@QAEPAVComponent@@VString@std@@@Z 001086f0 f   GameEngine:GameObject.obj
 0001:00008390       ?GetName@GameObject@@QAE?AVString@std@@XZ 00108790 f   GameEngine:GameObject.obj
 0001:000083a0       ?GetWorldPosition@GameObject@@QAE?AUVector@@XZ 001087a0 f   GameEngine:GameObject.obj
 0001:00008420       ?GetWorldRotation@GameObject@@QAE?AUQuaternion@@XZ 00108820 f   GameEngine:GameObject.obj
 0001:00008440       ?GetWorldScale@GameObject@@QAE?AUVector@@XZ 00108840 f   GameEngine:GameObject.obj
 0001:000084c0       ?GetWorldTransform@GameObject@@QAE?AUTransform@@XZ 001088c0 f   GameEngine:GameObject.obj
 0001:000085d0       ?SetName@GameObject@@QAEXVString@std@@@Z 001089d0 f   GameEngine:GameObject.obj
 0001:000085f0       ??0Camera@@QAE@XZ          001089f0 f   GameEngine:Camera.obj
 0001:00008610       ??0Game@@QAE@XZ            00108a10 f   GameEngine:Game.obj
 0001:00008660       ?Add@?$List@PAVCamera@@@std@@QAEXPAVCamera@@@Z 00108a60 f i GameEngine:Game.obj
 0001:000086e0       ?Add@?$List@PAVGameObject@@@std@@QAEXPAVGameObject@@@Z 00108ae0 f i GameEngine:Game.obj
 0001:00008760       ?Add@?$List@PAVLightSource@@@std@@QAEXPAVLightSource@@@Z 00108b60 f i GameEngine:Game.obj
 0001:000087e0       ?AddCamera@Game@@QAEXPAVCamera@@@Z 00108be0 f   GameEngine:Game.obj
 0001:00008860       ?AddLightSource@Game@@QAEXPAVLightSource@@@Z 00108c60 f   GameEngine:Game.obj
 0001:000088e0       ?AddObject@Game@@QAEXPAVGameObject@@@Z 00108ce0 f   GameEngine:Game.obj
 0001:00008960       ?GetActiveCamera@Game@@QAEPAVCamera@@XZ 00108d60 f   GameEngine:Game.obj
 0001:00008970       ?GetCamera@Game@@QAEPAVCamera@@VString@std@@@Z 00108d70 f   GameEngine:Game.obj
 0001:00008a10       ?GetLightSource@Game@@QAEPAVLightSource@@VString@std@@@Z 00108e10 f   GameEngine:Game.obj
 0001:00008ab0       ?GetObject@Game@@QAEPAVGameObject@@VString@std@@@Z 00108eb0 f   GameEngine:Game.obj
 0001:00008bc0       ?SetActiveCamera@Game@@QAEXPAVCamera@@@Z 00108fc0 f   GameEngine:Game.obj
 0001:00008bd0       ??0Component@@QAE@XZ       00108fd0 f   GameEngine:Component.obj
 0001:00008c00       ?GetName@Component@@QAE?AVString@std@@XZ 00109000 f   GameEngine:Component.obj
 0001:00008c10       ?SetName@Component@@QAEXVString@std@@@Z 00109010 f   GameEngine:Component.obj
 0001:00008c30       ?Start@Component@@UAEXXZ   00109030 f i GameEngine:Component.obj
 0001:00008c40       ?Update@Component@@UAEXM@Z 00109040 f i GameEngine:Component.obj
 0001:00008c50       ??0MeshComponent@@QAE@XZ   00109050 f   GameEngine:MeshComponent.obj
 0001:00008c80       ?Update@MeshComponent@@UAEXM@Z 00109080 f   GameEngine:MeshComponent.obj
 0001:00008c90       ??0PhysicsComponent@@QAE@XZ 00109090 f   GameEngine:PhysicsComponent.obj
 0001:00008ce0       ?AddImpulse@PhysicsComponent@@QAEXUVector@@@Z 001090e0 f   GameEngine:PhysicsComponent.obj
 0001:00008d20       ?Speed@PhysicsComponent@@QAEMXZ 00109120 f   GameEngine:PhysicsComponent.obj
 0001:00008d60       ?SpeedSquared@PhysicsComponent@@QAEMXZ 00109160 f   GameEngine:PhysicsComponent.obj
 0001:00008db0       ?Start@PhysicsComponent@@UAEXXZ 001091b0 f   GameEngine:PhysicsComponent.obj
 0001:00008dc0       ?Update@PhysicsComponent@@UAEXM@Z 001091c0 f   GameEngine:PhysicsComponent.obj
 0001:00008f60       ??0SphereCollider@@QAE@XZ  00109360 f   GameEngine:SphereCollider.obj
 0001:00008f80       ?LoadModel@ModelLoader@@SAPAVModel3D@@PADW4Format3D@@@Z 00109380 f   GameEngine:ModelLoader.obj
 0001:00009000       ??0Transform@@QAE@UVector@@UQuaternion@@0@Z 00109400 f   GameEngine:Transform.obj
 0001:00009050       ??0Transform@@QAE@XZ       00109450 f   GameEngine:Transform.obj
 0001:000090d0       ?GetForwardVector@Transform@@QAE?AUVector@@XZ 001094d0 f   GameEngine:Transform.obj
 0001:00009120       ?GetRightVector@Transform@@QAE?AUVector@@XZ 00109520 f   GameEngine:Transform.obj
 0001:00009170       ?GetUpVector@Transform@@QAE?AUVector@@XZ 00109570 f   GameEngine:Transform.obj
 0001:000091c0       ?Rotate@Transform@@QAEXUQuaternion@@@Z 001095c0 f   GameEngine:Transform.obj
 0001:000092c0       ?Rotate@Transform@@QAEXUVector@@M@Z 001096c0 f   GameEngine:Transform.obj
 0001:000094e0       ?Scale@Transform@@QAEXUVector@@@Z 001098e0 f   GameEngine:Transform.obj
 0001:00009520       ?ToString@Transform@@QAEPADPAD@Z 00109920 f   GameEngine:Transform.obj
 0001:000095d0       ?Translate@Transform@@QAEXUVector@@@Z 001099d0 f   GameEngine:Transform.obj
 0001:00009610       ??0ColliderComponent@@QAE@XZ 00109a10 f   GameEngine:ColliderComponent.obj
 0001:00009630       ??0Obj@@QAE@PAD@Z          00109a30 f   GameEngine:Obj.obj
 0001:000096a0       ?Add@?$List@UFace@@@std@@QAEXUFace@@@Z 00109aa0 f i GameEngine:Obj.obj
 0001:00009740       ?Add@?$List@UVector@@@std@@QAEXUVector@@@Z 00109b40 f i GameEngine:Obj.obj
 0001:000097f0       ?CreateVertices@Obj@@AAEXXZ 00109bf0 f   GameEngine:Obj.obj
 0001:00009af0       ?ReadFile@Obj@@AAEXPAD@Z   00109ef0 f   GameEngine:Obj.obj
 0001:00009b00       ??0A3D@@QAE@PAD@Z          00109f00 f   GameEngine:A3D.obj
 0001:00009ca0       ?memcmp@@YAHPBX0I@Z        0010a0a0 f   Lib:string.obj
 0001:00009ce0       ?memcpy@@YAPAXPAX0I@Z      0010a0e0 f   Lib:string.obj
 0001:00009d10       ?memcpy_fast_128@@YAXPAX0I@Z 0010a110 f   Lib:string.obj
 0001:00009d90       ?memset16@@YAPAXPAXGI@Z    0010a190 f   Lib:string.obj
 0001:00009db0       ?memset32@@YAPAXPAXII@Z    0010a1b0 f   Lib:string.obj
 0001:00009dd0       ?memset_fast_128@@YAPAXPAXII@Z 0010a1d0 f   Lib:string.obj
 0001:00009e50       ?strcat@@YAPADPADPBD@Z     0010a250 f   Lib:string.obj
 0001:00009e80       ?strcmp@@YAIPBD0@Z         0010a280 f   Lib:string.obj
 0001:00009ed0       ?strcpy@@YAPADPADPBD@Z     0010a2d0 f   Lib:string.obj
 0001:00009ef0       ?strlen@@YAIPBD@Z          0010a2f0 f   Lib:string.obj
 0001:00009f10       _memset                    0010a310 f   Lib:string.obj
 0001:00009f30       ?ceil@@YAHM@Z              0010a330 f   Lib:math.obj
 0001:00009f50       ?cos@@YAMM@Z               0010a350 f   Lib:math.obj
 0001:00009f70       ?fact@@YAMM@Z              0010a370 f   Lib:math.obj
 0001:00009fb0       ?floor@@YAHM@Z             0010a3b0 f   Lib:math.obj
 0001:00009fd0       ?log10@@YAMM@Z             0010a3d0 f   Lib:math.obj
 0001:00009ff0       ?log2@@YAMM@Z              0010a3f0 f   Lib:math.obj
 0001:0000a010       ?log@@YAMM@Z               0010a410 f   Lib:math.obj
 0001:0000a030       ?logn@@YAMMM@Z             0010a430 f   Lib:math.obj
 0001:0000a060       ?pow@@YAMMH@Z              0010a460 f   Lib:math.obj
 0001:0000a140       ?rand@@YAIXZ               0010a540 f   Lib:math.obj
 0001:0000a160       ?round@@YAHM@Z             0010a560 f   Lib:math.obj
 0001:0000a180       ?sin@@YAMM@Z               0010a580 f   Lib:math.obj
 0001:0000a1a0       ?sqrt@@YAMM@Z              0010a5a0 f   Lib:math.obj
 0001:0000a1c0       ?srand@@YAXI@Z             0010a5c0 f   Lib:math.obj
 0001:0000a1d0       ?tan@@YAMM@Z               0010a5d0 f   Lib:math.obj
 0001:0000a200       ?atof@@YAMPBD@Z            0010a600 f   Lib:stdio.obj
 0001:0000a2a0       ?atoi@@YAHPBD@Z            0010a6a0 f   Lib:stdio.obj
 0001:0000a2c0       ?ftoa@@YAPADMIPAD@Z        0010a6c0 f   Lib:stdio.obj
 0001:0000a3f0       ?itoa@@YAPADHIPAD_N@Z      0010a7f0 f   Lib:stdio.obj
 0001:0000a480       ?strtol@@YAJPBDPAPADH@Z    0010a880 f   Lib:stdio.obj
 0001:0000a5d0       ?vprintf@@YAPADPADPBDZZ    0010a9d0 f   Lib:stdio.obj
 0001:0000a5f0       ?vsprintf@@YAPADPADPBDPAE@Z 0010a9f0 f   Lib:stdio.obj
 0001:0000a960       ??2@YAPAXI@Z               0010ad60 f   KERNEL:kernel.obj
 0001:0000a9b0       ??3@YAXPAX@Z               0010adb0 f   KERNEL:kernel.obj
 0001:0000a9d0       ??_U@YAPAXI@Z              0010add0 f   KERNEL:kernel.obj
 0001:0000aa60       ??_V@YAXPAX@Z              0010ae60 f   KERNEL:kernel.obj
 0001:0000aa70       ?Init@Kernel@@SAXPAUMULTIBOOT_INFO@@@Z 0010ae70 f   KERNEL:kernel.obj
 0001:0000ab40       ?Clear@Debug@@SAXI@Z       0010af40 f   KERNEL:debug.obj
 0001:0000ab60       ?Dump@Debug@@SAXPAXH_N@Z   0010af60 f   KERNEL:debug.obj
 0001:0000aca0       ?Print@Debug@@SAXPADZZ     0010b0a0 f   KERNEL:debug.obj
 0001:0000ae30       ?Putc@Debug@@SAXD_N@Z      0010b230 f   KERNEL:debug.obj
 0001:0000af80       ?ATA_Interrupt@ATA@@CAXXZ  0010b380 f   KERNEL:ata.obj
 0001:0000af90       ?Init@ATA@@SAIXZ           0010b390 f   KERNEL:ata.obj
 0001:0000afc0       ?Read@ATA@@SAIHHHAAPADH@Z  0010b3c0 f   KERNEL:ata.obj
 0001:0000b1d0       ?ReadSector@ATA@@CAIHHHPAD@Z 0010b5d0 f   KERNEL:ata.obj
 0001:0000b380       ?Clear@VBE@@SAXI@Z         0010b780 f   KERNEL:vbe.obj
 0001:0000b3a0       ?Draw@VBE@@SAXXZ           0010b7a0 f   KERNEL:vbe.obj
 0001:0000b3c0       ?DrawLine@VBE@@SAXIIIII@Z  0010b7c0 f   KERNEL:vbe.obj
 0001:0000b4f0       ?DrawText@VBE@@SAXIIPADI@Z 0010b8f0 f   KERNEL:vbe.obj
 0001:0000b5b0       ?DrawText@VBE@@SAXIIPADII@Z 0010b9b0 f   KERNEL:vbe.obj
 0001:0000b690       ?Init@VBE@@SAIPAUVBE_MODE_INFO@@@Z 0010ba90 f   KERNEL:vbe.obj
 0001:0000b720       ?SetPixel@VBE@@SAXIII@Z    0010bb20 f   KERNEL:vbe.obj
 0001:0000b750       ?DecodeAscii@Keyboard@@CAXAAUKEY_PACKET@@@Z 0010bb50 f   KERNEL:keyboard.obj
 0001:0000b9e0       ?DiscardLastKey@Keyboard@@SAXXZ 0010bde0 f   KERNEL:keyboard.obj
 0001:0000b9f0       ?GetKeyDown@Keyboard@@SA_NW4KEYCODE@@@Z 0010bdf0 f   KERNEL:keyboard.obj
 0001:0000ba00       ?GetLastKey@Keyboard@@SA?AUKEY_PACKET@@XZ 0010be00 f   KERNEL:keyboard.obj
 0001:0000ba20       ?Init@Keyboard@@SAIXZ      0010be20 f   KERNEL:keyboard.obj
 0001:0000ba70       ?Keyboard_ISR@Keyboard@@CAXXZ 0010be70 f   KERNEL:keyboard.obj
 0001:0000bc80       ?Init@PIT@@SAIXZ           0010c080 f   KERNEL:pit.obj
 0001:0000bcc0       ?PIT_ISR@PIT@@CAXXZ        0010c0c0 f   KERNEL:pit.obj
 0001:0000bcd0       ?ReadData@PIT@@CAEE@Z      0010c0d0 f   KERNEL:pit.obj
 0001:0000bd00       ?SendData@PIT@@CAXGE@Z     0010c100 f   KERNEL:pit.obj
 0001:0000bd40       ?Sleep@PIT@@SAXI@Z         0010c140 f   KERNEL:pit.obj
 0001:0000bd60       ?Start@PIT@@CAIXZ          0010c160 f   KERNEL:pit.obj
 0001:0000bda0       ?Init@Mouse@@SAIIIM@Z      0010c1a0 f   KERNEL:mouse.obj
 0001:0000c090       ?MouseRead@Mouse@@CAEXZ    0010c490 f   KERNEL:mouse.obj
 0001:0000c0c0       ?MouseWait@Mouse@@CAXE@Z   0010c4c0 f   KERNEL:mouse.obj
 0001:0000c100       ?MouseWrite@Mouse@@CAXE@Z  0010c500 f   KERNEL:mouse.obj
 0001:0000c160       ?Mouse_ISR@Mouse@@CAXXZ    0010c560 f   KERNEL:mouse.obj
 0001:0000c2a0       ?Checksum@KNet@@SAGPAXH@Z  0010c6a0 f   KERNEL:net.obj
 0001:0000c320       ?ChecksumDouble@KNet@@SAGPAXH0H@Z 0010c720 f   KERNEL:net.obj
 0001:0000c400       ?Init@KNet@@SAIXZ          0010c800 f   KERNEL:net.obj
 0001:0000c460       ?PrintIP@KNet@@SAXPADUIPv4Address@@@Z 0010c860 f   KERNEL:net.obj
 0001:0000c4a0       ?PrintMac@KNet@@SAXPADUMacAddress@@@Z 0010c8a0 f   KERNEL:net.obj
 0001:0000c4f0       ?htonl@@YAII@Z             0010c8f0 f   KERNEL:net.obj
 0001:0000c500       ?htons@@YAGG@Z             0010c900 f   KERNEL:net.obj
 0001:0000c520       ?ntohl@@YAII@Z             0010c920 f   KERNEL:net.obj
 0001:0000c530       ?ntohs@@YAGG@Z             0010c930 f   KERNEL:net.obj
 0001:0000c550       ?KernelPanic@Panic@@SAXPAD0@Z 0010c950 f   KERNEL:panic.obj
 0001:0000c590       ?AllocBlocks@Memory@@SAPAXI@Z 0010c990 f   KERNEL:memory.obj
 0001:0000c6c0       ?DeInitRegion@Memory@@SAXPAXI@Z 0010cac0 f   KERNEL:memory.obj
 0001:0000c710       ?FirstFree@Memory@@CAIXZ   0010cb10 f   KERNEL:memory.obj
 0001:0000c750       ?FirstFreeNum@Memory@@CAII@Z 0010cb50 f   KERNEL:memory.obj
 0001:0000c840       ?FreeBlocks@Memory@@SAXPAXI@Z 0010cc40 f   KERNEL:memory.obj
 0001:0000c8a0       ?Init@Memory@@SAIIPAI@Z    0010cca0 f   KERNEL:memory.obj
 0001:0000c920       ?InitRegion@Memory@@SAXPAXI@Z 0010cd20 f   KERNEL:memory.obj
 0001:0000c970       ?EnableFPU@CPU@@CAIXZ      0010cd70 f   KERNEL:cpu.obj
 0001:0000c990       ?EnableSSE@CPU@@CAIXZ      0010cd90 f   KERNEL:cpu.obj
 0001:0000c9c0       ?Init@CPU@@SAIXZ           0010cdc0 f   KERNEL:cpu.obj
 0001:0000c9f0       ?Init@HAL@@SAIXZ           0010cdf0 f   KERNEL:hal.obj
 0001:0000ca20       ?inb@@YAEG@Z               0010ce20 f   KERNEL:hal.obj
 0001:0000ca40       ?inl@@YAIG@Z               0010ce40 f   KERNEL:hal.obj
 0001:0000ca60       ?inw@@YAGG@Z               0010ce60 f   KERNEL:hal.obj
 0001:0000ca80       ?outb@@YAXGE@Z             0010ce80 f   KERNEL:hal.obj
 0001:0000ca90       ?outl@@YAXGI@Z             0010ce90 f   KERNEL:hal.obj
 0001:0000caa0       ?outw@@YAXGG@Z             0010cea0 f   KERNEL:hal.obj
 0001:0000cab0       ?DefaultISR@Exceptions@@SAXXZ 0010ceb0 f   KERNEL:exceptions.obj
 0001:0000cad0       ?ISR0@Exceptions@@CAXXZ    0010ced0 f   KERNEL:exceptions.obj
 0001:0000caf0       ?ISR10@Exceptions@@CAXXZ   0010cef0 f   KERNEL:exceptions.obj
 0001:0000cb10       ?ISR11@Exceptions@@CAXXZ   0010cf10 f   KERNEL:exceptions.obj
 0001:0000cb30       ?ISR12@Exceptions@@CAXXZ   0010cf30 f   KERNEL:exceptions.obj
 0001:0000cb50       ?ISR13@Exceptions@@CAXXZ   0010cf50 f   KERNEL:exceptions.obj
 0001:0000cb70       ?ISR14@Exceptions@@CAXXZ   0010cf70 f   KERNEL:exceptions.obj
 0001:0000cb90       ?ISR15@Exceptions@@CAXXZ   0010cf90 f   KERNEL:exceptions.obj
 0001:0000cbb0       ?ISR16@Exceptions@@CAXXZ   0010cfb0 f   KERNEL:exceptions.obj
 0001:0000cbd0       ?ISR17@Exceptions@@CAXXZ   0010cfd0 f   KERNEL:exceptions.obj
 0001:0000cbf0       ?ISR18@Exceptions@@CAXXZ   0010cff0 f   KERNEL:exceptions.obj
 0001:0000cc10       ?ISR19@Exceptions@@CAXXZ   0010d010 f   KERNEL:exceptions.obj
 0001:0000cc30       ?ISR1@Exceptions@@CAXXZ    0010d030 f   KERNEL:exceptions.obj
 0001:0000cc50       ?ISR2@Exceptions@@CAXXZ    0010d050 f   KERNEL:exceptions.obj
 0001:0000cc70       ?ISR3@Exceptions@@CAXXZ    0010d070 f   KERNEL:exceptions.obj
 0001:0000cc90       ?ISR4@Exceptions@@CAXXZ    0010d090 f   KERNEL:exceptions.obj
 0001:0000ccb0       ?ISR5@Exceptions@@CAXXZ    0010d0b0 f   KERNEL:exceptions.obj
 0001:0000ccd0       ?ISR6@Exceptions@@CAXIII@Z 0010d0d0 f   KERNEL:exceptions.obj
 0001:0000cd50       ?ISR7@Exceptions@@CAXXZ    0010d150 f   KERNEL:exceptions.obj
 0001:0000cd70       ?ISR8@Exceptions@@CAXXZ    0010d170 f   KERNEL:exceptions.obj
 0001:0000cd90       ?ISR9@Exceptions@@CAXXZ    0010d190 f   KERNEL:exceptions.obj
 0001:0000cdb0       ?Init@Exceptions@@SAIXZ    0010d1b0 f   KERNEL:exceptions.obj
 0001:0000ceb0       ?Create@PCI@@CAPAUPCI_DEVICE@@EEE@Z 0010d2b0 f   KERNEL:pci.obj
 0001:0000cf70       ?GetDevice@PCI@@SAPAUPCI_DEVICE@@HHH@Z 0010d370 f   KERNEL:pci.obj
 0001:0000d120       ?Init@PCI@@SAIXZ           0010d520 f   KERNEL:pci.obj
 0001:0000d130       ?Read@PCI@@CAIEEEEE@Z      0010d530 f   KERNEL:pci.obj
 0001:0000d1a0       ?printdev@@YAXPAUPCI_DEVICE@@@Z 0010d5a0 f   KERNEL:pci.obj
 0001:0000d1e0       ??0E1000@@QAE@PAUPCI_DEVICE@@@Z 0010d5e0 f   KERNEL:ne1000.obj
 0001:0000d300       ?DetectEEPROM@E1000@@AAE_NXZ 0010d700 f   KERNEL:ne1000.obj
 0001:0000d370       ?E1000_Interrupt@E1000@@CAXXZ 0010d770 f   KERNEL:ne1000.obj
 0001:0000d3d0       ?EnableIRQ@E1000@@AAEXXZ   0010d7d0 f   KERNEL:ne1000.obj
 0001:0000d460       ?GetIP@E1000@@UAE?AUIPv4Address@@XZ 0010d860 f   KERNEL:ne1000.obj
 0001:0000d480       ?GetMac@E1000@@UAE?AUMacAddress@@XZ 0010d880 f   KERNEL:ne1000.obj
 0001:0000d4a0       ?InitRX@E1000@@AAEXXZ      0010d8a0 f   KERNEL:ne1000.obj
 0001:0000d600       ?InitTX@E1000@@AAEXXZ      0010da00 f   KERNEL:ne1000.obj
 0001:0000d780       ?Linkup@E1000@@AAEXXZ      0010db80 f   KERNEL:ne1000.obj
 0001:0000d7d0       ?Poll@E1000@@UAEXXZ        0010dbd0 f   KERNEL:ne1000.obj
 0001:0000d870       ?ReadCommand@E1000@@AAEIG@Z 0010dc70 f   KERNEL:ne1000.obj
 0001:0000d8a0       ?ReadEEPROM@E1000@@AAEIE@Z 0010dca0 f   KERNEL:ne1000.obj
 0001:0000d960       ?ReadMac@E1000@@AAEXXZ     0010dd60 f   KERNEL:ne1000.obj
 0001:0000d9a0       ?Send@E1000@@UAEXPAUNetPacket@@@Z 0010dda0 f   KERNEL:ne1000.obj
 0001:0000da40       ?Start@E1000@@AAEXXZ       0010de40 f   KERNEL:ne1000.obj
 0001:0000de50       ?WriteCommand@E1000@@AAEXGI@Z 0010e250 f   KERNEL:ne1000.obj
 0001:0000de90       ?EmptyISR@IDT@@SAXXZ       0010e290 f   KERNEL:idt.obj
 0001:0000dea0       ?GetIR@IDT@@SAPAUIDT_DESCRIPTOR@@I@Z 0010e2a0 f   KERNEL:idt.obj
 0001:0000deb0       ?Init@IDT@@SAIXZ           0010e2b0 f   KERNEL:idt.obj
 0001:0000df20       ?SetISR@IDT@@SAIIP6AXXZ@Z  0010e320 f   KERNEL:idt.obj
 0001:0000df60       ?Init@PIC@@SAIXZ           0010e360 f   KERNEL:pic.obj
 0001:0000dfc0       ?InterruptDone@PIC@@SAXG@Z 0010e3c0 f   KERNEL:pic.obj
 0001:0000dff0       ?ReadData@PIC@@CAEE@Z      0010e3f0 f   KERNEL:pic.obj
 0001:0000e020       ?SendCommand@PIC@@CAXEE@Z  0010e420 f   KERNEL:pic.obj
 0001:0000e050       ?SendData@PIC@@CAXGE@Z     0010e450 f   KERNEL:pic.obj
 0001:0000e080       ??0NetInterface@@QAE@PAUPCI_DEVICE@@@Z 0010e480 f   KERNEL:netinterface.obj
 0001:0000e0a0       ?GetIP@NetInterface@@UAE?AUIPv4Address@@XZ 0010e4a0 f i KERNEL:netinterface.obj
 0001:0000e0b0       ?GetMac@NetInterface@@UAE?AUMacAddress@@XZ 0010e4b0 f i KERNEL:netinterface.obj
 0001:0000e0d0       ?Poll@NetInterface@@UAEXXZ 0010e4d0 f i KERNEL:netinterface.obj
 0001:0000e0e0       ?Send@NetInterface@@UAEXPAUNetPacket@@@Z 0010e4e0 f i KERNEL:netinterface.obj
 0001:0000e0e3       ??1type_info@@UAE@XZ       0010e4e3 f   LIBCMT:std_type_info_static.obj
 0001:0000e0ea       ??_Gtype_info@@UAEPAXI@Z   0010e4ea f i LIBCMT:std_type_info_static.obj
 0001:0000e0ea       ??_Etype_info@@UAEPAXI@Z   0010e4ea f i LIBCMT:std_type_info_static.obj
 0001:0000e10d       ??3@YAXPAXI@Z              0010e50d f   LIBCMT:delete_scalar_size.obj
 0002:00000000       ??_C@_06JJGECBPI@?$CFs?5?$CFi?6?$AA@ 0010e600     iso.obj
 0002:00000008       ??_C@_03OFAPEBGM@?$CFs?6?$AA@ 0010e608     iso.obj
 0002:0000000c       ??_C@_03PELOGHMK@?$CFi?6?$AA@ 0010e60c     Mandelbrot.obj
 0002:00000010       ??_C@_06CMGOICJA@Start?6?$AA@ 0010e610     Mandelbrot.obj
 0002:00000018       ??_C@_0BD@OAOOOKEK@Ticks?3?5?$CFi?7FPS?3?5?$CFi?6?$AA@ 0010e618     Mandelbrot.obj
 0002:0000002c       ??_C@_09JHEKFLJE@Zoom?3?5?$CFf?6?$AA@ 0010e62c     Mandelbrot.obj
 0002:00000038       __real@1adaca00            0010e638     Mandelbrot.obj
 0002:00000040       __real@3fe0000000000000    0010e640     Mandelbrot.obj
 0002:00000048       __real@3fe93b645a1cac08    0010e648     Mandelbrot.obj
 0002:00000050       __real@3ff0000000000000    0010e650     Mandelbrot.obj
 0002:00000058       __real@4010000000000000    0010e658     Mandelbrot.obj
 0002:00000060       __real@4088000000000000    0010e660     Mandelbrot.obj
 0002:00000068       __real@40f0000000000000    0010e668     Mandelbrot.obj
 0002:00000070       __real@437f0000            0010e670     Mandelbrot.obj
 0002:00000074       __real@447a0000            0010e674     Mandelbrot.obj
 0002:00000078       ??_C@_0BJ@FHJFEPME@arp?3?5sending?5request?5to?5?$AA@ 0010e678     arp.obj
 0002:00000094       ??_C@_0BH@NFEPIOCG@arp?3?5sending?5reply?5to?5?$AA@ 0010e694     arp.obj
 0002:000000ac       ??_C@_0BB@NPEPEJMJ@ARP?5added?5entry?5?$AA@ 0010e6ac     arp.obj
 0002:000000c0       ??_C@_0O@MBFFJLEF@DHCP?5RECEIVE?6?$AA@ 0010e6c0     dhcp.obj
 0002:000000d0       ??_C@_0O@IJAKJLNJ@Received?5DNS?6?$AA@ 0010e6d0     dns.obj
 0002:000000e0       ??_C@_0BF@DPFFLPFA@DNS?5added?5entry?3?5?$CFs?5?$AA@ 0010e6e0     dns.obj
 0002:000000f5       ??_C@_00CNPNBAHC@?$AA@     0010e6f5     dns.obj
 0002:000000f8       ??_C@_0M@KNKKGHNO@PARSED?5IP?3?5?$AA@ 0010e6f8     http.obj
 0002:00000104       ??_C@_0BO@OHMKJDEI@Flags?3?5?$CFux?7ACK?3?5?$CFui?7SEQ?3?5?$CFui?6?$AA@ 0010e704     tcpsession.obj
 0002:00000124       ??_C@_0L@EIILFCEB@Connected?6?$AA@ 0010e724     tcpsession.obj
 0002:00000130       ??_C@_07IPMAGINO@Closed?6?$AA@ 0010e730     tcpsession.obj
 0002:00000138       ??_C@_0BA@FHBAHEGN@Timeout?5closed?6?$AA@ 0010e738     tcpsession.obj
 0002:00000148       ??_C@_04CDEGOFNM@Cam1?$AA@ 0010e748     3DGame:3DGame.obj
 0002:00000150       ??_C@_05FOLLILPC@Thing?$AA@ 0010e750     3DGame:3DGame.obj
 0002:00000158       ??_C@_05PGDJFNFN@Floor?$AA@ 0010e758     3DGame:3DGame.obj
 0002:00000160       __real@3f800000            0010e760     3DGame:3DGame.obj
 0002:00000164       __real@40a00000            0010e764     3DGame:3DGame.obj
 0002:00000168       __real@41200000            0010e768     3DGame:3DGame.obj
 0002:0000016c       __real@c1700000            0010e76c     3DGame:3DGame.obj
 0002:00000174       ??_7Box@@6B@               0010e774     3DGame:Box.obj
 0002:0000017c       ??_C@_0L@IDFINJJI@sphere?4a3d?$AA@ 0010e77c     3DGame:Box.obj
 0002:00000188       ??_C@_07CKAHAGKJ@img?4bmp?$AA@ 0010e788     3DGame:Box.obj
 0002:00000190       ??_C@_0O@NJFLLBAD@bmp?5not?5found?$AA@ 0010e790     3DGame:Box.obj
 0002:000001a0       ??_C@_04GONFKEIN@Mesh?$AA@ 0010e7a0     3DGame:Box.obj
 0002:000001a8       ??_C@_0P@IGKBPEIJ@SphereCollider?$AA@ 0010e7a8     3DGame:Box.obj
 0002:000001b8       ??_C@_0BB@OKIMFPDP@PhysicsComponent?$AA@ 0010e7b8     3DGame:Box.obj
 0002:000001d0       ??_7Thing@@6B@             0010e7d0     3DGame:Thing.obj
 0002:000001d8       ??_C@_09PCLIKNNA@earth?4bmp?$AA@ 0010e7d8     3DGame:Thing.obj
 0002:000001e4       __real@42200000            0010e7e4     3DGame:Thing.obj
 0002:000001f0       __xmm@80000000800000008000000080000000 0010e7f0     3DGame:Thing.obj
 0002:00000200       __real@40000000            0010e800     GL:Matrix.obj
 0002:00000208       __real@400921fb54442eea    0010e808     GL:Matrix.obj
 0002:00000210       __real@4066800000000000    0010e810     GL:Matrix.obj
 0002:00000218       __real@3fb1eb851eb851ec    0010e818     GL:Color.obj
 0002:00000220       __real@3fcae147ae147ae1    0010e820     GL:Color.obj
 0002:00000228       __real@3fe70a3d70a3d70a    0010e828     GL:Color.obj
 0002:00000230       __xmm@41f00000000000000000000000000000 0010e830     GL:Color.obj
 0002:00000240       ??_C@_05JODGIKH@Light?$AA@ 0010e840     GameEngine:Engine.obj
 0002:00000248       ??_C@_06LOJNHMMK@Thing2?$AA@ 0010e848     GameEngine:Engine.obj
 0002:00000250       ??_C@_0P@ILNAIKMC@FPS?3?5?$CFi?7DT?3?$CFi?6?$AA@ 0010e850     GameEngine:Engine.obj
 0002:00000260       ??_C@_0L@KCHEIND@Ticks?3?5?$CFi?6?$AA@ 0010e860     GameEngine:Engine.obj
 0002:0000026c       ??_C@_08DAHIJCLH@Free?5?$CFi?6?$AA@ 0010e86c     GameEngine:Engine.obj
 0002:00000278       ??_C@_08FHFNDDND@Cam?3?5?$CFs?6?$AA@ 0010e878     GameEngine:Engine.obj
 0002:00000284       ??_C@_07JOHLBHPG@P1?3?5?$CFs?6?$AA@ 0010e884     GameEngine:Engine.obj
 0002:0000028c       ??_C@_0BC@KLOOLLKI@V1?3?5?$FL?$CFf?0?5?$CFf?0?5?$CFf?$FN?6?$AA@ 0010e88c     GameEngine:Engine.obj
 0002:000002a0       ??_C@_0M@CBHEFHKI@Energy?3?5?$CFf?6?$AA@ 0010e8a0     GameEngine:Engine.obj
 0002:000002ac       ??_C@_0BB@PIJAIOHM@List?3?3operator?$FL?$FN?$AA@ 0010e8ac     GameEngine:Engine.obj
 0002:000002c0       ??_C@_0BN@NJEFJLOF@Index?5out?5of?5range?5exception?$AA@ 0010e8c0     GameEngine:Engine.obj
 0002:000002e0       __real@00000000            0010e8e0     GameEngine:Engine.obj
 0002:000002e4       __real@3f000000            0010e8e4     GameEngine:Engine.obj
 0002:000002e8       __real@3fb999999999999a    0010e8e8     GameEngine:Engine.obj
 0002:000002f0       __real@3fc00000            0010e8f0     GameEngine:Engine.obj
 0002:000002f8       __real@401921fb54442eea    0010e8f8     GameEngine:Engine.obj
 0002:00000300       __real@402399999999999a    0010e900     GameEngine:Engine.obj
 0002:00000308       __real@40800000            0010e908     GameEngine:Engine.obj
 0002:0000030c       __real@43c80000            0010e90c     GameEngine:Engine.obj
 0002:00000310       __real@44fa0000            0010e910     GameEngine:Engine.obj
 0002:00000318       ??_7GameObject@@6B@        0010e918     GameEngine:GameObject.obj
 0002:00000320       ??_C@_0L@EJMOOPIK@GameObject?$AA@ 0010e920     GameEngine:GameObject.obj
 0002:0000032c       ??_C@_08LHHBOIOD@Collider?$AA@ 0010e92c     GameEngine:GameObject.obj
 0002:00000338       ??_C@_07ONFAPAAB@Physics?$AA@ 0010e938     GameEngine:GameObject.obj
 0002:00000344       ??_7Camera@@6B@            0010e944     GameEngine:Camera.obj
 0002:00000350       ??_7Component@@6B@         0010e950     GameEngine:Component.obj
 0002:0000035c       ??_7MeshComponent@@6B@     0010e95c     GameEngine:MeshComponent.obj
 0002:00000368       ??_7PhysicsComponent@@6B@  0010e968     GameEngine:PhysicsComponent.obj
 0002:00000374       ??_7SphereCollider@@6B@    0010e974     GameEngine:SphereCollider.obj
 0002:0000037c       ??_C@_05MBDEGLCK@ERROR?$AA@ 0010e97c     GameEngine:ModelLoader.obj
 0002:00000384       ??_C@_0CL@CEJFKDDD@?$FL?$CFf?0?5?$CFf?0?5?$CFf?$FN?5?$FL?$CFf?0?5?$CFf?0?5?$CFf?0?5?$CFf?$FN?5?$FL?$CF@ 0010e984     GameEngine:Transform.obj
 0002:000003b4       ??_7ColliderComponent@@6B@ 0010e9b4     GameEngine:ColliderComponent.obj
 0002:000003bc       ??_C@_03LHCJEHON@nan?$AA@  0010e9bc     Lib:stdio.obj
 0002:000003c0       ??_C@_03OJHLLCGB@inf?$AA@  0010e9c0     Lib:stdio.obj
 0002:000003c4       ??_C@_01GBGANLPD@0?$AA@    0010e9c4     Lib:stdio.obj
 0002:000003c8       __real@3f1a36e2eb1c432d    0010e9c8     Lib:stdio.obj
 0002:000003d0       __real@bf800000            0010e9d0     Lib:stdio.obj
 0002:000003e0       __xmm@46454443424139383736353433323130 0010e9e0     Lib:stdio.obj
 0002:000003f0       ??_C@_0BE@FFHLEPEC@Found?5network?5card?6?$AA@ 0010e9f0     KERNEL:kernel.obj
 0002:00000404       __real@39800000            0010ea04     KERNEL:kernel.obj
 0002:00000408       ??_C@_04PFOHOKJK@?5?5?5?5?$AA@ 0010ea08     KERNEL:debug.obj
 0002:00000410       ??_C@_01CLKCMJKC@?5?$AA@   0010ea10     KERNEL:debug.obj
 0002:00000414       ??_C@_03IKGEINEE@?$CFs?5?$AA@ 0010ea14     KERNEL:debug.obj
 0002:00000588       ??_C@_0BP@IHCJDJGM@?6EXTENDED?5SCANCODE?3?50xE0?50x?$CFx?6?$AA@ 0010eb88     KERNEL:keyboard.obj
 0002:000005a8       ??_C@_0P@JJOCPBNH@?$CFs?$CFi?4?$CFi?4?$CFi?4?$CFi?6?$AA@ 0010eba8     KERNEL:net.obj
 0002:000005b8       ??_C@_0BF@MCJEFIGG@?$CFs?$CFx?3?$CFx?3?$CFx?3?$CFx?3?$CFx?3?$CFx?6?$AA@ 0010ebb8     KERNEL:net.obj
 0002:000005d0       ??_C@_0BK@KHJFGGEJ@Default?5interrupt?5handler?$AA@ 0010ebd0     KERNEL:exceptions.obj
 0002:000005ec       ??_C@_0BB@CAGHCAFL@Division?5by?5zero?$AA@ 0010ebec     KERNEL:exceptions.obj
 0002:00000600       ??_C@_05GCIPIGEI@Debug?$AA@ 0010ec00     KERNEL:exceptions.obj
 0002:00000608       ??_C@_0BH@DLMGGJOP@Non?9Maskable?5interrupt?$AA@ 0010ec08     KERNEL:exceptions.obj
 0002:00000620       ??_C@_0L@DEJAMIEF@Breakpoint?$AA@ 0010ec20     KERNEL:exceptions.obj
 0002:0000062c       ??_C@_08KJPBNJGC@Overflow?$AA@ 0010ec2c     KERNEL:exceptions.obj
 0002:00000638       ??_C@_0BF@KABNNNC@Bound?5range?5exceeded?$AA@ 0010ec38     KERNEL:exceptions.obj
 0002:00000650       ??_C@_0BJ@JILCCCBH@0x?$CFux?70x?$CFux?70x?$CFux?70x?$CFux?6?$AA@ 0010ec50     KERNEL:exceptions.obj
 0002:0000066c       ??_C@_06NIEMCLMH@0x?$CFux?6?$AA@ 0010ec6c     KERNEL:exceptions.obj
 0002:00000674       ??_C@_0P@GJJPHHDN@Invalid?5opcode?$AA@ 0010ec74     KERNEL:exceptions.obj
 0002:00000684       ??_C@_0BF@COPPNEEP@Device?5not?5available?$AA@ 0010ec84     KERNEL:exceptions.obj
 0002:0000069c       ??_C@_0N@EMHPBCJE@Double?5fault?$AA@ 0010ec9c     KERNEL:exceptions.obj
 0002:000006ac       ??_C@_0BM@FLNHCLJG@Coprocessor?5segment?5overrun?$AA@ 0010ecac     KERNEL:exceptions.obj
 0002:000006c8       ??_C@_0M@OLMALBPG@Invalid?5TSS?$AA@ 0010ecc8     KERNEL:exceptions.obj
 0002:000006d4       ??_C@_0BE@FPPPAKKN@Segment?5not?5present?$AA@ 0010ecd4     KERNEL:exceptions.obj
 0002:000006e8       ??_C@_0BE@OLMOIPB@Stack?9segment?5fault?$AA@ 0010ece8     KERNEL:exceptions.obj
 0002:000006fc       ??_C@_0BJ@LDJBBLLL@General?5protection?5fault?$AA@ 0010ecfc     KERNEL:exceptions.obj
 0002:00000718       ??_C@_0L@JBNHOLPF@Page?5fault?$AA@ 0010ed18     KERNEL:exceptions.obj
 0002:00000724       ??_C@_0O@EBPJONIA@15?5?$CIReserved?$CJ?$AA@ 0010ed24     KERNEL:exceptions.obj
 0002:00000734       ??_C@_0BN@OAPCMCOK@x87?5Floating?9point?5exception?$AA@ 0010ed34     KERNEL:exceptions.obj
 0002:00000754       ??_C@_0BA@DMDLEFCI@Alignment?5check?$AA@ 0010ed54     KERNEL:exceptions.obj
 0002:00000764       ??_C@_0O@LHBOKIFP@Machine?5check?$AA@ 0010ed64     KERNEL:exceptions.obj
 0002:00000774       ??_C@_0BO@PAHIJHOM@SIMD?5floating?9point?5exception?$AA@ 0010ed74     KERNEL:exceptions.obj
 0002:00000798       ??_C@_0EO@NIHBEAOP@Bus?3?5?$CFx?5Device?3?5?$CFx?5Function?3?5?$CFx?5@ 0010ed98     KERNEL:pci.obj
 0002:000007ec       ??_7E1000@@6B@             0010edec     KERNEL:ne1000.obj
 0002:000007fc       ??_C@_04BLELHJJM@IP?3?5?$AA@ 0010edfc     KERNEL:ne1000.obj
 0002:00000804       ??_C@_05MMECAFBK@Mac?3?5?$AA@ 0010ee04     KERNEL:ne1000.obj
 0002:00000810       ??_7NetInterface@@6B@      0010ee10     KERNEL:netinterface.obj
 0002:00000824       ??_7type_info@@6B@         0010ee24     LIBCMT:std_type_info_static.obj
 0002:00000884       ??_R4Box@@6B@              0010ee84     3DGame:Box.obj
 0002:00000898       ??_R3Box@@8                0010ee98     3DGame:Box.obj
 0002:000008a8       ??_R2Box@@8                0010eea8     3DGame:Box.obj
 0002:000008b4       ??_R1A@?0A@EA@Box@@8       0010eeb4     3DGame:Box.obj
 0002:000008d0       ??_R1A@?0A@EA@GameObject@@8 0010eed0     3DGame:Box.obj
 0002:000008ec       ??_R3GameObject@@8         0010eeec     3DGame:Box.obj
 0002:000008fc       ??_R2GameObject@@8         0010eefc     3DGame:Box.obj
 0002:00000904       ??_R4Thing@@6B@            0010ef04     3DGame:Thing.obj
 0002:00000918       ??_R3Thing@@8              0010ef18     3DGame:Thing.obj
 0002:00000928       ??_R2Thing@@8              0010ef28     3DGame:Thing.obj
 0002:00000934       ??_R1A@?0A@EA@Thing@@8     0010ef34     3DGame:Thing.obj
 0002:00000950       ??_R4GameObject@@6B@       0010ef50     GameEngine:GameObject.obj
 0002:00000964       ??_R4Camera@@6B@           0010ef64     GameEngine:Camera.obj
 0002:00000978       ??_R3Camera@@8             0010ef78     GameEngine:Camera.obj
 0002:00000988       ??_R2Camera@@8             0010ef88     GameEngine:Camera.obj
 0002:00000994       ??_R1A@?0A@EA@Camera@@8    0010ef94     GameEngine:Camera.obj
 0002:000009b0       ??_R4Component@@6B@        0010efb0     GameEngine:Component.obj
 0002:000009c4       ??_R3Component@@8          0010efc4     GameEngine:Component.obj
 0002:000009d4       ??_R2Component@@8          0010efd4     GameEngine:Component.obj
 0002:000009dc       ??_R1A@?0A@EA@Component@@8 0010efdc     GameEngine:Component.obj
 0002:000009f8       ??_R4MeshComponent@@6B@    0010eff8     GameEngine:MeshComponent.obj
 0002:00000a0c       ??_R3MeshComponent@@8      0010f00c     GameEngine:MeshComponent.obj
 0002:00000a1c       ??_R2MeshComponent@@8      0010f01c     GameEngine:MeshComponent.obj
 0002:00000a2c       ??_R1A@?0A@EA@MeshComponent@@8 0010f02c     GameEngine:MeshComponent.obj
 0002:00000a48       ??_R1M@?0A@EA@IMesh@@8     0010f048     GameEngine:MeshComponent.obj
 0002:00000a64       ??_R3IMesh@@8              0010f064     GameEngine:MeshComponent.obj
 0002:00000a74       ??_R2IMesh@@8              0010f074     GameEngine:MeshComponent.obj
 0002:00000a7c       ??_R1A@?0A@EA@IMesh@@8     0010f07c     GameEngine:MeshComponent.obj
 0002:00000a98       ??_R4PhysicsComponent@@6B@ 0010f098     GameEngine:PhysicsComponent.obj
 0002:00000aac       ??_R3PhysicsComponent@@8   0010f0ac     GameEngine:PhysicsComponent.obj
 0002:00000abc       ??_R2PhysicsComponent@@8   0010f0bc     GameEngine:PhysicsComponent.obj
 0002:00000ac8       ??_R1A@?0A@EA@PhysicsComponent@@8 0010f0c8     GameEngine:PhysicsComponent.obj
 0002:00000ae4       ??_R4SphereCollider@@6B@   0010f0e4     GameEngine:SphereCollider.obj
 0002:00000af8       ??_R3SphereCollider@@8     0010f0f8     GameEngine:SphereCollider.obj
 0002:00000b08       ??_R2SphereCollider@@8     0010f108     GameEngine:SphereCollider.obj
 0002:00000b18       ??_R1A@?0A@EA@SphereCollider@@8 0010f118     GameEngine:SphereCollider.obj
 0002:00000b34       ??_R1A@?0A@EA@ColliderComponent@@8 0010f134     GameEngine:SphereCollider.obj
 0002:00000b50       ??_R3ColliderComponent@@8  0010f150     GameEngine:SphereCollider.obj
 0002:00000b60       ??_R2ColliderComponent@@8  0010f160     GameEngine:SphereCollider.obj
 0002:00000b6c       ??_R4ColliderComponent@@6B@ 0010f16c     GameEngine:ColliderComponent.obj
 0002:00000b80       ??_R4E1000@@6B@            0010f180     KERNEL:ne1000.obj
 0002:00000b94       ??_R3E1000@@8              0010f194     KERNEL:ne1000.obj
 0002:00000ba4       ??_R2E1000@@8              0010f1a4     KERNEL:ne1000.obj
 0002:00000bb0       ??_R1A@?0A@EA@E1000@@8     0010f1b0     KERNEL:ne1000.obj
 0002:00000bcc       ??_R1A@?0A@EA@NetInterface@@8 0010f1cc     KERNEL:ne1000.obj
 0002:00000be8       ??_R3NetInterface@@8       0010f1e8     KERNEL:ne1000.obj
 0002:00000bf8       ??_R2NetInterface@@8       0010f1f8     KERNEL:ne1000.obj
 0002:00000c00       ??_R4NetInterface@@6B@     0010f200     KERNEL:netinterface.obj
 0002:00000c14       ??_R4type_info@@6B@        0010f214     LIBCMT:std_type_info_static.obj
 0002:00000c28       ??_R3type_info@@8          0010f228     LIBCMT:std_type_info_static.obj
 0002:00000c38       ??_R2type_info@@8          0010f238     LIBCMT:std_type_info_static.obj
 0002:00000c40       ??_R1A@?0A@EA@type_info@@8 0010f240     LIBCMT:std_type_info_static.obj
 0003:00000000       ?count@@3HA                0010f400     Mandelbrot.obj
 0003:00002008       ?acc@@3MA                  00111408     3DGame:Thing.obj
 0003:00003010       ?m_width@GL@gl@@2IA        00112410     GL:GL.obj
 0003:00003014       ?m_height@GL@gl@@2IA       00112414     GL:GL.obj
 0003:00003018       ?bound_tex@gl@@3HA         00112418     GL:GL.obj
 0003:0000301c       ?p4@@3MA                   0011241c     GameEngine:Engine.obj
 0003:00003020       ?p5@@3MA                   00112420     GameEngine:Engine.obj
 0003:00003028       ?color@Debug@@2IA          00112428     KERNEL:debug.obj
 0003:00004030       __fltused                  00113430     LIBCMT:fltused.obj
 0003:00004034       ??_R0?AVBox@@@8            00113434     3DGame:Box.obj
 0003:00004048       ??_R0?AVGameObject@@@8     00113448     3DGame:Box.obj
 0003:00004064       ??_R0?AVThing@@@8          00113464     3DGame:Thing.obj
 0003:00004078       ??_R0?AVCamera@@@8         00113478     GameEngine:Camera.obj
 0003:00004090       ??_R0?AVComponent@@@8      00113490     GameEngine:Component.obj
 0003:000040a8       ??_R0?AVMeshComponent@@@8  001134a8     GameEngine:MeshComponent.obj
 0003:000040c4       ??_R0?AVIMesh@@@8          001134c4     GameEngine:MeshComponent.obj
 0003:000040d8       ??_R0?AVPhysicsComponent@@@8 001134d8     GameEngine:PhysicsComponent.obj
 0003:000040f8       ??_R0?AVSphereCollider@@@8 001134f8     GameEngine:SphereCollider.obj
 0003:00004118       ??_R0?AVColliderComponent@@@8 00113518     GameEngine:SphereCollider.obj
 0003:00004138       ??_R0?AVE1000@@@8          00113538     KERNEL:ne1000.obj
 0003:0000414c       ??_R0?AVNetInterface@@@8   0011354c     KERNEL:ne1000.obj
 0003:00004168       ??_R0?AVtype_info@@@8      00113568     LIBCMT:std_type_info_static.obj
 0003:00004180       ?_kernel_stack@@3PADA      00113580     boot.obj
 0003:00006120       ?desc@@3PAUISO_PRIMARYDESC@@A 00115520     iso.obj
 0003:00006124       ?root@@3PAUISO_DIRECTORY@@A 00115524     iso.obj
 0003:00006128       ?tz@@3UComplex@@A          00115528     Mandelbrot.obj
 0003:00006130       ?arp_cache@ARP@@0PAUARP_TABLE_ENTRY@@A 00115530     arp.obj
 0003:00006270       ?dns_server@DNS@@2UIPv4Address@@A 00115670     dns.obj
 0003:00006278       ?dns_cache@DNS@@0PAUDNS_TABLE_ENTRY@@A 00115678     dns.obj
 0003:00006478       ?sessions@TCP@@2PAPAVTcpSession@@A 00115878     tcp.obj
 0003:000064f8       ?phys@@3PAVPhysicsComponent@@A 001158f8     3DGame:Thing.obj
 0003:000064fc       ?vel@@3MA                  001158fc     3DGame:Thing.obj
 0003:00006500       ?m_textures@GL@gl@@2PAPAVBMP@@A 00115900     GL:GL.obj
 0003:00006580       ?tex_index@gl@@3HA         00115980     GL:GL.obj
 0003:00006584       ?mat_mode@gl@@3W4GLMatrixMode@@A 00115984     GL:GL.obj
 0003:00006588       ?mat_stack_index@gl@@3HA   00115988     GL:GL.obj
 0003:0000658c       ?vert_ptr@gl@@3PAUVertex@1@A 0011598c     GL:GL.obj
 0003:00006590       ?mat_viewmodel@gl@@3UMatrix@1@A 00115990     GL:GL.obj
 0003:000065d0       ?mat_stack@gl@@3PAUMatrix@1@A 001159d0     GL:GL.obj
 0003:00006dd0       ?mat_projection@gl@@3UMatrix@1@A 001161d0     GL:GL.obj
 0003:00006e10       ?depth_buffer@Rasterizer@gl@@2PAMA 00116210     GL:Rasterizer.obj
 0003:00006e14       ?p1@@3HA                   00116214     GameEngine:Engine.obj
 0003:00006e18       ?p2@@3MA                   00116218     GameEngine:Engine.obj
 0003:00006e1c       ?p3@@3MA                   0011621c     GameEngine:Engine.obj
 0003:00006e20       ?ticks@@3HA                00116220     GameEngine:Engine.obj
 0003:00006e24       ?last_mouse_pos@@3UVector@@A 00116224     GameEngine:Engine.obj
 0003:00006e30       ?mem_left@@3HA             00116230     KERNEL:kernel.obj
 0003:00006e34       ?mem_ptr@@3PAEA            00116234     KERNEL:kernel.obj
 0003:00006e38       ?x@Debug@@2HA              00116238     KERNEL:debug.obj
 0003:00006e3c       ?y@Debug@@2HA              0011623c     KERNEL:debug.obj
 0003:00006e40       ?bcolor@Debug@@2IA         00116240     KERNEL:debug.obj
 0003:00006e48       ?mode@VBE@@2UVBE_MODE_INFO@@A 00116248     KERNEL:vbe.obj
 0003:00006f48       ?buffer@VBE@@2PAIA         00116348     KERNEL:vbe.obj
 0003:00006f4c       ?mem_base@VBE@@0PAIA       0011634c     KERNEL:vbe.obj
 0003:00006f50       ?mem_max@VBE@@0PAIA        00116350     KERNEL:vbe.obj
 0003:00006f54       ?mem_size@VBE@@0IA         00116354     KERNEL:vbe.obj
 0003:00006f58       ?bytes_per_pixel@VBE@@0IA  00116358     KERNEL:vbe.obj
 0003:00006f5c       ?pixel_count@VBE@@0IA      0011635c     KERNEL:vbe.obj
 0003:00006f60       ?ctrl@Keyboard@@2_NA       00116360     KERNEL:keyboard.obj
 0003:00006f61       ?shift@Keyboard@@2_NA      00116361     KERNEL:keyboard.obj
 0003:00006f62       ?alt@Keyboard@@2_NA        00116362     KERNEL:keyboard.obj
 0003:00006f63       ?caps@Keyboard@@2_NA       00116363     KERNEL:keyboard.obj
 0003:00006f64       ?num@Keyboard@@2_NA        00116364     KERNEL:keyboard.obj
 0003:00006f65       ?scroll@Keyboard@@2_NA     00116365     KERNEL:keyboard.obj
 0003:00006f66       ?extended@@3_NA            00116366     KERNEL:keyboard.obj
 0003:00006f67       ?scancode@@3EA             00116367     KERNEL:keyboard.obj
 0003:00006f68       ?keystates@@3PA_NA         00116368     KERNEL:keyboard.obj
 0003:00007067       ?scan@@3EA                 00116467     KERNEL:keyboard.obj
 0003:00007068       ?last_key@@3UKEY_PACKET@@A 00116468     KERNEL:keyboard.obj
 0003:00007074       ?pressed@@3_NA             00116474     KERNEL:keyboard.obj
 0003:00007078       ?key@@3W4KEYCODE@@A        00116478     KERNEL:keyboard.obj
 0003:0000707c       ?ticks@PIT@@2IA            0011647c     KERNEL:pit.obj
 0003:00007080       ?x@Mouse@@2HA              00116480     KERNEL:mouse.obj
 0003:00007084       ?y@Mouse@@2HA              00116484     KERNEL:mouse.obj
 0003:00007088       ?sensitivity@Mouse@@2MA    00116488     KERNEL:mouse.obj
 0003:0000708c       ?mouse_L@Mouse@@2_NA       0011648c     KERNEL:mouse.obj
 0003:0000708d       ?mouse_R@Mouse@@2_NA       0011648d     KERNEL:mouse.obj
 0003:0000708e       ?mouse_M@Mouse@@2_NA       0011648e     KERNEL:mouse.obj
 0003:0000708f       ?mouse_cycle@Mouse@@0EA    0011648f     KERNEL:mouse.obj
 0003:00007090       ?scroll_x@Mouse@@2HA       00116490     KERNEL:mouse.obj
 0003:00007094       ?scroll_y@Mouse@@2HA       00116494     KERNEL:mouse.obj
 0003:00007098       ?w@Mouse@@0IA              00116498     KERNEL:mouse.obj
 0003:0000709c       ?h@Mouse@@0IA              0011649c     KERNEL:mouse.obj
 0003:000070a0       ?mouse_byte@Mouse@@0PACA   001164a0     KERNEL:mouse.obj
 0003:000070a4       ?initialized@Mouse@@0_NA   001164a4     KERNEL:mouse.obj
 0003:000070a8       ?intf@KNet@@2PAVNetInterface@@A 001164a8     KERNEL:net.obj
 0003:000070ac       ?GatewayIPv4@KNet@@2UIPv4Address@@A 001164ac     KERNEL:net.obj
 0003:000070b0       ?GatewayMAC@KNet@@2UMacAddress@@A 001164b0     KERNEL:net.obj
 0003:000070b8       ?BroadcastMAC@KNet@@2UMacAddress@@A 001164b8     KERNEL:net.obj
 0003:000070c0       ?BroadcastIPv4@KNet@@2UIPv4Address@@A 001164c0     KERNEL:net.obj
 0003:000070c4       ?NullMAC@KNet@@2UMacAddress@@A 001164c4     KERNEL:net.obj
 0003:000070cc       ?NullIPv4@KNet@@2UIPv4Address@@A 001164cc     KERNEL:net.obj
 0003:000070d0       ?num_blocks@Memory@@2IA    001164d0     KERNEL:memory.obj
 0003:000070d4       ?num_free@Memory@@2IA      001164d4     KERNEL:memory.obj
 0003:000070d8       ?mem_size@Memory@@2IA      001164d8     KERNEL:memory.obj
 0003:000070dc       ?mem_map@Memory@@0PAIA     001164dc     KERNEL:memory.obj
 0003:000070e0       ?global_e@E1000@@0PAV1@A   001164e0     KERNEL:ne1000.obj
 0003:000070e8       ?idt@IDT@@0PAUIDT_DESCRIPTOR@@A 001164e8     KERNEL:idt.obj
 0003:000078e8       ?idt_reg@IDT@@0UIDT_REG@@A 00116ce8     KERNEL:idt.obj

 entry point at        0000:00000000

 Static symbols

 0002:ffff1a00       __guard_fids__             00100000     LIBCMT:std_type_info_static.obj
 0001:00000000       ??__Emat_projection@gl@@YAXXZ 00100400 f   GL:GL.obj
 0001:00000010       ??__Emat_stack@gl@@YAXXZ   00100410 f   GL:GL.obj
 0001:00000040       ??__Emat_viewmodel@gl@@YAXXZ 00100440 f   GL:GL.obj
 0001:00000050       ??__Elast_mouse_pos@@YAXXZ 00100450 f   GameEngine:Engine.obj
 0001:000022a8       $LN28                      001026a8     tcpsession.obj
 0001:0000a920       $LN49                      0010ad20     Lib:stdio.obj
 0001:0000a93c       $LN44                      0010ad3c     Lib:stdio.obj
 0001:0000ae18       $LN28                      0010b218     KERNEL:debug.obj
 0001:0000af68       $LN21                      0010b368     KERNEL:debug.obj
 0001:0000b920       $LN59                      0010bd20     KERNEL:keyboard.obj
 0001:0000b948       $LN60                      0010bd48     KERNEL:keyboard.obj
 0001:0000b978       $LN61                      0010bd78     KERNEL:keyboard.obj
 0001:0000b9b0       $LN56                      0010bdb0     KERNEL:keyboard.obj
 0002:00000418       ?scancodes@@3QBW4KEYCODE@@B 0010ea18     KERNEL:keyboard.obj
 0003:00000008       ?DEFAULT_FONT@@3PAEA       0010f408     3DGame:3DGame.obj
 0003:00001008       ?DEFAULT_FONT@@3PAEA       00110408     3DGame:Box.obj
 0003:00002010       ?DEFAULT_FONT@@3PAEA       00111410     3DGame:Thing.obj
 0003:00003024       ?next@@3KA                 00112424     Lib:math.obj
 0003:00003030       ?DEFAULT_FONT@@3PAEA       00112430     KERNEL:vbe.obj
 0004:00000000       ?mat_projection$initializer$@gl@@3P6AXXZA 00116e00     GL:GL.obj
 0004:00000004       ?mat_viewmodel$initializer$@gl@@3P6AXXZA 00116e04     GL:GL.obj
 0004:00000008       ?mat_stack$initializer$@gl@@3P6AXXZA 00116e08     GL:GL.obj
 0004:0000000c       ?last_mouse_pos$initializer$@@3P6AXXZA 00116e0c     GameEngine:Engine.obj
