 AndyOS

 Timestamp is 59b538c3 (Sun Sep 10 15:06:11 2017)

 Preferred load address is 00100000

 Start         Length     Name                   Class
 0001:00000000 000000e0H .text$di                CODE
 0001:000000e0 00012b81H .text$mn                CODE
 0002:00000000 00000000H .gfids$y                DATA
 0002:00000000 000008d4H .rdata                  DATA
 0002:000008d4 0000033cH .rdata$r                DATA
 0002:00000c10 00000000H .edata                  DATA
 0002:00000c10 00000128H .rdata$zzzdbg           DATA
 0003:00000000 0000402cH .data                   DATA
 0003:0000402c 00000114H .data$r                 DATA
 0003:00004140 000037eeH .bss                    DATA
 0004:00000000 00000028H .CRT$XCU                DATA

  Address         Publics by Value              Rva+Base       Lib:Object

 0000:00000000       ___guard_iat_table         00000000     <absolute>
 0000:00000000       ___enclave_config          00000000     <absolute>
 0000:00000000       ___guard_longjmp_table     00000000     <absolute>
 0000:00000000       ___guard_longjmp_count     00000000     <absolute>
 0000:00000000       ___guard_fids_count        00000000     <absolute>
 0000:00000000       ___hybrid_auxiliary_iat    00000000     <absolute>
 0000:00000000       ___safe_se_handler_table   00000000     <absolute>
 0000:00000000       ___hybrid_code_map_count   00000000     <absolute>
 0000:00000000       ___hybrid_code_map         00000000     <absolute>
 0000:00000000       ___safe_se_handler_count   00000000     <absolute>
 0000:00000000       ___guard_iat_count         00000000     <absolute>
 0000:00000000       ___guard_fids_table        00000000     <absolute>
 0000:00000000       ___guard_flags             00000000     <absolute>
 0000:00000000       ___dynamic_value_reloc_table 00000000     <absolute>
 0001:000000e0       ??0BMP@@QAE@PAX@Z          001004e0 f   bmp.obj
 0001:00000160       ??0BMP@@QAE@PAXHH@Z        00100560 f   bmp.obj
 0001:000001b0       ?OSBoot@@YAXPAUMULTIBOOT_HEADER@@@Z 001005b0 f   boot.obj
 0001:000001f0       ?ReadFile@FileSystem@@SAIPADAAPAD@Z 001005f0 f   FileSystem.obj
 0001:00000200       ?FindFile@ISO_FS@@SAPAUISO_DIRECTORY@@PAD@Z 00100600 f   iso.obj
 0001:000002d0       ?Init@ISO_FS@@SAIXZ        001006d0 f   iso.obj
 0001:00000340       ?ListFiles@ISO_FS@@SAHPAD@Z 00100740 f   iso.obj
 0001:000003e0       ?ReadFile@ISO_FS@@SAIPADAAPAD@Z 001007e0 f   iso.obj
 0001:000004d0       ?ReadFile@ISO_FS@@SAIPAUISO_DIRECTORY@@AAPAD@Z 001008d0 f   iso.obj
 0001:00000500       ?Create@Mandelbrot@@SAXHH@Z 00100900 f   Mandelbrot.obj
 0001:00000990       ?GiveLastIteration@@YAHNNNNHH@Z 00100d90 f   Mandelbrot.obj
 0001:00000a10       ?stuff@@YAXXZ              00100e10 f   Mandelbrot.obj
 0001:00000a90       ?AddEntry@ARP@@SAXUMacAddress@@UIPv4Address@@@Z 00100e90 f   arp.obj
 0001:00000b20       ?Decode@ARP@@SA_NPAUARP_Header@@PAUNetPacket@@@Z 00100f20 f   arp.obj
 0001:00000b90       ?Init@ARP@@SAIXZ           00100f90 f   arp.obj
 0001:00000bf0       ?LookupMac@ARP@@SA?AUMacAddress@@UIPv4Address@@@Z 00100ff0 f   arp.obj
 0001:00000c70       ?Receive@ARP@@SAXPAVNetInterface@@PAUNetPacket@@@Z 00101070 f   arp.obj
 0001:00000db0       ?Send@ARP@@SAXPAVNetInterface@@UMacAddress@@UIPv4Address@@G@Z 001011b0 f   arp.obj
 0001:00000e70       ?SendReply@ARP@@CAXPAVNetInterface@@PAUARP_Header@@@Z 00101270 f   arp.obj
 0001:00000eb0       ?SendRequest@ARP@@SAXPAVNetInterface@@UIPv4Address@@@Z 001012b0 f   arp.obj
 0001:00000ef0       ?DoStuff@DHCP@@SAXPAVNetInterface@@UIPv4Address@@@Z 001012f0 f   dhcp.obj
 0001:00000fd0       ?Receive@DHCP@@SAXPAVNetInterface@@PAUIPv4_Header@@PAUUDP_Packet@@PAUNetPacket@@@Z 001013d0 f   dhcp.obj
 0001:00000fe0       ?AddEntry@DNS@@SAXPADUIPv4Address@@@Z 001013e0 f   dns.obj
 0001:00001060       ?AppendDomain@DNS@@CAPAEPAEPAD@Z 00101460 f   dns.obj
 0001:000010c0       ?Decode@DNS@@SA_NPAUDNS_Packet@@PAUUDP_Packet@@@Z 001014c0 f   dns.obj
 0001:00001140       ?Init@DNS@@SAIXZ           00101540 f   dns.obj
 0001:00001180       ?LookupAddress@DNS@@SA?AUIPv4Address@@PAD@Z 00101580 f   dns.obj
 0001:000011c0       ?ParseAnswer@DNS@@CAPAEPAUDNS_Answer@@PAE@Z 001015c0 f   dns.obj
 0001:00001220       ?ParseDomain@DNS@@CAPAEPADPAE@Z 00101620 f   dns.obj
 0001:00001260       ?Query@DNS@@SAXPAVNetInterface@@PAD@Z 00101660 f   dns.obj
 0001:00001340       ?Receive@DNS@@SAXPAVNetInterface@@PAUIPv4_Header@@PAUUDP_Packet@@PAUNetPacket@@@Z 00101740 f   dns.obj
 0001:000014a0       ?CreatePacket@Eth@@SAPAUNetPacket@@PAVNetInterface@@UMacAddress@@GI@Z 001018a0 f   eth.obj
 0001:00001510       ?Decode@Eth@@SA_NPAUEthPacket@@PAUNetPacket@@@Z 00101910 f   eth.obj
 0001:00001590       ?Receive@Eth@@SAXPAVNetInterface@@PAUNetPacket@@@Z 00101990 f   eth.obj
 0001:00001630       ?Send@Eth@@SAXPAVNetInterface@@PAUNetPacket@@@Z 00101a30 f   eth.obj
 0001:00001640       ??0WebClient@@QAE@XZ       00101a40 f   http.obj
 0001:00001650       ?Download@WebClient@@QAEHVString@std@@AAPAE@Z 00101a50 f   http.obj
 0001:00001670       ?Send@WebClient@@QAEXVString@std@@PAEI@Z 00101a70 f   http.obj
 0001:000016f0       ?Decode@ICMP@@SA_NPAUICMP_Packet@@PAUNetPacket@@@Z 00101af0 f   icmp.obj
 0001:00001760       ?Receive@ICMP@@SAXPAVNetInterface@@PAUIPv4_Header@@PAUNetPacket@@@Z 00101b60 f   icmp.obj
 0001:000017b0       ?Send@ICMP@@SAXPAVNetInterface@@PAUICMP_Packet@@UIPv4Address@@E@Z 00101bb0 f   icmp.obj
 0001:00001850       ?SendReply@ICMP@@SAXPAVNetInterface@@PAUICMP_Packet@@UIPv4Address@@@Z 00101c50 f   icmp.obj
 0001:000018e0       ?CreatePacket@IPv4@@SAPAUNetPacket@@PAVNetInterface@@UIPv4Address@@EI@Z 00101ce0 f   ipv4.obj
 0001:00001a60       ?Decode@IPv4@@SA_NPAUIPv4_Header@@PAUNetPacket@@@Z 00101e60 f   ipv4.obj
 0001:00001ad0       ?Receive@IPv4@@SAXPAVNetInterface@@PAUEthPacket@@PAUNetPacket@@@Z 00101ed0 f   ipv4.obj
 0001:00001bd0       ?Send@IPv4@@SAXPAVNetInterface@@PAUNetPacket@@@Z 00101fd0 f   ipv4.obj
 0001:00001be0       ?Init@Net@@SAIXZ           00101fe0 f   net.obj
 0001:00001bf0       ?NetEthReceive@@YAXPAVNetInterface@@PAUNetPacket@@@Z 00101ff0 f   net.obj
 0001:00001c00       ?CreatePacket@TCP@@SAPAUNetPacket@@PAVNetInterface@@UIPv4Address@@GGEIIPAEI@Z 00102000 f   tcp.obj
 0001:00001cf0       ?CreateSession@TCP@@SAPAVTcpSession@@XZ 001020f0 f   tcp.obj
 0001:00001d30       ?Decode@TCP@@SA_NPAUTCP_Packet@@PAUNetPacket@@@Z 00102130 f   tcp.obj
 0001:00001de0       ?Receive@TCP@@SAXPAVNetInterface@@PAUIPv4_Header@@PAUNetPacket@@@Z 001021e0 f   tcp.obj
 0001:00001ee0       ?Send@TCP@@SAXPAVNetInterface@@PAUNetPacket@@@Z 001022e0 f   tcp.obj
 0001:00001ef0       ??0TcpSession@@QAE@XZ      001022f0 f   tcpsession.obj
 0001:00001f10       ?Close@TcpSession@@QAEXXZ  00102310 f   tcpsession.obj
 0001:00002010       ?Connect@TcpSession@@QAEXUIPv4Address@@G@Z 00102410 f   tcpsession.obj
 0001:00002190       ?Listen@TcpSession@@QAEXG@Z 00102590 f   tcpsession.obj
 0001:000021c0       ?Receive@TcpSession@@QAEXPAUIPv4_Header@@PAUTCP_Packet@@@Z 001025c0 f   tcpsession.obj
 0001:00002350       ?ReceivedData@TcpSession@@QAEXPAUIPv4_Header@@PAUTCP_Packet@@@Z 00102750 f   tcpsession.obj
 0001:000023b0       ?Reset@TcpSession@@AAEXXZ  001027b0 f   tcpsession.obj
 0001:000023d0       ?Send@TcpSession@@AAE_NEPAEI@Z 001027d0 f   tcpsession.obj
 0001:00002420       ?SendData@TcpSession@@QAE_NPAEI@Z 00102820 f   tcpsession.obj
 0001:00002470       ??0TcpSocket@@QAE@XZ       00102870 f   tcpsocket.obj
 0001:00002480       ?Close@TcpSocket@@QAE_NXZ  00102880 f   tcpsocket.obj
 0001:000024a0       ?Connect@TcpSocket@@QAE_NUIPv4Address@@G@Z 001028a0 f   tcpsocket.obj
 0001:000024d0       ?Listen@TcpSocket@@QAE_NG@Z 001028d0 f   tcpsocket.obj
 0001:00002500       ?Send@TcpSocket@@QAE_NPAEI@Z 00102900 f   tcpsocket.obj
 0001:00002530       ?CreatePacket@UDP@@SAPAUNetPacket@@PAVNetInterface@@UIPv4Address@@GGPAEI@Z 00102930 f   udp.obj
 0001:000025f0       ?Decode@UDP@@SA_NPAUUDP_Packet@@PAUNetPacket@@@Z 001029f0 f   udp.obj
 0001:00002660       ?Receive@UDP@@SAXPAVNetInterface@@PAUIPv4_Header@@PAUNetPacket@@@Z 00102a60 f   udp.obj
 0001:00002710       ?Send@UDP@@SAXPAVNetInterface@@PAUNetPacket@@@Z 00102b10 f   udp.obj
 0001:00002720       ??0UdpSocket@@QAE@G@Z      00102b20 f   udpsocket.obj
 0001:00002740       ??1UdpSocket@@QAE@XZ       00102b40 f   udpsocket.obj
 0001:00002750       ?Receive@UdpSocket@@QAEHAAPAE@Z 00102b50 f   udpsocket.obj
 0001:00002760       ?Send@UdpSocket@@QAEXUIPv4Address@@PAEG@Z 00102b60 f   udpsocket.obj
 0001:000027a0       ??_H@YGXPAXIIP6EPAX0@Z@Z   00102ba0 f i OS.obj
 0001:000027d0       ?Main@OS@@SAXXZ            00102bd0 f   OS.obj
 0001:00002820       ?ThrowException@OS@@SAXPAD0@Z 00102c20 f   OS.obj
 0001:00002830       ?Add@?$List@VString@std@@@std@@QAEXVString@2@@Z 00102c30 f i string.obj
 0001:00002930       ?Split@String@std@@QAEXAAV?$List@VString@std@@@2@D@Z 00102d30 f   string.obj
 0001:00002a70       ??$CreateCamera@VCamera@@@Game@@QAEPAVCamera@@VString@std@@@Z 00102e70 f i 3DGame:3DGame.obj
 0001:00002ae0       ??$CreateObject@VMyBox@@@Game@@QAEPAVMyBox@@VString@std@@@Z 00102ee0 f i 3DGame:3DGame.obj
 0001:00002b50       ??$CreateObject@VThing@@@Game@@QAEPAVThing@@VString@std@@@Z 00102f50 f i 3DGame:3DGame.obj
 0001:00002bc0       ??0MyGame@@QAE@XZ          00102fc0 f   3DGame:3DGame.obj
 0001:00002dd0       ??0String@std@@QAE@PAD@Z   001031d0 f i 3DGame:3DGame.obj
 0001:00002e40       ??1String@std@@QAE@XZ      00103240 f i 3DGame:3DGame.obj
 0001:00002e70       ??$CreateComponent@VMeshComponent@@@GameObject@@QAEPAVMeshComponent@@VString@std@@@Z 00103270 f i 3DGame:MyBox.obj
 0001:00002ee0       ??$CreateComponent@VRigidbody@@@GameObject@@QAEPAVRigidbody@@VString@std@@@Z 001032e0 f i 3DGame:MyBox.obj
 0001:00002f50       ??0MyBox@@QAE@XZ           00103350 f   3DGame:MyBox.obj
 0001:00003090       ?Start@GameObject@@UAEXXZ  00103490 f i 3DGame:MyBox.obj
 0001:000030b0       ?Update@GameObject@@UAEXM@Z 001034b0 f i 3DGame:MyBox.obj
 0001:000030d0       ??0Thing@@QAE@XZ           001034d0 f   3DGame:Thing.obj
 0001:00003220       ??DVector3@@QAE?AU0@M@Z    00103620 f i 3DGame:Thing.obj
 0001:00003280       ?Update@Thing@@UAEXM@Z     00103680 f   3DGame:Thing.obj
 0001:000035c0       ?AddTexture@GL@gl@@SAHPAVBMP@@@Z 001039c0 f   GL:GL.obj
 0001:000035f0       ?BindTexture@GL@gl@@SAXH@Z 001039f0 f   GL:GL.obj
 0001:00003600       ?Clear@GL@gl@@SAXI@Z       00103a00 f   GL:GL.obj
 0001:00003640       ?Draw@GL@gl@@SAXHH@Z       00103a40 f   GL:GL.obj
 0001:00003990       ?Init@GL@gl@@SAIXZ         00103d90 f   GL:GL.obj
 0001:000039d0       ?LightSource@GL@gl@@SAHUVector4@2@@Z 00103dd0 f   GL:GL.obj
 0001:00003a50       ?LoadIdentity@GL@gl@@SAXXZ 00103e50 f   GL:GL.obj
 0001:00003ab0       ?LoadMatrix@GL@gl@@SAXABUMatrix4@2@@Z 00103eb0 f   GL:GL.obj
 0001:00003b00       ?MatrixMode@GL@gl@@SAXW4GLMatrixMode@@@Z 00103f00 f   GL:GL.obj
 0001:00003b10       ?MulMatrix@GL@gl@@SAXABUMatrix4@2@@Z 00103f10 f   GL:GL.obj
 0001:00003b70       ?PopMatrix@GL@gl@@SAXXZ    00103f70 f   GL:GL.obj
 0001:00003bd0       ?PushMatrix@GL@gl@@SAXXZ   00103fd0 f   GL:GL.obj
 0001:00003c30       ?SelectedMatrix@GL@gl@@CAAAUMatrix4@2@XZ 00104030 f   GL:GL.obj
 0001:00003c50       ?SwapBuffers@GL@gl@@SAXXZ  00104050 f   GL:GL.obj
 0001:00003c60       ?VertexPointer@GL@gl@@SAXPAUVertex@2@@Z 00104060 f   GL:GL.obj
 0001:00003c70       ??0Vector4@gl@@QAE@MMMM@Z  00104070 f   GL:Vector4.obj
 0001:00003ca0       ??0Vector4@gl@@QAE@XZ      001040a0 f   GL:Vector4.obj
 0001:00003cc0       ?Cross@Vector4@gl@@SA?AU12@ABU12@0@Z 001040c0 f   GL:Vector4.obj
 0001:00003d30       ?Dot@Vector4@gl@@SAMABU12@0@Z 00104130 f   GL:Vector4.obj
 0001:00003d50       ??0Matrix4@gl@@QAE@QAM@Z   00104150 f   GL:Matrix4.obj
 0001:00003dc0       ??0Matrix4@gl@@QAE@XZ      001041c0 f   GL:Matrix4.obj
 0001:00003df0       ??Dgl@@YA?AUMatrix4@0@ABU10@0@Z 001041f0 f i GL:Matrix4.obj
 0001:00003e30       ??Dgl@@YA?AUMatrix4@0@ABU10@ABM@Z 00104230 f i GL:Matrix4.obj
 0001:00003e70       ??Dgl@@YA?AUVector4@0@ABUMatrix4@0@ABU10@@Z 00104270 f i GL:Matrix4.obj
 0001:00003f70       ??Ggl@@YA?AUMatrix4@0@ABU10@0@Z 00104370 f i GL:Matrix4.obj
 0001:00003fe0       ??Hgl@@YA?AUMatrix4@0@ABU10@0@Z 001043e0 f i GL:Matrix4.obj
 0001:00004050       ??XMatrix4@gl@@QAEAAU01@ABM@Z 00104450 f i GL:Matrix4.obj
 0001:000040f0       ??XMatrix4@gl@@QAEAAU01@ABU01@@Z 001044f0 f i GL:Matrix4.obj
 0001:000044a0       ?CreateOrthographicProjection@Matrix4@gl@@SA?AU12@MMMMMM@Z 001048a0 f   GL:Matrix4.obj
 0001:00004550       ?CreatePerspectiveProjection@Matrix4@gl@@SA?AU12@MMMMM@Z 00104950 f   GL:Matrix4.obj
 0001:00004630       ?CreateRotation@Matrix4@gl@@SA?AU12@UVector4@2@@Z 00104a30 f   GL:Matrix4.obj
 0001:00004840       ?CreateScale@Matrix4@gl@@SA?AU12@UVector4@2@@Z 00104c40 f   GL:Matrix4.obj
 0001:00004880       ?CreateTransformation@Matrix4@gl@@SA?AU12@UVector4@2@00@Z 00104c80 f   GL:Matrix4.obj
 0001:00004bc0       ?CreateTranslation@Matrix4@gl@@SA?AU12@UVector4@2@@Z 00104fc0 f   GL:Matrix4.obj
 0001:00004c20       ?CreateView@Matrix4@gl@@SA?AU12@UVector4@2@000@Z 00105020 f   GL:Matrix4.obj
 0001:00004d40       ?GetElementsPointer@Matrix4@gl@@QAEPAMXZ 00105140 f   GL:Matrix4.obj
 0001:00004d50       ?Inverse@Matrix4@gl@@QAE?AU12@XZ 00105150 f   GL:Matrix4.obj
 0001:00005520       ??0ColRGB@gl@@QAE@I@Z      00105920 f   GL:Color.obj
 0001:000055b0       ??0ColRGB@gl@@QAE@MMM@Z    001059b0 f   GL:Color.obj
 0001:00005610       ??0ColRGB@gl@@QAE@XZ       00105a10 f   GL:Color.obj
 0001:00005630       ??DColRGB@gl@@QAE?AU01@M@Z 00105a30 f   GL:Color.obj
 0001:000056a0       ??HColRGB@gl@@QAE?AU01@U01@@Z 00105aa0 f   GL:Color.obj
 0001:00005710       ??XColRGB@gl@@QAE?AU01@M@Z 00105b10 f   GL:Color.obj
 0001:00005780       ?Luminosity@ColRGB@gl@@QAEMXZ 00105b80 f   GL:Color.obj
 0001:000057d0       ?ToInt@ColRGB@gl@@QAEIXZ   00105bd0 f   GL:Color.obj
 0001:00005810       ??0Vertex@gl@@QAE@MMMUColRGB@1@UVector4@1@@Z 00105c10 f   GL:Vertex.obj
 0001:000058b0       ??0Vertex@gl@@QAE@XZ       00105cb0 f   GL:Vertex.obj
 0001:00005900       ?MulMatrix@Vertex@gl@@QAEXABUMatrix4@2@@Z 00105d00 f   GL:Vertex.obj
 0001:000059d0       ?DrawTriangle2@Rasterizer@gl@@SAXAAUVertex@2@00PAVBMP@@@Z 00105dd0 f   GL:Rasterizer.obj
 0001:000060b0       ?DrawTriangle@Rasterizer@gl@@SAXAAUVertex@2@00PAVBMP@@@Z 001064b0 f   GL:Rasterizer.obj
 0001:00006440       ?EdgeFunction@gl@@YAMABUVector4@1@00@Z 00106840 f   GL:Rasterizer.obj
 0001:00006490       ?EdgeFunction@gl@@YAMABUVector4@1@0MM@Z 00106890 f   GL:Rasterizer.obj
 0001:000064e0       ?Init@Rasterizer@gl@@SAIXZ 001068e0 f   GL:Rasterizer.obj
 0001:00006510       ??0GEngine@@QAE@XZ         00106910 f   GameEngine:Engine.obj
 0001:00006580       ?Add@?$List@PAVRigidbody@@@std@@QAEXPAVRigidbody@@@Z 00106980 f i GameEngine:Engine.obj
 0001:00006600       ?Collision@GEngine@@AAEXXZ 00106a00 f   GameEngine:Engine.obj
 0001:00007340       ?Render@GEngine@@AAEXXZ    00107740 f   GameEngine:Engine.obj
 0001:000077f0       ?Rotate@Quaternion@@QAEXUVector3@@M@Z 00107bf0 f i GameEngine:Engine.obj
 0001:00007980       ?StartGame@GEngine@@QAEXPAVGame@@@Z 00107d80 f   GameEngine:Engine.obj
 0001:00007d50       ?Update@GEngine@@AAEXXZ    00108150 f   GameEngine:Engine.obj
 0001:00008cc0       ??0Vector3@@QAE@MMM@Z      001090c0 f   GameEngine:Vector3.obj
 0001:00008cf0       ??0Vector3@@QAE@XZ         001090f0 f   GameEngine:Vector3.obj
 0001:00008d10       ?Cross@Vector3@@SA?AU1@ABU1@0@Z 00109110 f   GameEngine:Vector3.obj
 0001:00008d70       ?Dot@Vector3@@SAMABU1@0@Z  00109170 f   GameEngine:Vector3.obj
 0001:00008d90       ?EulerAngles@Vector3@@QAE?AU1@XZ 00109190 f   GameEngine:Vector3.obj
 0001:00008e40       ?ToVector4@Vector3@@QAE?AUVector4@gl@@XZ 00109240 f   GameEngine:Vector3.obj
 0001:00008e80       ??0Quaternion@@QAE@XZ      00109280 f   GameEngine:Quaternion.obj
 0001:00008ea0       ?FromAxisAngle@Quaternion@@SA?AU1@ABUVector3@@M@Z 001092a0 f   GameEngine:Quaternion.obj
 0001:00008f40       ?FromEuler@Quaternion@@SA?AU1@ABUVector3@@@Z 00109340 f   GameEngine:Quaternion.obj
 0001:000090b0       ??0GameObject@@QAE@XZ      001094b0 f   GameEngine:GameObject.obj
 0001:00009160       ??A?$List@PAVComponent@@@std@@QAEAAPAVComponent@@H@Z 00109560 f i GameEngine:GameObject.obj
 0001:000091b0       ?Add@?$List@PAVComponent@@@std@@QAEXPAVComponent@@@Z 001095b0 f i GameEngine:GameObject.obj
 0001:00009230       ?Add@?$List@PAVMeshComponent@@@std@@QAEXPAVMeshComponent@@@Z 00109630 f i GameEngine:GameObject.obj
 0001:000092b0       ?AddComponent@GameObject@@QAEXPAVComponent@@@Z 001096b0 f   GameEngine:GameObject.obj
 0001:00009430       ?Contains@String@std@@QAE_NV12@@Z 00109830 f i GameEngine:GameObject.obj
 0001:00009490       ?GetComponent@GameObject@@QAEPAVComponent@@VString@std@@@Z 00109890 f   GameEngine:GameObject.obj
 0001:00009530       ?GetName@GameObject@@QAE?AVString@std@@XZ 00109930 f   GameEngine:GameObject.obj
 0001:00009540       ?GetWorldPosition@GameObject@@QAE?AUVector3@@XZ 00109940 f   GameEngine:GameObject.obj
 0001:000095c0       ?GetWorldRotation@GameObject@@QAE?AUQuaternion@@XZ 001099c0 f   GameEngine:GameObject.obj
 0001:000095e0       ?GetWorldScale@GameObject@@QAE?AUVector3@@XZ 001099e0 f   GameEngine:GameObject.obj
 0001:00009660       ?GetWorldTransform@GameObject@@QAE?AUTransform@@XZ 00109a60 f   GameEngine:GameObject.obj
 0001:00009770       ?SetName@GameObject@@QAEXVString@std@@@Z 00109b70 f   GameEngine:GameObject.obj
 0001:00009790       ??0Camera@@QAE@XZ          00109b90 f   GameEngine:Camera.obj
 0001:000097b0       ??0Game@@QAE@XZ            00109bb0 f   GameEngine:Game.obj
 0001:00009800       ?Add@?$List@PAVCamera@@@std@@QAEXPAVCamera@@@Z 00109c00 f i GameEngine:Game.obj
 0001:00009880       ?Add@?$List@PAVGameObject@@@std@@QAEXPAVGameObject@@@Z 00109c80 f i GameEngine:Game.obj
 0001:00009900       ?Add@?$List@PAVLightSource@@@std@@QAEXPAVLightSource@@@Z 00109d00 f i GameEngine:Game.obj
 0001:00009980       ?AddCamera@Game@@QAEXPAVCamera@@@Z 00109d80 f   GameEngine:Game.obj
 0001:00009a00       ?AddLightSource@Game@@QAEXPAVLightSource@@@Z 00109e00 f   GameEngine:Game.obj
 0001:00009a80       ?AddObject@Game@@QAEXPAVGameObject@@@Z 00109e80 f   GameEngine:Game.obj
 0001:00009b00       ?GetActiveCamera@Game@@QAEPAVCamera@@XZ 00109f00 f   GameEngine:Game.obj
 0001:00009b10       ?GetCamera@Game@@QAEPAVCamera@@VString@std@@@Z 00109f10 f   GameEngine:Game.obj
 0001:00009bb0       ?GetLightSource@Game@@QAEPAVLightSource@@VString@std@@@Z 00109fb0 f   GameEngine:Game.obj
 0001:00009c50       ?GetObject@Game@@QAEPAVGameObject@@VString@std@@@Z 0010a050 f   GameEngine:Game.obj
 0001:00009d60       ?SetActiveCamera@Game@@QAEXPAVCamera@@@Z 0010a160 f   GameEngine:Game.obj
 0001:00009d70       ??0Component@@QAE@XZ       0010a170 f   GameEngine:Component.obj
 0001:00009da0       ?GetName@Component@@QAE?AVString@std@@XZ 0010a1a0 f   GameEngine:Component.obj
 0001:00009db0       ?SetName@Component@@QAEXVString@std@@@Z 0010a1b0 f   GameEngine:Component.obj
 0001:00009dd0       ?Start@Component@@UAEXXZ   0010a1d0 f i GameEngine:Component.obj
 0001:00009de0       ?Update@Component@@UAEXM@Z 0010a1e0 f i GameEngine:Component.obj
 0001:00009df0       ??0MeshComponent@@QAE@XZ   0010a1f0 f   GameEngine:MeshComponent.obj
 0001:00009e20       ?Update@MeshComponent@@UAEXM@Z 0010a220 f   GameEngine:MeshComponent.obj
 0001:00009e30       ??0Rigidbody@@QAE@XZ       0010a230 f   GameEngine:Rigidbody.obj
 0001:00009e80       ?AddImpulse@Rigidbody@@QAEXUVector3@@@Z 0010a280 f   GameEngine:Rigidbody.obj
 0001:00009ec0       ?AddImpulseAt@Rigidbody@@QAEXUVector3@@0@Z 0010a2c0 f   GameEngine:Rigidbody.obj
 0001:00009ed0       ?Speed@Rigidbody@@QAEMXZ   0010a2d0 f   GameEngine:Rigidbody.obj
 0001:00009f10       ?SpeedSquared@Rigidbody@@QAEMXZ 0010a310 f   GameEngine:Rigidbody.obj
 0001:00009f60       ?Start@Rigidbody@@UAEXXZ   0010a360 f   GameEngine:Rigidbody.obj
 0001:00009f70       ?Update@Rigidbody@@UAEXM@Z 0010a370 f   GameEngine:Rigidbody.obj
 0001:0000a390       ??0BoxCollider@@QAE@XZ     0010a790 f   GameEngine:BoxCollider.obj
 0001:0000a3b0       ?GetEdge@Collider@@UAEPAUVector3@@H@Z 0010a7b0 f i GameEngine:BoxCollider.obj
 0001:0000a510       ?GetEdgeDir@Collider@@UAE?AUVector3@@H@Z 0010a910 f i GameEngine:BoxCollider.obj
 0001:0000a5a0       ?GetFaceDir@Collider@@UAE?AUVector3@@H@Z 0010a9a0 f i GameEngine:BoxCollider.obj
 0001:0000a6c0       ?GetVertex@Collider@@UAE?AUVector3@@H@Z 0010aac0 f i GameEngine:BoxCollider.obj
 0001:0000a800       ?IsColliding@BoxCollider@@QAE_NPAV1@AAUVector3@@@Z 0010ac00 f   GameEngine:BoxCollider.obj
 0001:0000a810       ?SupportFunction@@YA?AUVector3@@U1@UTransform@@@Z 0010ac10 f   GameEngine:BoxCollider.obj
 0001:0000abe0       ?cross_aba@@YA?AUVector3@@ABU1@0@Z 0010afe0 f i GameEngine:BoxCollider.obj
 0001:0000ac10       ?update@@YA_NUVector3@@@Z  0010b010 f   GameEngine:BoxCollider.obj
 0001:0000b600       ?LoadModel@ModelLoader@@SAPAVModel3D@@PADW4Format3D@@@Z 0010ba00 f   GameEngine:ModelLoader.obj
 0001:0000b680       ??0Transform@@QAE@UVector3@@UQuaternion@@0@Z 0010ba80 f   GameEngine:Transform.obj
 0001:0000b6d0       ??0Transform@@QAE@XZ       0010bad0 f   GameEngine:Transform.obj
 0001:0000b750       ??DQuaternion@@QAEAAUVector3@@AAU1@@Z 0010bb50 f i GameEngine:Transform.obj
 0001:0000b890       ?GetForwardVector@Transform@@QAE?AUVector3@@XZ 0010bc90 f   GameEngine:Transform.obj
 0001:0000b8e0       ?GetRightVector@Transform@@QAE?AUVector3@@XZ 0010bce0 f   GameEngine:Transform.obj
 0001:0000b930       ?GetUpVector@Transform@@QAE?AUVector3@@XZ 0010bd30 f   GameEngine:Transform.obj
 0001:0000b980       ?Rotate@Transform@@QAEXUQuaternion@@@Z 0010bd80 f   GameEngine:Transform.obj
 0001:0000ba80       ?Rotate@Transform@@QAEXUVector3@@M@Z 0010be80 f   GameEngine:Transform.obj
 0001:0000bca0       ?Scale@Transform@@QAEXUVector3@@@Z 0010c0a0 f   GameEngine:Transform.obj
 0001:0000bce0       ?ToString@Transform@@QAEPADPAD@Z 0010c0e0 f   GameEngine:Transform.obj
 0001:0000bd90       ?Translate@Transform@@QAEXUVector3@@@Z 0010c190 f   GameEngine:Transform.obj
 0001:0000bdd0       ??0Matrix3@@QAE@QAM@Z      0010c1d0 f   GameEngine:Matrix3.obj
 0001:0000be10       ??0Matrix3@@QAE@XZ         0010c210 f   GameEngine:Matrix3.obj
 0001:0000be60       ??D@YA?AUMatrix3@@ABU0@0@Z 0010c260 f i GameEngine:Matrix3.obj
 0001:0000c030       ??D@YA?AUMatrix3@@ABU0@ABM@Z 0010c430 f i GameEngine:Matrix3.obj
 0001:0000c0d0       ??D@YA?AUVector3@@ABUMatrix3@@ABU0@@Z 0010c4d0 f i GameEngine:Matrix3.obj
 0001:0000c170       ??G@YA?AUMatrix3@@ABU0@0@Z 0010c570 f i GameEngine:Matrix3.obj
 0001:0000c220       ??H@YA?AUMatrix3@@ABU0@0@Z 0010c620 f i GameEngine:Matrix3.obj
 0001:0000c2d0       ?CreateRotation@Matrix3@@SA?AU1@UVector3@@@Z 0010c6d0 f   GameEngine:Matrix3.obj
 0001:0000c460       ?Inverse@Matrix3@@QAE?AU1@XZ 0010c860 f   GameEngine:Matrix3.obj
 0001:0000c670       ?Transpose@Matrix3@@QAE?AU1@XZ 0010ca70 f   GameEngine:Matrix3.obj
 0001:0000c6c0       ?Add@?$List@PAVManifold@@@std@@QAEXPAVManifold@@@Z 0010cac0 f i GameEngine:Collision.obj
 0001:0000c740       ?CollisionPoint@Collision@@QAE?AV?$List@PAVManifold@@@std@@AAVRigidbody@@0@Z 0010cb40 f   GameEngine:Collision.obj
 0001:0000db30       ?GetInterval@Collision@@QAEXAAVRigidbody@@UVector3@@AAM2@Z 0010df30 f   GameEngine:Collision.obj
 0001:0000ddb0       ?Normalized@Vector3@@QAE?AU1@XZ 0010e1b0 f i GameEngine:Collision.obj
 0001:0000de70       ?TestIntersection@Collision@@QAE_NAAVRigidbody@@0PAUVector3@@@Z 0010e270 f   GameEngine:Collision.obj
 0001:0000e420       ?closest_Point@Collision@@QAEXUVector3@@000AAU2@1@Z 0010e820 f   GameEngine:Collision.obj
 0001:0000e770       ?getNormalEdge@Collision@@QAE?AUVector3@@AAU2@000@Z 0010eb70 f   GameEngine:Collision.obj
 0001:0000e870       ?getNormalFace@Collision@@QAE?AUVector3@@AAVRigidbody@@U2@@Z 0010ec70 f   GameEngine:Collision.obj
 0001:0000eb70       ?isInside@Collision@@QAE_NUVector3@@VRigidbody@@@Z 0010ef70 f   GameEngine:Collision.obj
 0001:0000ecb0       ??0Collider@@QAE@XZ        0010f0b0 f   GameEngine:Collider.obj
 0001:0000ed10       ??0Obj@@QAE@PAD@Z          0010f110 f   GameEngine:Obj.obj
 0001:0000ed80       ?Add@?$List@UFace@@@std@@QAEXUFace@@@Z 0010f180 f i GameEngine:Obj.obj
 0001:0000ee20       ?Add@?$List@UVector3@@@std@@QAEXUVector3@@@Z 0010f220 f i GameEngine:Obj.obj
 0001:0000eed0       ?CreateVertices@Obj@@AAEXXZ 0010f2d0 f   GameEngine:Obj.obj
 0001:0000f1f0       ?ReadFile@Obj@@AAEXPAD@Z   0010f5f0 f   GameEngine:Obj.obj
 0001:0000f200       ??0A3D@@QAE@PAD@Z          0010f600 f   GameEngine:A3D.obj
 0001:0000f3a0       ?memcmp@@YAHPBX0I@Z        0010f7a0 f   Lib:string.obj
 0001:0000f3e0       ?memcpy@@YAPAXPAX0I@Z      0010f7e0 f   Lib:string.obj
 0001:0000f410       ?memcpy_fast_128@@YAXPAX0I@Z 0010f810 f   Lib:string.obj
 0001:0000f490       ?memset16@@YAPAXPAXGI@Z    0010f890 f   Lib:string.obj
 0001:0000f4b0       ?memset32@@YAPAXPAXII@Z    0010f8b0 f   Lib:string.obj
 0001:0000f4d0       ?memset_fast_128@@YAPAXPAXII@Z 0010f8d0 f   Lib:string.obj
 0001:0000f550       ?strcat@@YAPADPADPBD@Z     0010f950 f   Lib:string.obj
 0001:0000f580       ?strcmp@@YAIPBD0@Z         0010f980 f   Lib:string.obj
 0001:0000f5d0       ?strcpy@@YAPADPADPBD@Z     0010f9d0 f   Lib:string.obj
 0001:0000f5f0       ?strlen@@YAIPBD@Z          0010f9f0 f   Lib:string.obj
 0001:0000f610       _memset                    0010fa10 f   Lib:string.obj
 0001:0000f630       ?acos@@YAMM@Z              0010fa30 f   Lib:math.obj
 0001:0000f690       ?asin@@YAMM@Z              0010fa90 f   Lib:math.obj
 0001:0000f6f0       ?atan2@@YAMMM@Z            0010faf0 f   Lib:math.obj
 0001:0000f7f0       ?atan@@YAMM@Z              0010fbf0 f   Lib:math.obj
 0001:0000f820       ?ceil@@YAHM@Z              0010fc20 f   Lib:math.obj
 0001:0000f840       ?cos@@YAMM@Z               0010fc40 f   Lib:math.obj
 0001:0000f860       ?fact@@YAMM@Z              0010fc60 f   Lib:math.obj
 0001:0000f8a0       ?floor@@YAHM@Z             0010fca0 f   Lib:math.obj
 0001:0000f8c0       ?log10@@YAMM@Z             0010fcc0 f   Lib:math.obj
 0001:0000f8e0       ?log2@@YAMM@Z              0010fce0 f   Lib:math.obj
 0001:0000f900       ?log@@YAMM@Z               0010fd00 f   Lib:math.obj
 0001:0000f920       ?logn@@YAMMM@Z             0010fd20 f   Lib:math.obj
 0001:0000f950       ?pow@@YAMMH@Z              0010fd50 f   Lib:math.obj
 0001:0000fa30       ?rand@@YAIXZ               0010fe30 f   Lib:math.obj
 0001:0000fa50       ?round@@YAHM@Z             0010fe50 f   Lib:math.obj
 0001:0000fa70       ?sin@@YAMM@Z               0010fe70 f   Lib:math.obj
 0001:0000fa90       ?sqrt@@YAMM@Z              0010fe90 f   Lib:math.obj
 0001:0000fab0       ?srand@@YAXI@Z             0010feb0 f   Lib:math.obj
 0001:0000fac0       ?tan@@YAMM@Z               0010fec0 f   Lib:math.obj
 0001:0000faf0       ?atof@@YAMPBD@Z            0010fef0 f   Lib:stdio.obj
 0001:0000fb90       ?atoi@@YAHPBD@Z            0010ff90 f   Lib:stdio.obj
 0001:0000fbb0       ?ftoa@@YAPADMIPAD@Z        0010ffb0 f   Lib:stdio.obj
 0001:0000fce0       ?itoa@@YAPADHIPAD_N@Z      001100e0 f   Lib:stdio.obj
 0001:0000fd70       ?strtol@@YAJPBDPAPADH@Z    00110170 f   Lib:stdio.obj
 0001:0000fec0       ?vprintf@@YAPADPADPBDZZ    001102c0 f   Lib:stdio.obj
 0001:0000fee0       ?vsprintf@@YAPADPADPBDPAE@Z 001102e0 f   Lib:stdio.obj
 0001:00010250       ??2@YAPAXI@Z               00110650 f   KERNEL:kernel.obj
 0001:000102a0       ??3@YAXPAX@Z               001106a0 f   KERNEL:kernel.obj
 0001:000102c0       ??_U@YAPAXI@Z              001106c0 f   KERNEL:kernel.obj
 0001:00010350       ??_V@YAXPAX@Z              00110750 f   KERNEL:kernel.obj
 0001:00010360       ?Init@Kernel@@SAXPAUMULTIBOOT_INFO@@@Z 00110760 f   KERNEL:kernel.obj
 0001:000103f0       ?Clear@Debug@@SAXI@Z       001107f0 f   KERNEL:debug.obj
 0001:00010410       ?Dump@Debug@@SAXPAXH_N@Z   00110810 f   KERNEL:debug.obj
 0001:00010550       ?Print@Debug@@SAXPADZZ     00110950 f   KERNEL:debug.obj
 0001:000106e0       ?Putc@Debug@@SAXD_N@Z      00110ae0 f   KERNEL:debug.obj
 0001:00010830       ?ATA_Interrupt@ATA@@CAXXZ  00110c30 f   KERNEL:ata.obj
 0001:00010840       ?Init@ATA@@SAIXZ           00110c40 f   KERNEL:ata.obj
 0001:00010870       ?Read@ATA@@SAIHHHAAPADH@Z  00110c70 f   KERNEL:ata.obj
 0001:00010a80       ?ReadSector@ATA@@CAIHHHPAD@Z 00110e80 f   KERNEL:ata.obj
 0001:00010c30       ?Clear@VBE@@SAXI@Z         00111030 f   KERNEL:vbe.obj
 0001:00010c50       ?Draw@VBE@@SAXXZ           00111050 f   KERNEL:vbe.obj
 0001:00010c70       ?DrawLine@VBE@@SAXIIIII@Z  00111070 f   KERNEL:vbe.obj
 0001:00010da0       ?DrawText@VBE@@SAXIIPADI@Z 001111a0 f   KERNEL:vbe.obj
 0001:00010e60       ?DrawText@VBE@@SAXIIPADII@Z 00111260 f   KERNEL:vbe.obj
 0001:00010f40       ?Init@VBE@@SAIPAUVBE_MODE_INFO@@@Z 00111340 f   KERNEL:vbe.obj
 0001:00010fd0       ?SetPixel@VBE@@SAXIII@Z    001113d0 f   KERNEL:vbe.obj
 0001:00011000       ?DecodeAscii@Keyboard@@CAXAAUKEY_PACKET@@@Z 00111400 f   KERNEL:keyboard.obj
 0001:00011290       ?DiscardLastKey@Keyboard@@SAXXZ 00111690 f   KERNEL:keyboard.obj
 0001:000112a0       ?GetKeyDown@Keyboard@@SA_NW4KEYCODE@@@Z 001116a0 f   KERNEL:keyboard.obj
 0001:000112b0       ?GetLastKey@Keyboard@@SA?AUKEY_PACKET@@XZ 001116b0 f   KERNEL:keyboard.obj
 0001:000112d0       ?Init@Keyboard@@SAIXZ      001116d0 f   KERNEL:keyboard.obj
 0001:000112f0       ?Keyboard_ISR@Keyboard@@CAXXZ 001116f0 f   KERNEL:keyboard.obj
 0001:000114e0       ?Init@PIT@@SAIXZ           001118e0 f   KERNEL:pit.obj
 0001:00011520       ?PIT_ISR@PIT@@CAXXZ        00111920 f   KERNEL:pit.obj
 0001:00011530       ?ReadData@PIT@@CAEE@Z      00111930 f   KERNEL:pit.obj
 0001:00011560       ?SendData@PIT@@CAXGE@Z     00111960 f   KERNEL:pit.obj
 0001:000115a0       ?Sleep@PIT@@SAXI@Z         001119a0 f   KERNEL:pit.obj
 0001:000115c0       ?Start@PIT@@CAIXZ          001119c0 f   KERNEL:pit.obj
 0001:00011600       ?Init@Mouse@@SAIIIM@Z      00111a00 f   KERNEL:mouse.obj
 0001:000118f0       ?MouseRead@Mouse@@CAEXZ    00111cf0 f   KERNEL:mouse.obj
 0001:00011920       ?MouseWait@Mouse@@CAXE@Z   00111d20 f   KERNEL:mouse.obj
 0001:00011960       ?MouseWrite@Mouse@@CAXE@Z  00111d60 f   KERNEL:mouse.obj
 0001:000119c0       ?Mouse_ISR@Mouse@@CAXXZ    00111dc0 f   KERNEL:mouse.obj
 0001:00011b00       ?Checksum@KNet@@SAGPAXH@Z  00111f00 f   KERNEL:net.obj
 0001:00011b80       ?ChecksumDouble@KNet@@SAGPAXH0H@Z 00111f80 f   KERNEL:net.obj
 0001:00011c60       ?Init@KNet@@SAIXZ          00112060 f   KERNEL:net.obj
 0001:00011cc0       ?PrintIP@KNet@@SAXPADUIPv4Address@@@Z 001120c0 f   KERNEL:net.obj
 0001:00011d00       ?PrintMac@KNet@@SAXPADUMacAddress@@@Z 00112100 f   KERNEL:net.obj
 0001:00011d50       ?htonl@@YAII@Z             00112150 f   KERNEL:net.obj
 0001:00011d60       ?htons@@YAGG@Z             00112160 f   KERNEL:net.obj
 0001:00011d80       ?ntohl@@YAII@Z             00112180 f   KERNEL:net.obj
 0001:00011d90       ?ntohs@@YAGG@Z             00112190 f   KERNEL:net.obj
 0001:00011db0       ?KernelPanic@Panic@@SAXPAD0@Z 001121b0 f   KERNEL:panic.obj
 0001:00011df0       ?AllocBlocks@Memory@@SAPAXI@Z 001121f0 f   KERNEL:memory.obj
 0001:00011f20       ?DeInitRegion@Memory@@SAXPAXI@Z 00112320 f   KERNEL:memory.obj
 0001:00011f70       ?FirstFree@Memory@@CAIXZ   00112370 f   KERNEL:memory.obj
 0001:00011fb0       ?FirstFreeNum@Memory@@CAII@Z 001123b0 f   KERNEL:memory.obj
 0001:000120a0       ?FreeBlocks@Memory@@SAXPAXI@Z 001124a0 f   KERNEL:memory.obj
 0001:00012100       ?Init@Memory@@SAIIPAI@Z    00112500 f   KERNEL:memory.obj
 0001:00012180       ?InitRegion@Memory@@SAXPAXI@Z 00112580 f   KERNEL:memory.obj
 0001:000121d0       ?EnableFPU@CPU@@CAIXZ      001125d0 f   KERNEL:cpu.obj
 0001:000121f0       ?EnableSSE@CPU@@CAIXZ      001125f0 f   KERNEL:cpu.obj
 0001:00012220       ?Init@CPU@@SAIXZ           00112620 f   KERNEL:cpu.obj
 0001:00012250       ?Init@HAL@@SAIXZ           00112650 f   KERNEL:hal.obj
 0001:00012280       ?inb@@YAEG@Z               00112680 f   KERNEL:hal.obj
 0001:000122a0       ?inl@@YAIG@Z               001126a0 f   KERNEL:hal.obj
 0001:000122c0       ?inw@@YAGG@Z               001126c0 f   KERNEL:hal.obj
 0001:000122e0       ?outb@@YAXGE@Z             001126e0 f   KERNEL:hal.obj
 0001:000122f0       ?outl@@YAXGI@Z             001126f0 f   KERNEL:hal.obj
 0001:00012300       ?outw@@YAXGG@Z             00112700 f   KERNEL:hal.obj
 0001:00012310       ?DefaultISR@Exceptions@@SAXXZ 00112710 f   KERNEL:exceptions.obj
 0001:00012330       ?ISR0@Exceptions@@CAXXZ    00112730 f   KERNEL:exceptions.obj
 0001:00012350       ?ISR10@Exceptions@@CAXXZ   00112750 f   KERNEL:exceptions.obj
 0001:00012370       ?ISR11@Exceptions@@CAXXZ   00112770 f   KERNEL:exceptions.obj
 0001:00012390       ?ISR12@Exceptions@@CAXXZ   00112790 f   KERNEL:exceptions.obj
 0001:000123b0       ?ISR13@Exceptions@@CAXXZ   001127b0 f   KERNEL:exceptions.obj
 0001:000123d0       ?ISR14@Exceptions@@CAXXZ   001127d0 f   KERNEL:exceptions.obj
 0001:000123f0       ?ISR15@Exceptions@@CAXXZ   001127f0 f   KERNEL:exceptions.obj
 0001:00012410       ?ISR16@Exceptions@@CAXXZ   00112810 f   KERNEL:exceptions.obj
 0001:00012430       ?ISR17@Exceptions@@CAXXZ   00112830 f   KERNEL:exceptions.obj
 0001:00012450       ?ISR18@Exceptions@@CAXXZ   00112850 f   KERNEL:exceptions.obj
 0001:00012470       ?ISR19@Exceptions@@CAXXZ   00112870 f   KERNEL:exceptions.obj
 0001:00012490       ?ISR1@Exceptions@@CAXXZ    00112890 f   KERNEL:exceptions.obj
 0001:000124b0       ?ISR2@Exceptions@@CAXXZ    001128b0 f   KERNEL:exceptions.obj
 0001:000124d0       ?ISR3@Exceptions@@CAXXZ    001128d0 f   KERNEL:exceptions.obj
 0001:000124f0       ?ISR4@Exceptions@@CAXXZ    001128f0 f   KERNEL:exceptions.obj
 0001:00012510       ?ISR5@Exceptions@@CAXXZ    00112910 f   KERNEL:exceptions.obj
 0001:00012530       ?ISR6@Exceptions@@CAXIII@Z 00112930 f   KERNEL:exceptions.obj
 0001:000125b0       ?ISR7@Exceptions@@CAXXZ    001129b0 f   KERNEL:exceptions.obj
 0001:000125d0       ?ISR8@Exceptions@@CAXXZ    001129d0 f   KERNEL:exceptions.obj
 0001:000125f0       ?ISR9@Exceptions@@CAXXZ    001129f0 f   KERNEL:exceptions.obj
 0001:00012610       ?Init@Exceptions@@SAIXZ    00112a10 f   KERNEL:exceptions.obj
 0001:00012710       ?Create@PCI@@CAPAUPCI_DEVICE@@EEE@Z 00112b10 f   KERNEL:pci.obj
 0001:000127d0       ?GetDevice@PCI@@SAPAUPCI_DEVICE@@HHH@Z 00112bd0 f   KERNEL:pci.obj
 0001:00012980       ?Init@PCI@@SAIXZ           00112d80 f   KERNEL:pci.obj
 0001:00012990       ?Read@PCI@@CAIEEEEE@Z      00112d90 f   KERNEL:pci.obj
 0001:00012a00       ?printdev@@YAXPAUPCI_DEVICE@@@Z 00112e00 f   KERNEL:pci.obj
 0001:00012a40       ?EmptyISR@IDT@@SAXXZ       00112e40 f   KERNEL:idt.obj
 0001:00012a50       ?GetIR@IDT@@SAPAUIDT_DESCRIPTOR@@I@Z 00112e50 f   KERNEL:idt.obj
 0001:00012a60       ?Init@IDT@@SAIXZ           00112e60 f   KERNEL:idt.obj
 0001:00012ad0       ?SetISR@IDT@@SAIIP6AXXZ@Z  00112ed0 f   KERNEL:idt.obj
 0001:00012b10       ?Init@PIC@@SAIXZ           00112f10 f   KERNEL:pic.obj
 0001:00012b70       ?InterruptDone@PIC@@SAXG@Z 00112f70 f   KERNEL:pic.obj
 0001:00012ba0       ?ReadData@PIC@@CAEE@Z      00112fa0 f   KERNEL:pic.obj
 0001:00012bd0       ?SendCommand@PIC@@CAXEE@Z  00112fd0 f   KERNEL:pic.obj
 0001:00012c00       ?SendData@PIC@@CAXGE@Z     00113000 f   KERNEL:pic.obj
 0001:00012c29       ??1type_info@@UAE@XZ       00113029 f   LIBCMT:std_type_info_static.obj
 0001:00012c30       ??_Gtype_info@@UAEPAXI@Z   00113030 f i LIBCMT:std_type_info_static.obj
 0001:00012c30       ??_Etype_info@@UAEPAXI@Z   00113030 f i LIBCMT:std_type_info_static.obj
 0001:00012c53       ??3@YAXPAXI@Z              00113053 f   LIBCMT:delete_scalar_size.obj
 0002:00000000       ??_C@_06JJGECBPI@?$CFs?5?$CFi?6?$AA@ 00113200     iso.obj
 0002:00000008       ??_C@_03OFAPEBGM@?$CFs?6?$AA@ 00113208     iso.obj
 0002:0000000c       ??_C@_03PELOGHMK@?$CFi?6?$AA@ 0011320c     Mandelbrot.obj
 0002:00000010       ??_C@_06CMGOICJA@Start?6?$AA@ 00113210     Mandelbrot.obj
 0002:00000018       ??_C@_0BD@OAOOOKEK@Ticks?3?5?$CFi?7FPS?3?5?$CFi?6?$AA@ 00113218     Mandelbrot.obj
 0002:0000002c       ??_C@_09JHEKFLJE@Zoom?3?5?$CFf?6?$AA@ 0011322c     Mandelbrot.obj
 0002:00000038       __real@1adaca00            00113238     Mandelbrot.obj
 0002:00000040       __real@3fe0000000000000    00113240     Mandelbrot.obj
 0002:00000048       __real@3fe93b645a1cac08    00113248     Mandelbrot.obj
 0002:00000050       __real@3ff0000000000000    00113250     Mandelbrot.obj
 0002:00000058       __real@4010000000000000    00113258     Mandelbrot.obj
 0002:00000060       __real@4088000000000000    00113260     Mandelbrot.obj
 0002:00000068       __real@40f0000000000000    00113268     Mandelbrot.obj
 0002:00000070       __real@437f0000            00113270     Mandelbrot.obj
 0002:00000074       __real@447a0000            00113274     Mandelbrot.obj
 0002:00000078       ??_C@_0BJ@FHJFEPME@arp?3?5sending?5request?5to?5?$AA@ 00113278     arp.obj
 0002:00000094       ??_C@_0BH@NFEPIOCG@arp?3?5sending?5reply?5to?5?$AA@ 00113294     arp.obj
 0002:000000ac       ??_C@_0BB@NPEPEJMJ@ARP?5added?5entry?5?$AA@ 001132ac     arp.obj
 0002:000000c0       ??_C@_0O@MBFFJLEF@DHCP?5RECEIVE?6?$AA@ 001132c0     dhcp.obj
 0002:000000d0       ??_C@_0O@IJAKJLNJ@Received?5DNS?6?$AA@ 001132d0     dns.obj
 0002:000000e0       ??_C@_0BF@DPFFLPFA@DNS?5added?5entry?3?5?$CFs?5?$AA@ 001132e0     dns.obj
 0002:000000f5       ??_C@_00CNPNBAHC@?$AA@     001132f5     dns.obj
 0002:000000f8       ??_C@_0M@KNKKGHNO@PARSED?5IP?3?5?$AA@ 001132f8     http.obj
 0002:00000104       ??_C@_0BO@OHMKJDEI@Flags?3?5?$CFux?7ACK?3?5?$CFui?7SEQ?3?5?$CFui?6?$AA@ 00113304     tcpsession.obj
 0002:00000124       ??_C@_0L@EIILFCEB@Connected?6?$AA@ 00113324     tcpsession.obj
 0002:00000130       ??_C@_07IPMAGINO@Closed?6?$AA@ 00113330     tcpsession.obj
 0002:00000138       ??_C@_0BA@FHBAHEGN@Timeout?5closed?6?$AA@ 00113338     tcpsession.obj
 0002:00000148       ??_C@_04CDEGOFNM@Cam1?$AA@ 00113348     3DGame:3DGame.obj
 0002:00000150       ??_C@_05FOLLILPC@Thing?$AA@ 00113350     3DGame:3DGame.obj
 0002:00000158       ??_C@_05PGDJFNFN@Floor?$AA@ 00113358     3DGame:3DGame.obj
 0002:00000160       __real@3f800000            00113360     3DGame:3DGame.obj
 0002:00000164       __real@40a00000            00113364     3DGame:3DGame.obj
 0002:00000168       __real@41200000            00113368     3DGame:3DGame.obj
 0002:0000016c       __real@c1700000            0011336c     3DGame:3DGame.obj
 0002:00000174       ??_7MyBox@@6B@             00113374     3DGame:MyBox.obj
 0002:0000017c       ??_C@_08GGPPOII@cube?4a3d?$AA@ 0011337c     3DGame:MyBox.obj
 0002:00000188       ??_C@_07CKAHAGKJ@img?4bmp?$AA@ 00113388     3DGame:MyBox.obj
 0002:00000190       ??_C@_0O@NJFLLBAD@bmp?5not?5found?$AA@ 00113390     3DGame:MyBox.obj
 0002:000001a0       ??_C@_04GONFKEIN@Mesh?$AA@ 001133a0     3DGame:MyBox.obj
 0002:000001a8       ??_C@_09DHKFHJOA@Rigidbody?$AA@ 001133a8     3DGame:MyBox.obj
 0002:000001b8       ??_7Thing@@6B@             001133b8     3DGame:Thing.obj
 0002:000001c0       ??_C@_09PCLIKNNA@earth?4bmp?$AA@ 001133c0     3DGame:Thing.obj
 0002:000001cc       __real@41a00000            001133cc     3DGame:Thing.obj
 0002:000001d0       __xmm@80000000800000008000000080000000 001133d0     3DGame:Thing.obj
 0002:000001e0       __real@0000000000000000    001133e0     GL:Matrix4.obj
 0002:000001e8       __real@40000000            001133e8     GL:Matrix4.obj
 0002:000001f0       __real@400921fb54442eea    001133f0     GL:Matrix4.obj
 0002:000001f8       __real@4066800000000000    001133f8     GL:Matrix4.obj
 0002:00000200       __real@3fb1eb851eb851ec    00113400     GL:Color.obj
 0002:00000208       __real@3fcae147ae147ae1    00113408     GL:Color.obj
 0002:00000210       __real@3fe70a3d70a3d70a    00113410     GL:Color.obj
 0002:00000220       __xmm@41f00000000000000000000000000000 00113420     GL:Color.obj
 0002:00000230       ??_C@_05JODGIKH@Light?$AA@ 00113430     GameEngine:Engine.obj
 0002:00000238       ??_C@_06LOJNHMMK@Thing2?$AA@ 00113438     GameEngine:Engine.obj
 0002:00000240       ??_C@_0BJ@JEFINMGB@FPS?3?5?$CFi?7DT?3?$CFi?7AvgDT?3?5?$CFi?6?$AA@ 00113440     GameEngine:Engine.obj
 0002:0000025c       ??_C@_0L@KCHEIND@Ticks?3?5?$CFi?6?$AA@ 0011345c     GameEngine:Engine.obj
 0002:00000268       ??_C@_08DAHIJCLH@Free?5?$CFi?6?$AA@ 00113468     GameEngine:Engine.obj
 0002:00000274       ??_C@_08FHFNDDND@Cam?3?5?$CFs?6?$AA@ 00113474     GameEngine:Engine.obj
 0002:00000280       ??_C@_07JOHLBHPG@P1?3?5?$CFs?6?$AA@ 00113480     GameEngine:Engine.obj
 0002:00000288       ??_C@_0BC@KLOOLLKI@V1?3?5?$FL?$CFf?0?5?$CFf?0?5?$CFf?$FN?6?$AA@ 00113488     GameEngine:Engine.obj
 0002:0000029c       ??_C@_0M@CBHEFHKI@Energy?3?5?$CFf?6?$AA@ 0011349c     GameEngine:Engine.obj
 0002:000002a8       ??_C@_09MALOBAAJ@?$CFf?5?$CFf?5?$CFf?6?$AA@ 001134a8     GameEngine:Engine.obj
 0002:000002b4       ??_C@_09OKFGCEAB@?$CFf?7?$CFf?7?$CFf?6?$AA@ 001134b4     GameEngine:Engine.obj
 0002:000002c0       ??_C@_06MHJBABGN@J?3?5?$CFf?6?$AA@ 001134c0     GameEngine:Engine.obj
 0002:000002c8       ??_C@_0M@LKHKMALC@_?5?$CFf?7?$CFf?7?$CFf?6?$AA@ 001134c8     GameEngine:Engine.obj
 0002:000002d4       ??_C@_08GDLGNBJK@?$CFf?7?$CFf?7?$CFf?$AA@ 001134d4     GameEngine:Engine.obj
 0002:000002e0       ??_C@_0BB@PIJAIOHM@List?3?3operator?$FL?$FN?$AA@ 001134e0     GameEngine:Engine.obj
 0002:000002f4       ??_C@_0BN@NJEFJLOF@Index?5out?5of?5range?5exception?$AA@ 001134f4     GameEngine:Engine.obj
 0002:00000314       __real@2edbe6ff            00113514     GameEngine:Engine.obj
 0002:00000318       __real@3f000000            00113518     GameEngine:Engine.obj
 0002:00000320       __real@3ff921fb54442eea    00113520     GameEngine:Engine.obj
 0002:00000328       __real@401921fb54442eea    00113528     GameEngine:Engine.obj
 0002:00000330       __real@402399999999999a    00113530     GameEngine:Engine.obj
 0002:00000338       __real@40800000            00113538     GameEngine:Engine.obj
 0002:0000033c       __real@40c00000            0011353c     GameEngine:Engine.obj
 0002:00000340       __real@43c80000            00113540     GameEngine:Engine.obj
 0002:00000344       __real@44fa0000            00113544     GameEngine:Engine.obj
 0002:00000348       __real@bf000000            00113548     GameEngine:Engine.obj
 0002:0000034c       __real@bfc00000            0011354c     GameEngine:Engine.obj
 0002:00000350       __real@bff921fb54442eea    00113550     GameEngine:Engine.obj
 0002:00000360       __xmm@7fffffffffffffff7fffffffffffffff 00113560     GameEngine:Engine.obj
 0002:00000370       __xmm@80000000000000008000000000000000 00113570     GameEngine:Engine.obj
 0002:00000384       ??_7GameObject@@6B@        00113584     GameEngine:GameObject.obj
 0002:0000038c       ??_C@_0L@EJMOOPIK@GameObject?$AA@ 0011358c     GameEngine:GameObject.obj
 0002:0000039c       ??_7Camera@@6B@            0011359c     GameEngine:Camera.obj
 0002:000003a8       ??_7Component@@6B@         001135a8     GameEngine:Component.obj
 0002:000003b4       ??_7MeshComponent@@6B@     001135b4     GameEngine:MeshComponent.obj
 0002:000003c0       ??_7Rigidbody@@6B@         001135c0     GameEngine:Rigidbody.obj
 0002:000003cc       ??_7BoxCollider@@6B@       001135cc     GameEngine:BoxCollider.obj
 0002:000003dc       ??_C@_05MBDEGLCK@ERROR?$AA@ 001135dc     GameEngine:ModelLoader.obj
 0002:000003e4       ??_C@_0CL@CEJFKDDD@?$FL?$CFf?0?5?$CFf?0?5?$CFf?$FN?5?$FL?$CFf?0?5?$CFf?0?5?$CFf?0?5?$CFf?$FN?5?$FL?$CF@ 001135e4     GameEngine:Transform.obj
 0002:00000410       __xmm@0000000000000000000000003f800000 00113610     GameEngine:Matrix3.obj
 0002:00000420       __xmm@3f800000000000000000000000000000 00113620     GameEngine:Matrix3.obj
 0002:00000430       ??_C@_03PPOCCAPH@?$CFf?6?$AA@ 00113630     GameEngine:Collision.obj
 0002:00000434       __real@00000000            00113634     GameEngine:Collision.obj
 0002:00000438       __real@3727c5ac            00113638     GameEngine:Collision.obj
 0002:0000043c       __real@3d4ccccd            0011363c     GameEngine:Collision.obj
 0002:00000440       __real@3dcccccd            00113640     GameEngine:Collision.obj
 0002:00000444       __real@7f800000            00113644     GameEngine:Collision.obj
 0002:00000448       __real@bf800000            00113648     GameEngine:Collision.obj
 0002:00000450       __xmm@7fffffff7fffffff7fffffff7fffffff 00113650     GameEngine:Collision.obj
 0002:00000464       ??_7Collider@@6B@          00113664     GameEngine:Collider.obj
 0002:00000474       __real@3e8f5c29            00113674     Lib:math.obj
 0002:00000478       __real@40490fdb            00113678     Lib:math.obj
 0002:0000047c       __real@bfc90fdb            0011367c     Lib:math.obj
 0002:00000480       ??_C@_03LHCJEHON@nan?$AA@  00113680     Lib:stdio.obj
 0002:00000484       ??_C@_03OJHLLCGB@inf?$AA@  00113684     Lib:stdio.obj
 0002:00000488       ??_C@_01GBGANLPD@0?$AA@    00113688     Lib:stdio.obj
 0002:00000490       __real@3f1a36e2eb1c432d    00113690     Lib:stdio.obj
 0002:000004a0       __xmm@46454443424139383736353433323130 001136a0     Lib:stdio.obj
 0002:000004b0       __real@39800000            001136b0     KERNEL:kernel.obj
 0002:000004b4       ??_C@_04PFOHOKJK@?5?5?5?5?$AA@ 001136b4     KERNEL:debug.obj
 0002:000004bc       ??_C@_01CLKCMJKC@?5?$AA@   001136bc     KERNEL:debug.obj
 0002:000004c0       ??_C@_03IKGEINEE@?$CFs?5?$AA@ 001136c0     KERNEL:debug.obj
 0002:00000638       ??_C@_0P@JJOCPBNH@?$CFs?$CFi?4?$CFi?4?$CFi?4?$CFi?6?$AA@ 00113838     KERNEL:net.obj
 0002:00000648       ??_C@_0BF@MCJEFIGG@?$CFs?$CFx?3?$CFx?3?$CFx?3?$CFx?3?$CFx?3?$CFx?6?$AA@ 00113848     KERNEL:net.obj
 0002:00000660       ??_C@_0BK@KHJFGGEJ@Default?5interrupt?5handler?$AA@ 00113860     KERNEL:exceptions.obj
 0002:0000067c       ??_C@_0BB@CAGHCAFL@Division?5by?5zero?$AA@ 0011387c     KERNEL:exceptions.obj
 0002:00000690       ??_C@_05GCIPIGEI@Debug?$AA@ 00113890     KERNEL:exceptions.obj
 0002:00000698       ??_C@_0BH@DLMGGJOP@Non?9Maskable?5interrupt?$AA@ 00113898     KERNEL:exceptions.obj
 0002:000006b0       ??_C@_0L@DEJAMIEF@Breakpoint?$AA@ 001138b0     KERNEL:exceptions.obj
 0002:000006bc       ??_C@_08KJPBNJGC@Overflow?$AA@ 001138bc     KERNEL:exceptions.obj
 0002:000006c8       ??_C@_0BF@KABNNNC@Bound?5range?5exceeded?$AA@ 001138c8     KERNEL:exceptions.obj
 0002:000006e0       ??_C@_0BJ@JILCCCBH@0x?$CFux?70x?$CFux?70x?$CFux?70x?$CFux?6?$AA@ 001138e0     KERNEL:exceptions.obj
 0002:000006fc       ??_C@_06NIEMCLMH@0x?$CFux?6?$AA@ 001138fc     KERNEL:exceptions.obj
 0002:00000704       ??_C@_0P@GJJPHHDN@Invalid?5opcode?$AA@ 00113904     KERNEL:exceptions.obj
 0002:00000714       ??_C@_0BF@COPPNEEP@Device?5not?5available?$AA@ 00113914     KERNEL:exceptions.obj
 0002:0000072c       ??_C@_0N@EMHPBCJE@Double?5fault?$AA@ 0011392c     KERNEL:exceptions.obj
 0002:0000073c       ??_C@_0BM@FLNHCLJG@Coprocessor?5segment?5overrun?$AA@ 0011393c     KERNEL:exceptions.obj
 0002:00000758       ??_C@_0M@OLMALBPG@Invalid?5TSS?$AA@ 00113958     KERNEL:exceptions.obj
 0002:00000764       ??_C@_0BE@FPPPAKKN@Segment?5not?5present?$AA@ 00113964     KERNEL:exceptions.obj
 0002:00000778       ??_C@_0BE@OLMOIPB@Stack?9segment?5fault?$AA@ 00113978     KERNEL:exceptions.obj
 0002:0000078c       ??_C@_0BJ@LDJBBLLL@General?5protection?5fault?$AA@ 0011398c     KERNEL:exceptions.obj
 0002:000007a8       ??_C@_0L@JBNHOLPF@Page?5fault?$AA@ 001139a8     KERNEL:exceptions.obj
 0002:000007b4       ??_C@_0O@EBPJONIA@15?5?$CIReserved?$CJ?$AA@ 001139b4     KERNEL:exceptions.obj
 0002:000007c4       ??_C@_0BN@OAPCMCOK@x87?5Floating?9point?5exception?$AA@ 001139c4     KERNEL:exceptions.obj
 0002:000007e4       ??_C@_0BA@DMDLEFCI@Alignment?5check?$AA@ 001139e4     KERNEL:exceptions.obj
 0002:000007f4       ??_C@_0O@LHBOKIFP@Machine?5check?$AA@ 001139f4     KERNEL:exceptions.obj
 0002:00000804       ??_C@_0BO@PAHIJHOM@SIMD?5floating?9point?5exception?$AA@ 00113a04     KERNEL:exceptions.obj
 0002:00000828       ??_C@_0EO@NIHBEAOP@Bus?3?5?$CFx?5Device?3?5?$CFx?5Function?3?5?$CFx?5@ 00113a28     KERNEL:pci.obj
 0002:0000087c       ??_7type_info@@6B@         00113a7c     LIBCMT:std_type_info_static.obj
 0002:000008d4       ??_R4MyBox@@6B@            00113ad4     3DGame:MyBox.obj
 0002:000008e8       ??_R3MyBox@@8              00113ae8     3DGame:MyBox.obj
 0002:000008f8       ??_R2MyBox@@8              00113af8     3DGame:MyBox.obj
 0002:00000904       ??_R1A@?0A@EA@MyBox@@8     00113b04     3DGame:MyBox.obj
 0002:00000920       ??_R1A@?0A@EA@GameObject@@8 00113b20     3DGame:MyBox.obj
 0002:0000093c       ??_R3GameObject@@8         00113b3c     3DGame:MyBox.obj
 0002:0000094c       ??_R2GameObject@@8         00113b4c     3DGame:MyBox.obj
 0002:00000954       ??_R4Thing@@6B@            00113b54     3DGame:Thing.obj
 0002:00000968       ??_R3Thing@@8              00113b68     3DGame:Thing.obj
 0002:00000978       ??_R2Thing@@8              00113b78     3DGame:Thing.obj
 0002:00000984       ??_R1A@?0A@EA@Thing@@8     00113b84     3DGame:Thing.obj
 0002:000009a0       ??_R4GameObject@@6B@       00113ba0     GameEngine:GameObject.obj
 0002:000009b4       ??_R4Camera@@6B@           00113bb4     GameEngine:Camera.obj
 0002:000009c8       ??_R3Camera@@8             00113bc8     GameEngine:Camera.obj
 0002:000009d8       ??_R2Camera@@8             00113bd8     GameEngine:Camera.obj
 0002:000009e4       ??_R1A@?0A@EA@Camera@@8    00113be4     GameEngine:Camera.obj
 0002:00000a00       ??_R4Component@@6B@        00113c00     GameEngine:Component.obj
 0002:00000a14       ??_R3Component@@8          00113c14     GameEngine:Component.obj
 0002:00000a24       ??_R2Component@@8          00113c24     GameEngine:Component.obj
 0002:00000a2c       ??_R1A@?0A@EA@Component@@8 00113c2c     GameEngine:Component.obj
 0002:00000a48       ??_R4MeshComponent@@6B@    00113c48     GameEngine:MeshComponent.obj
 0002:00000a5c       ??_R3MeshComponent@@8      00113c5c     GameEngine:MeshComponent.obj
 0002:00000a6c       ??_R2MeshComponent@@8      00113c6c     GameEngine:MeshComponent.obj
 0002:00000a7c       ??_R1A@?0A@EA@MeshComponent@@8 00113c7c     GameEngine:MeshComponent.obj
 0002:00000a98       ??_R1M@?0A@EA@IMesh@@8     00113c98     GameEngine:MeshComponent.obj
 0002:00000ab4       ??_R3IMesh@@8              00113cb4     GameEngine:MeshComponent.obj
 0002:00000ac4       ??_R2IMesh@@8              00113cc4     GameEngine:MeshComponent.obj
 0002:00000acc       ??_R1A@?0A@EA@IMesh@@8     00113ccc     GameEngine:MeshComponent.obj
 0002:00000ae8       ??_R4Rigidbody@@6B@        00113ce8     GameEngine:Rigidbody.obj
 0002:00000afc       ??_R3Rigidbody@@8          00113cfc     GameEngine:Rigidbody.obj
 0002:00000b0c       ??_R2Rigidbody@@8          00113d0c     GameEngine:Rigidbody.obj
 0002:00000b18       ??_R1A@?0A@EA@Rigidbody@@8 00113d18     GameEngine:Rigidbody.obj
 0002:00000b34       ??_R4BoxCollider@@6B@      00113d34     GameEngine:BoxCollider.obj
 0002:00000b48       ??_R3BoxCollider@@8        00113d48     GameEngine:BoxCollider.obj
 0002:00000b58       ??_R2BoxCollider@@8        00113d58     GameEngine:BoxCollider.obj
 0002:00000b64       ??_R1A@?0A@EA@BoxCollider@@8 00113d64     GameEngine:BoxCollider.obj
 0002:00000b80       ??_R1A@?0A@EA@Collider@@8  00113d80     GameEngine:BoxCollider.obj
 0002:00000b9c       ??_R3Collider@@8           00113d9c     GameEngine:BoxCollider.obj
 0002:00000bac       ??_R2Collider@@8           00113dac     GameEngine:BoxCollider.obj
 0002:00000bb4       ??_R4Collider@@6B@         00113db4     GameEngine:Collider.obj
 0002:00000bc8       ??_R4type_info@@6B@        00113dc8     LIBCMT:std_type_info_static.obj
 0002:00000bdc       ??_R3type_info@@8          00113ddc     LIBCMT:std_type_info_static.obj
 0002:00000bec       ??_R2type_info@@8          00113dec     LIBCMT:std_type_info_static.obj
 0002:00000bf4       ??_R1A@?0A@EA@type_info@@8 00113df4     LIBCMT:std_type_info_static.obj
 0003:00000000       ?count@@3HA                00114000     Mandelbrot.obj
 0003:00003008       ?acc@@3MA                  00117008     3DGame:Thing.obj
 0003:0000300c       ?m_width@GL@gl@@2IA        0011700c     GL:GL.obj
 0003:00003010       ?m_height@GL@gl@@2IA       00117010     GL:GL.obj
 0003:00003014       ?bound_tex@gl@@3HA         00117014     GL:GL.obj
 0003:00003018       ?p4@@3MA                   00117018     GameEngine:Engine.obj
 0003:0000301c       ?p5@@3MA                   0011701c     GameEngine:Engine.obj
 0003:00003024       ?color@Debug@@2IA          00117024     KERNEL:debug.obj
 0003:00004028       __fltused                  00118028     LIBCMT:fltused.obj
 0003:0000402c       ??_R0?AVMyBox@@@8          0011802c     3DGame:MyBox.obj
 0003:00004040       ??_R0?AVGameObject@@@8     00118040     3DGame:MyBox.obj
 0003:0000405c       ??_R0?AVThing@@@8          0011805c     3DGame:Thing.obj
 0003:00004070       ??_R0?AVCamera@@@8         00118070     GameEngine:Camera.obj
 0003:00004088       ??_R0?AVComponent@@@8      00118088     GameEngine:Component.obj
 0003:000040a0       ??_R0?AVMeshComponent@@@8  001180a0     GameEngine:MeshComponent.obj
 0003:000040bc       ??_R0?AVIMesh@@@8          001180bc     GameEngine:MeshComponent.obj
 0003:000040d0       ??_R0?AVRigidbody@@@8      001180d0     GameEngine:Rigidbody.obj
 0003:000040e8       ??_R0?AVBoxCollider@@@8    001180e8     GameEngine:BoxCollider.obj
 0003:00004104       ??_R0?AVCollider@@@8       00118104     GameEngine:BoxCollider.obj
 0003:0000411c       ??_R0?AVtype_info@@@8      0011811c     LIBCMT:std_type_info_static.obj
 0003:00004140       ?_kernel_stack@@3PADA      00118140     boot.obj
 0003:000060e0       ?desc@@3PAUISO_PRIMARYDESC@@A 0011a0e0     iso.obj
 0003:000060e4       ?root@@3PAUISO_DIRECTORY@@A 0011a0e4     iso.obj
 0003:000060e8       ?tz@@3UComplex@@A          0011a0e8     Mandelbrot.obj
 0003:000060f0       ?arp_cache@ARP@@0PAUARP_TABLE_ENTRY@@A 0011a0f0     arp.obj
 0003:00006230       ?dns_server@DNS@@2UIPv4Address@@A 0011a230     dns.obj
 0003:00006238       ?dns_cache@DNS@@0PAUDNS_TABLE_ENTRY@@A 0011a238     dns.obj
 0003:00006438       ?sessions@TCP@@2PAPAVTcpSession@@A 0011a438     tcp.obj
 0003:000064b8       ?phys@@3PAVRigidbody@@A    0011a4b8     3DGame:Thing.obj
 0003:000064bc       ?vel@@3MA                  0011a4bc     3DGame:Thing.obj
 0003:000064c0       ?m_textures@GL@gl@@2PAPAVBMP@@A 0011a4c0     GL:GL.obj
 0003:00006540       ?tex_index@gl@@3HA         0011a540     GL:GL.obj
 0003:00006544       ?light_index@gl@@3HA       0011a544     GL:GL.obj
 0003:00006548       ?mat_mode@gl@@3W4GLMatrixMode@@A 0011a548     GL:GL.obj
 0003:0000654c       ?mat_stack_index@gl@@3HA   0011a54c     GL:GL.obj
 0003:00006550       ?vert_ptr@gl@@3PAUVertex@1@A 0011a550     GL:GL.obj
 0003:00006554       ?m_stride@GL@gl@@2IA       0011a554     GL:GL.obj
 0003:00006558       ?mat_viewmodel@gl@@3UMatrix4@1@A 0011a558     GL:GL.obj
 0003:00006598       ?mat_stack@gl@@3PAUMatrix4@1@A 0011a598     GL:GL.obj
 0003:00006d98       ?lightsources@gl@@3PAUVector4@1@A 0011ad98     GL:GL.obj
 0003:00006dd8       ?mat_projection@gl@@3UMatrix4@1@A 0011add8     GL:GL.obj
 0003:00006e18       ?depth_buffer@Rasterizer@gl@@2PAMA 0011ae18     GL:Rasterizer.obj
 0003:00006e1c       ?p1@@3HA                   0011ae1c     GameEngine:Engine.obj
 0003:00006e20       ?p2@@3MA                   0011ae20     GameEngine:Engine.obj
 0003:00006e24       ?p3@@3MA                   0011ae24     GameEngine:Engine.obj
 0003:00006e28       ?ticks@@3HA                0011ae28     GameEngine:Engine.obj
 0003:00006e2c       ?totalFrames@@3HA          0011ae2c     GameEngine:Engine.obj
 0003:00006e30       ?startTicks@@3HA           0011ae30     GameEngine:Engine.obj
 0003:00006e34       ?BOOL1@@3_NA               0011ae34     GameEngine:Engine.obj
 0003:00006e38       ?last_mouse_pos@@3UVector3@@A 0011ae38     GameEngine:Engine.obj
 0003:00006e44       ?n@@3HA                    0011ae44     GameEngine:BoxCollider.obj
 0003:00006e48       ?c@@3UVector3@@A           0011ae48     GameEngine:BoxCollider.obj
 0003:00006e54       ?v@@3UVector3@@A           0011ae54     GameEngine:BoxCollider.obj
 0003:00006e60       ?d@@3UVector3@@A           0011ae60     GameEngine:BoxCollider.obj
 0003:00006e6c       ?b@@3UVector3@@A           0011ae6c     GameEngine:BoxCollider.obj
 0003:00006e78       ?mem_left@@3HA             0011ae78     KERNEL:kernel.obj
 0003:00006e7c       ?mem_ptr@@3PAEA            0011ae7c     KERNEL:kernel.obj
 0003:00006e80       ?x@Debug@@2HA              0011ae80     KERNEL:debug.obj
 0003:00006e84       ?y@Debug@@2HA              0011ae84     KERNEL:debug.obj
 0003:00006e88       ?bcolor@Debug@@2IA         0011ae88     KERNEL:debug.obj
 0003:00006e90       ?mode@VBE@@2UVBE_MODE_INFO@@A 0011ae90     KERNEL:vbe.obj
 0003:00006f90       ?buffer@VBE@@2PAIA         0011af90     KERNEL:vbe.obj
 0003:00006f94       ?mem_base@VBE@@0PAIA       0011af94     KERNEL:vbe.obj
 0003:00006f98       ?mem_max@VBE@@0PAIA        0011af98     KERNEL:vbe.obj
 0003:00006f9c       ?mem_size@VBE@@0IA         0011af9c     KERNEL:vbe.obj
 0003:00006fa0       ?bytes_per_pixel@VBE@@0IA  0011afa0     KERNEL:vbe.obj
 0003:00006fa4       ?pixel_count@VBE@@0IA      0011afa4     KERNEL:vbe.obj
 0003:00006fa8       ?ctrl@Keyboard@@2_NA       0011afa8     KERNEL:keyboard.obj
 0003:00006fa9       ?shift@Keyboard@@2_NA      0011afa9     KERNEL:keyboard.obj
 0003:00006faa       ?alt@Keyboard@@2_NA        0011afaa     KERNEL:keyboard.obj
 0003:00006fab       ?caps@Keyboard@@2_NA       0011afab     KERNEL:keyboard.obj
 0003:00006fac       ?num@Keyboard@@2_NA        0011afac     KERNEL:keyboard.obj
 0003:00006fad       ?scroll@Keyboard@@2_NA     0011afad     KERNEL:keyboard.obj
 0003:00006fae       ?extended@@3_NA            0011afae     KERNEL:keyboard.obj
 0003:00006faf       ?scancode@@3EA             0011afaf     KERNEL:keyboard.obj
 0003:00006fb0       ?keystates@@3PA_NA         0011afb0     KERNEL:keyboard.obj
 0003:000070af       ?scan@@3EA                 0011b0af     KERNEL:keyboard.obj
 0003:000070b0       ?last_key@@3UKEY_PACKET@@A 0011b0b0     KERNEL:keyboard.obj
 0003:000070bc       ?pressed@@3_NA             0011b0bc     KERNEL:keyboard.obj
 0003:000070c0       ?key@@3W4KEYCODE@@A        0011b0c0     KERNEL:keyboard.obj
 0003:000070c4       ?ticks@PIT@@2IA            0011b0c4     KERNEL:pit.obj
 0003:000070c8       ?x@Mouse@@2HA              0011b0c8     KERNEL:mouse.obj
 0003:000070cc       ?y@Mouse@@2HA              0011b0cc     KERNEL:mouse.obj
 0003:000070d0       ?sensitivity@Mouse@@2MA    0011b0d0     KERNEL:mouse.obj
 0003:000070d4       ?mouse_L@Mouse@@2_NA       0011b0d4     KERNEL:mouse.obj
 0003:000070d5       ?mouse_R@Mouse@@2_NA       0011b0d5     KERNEL:mouse.obj
 0003:000070d6       ?mouse_M@Mouse@@2_NA       0011b0d6     KERNEL:mouse.obj
 0003:000070d7       ?mouse_cycle@Mouse@@0EA    0011b0d7     KERNEL:mouse.obj
 0003:000070d8       ?scroll_x@Mouse@@2HA       0011b0d8     KERNEL:mouse.obj
 0003:000070dc       ?scroll_y@Mouse@@2HA       0011b0dc     KERNEL:mouse.obj
 0003:000070e0       ?w@Mouse@@0IA              0011b0e0     KERNEL:mouse.obj
 0003:000070e4       ?h@Mouse@@0IA              0011b0e4     KERNEL:mouse.obj
 0003:000070e8       ?mouse_byte@Mouse@@0PACA   0011b0e8     KERNEL:mouse.obj
 0003:000070ec       ?initialized@Mouse@@0_NA   0011b0ec     KERNEL:mouse.obj
 0003:000070f0       ?intf@KNet@@2PAVNetInterface@@A 0011b0f0     KERNEL:net.obj
 0003:000070f4       ?GatewayIPv4@KNet@@2UIPv4Address@@A 0011b0f4     KERNEL:net.obj
 0003:000070f8       ?GatewayMAC@KNet@@2UMacAddress@@A 0011b0f8     KERNEL:net.obj
 0003:00007100       ?BroadcastMAC@KNet@@2UMacAddress@@A 0011b100     KERNEL:net.obj
 0003:00007108       ?BroadcastIPv4@KNet@@2UIPv4Address@@A 0011b108     KERNEL:net.obj
 0003:0000710c       ?NullMAC@KNet@@2UMacAddress@@A 0011b10c     KERNEL:net.obj
 0003:00007114       ?NullIPv4@KNet@@2UIPv4Address@@A 0011b114     KERNEL:net.obj
 0003:00007118       ?num_blocks@Memory@@2IA    0011b118     KERNEL:memory.obj
 0003:0000711c       ?num_free@Memory@@2IA      0011b11c     KERNEL:memory.obj
 0003:00007120       ?mem_size@Memory@@2IA      0011b120     KERNEL:memory.obj
 0003:00007124       ?mem_map@Memory@@0PAIA     0011b124     KERNEL:memory.obj
 0003:00007128       ?idt@IDT@@0PAUIDT_DESCRIPTOR@@A 0011b128     KERNEL:idt.obj
 0003:00007928       ?idt_reg@IDT@@0UIDT_REG@@A 0011b928     KERNEL:idt.obj

 entry point at        0000:00000000

 Static symbols

 0002:fffece00       __guard_fids__             00100000     LIBCMT:std_type_info_static.obj
 0001:fffffd08       $LN15                      00100108     GameEngine:Collider.obj
 0001:fffffd18       $LN24                      00100118     GameEngine:Collider.obj
 0001:fffffd24       $LN29                      00100124     GameEngine:Collider.obj
 0001:00000000       ??__E?m_stride@GL@gl@@2IA@@YAXXZ 00100400 f   GL:GL.obj
 0001:00000010       ??__Elightsources@gl@@YAXXZ 00100410 f   GL:GL.obj
 0001:00000040       ??__Emat_projection@gl@@YAXXZ 00100440 f   GL:GL.obj
 0001:00000050       ??__Emat_stack@gl@@YAXXZ   00100450 f   GL:GL.obj
 0001:00000080       ??__Emat_viewmodel@gl@@YAXXZ 00100480 f   GL:GL.obj
 0001:00000090       ??__Elast_mouse_pos@@YAXXZ 00100490 f   GameEngine:Engine.obj
 0001:000000a0       ??__Eb@@YAXXZ              001004a0 f   GameEngine:BoxCollider.obj
 0001:000000b0       ??__Ec@@YAXXZ              001004b0 f   GameEngine:BoxCollider.obj
 0001:000000c0       ??__Ed@@YAXXZ              001004c0 f   GameEngine:BoxCollider.obj
 0001:000000d0       ??__Ev@@YAXXZ              001004d0 f   GameEngine:BoxCollider.obj
 0001:00002328       $LN28                      00102728     tcpsession.obj
 0001:0000a4d4       $LN29                      0010a8d4     GameEngine:BoxCollider.obj
 0001:0000a6a8       $LN15                      0010aaa8     GameEngine:BoxCollider.obj
 0001:0000a7d8       $LN24                      0010abd8     GameEngine:BoxCollider.obj
 0001:0000b5d8       $LN70                      0010b9d8     GameEngine:BoxCollider.obj
 0001:00010210       $LN49                      00110610     Lib:stdio.obj
 0001:0001022c       $LN44                      0011062c     Lib:stdio.obj
 0001:000106c8       $LN28                      00110ac8     KERNEL:debug.obj
 0001:00010818       $LN21                      00110c18     KERNEL:debug.obj
 0001:000111d0       $LN59                      001115d0     KERNEL:keyboard.obj
 0001:000111f8       $LN60                      001115f8     KERNEL:keyboard.obj
 0001:00011228       $LN61                      00111628     KERNEL:keyboard.obj
 0001:00011260       $LN56                      00111660     KERNEL:keyboard.obj
 0002:000004c8       ?scancodes@@3QBW4KEYCODE@@B 001136c8     KERNEL:keyboard.obj
 0003:00000008       ?DEFAULT_FONT@@3PAEA       00114008     3DGame:3DGame.obj
 0003:00001008       ?DEFAULT_FONT@@3PAEA       00115008     3DGame:MyBox.obj
 0003:00002008       ?DEFAULT_FONT@@3PAEA       00116008     3DGame:Thing.obj
 0003:00003020       ?next@@3KA                 00117020     Lib:math.obj
 0003:00003028       ?DEFAULT_FONT@@3PAEA       00117028     KERNEL:vbe.obj
 0004:00000000       ??m_stride$initializer$@GL@gl@@2P6AXXZA@@3P6AXXZA 0011ba00     GL:GL.obj
 0004:00000004       ?lightsources$initializer$@gl@@3P6AXXZA 0011ba04     GL:GL.obj
 0004:00000008       ?mat_projection$initializer$@gl@@3P6AXXZA 0011ba08     GL:GL.obj
 0004:0000000c       ?mat_viewmodel$initializer$@gl@@3P6AXXZA 0011ba0c     GL:GL.obj
 0004:00000010       ?mat_stack$initializer$@gl@@3P6AXXZA 0011ba10     GL:GL.obj
 0004:00000014       ?last_mouse_pos$initializer$@@3P6AXXZA 0011ba14     GameEngine:Engine.obj
 0004:00000018       ?v$initializer$@@3P6AXXZA  0011ba18     GameEngine:BoxCollider.obj
 0004:0000001c       ?c$initializer$@@3P6AXXZA  0011ba1c     GameEngine:BoxCollider.obj
 0004:00000020       ?b$initializer$@@3P6AXXZA  0011ba20     GameEngine:BoxCollider.obj
 0004:00000024       ?d$initializer$@@3P6AXXZA  0011ba24     GameEngine:BoxCollider.obj
