 AndyOS

 Timestamp is 59e61f38 (Tue Oct 17 17:18:16 2017)

 Preferred load address is 00100000

 Start         Length     Name                   Class
 0001:00000000 000000d0H .text$di                CODE
 0001:000000d0 00017d0bH .text$mn                CODE
 0002:00000000 00000000H .gfids$y                DATA
 0002:00000000 00000a94H .rdata                  DATA
 0002:00000a94 00000548H .rdata$r                DATA
 0002:00000fdc 00000000H .edata                  DATA
 0002:00000fdc 00000128H .rdata$zzzdbg           DATA
 0003:00000000 0000420cH .data                   DATA
 0003:0000420c 000001c4H .data$r                 DATA
 0003:000043d0 000040deH .bss                    DATA
 0004:00000000 00000024H .CRT$XCU                DATA

  Address         Publics by Value              Rva+Base       Lib:Object

 0000:00000000       ___guard_fids_table        00000000     <absolute>
 0000:00000000       ___guard_longjmp_table     00000000     <absolute>
 0000:00000000       ___safe_se_handler_count   00000000     <absolute>
 0000:00000000       ___dynamic_value_reloc_table 00000000     <absolute>
 0000:00000000       ___safe_se_handler_table   00000000     <absolute>
 0000:00000000       ___enclave_config          00000000     <absolute>
 0000:00000000       ___guard_iat_table         00000000     <absolute>
 0000:00000000       ___guard_flags             00000000     <absolute>
 0000:00000000       ___guard_iat_count         00000000     <absolute>
 0000:00000000       ___hybrid_code_map_count   00000000     <absolute>
 0000:00000000       ___hybrid_auxiliary_iat    00000000     <absolute>
 0000:00000000       ___guard_fids_count        00000000     <absolute>
 0000:00000000       ___hybrid_code_map         00000000     <absolute>
 0000:00000000       ___guard_longjmp_count     00000000     <absolute>
 0001:000000d0       ?OSBoot@@YAXPAUMULTIBOOT_HEADER@@@Z 001004d0 f   boot.obj
 0001:00000120       ??0Button@gui@@QAE@XZ      00100520 f   Button.obj
 0001:00000180       ?Paint@Button@gui@@UAEXXZ  00100580 f   Button.obj
 0001:00000220       ?Paint@Control@gui@@UAEXXZ 00100620 f i Button.obj
 0001:00000230       ?ReceiveSendMessage@Button@gui@@UAEXUWND_MSG@2@@Z 00100630 f   Button.obj
 0001:00000280       ?ReceiveSendMessage@Control@gui@@UAEXUWND_MSG@2@@Z 00100680 f i Button.obj
 0001:00000290       ??0Canvas@gui@@QAE@XZ      00100690 f   Canvas.obj
 0001:000002f0       ?Close@Control@gui@@QAEXXZ 001006f0 f   Control.obj
 0001:00000340       ?ReadFile@FileSystem@@SAIPADAAPAD@Z 00100740 f   FileSystem.obj
 0001:00000350       ?CloseWindow@WindowManager@gui@@SAXPAVWindow@2@@Z 00100750 f   GUI.obj
 0001:000003d0       ?Contains@Rect@@QAE_NHH@Z  001007d0 f i GUI.obj
 0001:00000410       ?CreateWindow@WindowManager@gui@@SAPAVWindow@2@PAD@Z 00100810 f   GUI.obj
 0001:00000490       ?GetWindowAtCursor@WindowManager@gui@@CAPAVWindow@2@XZ 00100890 f   GUI.obj
 0001:000004e0       ?HandleKeyInput@WindowManager@gui@@CAXXZ 001008e0 f   GUI.obj
 0001:00000550       ?HandleMouseInput@WindowManager@gui@@CAXXZ 00100950 f   GUI.obj
 0001:00000980       ?Init@WindowManager@gui@@SAIXZ 00100d80 f   GUI.obj
 0001:00000a80       ?PaintBackground@WindowManager@gui@@CAXXZ 00100e80 f   GUI.obj
 0001:00000b20       ?PaintCursor@WindowManager@gui@@CAXXZ 00100f20 f   GUI.obj
 0001:00000be0       ?PaintTaskbar@WindowManager@gui@@CAXXZ 00100fe0 f   GUI.obj
 0001:00000c80       ?PaintWindows@WindowManager@gui@@CAXXZ 00101080 f   GUI.obj
 0001:00000cf0       ?SetFocusedWindow@WindowManager@gui@@CAXPAVWindow@2@@Z 001010f0 f   GUI.obj
 0001:00000dd0       ?Start@WindowManager@gui@@SAXXZ 001011d0 f   GUI.obj
 0001:00000de0       ?UpdateLoop@WindowManager@gui@@CAXXZ 001011e0 f   GUI.obj
 0001:00001150       ?FindFile@ISO_FS@@SAPAUISO_DIRECTORY@@PAD@Z 00101550 f   iso.obj
 0001:00001220       ?Init@ISO_FS@@SAIXZ        00101620 f   iso.obj
 0001:00001290       ?ListFiles@ISO_FS@@SAHPAD@Z 00101690 f   iso.obj
 0001:00001330       ?ReadFile@ISO_FS@@SAIPADAAPAD@Z 00101730 f   iso.obj
 0001:00001420       ?ReadFile@ISO_FS@@SAIPAUISO_DIRECTORY@@AAPAD@Z 00101820 f   iso.obj
 0001:00001450       ??0Label@gui@@QAE@XZ       00101850 f   Label.obj
 0001:000014b0       ?Paint@Label@gui@@UAEXXZ   001018b0 f   Label.obj
 0001:000014e0       ??0Mandelbrot@@QAE@UGC@@@Z 001018e0 f   Mandelbrot.obj
 0001:00001560       ?Run@Mandelbrot@@QAEXXZ    00101960 f   Mandelbrot.obj
 0001:000019d0       ?stuff@@YAXXZ              00101dd0 f   Mandelbrot.obj
 0001:00001a50       ?AddEntry@ARP@@SAXUMacAddress@@UIPv4Address@@@Z 00101e50 f   arp.obj
 0001:00001ae0       ?Decode@ARP@@SA_NPAUARP_Header@@PAUNetPacket@@@Z 00101ee0 f   arp.obj
 0001:00001b50       ?Init@ARP@@SAIXZ           00101f50 f   arp.obj
 0001:00001bc0       ?LookupMac@ARP@@SA?AUMacAddress@@UIPv4Address@@@Z 00101fc0 f   arp.obj
 0001:00001c40       ?Receive@ARP@@SAXPAVNetInterface@@PAUNetPacket@@@Z 00102040 f   arp.obj
 0001:00001d80       ?Send@ARP@@SAXPAVNetInterface@@UMacAddress@@UIPv4Address@@G@Z 00102180 f   arp.obj
 0001:00001e40       ?SendReply@ARP@@CAXPAVNetInterface@@PAUARP_Header@@@Z 00102240 f   arp.obj
 0001:00001e80       ?SendRequest@ARP@@SAXPAVNetInterface@@UIPv4Address@@@Z 00102280 f   arp.obj
 0001:00001ec0       ?DoStuff@DHCP@@SAXPAVNetInterface@@UIPv4Address@@@Z 001022c0 f   dhcp.obj
 0001:00001fa0       ?Receive@DHCP@@SAXPAVNetInterface@@PAUIPv4_Header@@PAUUDP_Packet@@PAUNetPacket@@@Z 001023a0 f   dhcp.obj
 0001:00001fb0       ?AddEntry@DNS@@SAXPADUIPv4Address@@@Z 001023b0 f   dns.obj
 0001:00002030       ?AppendDomain@DNS@@CAPAEPAEPAD@Z 00102430 f   dns.obj
 0001:00002090       ?Decode@DNS@@SA_NPAUDNS_Packet@@PAUUDP_Packet@@@Z 00102490 f   dns.obj
 0001:00002110       ?Init@DNS@@SAIXZ           00102510 f   dns.obj
 0001:00002150       ?LookupAddress@DNS@@SA?AUIPv4Address@@PAD@Z 00102550 f   dns.obj
 0001:00002190       ?ParseAnswer@DNS@@CAPAEPAUDNS_Answer@@PAE@Z 00102590 f   dns.obj
 0001:000021f0       ?ParseDomain@DNS@@CAPAEPADPAE@Z 001025f0 f   dns.obj
 0001:00002230       ?Query@DNS@@SAXPAVNetInterface@@PAD@Z 00102630 f   dns.obj
 0001:00002310       ?Receive@DNS@@SAXPAVNetInterface@@PAUIPv4_Header@@PAUUDP_Packet@@PAUNetPacket@@@Z 00102710 f   dns.obj
 0001:00002470       ?CreatePacket@Eth@@SAPAUNetPacket@@PAVNetInterface@@UMacAddress@@GI@Z 00102870 f   eth.obj
 0001:000024e0       ?Decode@Eth@@SA_NPAUEthPacket@@PAUNetPacket@@@Z 001028e0 f   eth.obj
 0001:00002560       ?Receive@Eth@@SAXPAVNetInterface@@PAUNetPacket@@@Z 00102960 f   eth.obj
 0001:00002600       ?Send@Eth@@SAXPAVNetInterface@@PAUNetPacket@@@Z 00102a00 f   eth.obj
 0001:00002610       ??0WebClient@@QAE@XZ       00102a10 f   http.obj
 0001:00002620       ?Download@WebClient@@QAEHVString@std@@AAPAE@Z 00102a20 f   http.obj
 0001:00002640       ?Send@WebClient@@QAEXVString@std@@PAEI@Z 00102a40 f   http.obj
 0001:000026d0       ?Decode@ICMP@@SA_NPAUICMP_Packet@@PAUNetPacket@@@Z 00102ad0 f   icmp.obj
 0001:00002740       ?Receive@ICMP@@SAXPAVNetInterface@@PAUIPv4_Header@@PAUNetPacket@@@Z 00102b40 f   icmp.obj
 0001:00002790       ?Send@ICMP@@SAXPAVNetInterface@@PAUICMP_Packet@@UIPv4Address@@E@Z 00102b90 f   icmp.obj
 0001:00002830       ?SendReply@ICMP@@SAXPAVNetInterface@@PAUICMP_Packet@@UIPv4Address@@@Z 00102c30 f   icmp.obj
 0001:000028c0       ?CreatePacket@IPv4@@SAPAUNetPacket@@PAVNetInterface@@UIPv4Address@@EI@Z 00102cc0 f   ipv4.obj
 0001:00002a40       ?Decode@IPv4@@SA_NPAUIPv4_Header@@PAUNetPacket@@@Z 00102e40 f   ipv4.obj
 0001:00002ab0       ?Receive@IPv4@@SAXPAVNetInterface@@PAUEthPacket@@PAUNetPacket@@@Z 00102eb0 f   ipv4.obj
 0001:00002bb0       ?Send@IPv4@@SAXPAVNetInterface@@PAUNetPacket@@@Z 00102fb0 f   ipv4.obj
 0001:00002bc0       ?Init@Net@@SAIXZ           00102fc0 f   net.obj
 0001:00002be0       ?NetEthReceive@@YAXPAVNetInterface@@PAUNetPacket@@@Z 00102fe0 f   net.obj
 0001:00002bf0       ?CreatePacket@TCP@@SAPAUNetPacket@@PAVNetInterface@@UIPv4Address@@GGEIIPAEI@Z 00102ff0 f   tcp.obj
 0001:00002ce0       ?CreateSession@TCP@@SAPAVTcpSession@@XZ 001030e0 f   tcp.obj
 0001:00002d20       ?Decode@TCP@@SA_NPAUTCP_Packet@@PAUNetPacket@@@Z 00103120 f   tcp.obj
 0001:00002dd0       ?Receive@TCP@@SAXPAVNetInterface@@PAUIPv4_Header@@PAUNetPacket@@@Z 001031d0 f   tcp.obj
 0001:00002ed0       ?Send@TCP@@SAXPAVNetInterface@@PAUNetPacket@@@Z 001032d0 f   tcp.obj
 0001:00002ee0       ??0TcpSession@@QAE@XZ      001032e0 f   tcpsession.obj
 0001:00002f00       ?Close@TcpSession@@QAEXXZ  00103300 f   tcpsession.obj
 0001:00003000       ?Connect@TcpSession@@QAEXUIPv4Address@@G@Z 00103400 f   tcpsession.obj
 0001:00003180       ?Listen@TcpSession@@QAEXG@Z 00103580 f   tcpsession.obj
 0001:000031b0       ?Receive@TcpSession@@QAEXPAUIPv4_Header@@PAUTCP_Packet@@@Z 001035b0 f   tcpsession.obj
 0001:00003340       ?ReceivedData@TcpSession@@QAEXPAUIPv4_Header@@PAUTCP_Packet@@@Z 00103740 f   tcpsession.obj
 0001:000033a0       ?Reset@TcpSession@@AAEXXZ  001037a0 f   tcpsession.obj
 0001:000033c0       ?Send@TcpSession@@AAE_NEPAEI@Z 001037c0 f   tcpsession.obj
 0001:00003410       ?SendData@TcpSession@@QAE_NPAEI@Z 00103810 f   tcpsession.obj
 0001:00003460       ??0TcpSocket@@QAE@XZ       00103860 f   tcpsocket.obj
 0001:00003470       ?Close@TcpSocket@@QAE_NXZ  00103870 f   tcpsocket.obj
 0001:00003490       ?Connect@TcpSocket@@QAE_NUIPv4Address@@G@Z 00103890 f   tcpsocket.obj
 0001:000034c0       ?Listen@TcpSocket@@QAE_NG@Z 001038c0 f   tcpsocket.obj
 0001:000034f0       ?Send@TcpSocket@@QAE_NPAEI@Z 001038f0 f   tcpsocket.obj
 0001:00003520       ??0TextBox@gui@@QAE@XZ     00103920 f   TextBox.obj
 0001:000035a0       ?Paint@TextBox@gui@@UAEXXZ 001039a0 f   TextBox.obj
 0001:00003650       ?ReceiveSendMessage@TextBox@gui@@UAEXUWND_MSG@2@@Z 00103a50 f   TextBox.obj
 0001:00003680       ??_H@YGXPAXIIP6EPAX0@Z@Z   00103a80 f i TextEdit.obj
 0001:000036b0       ?Receive@apps@@YAXXZ       00103ab0 f   TextEdit.obj
 0001:000036f0       ?RunTextEdit@apps@@YAXXZ   00103af0 f   TextEdit.obj
 0001:000039a0       ?UpdateCanvas@apps@@YAXXZ  00103da0 f   TextEdit.obj
 0001:00003a50       ?CreatePacket@UDP@@SAPAUNetPacket@@PAVNetInterface@@UIPv4Address@@GGPAEI@Z 00103e50 f   udp.obj
 0001:00003b10       ?CreateSocket@UDP@@SAPAVUdpSocket@@H@Z 00103f10 f   udp.obj
 0001:00003b50       ?Decode@UDP@@SA_NPAUUDP_Packet@@PAUNetPacket@@@Z 00103f50 f   udp.obj
 0001:00003bc0       ?Init@UDP@@SAIXZ           00103fc0 f   udp.obj
 0001:00003bf0       ?Receive@UDP@@SAXPAVNetInterface@@PAUIPv4_Header@@PAUNetPacket@@@Z 00103ff0 f   udp.obj
 0001:00003cc0       ?Send@UDP@@SAXPAVNetInterface@@PAUNetPacket@@@Z 001040c0 f   udp.obj
 0001:00003cd0       ??0UdpSocket@@QAE@GG@Z     001040d0 f   udpsocket.obj
 0001:00003d10       ??1UdpSocket@@QAE@XZ       00104110 f   udpsocket.obj
 0001:00003d20       ?Receive@UdpSocket@@QAEHAAPAEAAUIPv4Address@@@Z 00104120 f   udpsocket.obj
 0001:00003d70       ?Send@UdpSocket@@QAEXUIPv4Address@@PAEG@Z 00104170 f   udpsocket.obj
 0001:00003db0       ?SetReceivedData@UdpSocket@@QAEXUIPv4Address@@PAEG@Z 001041b0 f   udpsocket.obj
 0001:00003de0       ?Audio@@YAXXZ              001041e0 f   OS.obj
 0001:00003e20       ?GUI@@YAXXZ                00104220 f   OS.obj
 0001:00003e50       ?Game@@YAXXZ               00104250 f   OS.obj
 0001:00003ee0       ?Main@OS@@SAXXZ            001042e0 f   OS.obj
 0001:00003ef0       ?ThrowException@OS@@SAXPAD0@Z 001042f0 f   OS.obj
 0001:00003f00       ?_Font@@YAXXZ              00104300 f   OS.obj
 0001:00003f40       ?render@@YAXXZ             00104340 f   OS.obj
 0001:00003fa0       ?Add@?$List@VString@std@@@std@@QAEXVString@2@@Z 001043a0 f i string.obj
 0001:000040a0       ?Split@String@std@@QAEXAAV?$List@VString@std@@@2@D@Z 001044a0 f   string.obj
 0001:000041e0       ??0GC@@QAE@HH@Z            001045e0 f i Window.obj
 0001:00004230       ??0Window@gui@@QAE@XZ      00104630 f   Window.obj
 0001:00004360       ?Close@Window@gui@@QAEXXZ  00104760 f   Window.obj
 0001:000043e0       ?CreateControl@Window@gui@@QAEPAVControl@2@W4CONTROL_TYPE@2@PADHHHHH@Z 001047e0 f   Window.obj
 0001:00004610       ?DispatchMessage@Window@gui@@QAEXUWND_MSG@2@@Z 00104a10 f   Window.obj
 0001:00004650       ?GetControlAt@Window@gui@@QAEPAVControl@2@HH@Z 00104a50 f   Window.obj
 0001:000046b0       ?GetMessage@Window@gui@@QAE?AUWND_MSG@2@XZ 00104ab0 f   Window.obj
 0001:00004700       ?Paint@Window@gui@@QAEXXZ  00104b00 f   Window.obj
 0001:00004860       ?PaintControls@Window@gui@@AAEXXZ 00104c60 f   Window.obj
 0001:00004900       ?PaintWindow@Window@gui@@AAEXXZ 00104d00 f   Window.obj
 0001:000049d0       ?ReceiveSendMessage@Window@gui@@QAEXUWND_MSG@2@@Z 00104dd0 f   Window.obj
 0001:00004a30       ?SetFocus@Window@gui@@QAEX_N@Z 00104e30 f   Window.obj
 0001:00004a50       ?SetState@Window@gui@@QAEXW4WINDOW_STATE@2@@Z 00104e50 f   Window.obj
 0001:00004aa0       ??$CreateCamera@VCamera@@@Game@@QAEPAVCamera@@VString@std@@@Z 00104ea0 f i 3DGame:3DGame.obj
 0001:00004b10       ??$CreateObject@VMyBox@@@Game@@QAEPAVMyBox@@VString@std@@@Z 00104f10 f i 3DGame:3DGame.obj
 0001:00004b80       ??$CreateObject@VThing@@@Game@@QAEPAVThing@@VString@std@@@Z 00104f80 f i 3DGame:3DGame.obj
 0001:00004bf0       ??0MyGame@@QAE@XZ          00104ff0 f   3DGame:3DGame.obj
 0001:00004f90       ??0String@std@@QAE@PAD@Z   00105390 f i 3DGame:3DGame.obj
 0001:00005000       ??1String@std@@QAE@XZ      00105400 f i 3DGame:3DGame.obj
 0001:00005030       ??YString@std@@QAEAAV01@D@Z 00105430 f i 3DGame:3DGame.obj
 0001:00005080       ?Length@String@std@@QAEHXZ 00105480 f i 3DGame:3DGame.obj
 0001:000050b0       ??$CreateComponent@VMeshComponent@@@GameObject@@QAEPAVMeshComponent@@VString@std@@@Z 001054b0 f i 3DGame:MyBox.obj
 0001:00005120       ??$CreateComponent@VRigidbody@@@GameObject@@QAEPAVRigidbody@@VString@std@@@Z 00105520 f i 3DGame:MyBox.obj
 0001:00005190       ??0MyBox@@QAE@XZ           00105590 f   3DGame:MyBox.obj
 0001:000052f0       ?Start@GameObject@@UAEXXZ  001056f0 f i 3DGame:MyBox.obj
 0001:00005310       ?Update@GameObject@@UAEXM@Z 00105710 f i 3DGame:MyBox.obj
 0001:00005330       ??0Thing@@QAE@XZ           00105730 f   3DGame:Thing.obj
 0001:00005480       ??DVector3@@QAE?AU0@M@Z    00105880 f i 3DGame:Thing.obj
 0001:000054e0       ?Update@Thing@@UAEXM@Z     001058e0 f   3DGame:Thing.obj
 0001:00005820       ?AddTexture@GL@gl@@SAHPAUBMP@@@Z 00105c20 f   GL:GL.obj
 0001:00005860       ?BindTexture@GL@gl@@SAXH@Z 00105c60 f   GL:GL.obj
 0001:00005870       ?Clear@GL@gl@@SAXI@Z       00105c70 f   GL:GL.obj
 0001:000058d0       ?Draw@GL@gl@@SAXHH@Z       00105cd0 f   GL:GL.obj
 0001:00005c40       ?Init@GL@gl@@SAIUGC@@@Z    00106040 f   GL:GL.obj
 0001:00005d50       ?LightSource@GL@gl@@SAHUVector4@2@@Z 00106150 f   GL:GL.obj
 0001:00005dd0       ?LoadIdentity@GL@gl@@SAXXZ 001061d0 f   GL:GL.obj
 0001:00005e30       ?LoadMatrix@GL@gl@@SAXABUMatrix4@2@@Z 00106230 f   GL:GL.obj
 0001:00005e80       ?MatrixMode@GL@gl@@SAXW4GLMatrixMode@@@Z 00106280 f   GL:GL.obj
 0001:00005e90       ?MulMatrix@GL@gl@@SAXABUMatrix4@2@@Z 00106290 f   GL:GL.obj
 0001:00005ef0       ?PopMatrix@GL@gl@@SAXXZ    001062f0 f   GL:GL.obj
 0001:00005f50       ?PushMatrix@GL@gl@@SAXXZ   00106350 f   GL:GL.obj
 0001:00005fb0       ?SelectedMatrix@GL@gl@@CAAAUMatrix4@2@XZ 001063b0 f   GL:GL.obj
 0001:00005fd0       ?SwapBuffers@GL@gl@@SAXXZ  001063d0 f   GL:GL.obj
 0001:00006030       ?VertexPointer@GL@gl@@SAXPAUVertex@2@@Z 00106430 f   GL:GL.obj
 0001:00006040       ??0Vector4@gl@@QAE@MMMM@Z  00106440 f   GL:Vector4.obj
 0001:00006070       ??0Vector4@gl@@QAE@XZ      00106470 f   GL:Vector4.obj
 0001:00006090       ?Cross@Vector4@gl@@SA?AU12@ABU12@0@Z 00106490 f   GL:Vector4.obj
 0001:00006100       ?Dot@Vector4@gl@@SAMABU12@0@Z 00106500 f   GL:Vector4.obj
 0001:00006120       ??0Matrix4@gl@@QAE@QAM@Z   00106520 f   GL:Matrix4.obj
 0001:00006190       ??0Matrix4@gl@@QAE@XZ      00106590 f   GL:Matrix4.obj
 0001:000061c0       ??Dgl@@YA?AUMatrix4@0@ABU10@0@Z 001065c0 f i GL:Matrix4.obj
 0001:00006200       ??Dgl@@YA?AUMatrix4@0@ABU10@ABM@Z 00106600 f i GL:Matrix4.obj
 0001:00006240       ??Dgl@@YA?AUVector4@0@ABUMatrix4@0@ABU10@@Z 00106640 f i GL:Matrix4.obj
 0001:00006340       ??Ggl@@YA?AUMatrix4@0@ABU10@0@Z 00106740 f i GL:Matrix4.obj
 0001:000063b0       ??Hgl@@YA?AUMatrix4@0@ABU10@0@Z 001067b0 f i GL:Matrix4.obj
 0001:00006420       ??XMatrix4@gl@@QAEAAU01@ABM@Z 00106820 f i GL:Matrix4.obj
 0001:000064c0       ??XMatrix4@gl@@QAEAAU01@ABU01@@Z 001068c0 f i GL:Matrix4.obj
 0001:00006870       ?CreateOrthographicProjection@Matrix4@gl@@SA?AU12@MMMMMM@Z 00106c70 f   GL:Matrix4.obj
 0001:00006920       ?CreatePerspectiveProjection@Matrix4@gl@@SA?AU12@MMMMM@Z 00106d20 f   GL:Matrix4.obj
 0001:00006a00       ?CreateRotation@Matrix4@gl@@SA?AU12@UVector4@2@@Z 00106e00 f   GL:Matrix4.obj
 0001:00006c10       ?CreateScale@Matrix4@gl@@SA?AU12@UVector4@2@@Z 00107010 f   GL:Matrix4.obj
 0001:00006c50       ?CreateTransformation@Matrix4@gl@@SA?AU12@UVector4@2@00@Z 00107050 f   GL:Matrix4.obj
 0001:00006f90       ?CreateTranslation@Matrix4@gl@@SA?AU12@UVector4@2@@Z 00107390 f   GL:Matrix4.obj
 0001:00006ff0       ?CreateView@Matrix4@gl@@SA?AU12@UVector4@2@000@Z 001073f0 f   GL:Matrix4.obj
 0001:00007110       ?GetElementsPointer@Matrix4@gl@@QAEPAMXZ 00107510 f   GL:Matrix4.obj
 0001:00007120       ?Inverse@Matrix4@gl@@QAE?AU12@XZ 00107520 f   GL:Matrix4.obj
 0001:000078f0       ??0ColRGB@gl@@QAE@I@Z      00107cf0 f   GL:Color.obj
 0001:00007980       ??0ColRGB@gl@@QAE@MMM@Z    00107d80 f   GL:Color.obj
 0001:000079e0       ??0ColRGB@gl@@QAE@XZ       00107de0 f   GL:Color.obj
 0001:00007a00       ??DColRGB@gl@@QAE?AU01@M@Z 00107e00 f   GL:Color.obj
 0001:00007a70       ??HColRGB@gl@@QAE?AU01@U01@@Z 00107e70 f   GL:Color.obj
 0001:00007ae0       ??XColRGB@gl@@QAE?AU01@M@Z 00107ee0 f   GL:Color.obj
 0001:00007b50       ?Luminosity@ColRGB@gl@@QAEMXZ 00107f50 f   GL:Color.obj
 0001:00007ba0       ?ToInt@ColRGB@gl@@QAEIXZ   00107fa0 f   GL:Color.obj
 0001:00007be0       ??0Vertex@gl@@QAE@MMMUColRGB@1@UVector4@1@@Z 00107fe0 f   GL:Vertex.obj
 0001:00007c80       ??0Vertex@gl@@QAE@XZ       00108080 f   GL:Vertex.obj
 0001:00007cd0       ?MulMatrix@Vertex@gl@@QAEXABUMatrix4@2@@Z 001080d0 f   GL:Vertex.obj
 0001:00007da0       ?DrawTriangle2@Rasterizer@gl@@SAXAAUVertex@2@00PAUBMP@@@Z 001081a0 f   GL:Rasterizer.obj
 0001:000084f0       ?DrawTriangle@Rasterizer@gl@@SAXAAUVertex@2@00PAUBMP@@@Z 001088f0 f   GL:Rasterizer.obj
 0001:00008880       ?EdgeFunction@gl@@YAMABUVector4@1@00@Z 00108c80 f   GL:Rasterizer.obj
 0001:000088d0       ?EdgeFunction@gl@@YAMABUVector4@1@0MM@Z 00108cd0 f   GL:Rasterizer.obj
 0001:00008920       ?Init@Rasterizer@gl@@SAIXZ 00108d20 f   GL:Rasterizer.obj
 0001:00008950       ??0GEngine@@QAE@UGC@@@Z    00108d50 f   GameEngine:Engine.obj
 0001:000089f0       ?Add@?$List@PAVRigidbody@@@std@@QAEXPAVRigidbody@@@Z 00108df0 f i GameEngine:Engine.obj
 0001:00008a70       ?Collision@GEngine@@AAEXXZ 00108e70 f   GameEngine:Engine.obj
 0001:00009eb0       ?Render@GEngine@@AAEXXZ    0010a2b0 f   GameEngine:Engine.obj
 0001:0000a360       ?Rotate@Quaternion@@QAEXUVector3@@M@Z 0010a760 f i GameEngine:Engine.obj
 0001:0000a4d0       ?StartGame@GEngine@@QAEXPAVGame@@@Z 0010a8d0 f   GameEngine:Engine.obj
 0001:0000a8d0       ?Update@GEngine@@AAEXXZ    0010acd0 f   GameEngine:Engine.obj
 0001:0000b730       ??0Vector3@@QAE@MMM@Z      0010bb30 f   GameEngine:Vector3.obj
 0001:0000b760       ??0Vector3@@QAE@XZ         0010bb60 f   GameEngine:Vector3.obj
 0001:0000b780       ?Cross@Vector3@@SA?AU1@ABU1@0@Z 0010bb80 f   GameEngine:Vector3.obj
 0001:0000b7e0       ?Dot@Vector3@@SAMABU1@0@Z  0010bbe0 f   GameEngine:Vector3.obj
 0001:0000b800       ?EulerAngles@Vector3@@QAE?AU1@XZ 0010bc00 f   GameEngine:Vector3.obj
 0001:0000b8b0       ?ToVector4@Vector3@@QAE?AUVector4@gl@@XZ 0010bcb0 f   GameEngine:Vector3.obj
 0001:0000b8f0       ??0Quaternion@@QAE@XZ      0010bcf0 f   GameEngine:Quaternion.obj
 0001:0000b910       ?FromAxisAngle@Quaternion@@SA?AU1@ABUVector3@@M@Z 0010bd10 f   GameEngine:Quaternion.obj
 0001:0000b9b0       ?FromEuler@Quaternion@@SA?AU1@ABUVector3@@@Z 0010bdb0 f   GameEngine:Quaternion.obj
 0001:0000bb20       ??0GameObject@@QAE@XZ      0010bf20 f   GameEngine:GameObject.obj
 0001:0000bbd0       ??A?$List@PAVComponent@@@std@@QAEAAPAVComponent@@H@Z 0010bfd0 f i GameEngine:GameObject.obj
 0001:0000bc20       ?Add@?$List@PAVComponent@@@std@@QAEXPAVComponent@@@Z 0010c020 f i GameEngine:GameObject.obj
 0001:0000bca0       ?Add@?$List@PAVMeshComponent@@@std@@QAEXPAVMeshComponent@@@Z 0010c0a0 f i GameEngine:GameObject.obj
 0001:0000bd20       ?AddComponent@GameObject@@QAEXPAVComponent@@@Z 0010c120 f   GameEngine:GameObject.obj
 0001:0000bea0       ?Contains@String@std@@QAE_NV12@@Z 0010c2a0 f i GameEngine:GameObject.obj
 0001:0000bf00       ?GetComponent@GameObject@@QAEPAVComponent@@VString@std@@@Z 0010c300 f   GameEngine:GameObject.obj
 0001:0000bfa0       ?GetName@GameObject@@QAE?AVString@std@@XZ 0010c3a0 f   GameEngine:GameObject.obj
 0001:0000bfb0       ?GetWorldPosition@GameObject@@QAE?AUVector3@@XZ 0010c3b0 f   GameEngine:GameObject.obj
 0001:0000c030       ?GetWorldRotation@GameObject@@QAE?AUQuaternion@@XZ 0010c430 f   GameEngine:GameObject.obj
 0001:0000c050       ?GetWorldScale@GameObject@@QAE?AUVector3@@XZ 0010c450 f   GameEngine:GameObject.obj
 0001:0000c0d0       ?GetWorldTransform@GameObject@@QAE?AUTransform@@XZ 0010c4d0 f   GameEngine:GameObject.obj
 0001:0000c1e0       ?SetName@GameObject@@QAEXVString@std@@@Z 0010c5e0 f   GameEngine:GameObject.obj
 0001:0000c200       ??0Camera@@QAE@XZ          0010c600 f   GameEngine:Camera.obj
 0001:0000c220       ?RotateEuler@Camera@@QAEXABUVector3@@@Z 0010c620 f   GameEngine:Camera.obj
 0001:0000c280       ??0Game@@QAE@XZ            0010c680 f   GameEngine:Game.obj
 0001:0000c2d0       ?Add@?$List@PAVCamera@@@std@@QAEXPAVCamera@@@Z 0010c6d0 f i GameEngine:Game.obj
 0001:0000c350       ?Add@?$List@PAVGameObject@@@std@@QAEXPAVGameObject@@@Z 0010c750 f i GameEngine:Game.obj
 0001:0000c3d0       ?Add@?$List@PAVLightSource@@@std@@QAEXPAVLightSource@@@Z 0010c7d0 f i GameEngine:Game.obj
 0001:0000c450       ?AddCamera@Game@@QAEXPAVCamera@@@Z 0010c850 f   GameEngine:Game.obj
 0001:0000c4d0       ?AddLightSource@Game@@QAEXPAVLightSource@@@Z 0010c8d0 f   GameEngine:Game.obj
 0001:0000c550       ?AddObject@Game@@QAEXPAVGameObject@@@Z 0010c950 f   GameEngine:Game.obj
 0001:0000c5d0       ?GetActiveCamera@Game@@QAEPAVCamera@@XZ 0010c9d0 f   GameEngine:Game.obj
 0001:0000c5e0       ?GetCamera@Game@@QAEPAVCamera@@VString@std@@@Z 0010c9e0 f   GameEngine:Game.obj
 0001:0000c680       ?GetLightSource@Game@@QAEPAVLightSource@@VString@std@@@Z 0010ca80 f   GameEngine:Game.obj
 0001:0000c720       ?GetObject@Game@@QAEPAVGameObject@@VString@std@@@Z 0010cb20 f   GameEngine:Game.obj
 0001:0000c840       ?SetActiveCamera@Game@@QAEXPAVCamera@@@Z 0010cc40 f   GameEngine:Game.obj
 0001:0000c850       ??0Component@@QAE@XZ       0010cc50 f   GameEngine:Component.obj
 0001:0000c880       ?GetName@Component@@QAE?AVString@std@@XZ 0010cc80 f   GameEngine:Component.obj
 0001:0000c890       ?SetName@Component@@QAEXVString@std@@@Z 0010cc90 f   GameEngine:Component.obj
 0001:0000c8b0       ?Start@Component@@UAEXXZ   0010ccb0 f i GameEngine:Component.obj
 0001:0000c8c0       ?Update@Component@@UAEXM@Z 0010ccc0 f i GameEngine:Component.obj
 0001:0000c8d0       ??0MeshComponent@@QAE@XZ   0010ccd0 f   GameEngine:MeshComponent.obj
 0001:0000c900       ?Update@MeshComponent@@UAEXM@Z 0010cd00 f   GameEngine:MeshComponent.obj
 0001:0000c910       ??0Rigidbody@@QAE@XZ       0010cd10 f   GameEngine:Rigidbody.obj
 0001:0000c960       ?AddImpulse@Rigidbody@@QAEXUVector3@@@Z 0010cd60 f   GameEngine:Rigidbody.obj
 0001:0000c9a0       ?AddImpulseAt@Rigidbody@@QAEXUVector3@@0@Z 0010cda0 f   GameEngine:Rigidbody.obj
 0001:0000c9b0       ?Speed@Rigidbody@@QAEMXZ   0010cdb0 f   GameEngine:Rigidbody.obj
 0001:0000c9f0       ?SpeedSquared@Rigidbody@@QAEMXZ 0010cdf0 f   GameEngine:Rigidbody.obj
 0001:0000ca40       ?Start@Rigidbody@@UAEXXZ   0010ce40 f   GameEngine:Rigidbody.obj
 0001:0000ca50       ?Update@Rigidbody@@UAEXM@Z 0010ce50 f   GameEngine:Rigidbody.obj
 0001:0000ce70       ??0BoxCollider@@QAE@XZ     0010d270 f   GameEngine:BoxCollider.obj
 0001:0000ce90       ?GetEdge@Collider@@UAEPAUVector3@@H@Z 0010d290 f i GameEngine:BoxCollider.obj
 0001:0000cff0       ?GetEdgeDir@Collider@@UAE?AUVector3@@H@Z 0010d3f0 f i GameEngine:BoxCollider.obj
 0001:0000d080       ?GetFaceDir@Collider@@UAE?AUVector3@@H@Z 0010d480 f i GameEngine:BoxCollider.obj
 0001:0000d1a0       ?GetVertex@Collider@@UAE?AUVector3@@H@Z 0010d5a0 f i GameEngine:BoxCollider.obj
 0001:0000d2e0       ?IsColliding@BoxCollider@@QAE_NPAV1@AAUVector3@@@Z 0010d6e0 f   GameEngine:BoxCollider.obj
 0001:0000d2f0       ?SupportFunction@@YA?AUVector3@@U1@UTransform@@@Z 0010d6f0 f   GameEngine:BoxCollider.obj
 0001:0000d6c0       ?cross_aba@@YA?AUVector3@@ABU1@0@Z 0010dac0 f i GameEngine:BoxCollider.obj
 0001:0000d6f0       ?update@@YA_NUVector3@@@Z  0010daf0 f   GameEngine:BoxCollider.obj
 0001:0000e0e0       ?LoadModel@ModelLoader@@SAPAVModel3D@@PADW4Format3D@@@Z 0010e4e0 f   GameEngine:ModelLoader.obj
 0001:0000e160       ??0Matrix3@@QAE@QAM@Z      0010e560 f   GameEngine:Matrix3.obj
 0001:0000e1a0       ??0Matrix3@@QAE@XZ         0010e5a0 f   GameEngine:Matrix3.obj
 0001:0000e1f0       ??D@YA?AUMatrix3@@ABU0@0@Z 0010e5f0 f i GameEngine:Matrix3.obj
 0001:0000e3c0       ??D@YA?AUMatrix3@@ABU0@ABM@Z 0010e7c0 f i GameEngine:Matrix3.obj
 0001:0000e460       ??D@YA?AUVector3@@ABUMatrix3@@ABU0@@Z 0010e860 f i GameEngine:Matrix3.obj
 0001:0000e500       ??G@YA?AUMatrix3@@ABU0@0@Z 0010e900 f i GameEngine:Matrix3.obj
 0001:0000e5b0       ??H@YA?AUMatrix3@@ABU0@0@Z 0010e9b0 f i GameEngine:Matrix3.obj
 0001:0000e660       ?CreateRotation@Matrix3@@SA?AU1@UVector3@@@Z 0010ea60 f   GameEngine:Matrix3.obj
 0001:0000e7f0       ?Inverse@Matrix3@@QAE?AU1@XZ 0010ebf0 f   GameEngine:Matrix3.obj
 0001:0000ea00       ?Transpose@Matrix3@@QAE?AU1@XZ 0010ee00 f   GameEngine:Matrix3.obj
 0001:0000ea50       ??0Transform@@QAE@UVector3@@UQuaternion@@0@Z 0010ee50 f   GameEngine:Transform.obj
 0001:0000eaa0       ??0Transform@@QAE@XZ       0010eea0 f   GameEngine:Transform.obj
 0001:0000eb20       ??DQuaternion@@QAEAAUVector3@@AAU1@@Z 0010ef20 f i GameEngine:Transform.obj
 0001:0000ec60       ?GetForwardVector@Transform@@QAE?AUVector3@@XZ 0010f060 f   GameEngine:Transform.obj
 0001:0000ecb0       ?GetRightVector@Transform@@QAE?AUVector3@@XZ 0010f0b0 f   GameEngine:Transform.obj
 0001:0000ed00       ?GetUpVector@Transform@@QAE?AUVector3@@XZ 0010f100 f   GameEngine:Transform.obj
 0001:0000ed50       ?Rotate@Transform@@QAEXUQuaternion@@@Z 0010f150 f   GameEngine:Transform.obj
 0001:0000ee50       ?Rotate@Transform@@QAEXUVector3@@M@Z 0010f250 f   GameEngine:Transform.obj
 0001:0000f070       ?Scale@Transform@@QAEXUVector3@@@Z 0010f470 f   GameEngine:Transform.obj
 0001:0000f0b0       ?ToString@Transform@@QAEPADPAD@Z 0010f4b0 f   GameEngine:Transform.obj
 0001:0000f160       ?Translate@Transform@@QAEXUVector3@@@Z 0010f560 f   GameEngine:Transform.obj
 0001:0000f1a0       ??0Manifold@@QAE@XZ        0010f5a0 f i GameEngine:Collision.obj
 0001:0000f1c0       ?CollisionPoint@Collision@@QAEPAUManifold@@AAVRigidbody@@0AAH@Z 0010f5c0 f   GameEngine:Collision.obj
 0001:00010610       ?GetInterval@Collision@@QAEXAAVRigidbody@@UVector3@@AAM2@Z 00110a10 f   GameEngine:Collision.obj
 0001:00010890       ?Normalized@Vector3@@QAE?AU1@XZ 00110c90 f i GameEngine:Collision.obj
 0001:00010950       ?TestIntersection@Collision@@QAE_NAAVRigidbody@@0PAUVector3@@AAPAUManifold@@AAH@Z 00110d50 f   GameEngine:Collision.obj
 0001:00010fa0       ?closest_Point@Collision@@QAEXUVector3@@000AAU2@1@Z 001113a0 f   GameEngine:Collision.obj
 0001:000112f0       ?distance@@YAMMMMM@Z       001116f0 f   GameEngine:Collision.obj
 0001:00011310       ?getNormalEdge@Collision@@QAE?AUVector3@@AAU2@000@Z 00111710 f   GameEngine:Collision.obj
 0001:00011410       ?getNormalFace@Collision@@QAE?AUVector3@@AAVRigidbody@@U2@@Z 00111810 f   GameEngine:Collision.obj
 0001:000116d0       ?isInside@Collision@@QAE_NUVector3@@VRigidbody@@@Z 00111ad0 f   GameEngine:Collision.obj
 0001:000117f0       ??0Collider@@QAE@XZ        00111bf0 f   GameEngine:Collider.obj
 0001:00011850       ??0Obj@@QAE@PAD@Z          00111c50 f   GameEngine:Obj.obj
 0001:000118c0       ?Add@?$List@UFace@@@std@@QAEXUFace@@@Z 00111cc0 f i GameEngine:Obj.obj
 0001:00011960       ?Add@?$List@UVector3@@@std@@QAEXUVector3@@@Z 00111d60 f i GameEngine:Obj.obj
 0001:00011a10       ?CreateVertices@Obj@@AAEXXZ 00111e10 f   GameEngine:Obj.obj
 0001:00011d30       ?ReadFile@Obj@@AAEXPAD@Z   00112130 f   GameEngine:Obj.obj
 0001:00011d40       ??0A3D@@QAE@PAD@Z          00112140 f   GameEngine:A3D.obj
 0001:00011ee0       ?memcmp@@YAHPBX0I@Z        001122e0 f   Lib:string.obj
 0001:00011f20       ?memcpy@@YAPAXPAX0I@Z      00112320 f   Lib:string.obj
 0001:00011f50       ?memcpy_fast_128@@YAXPAX0I@Z 00112350 f   Lib:string.obj
 0001:00011fd0       ?memset16@@YAPAXPAXGI@Z    001123d0 f   Lib:string.obj
 0001:00011ff0       ?memset32@@YAPAXPAXII@Z    001123f0 f   Lib:string.obj
 0001:00012010       ?memset_fast_128@@YAPAXPAXII@Z 00112410 f   Lib:string.obj
 0001:00012090       ?strcat@@YAPADPADPBD@Z     00112490 f   Lib:string.obj
 0001:000120c0       ?strcmp@@YAIPBD0@Z         001124c0 f   Lib:string.obj
 0001:00012110       ?strcpy@@YAPADPADPBD@Z     00112510 f   Lib:string.obj
 0001:00012130       ?strlen@@YAIPBD@Z          00112530 f   Lib:string.obj
 0001:00012150       ?strncat@@YAPADPADPBDH@Z   00112550 f   Lib:string.obj
 0001:00012190       _memset                    00112590 f   Lib:string.obj
 0001:000121b0       ?acos@@YAMM@Z              001125b0 f   Lib:math.obj
 0001:00012210       ?asin@@YAMM@Z              00112610 f   Lib:math.obj
 0001:00012270       ?atan2@@YAMMM@Z            00112670 f   Lib:math.obj
 0001:00012370       ?atan@@YAMM@Z              00112770 f   Lib:math.obj
 0001:000123a0       ?ceil@@YAHM@Z              001127a0 f   Lib:math.obj
 0001:000123c0       ?cos@@YAMM@Z               001127c0 f   Lib:math.obj
 0001:000123e0       ?fact@@YAMM@Z              001127e0 f   Lib:math.obj
 0001:00012420       ?floor@@YAHM@Z             00112820 f   Lib:math.obj
 0001:00012440       ?log10@@YAMM@Z             00112840 f   Lib:math.obj
 0001:00012460       ?log2@@YAMM@Z              00112860 f   Lib:math.obj
 0001:00012480       ?log@@YAMM@Z               00112880 f   Lib:math.obj
 0001:000124a0       ?logn@@YAMMM@Z             001128a0 f   Lib:math.obj
 0001:000124d0       ?pow@@YAMMH@Z              001128d0 f   Lib:math.obj
 0001:000125b0       ?rand@@YAHXZ               001129b0 f   Lib:math.obj
 0001:000125d0       ?round@@YAHM@Z             001129d0 f   Lib:math.obj
 0001:000125f0       ?sin@@YAMM@Z               001129f0 f   Lib:math.obj
 0001:00012610       ?sqrt@@YAMM@Z              00112a10 f   Lib:math.obj
 0001:00012630       ?srand@@YAXI@Z             00112a30 f   Lib:math.obj
 0001:00012640       ?tan@@YAMM@Z               00112a40 f   Lib:math.obj
 0001:00012670       ?atof@@YAMPBD@Z            00112a70 f   Lib:stdio.obj
 0001:00012710       ?atoi@@YAHPBD@Z            00112b10 f   Lib:stdio.obj
 0001:00012730       ?ftoa@@YAPADMIPAD@Z        00112b30 f   Lib:stdio.obj
 0001:00012850       ?itoa@@YAPADHIPAD_N@Z      00112c50 f   Lib:stdio.obj
 0001:000128e0       ?strtol@@YAJPBDPAPADH@Z    00112ce0 f   Lib:stdio.obj
 0001:00012a30       ?vprintf@@YAPADPADPBDZZ    00112e30 f   Lib:stdio.obj
 0001:00012a50       ?vsprintf@@YAPADPADPBDPAE@Z 00112e50 f   Lib:stdio.obj
 0001:00012dc0       ??2@YAPAXI@Z               001131c0 f   KERNEL:kernel.obj
 0001:00012e10       ??3@YAXPAX@Z               00113210 f   KERNEL:kernel.obj
 0001:00012e30       ??_U@YAPAXI@Z              00113230 f   KERNEL:kernel.obj
 0001:00012ec0       ??_V@YAXPAX@Z              001132c0 f   KERNEL:kernel.obj
 0001:00012ed0       ?Init@Kernel@@SAXPAUMULTIBOOT_INFO@@@Z 001132d0 f   KERNEL:kernel.obj
 0001:00012fc0       ?CreateThread@Task@@SAPAVThread@@PAX@Z 001133c0 f   KERNEL:task.obj
 0001:00013060       ?Idle@Task@@CAXXZ          00113460 f   KERNEL:task.obj
 0001:00013070       ?Init@Task@@SAIXZ          00113470 f   KERNEL:task.obj
 0001:00013170       ?InsertThread@Task@@SAXPAVThread@@@Z 00113570 f   KERNEL:task.obj
 0001:000131b0       ?Schedule@Task@@CAXXZ      001135b0 f   KERNEL:task.obj
 0001:000131d0       ?StartThreading@Task@@SAXXZ 001135d0 f   KERNEL:task.obj
 0001:00013210       ?Task_ISR@Task@@CAXXZ      00113610 f   KERNEL:task.obj
 0001:00013250       ?BitBlt@Drawing@@SAXUGC@@HHHH0HH_N@Z 00113650 f   KERNEL:drawing.obj
 0001:000134b0       ?BlendAlpha@Drawing@@CAIII@Z 001138b0 f i KERNEL:drawing.obj
 0001:00013570       ?Clear@Drawing@@SAXIUGC@@@Z 00113970 f   KERNEL:drawing.obj
 0001:000135c0       ?Draw@Drawing@@SAXUGC@@@Z  001139c0 f   KERNEL:drawing.obj
 0001:000135f0       ?DrawBezierCube@Drawing@@SAXPAUPoint@@HUGC@@@Z 001139f0 f   KERNEL:drawing.obj
 0001:00013850       ?DrawBezierQuad@Drawing@@SAXPAUPoint@@HUGC@@@Z 00113c50 f   KERNEL:drawing.obj
 0001:000139f0       ?DrawImage@Drawing@@SAXHHHHPAUBMP@@UGC@@@Z 00113df0 f   KERNEL:drawing.obj
 0001:00013af0       ?DrawLine@Drawing@@SAXHHHHIUGC@@@Z 00113ef0 f   KERNEL:drawing.obj
 0001:00013c20       ?DrawRect@Drawing@@SAXHHHHHIUGC@@@Z 00114020 f   KERNEL:drawing.obj
 0001:00013cf0       ?DrawText@Drawing@@SAXHHPADIIUGC@@@Z 001140f0 f   KERNEL:drawing.obj
 0001:00013e00       ?DrawText@Drawing@@SAXHHPADIUGC@@@Z 00114200 f   KERNEL:drawing.obj
 0001:00013ed0       ?FillRect@Drawing@@SAXHHHHIUGC@@@Z 001142d0 f   KERNEL:drawing.obj
 0001:00013f80       ?Init@Drawing@@SAIHHPAI@Z  00114380 f   KERNEL:drawing.obj
 0001:00014010       ?SetPixel@Drawing@@SAXHHIUGC@@@Z 00114410 f   KERNEL:drawing.obj
 0001:00014060       ?Clear@Debug@@SAXI@Z       00114460 f   KERNEL:debug.obj
 0001:00014080       ?Dump@Debug@@SAXPAXH_N@Z   00114480 f   KERNEL:debug.obj
 0001:00014220       ?Print@Debug@@SAXPADZZ     00114620 f   KERNEL:debug.obj
 0001:00014480       ?Putc@Debug@@SAXD_N@Z      00114880 f   KERNEL:debug.obj
 0001:000146a0       ?DecodeAscii@Keyboard@@CAXAAUKEY_PACKET@@@Z 00114aa0 f   KERNEL:keyboard.obj
 0001:00014970       ?DiscardLastKey@Keyboard@@SAXXZ 00114d70 f   KERNEL:keyboard.obj
 0001:00014980       ?GetKeyDown@Keyboard@@SA_NW4KEYCODE@@@Z 00114d80 f   KERNEL:keyboard.obj
 0001:00014990       ?GetLastKey@Keyboard@@SA?AUKEY_PACKET@@XZ 00114d90 f   KERNEL:keyboard.obj
 0001:000149b0       ?Init@Keyboard@@SAIXZ      00114db0 f   KERNEL:keyboard.obj
 0001:000149d0       ?Keyboard_ISR@Keyboard@@CAXXZ 00114dd0 f   KERNEL:keyboard.obj
 0001:00014bc0       ?Init@PIT@@SAIXZ           00114fc0 f   KERNEL:pit.obj
 0001:00014c00       ?PIT_ISR@PIT@@CAXXZ        00115000 f   KERNEL:pit.obj
 0001:00014c10       ?ReadData@PIT@@CAEE@Z      00115010 f   KERNEL:pit.obj
 0001:00014c40       ?SendData@PIT@@CAXGE@Z     00115040 f   KERNEL:pit.obj
 0001:00014c80       ?Sleep@PIT@@SAXI@Z         00115080 f   KERNEL:pit.obj
 0001:00014ca0       ?Start@PIT@@CAIXZ          001150a0 f   KERNEL:pit.obj
 0001:00014ce0       ?Init@Mouse@@SAIIIM@Z      001150e0 f   KERNEL:mouse.obj
 0001:00014fd0       ?MouseRead@Mouse@@CAEXZ    001153d0 f   KERNEL:mouse.obj
 0001:00015000       ?MouseWait@Mouse@@CAXE@Z   00115400 f   KERNEL:mouse.obj
 0001:00015040       ?MouseWrite@Mouse@@CAXE@Z  00115440 f   KERNEL:mouse.obj
 0001:000150a0       ?Mouse_ISR@Mouse@@CAXXZ    001154a0 f   KERNEL:mouse.obj
 0001:000151e0       ?ATA_Interrupt@ATA@@CAXXZ  001155e0 f   KERNEL:ata.obj
 0001:000151f0       ?Init@ATA@@SAIXZ           001155f0 f   KERNEL:ata.obj
 0001:00015220       ?Read@ATA@@SAIHHHAAPADH@Z  00115620 f   KERNEL:ata.obj
 0001:00015430       ?ReadSector@ATA@@CAIHHHPAD@Z 00115830 f   KERNEL:ata.obj
 0001:000155e0       ?Checksum@KNet@@SAGPAXH@Z  001159e0 f   KERNEL:net.obj
 0001:00015660       ?ChecksumDouble@KNet@@SAGPAXH0H@Z 00115a60 f   KERNEL:net.obj
 0001:00015740       ?Init@KNet@@SAIXZ          00115b40 f   KERNEL:net.obj
 0001:000157a0       ?PrintIP@KNet@@SAXPADUIPv4Address@@@Z 00115ba0 f   KERNEL:net.obj
 0001:000157e0       ?PrintMac@KNet@@SAXPADUMacAddress@@@Z 00115be0 f   KERNEL:net.obj
 0001:00015830       ?htonl@@YAII@Z             00115c30 f   KERNEL:net.obj
 0001:00015840       ?htons@@YAGG@Z             00115c40 f   KERNEL:net.obj
 0001:00015860       ?ntohl@@YAII@Z             00115c60 f   KERNEL:net.obj
 0001:00015870       ?ntohs@@YAGG@Z             00115c70 f   KERNEL:net.obj
 0001:00015890       ??0Font@@QAE@PAD@Z         00115c90 f   KERNEL:font.obj
 0001:00015a50       ?FindTable@Font@@AAEPAUTTF_TABLE@@PAD@Z 00115e50 f   KERNEL:font.obj
 0001:00015aa0       ?ReadHead@Font@@AAEXXZ     00115ea0 f   KERNEL:font.obj
 0001:00015c70       ?KernelPanic@Panic@@SAXPAD0@Z 00116070 f   KERNEL:panic.obj
 0001:00015d10       ?Create@PCI@@CAPAUPCI_DEVICE@@EEE@Z 00116110 f   KERNEL:pci.obj
 0001:00015dd0       ?GetDevice@PCI@@SAPAUPCI_DEVICE@@HHH@Z 001161d0 f   KERNEL:pci.obj
 0001:00015f80       ?Init@PCI@@SAIXZ           00116380 f   KERNEL:pci.obj
 0001:00015f90       ?Read@PCI@@CAIEEEEE@Z      00116390 f   KERNEL:pci.obj
 0001:00016000       ?printdev@@YAXPAUPCI_DEVICE@@@Z 00116400 f   KERNEL:pci.obj
 0001:00016040       ?AC97_ISR@AC97@@CAXXZ      00116440 f   KERNEL:ac97.obj
 0001:00016100       ?Init@AC97@@SAIPAUPCI_DEVICE@@@Z 00116500 f   KERNEL:ac97.obj
 0001:000163f0       ??0BMP@@QAE@PAX@Z          001167f0 f   KERNEL:bmp.obj
 0001:00016480       ??0BMP@@QAE@PAXHH@Z        00116880 f   KERNEL:bmp.obj
 0001:000164d0       ?AllocBlocks@Memory@@SAPAXI@Z 001168d0 f   KERNEL:memory.obj
 0001:00016600       ?DeInitRegion@Memory@@SAXPAXI@Z 00116a00 f   KERNEL:memory.obj
 0001:00016650       ?FirstFree@Memory@@CAIXZ   00116a50 f   KERNEL:memory.obj
 0001:00016690       ?FirstFreeNum@Memory@@CAII@Z 00116a90 f   KERNEL:memory.obj
 0001:00016780       ?FreeBlocks@Memory@@SAXPAXI@Z 00116b80 f   KERNEL:memory.obj
 0001:000167e0       ?Init@Memory@@SAIIPAI@Z    00116be0 f   KERNEL:memory.obj
 0001:00016860       ?InitRegion@Memory@@SAXPAXI@Z 00116c60 f   KERNEL:memory.obj
 0001:000168b0       ?EnableFPU@CPU@@CAIXZ      00116cb0 f   KERNEL:cpu.obj
 0001:000168d0       ?EnableSSE@CPU@@CAIXZ      00116cd0 f   KERNEL:cpu.obj
 0001:00016900       ?Init@CPU@@SAIXZ           00116d00 f   KERNEL:cpu.obj
 0001:00016930       ?Init@VBE@@SAIPAUVBE_MODE_INFO@@@Z 00116d30 f   KERNEL:vbe.obj
 0001:000169a0       ?Init@HAL@@SAIXZ           00116da0 f   KERNEL:hal.obj
 0001:000169d0       ?inb@@YAEG@Z               00116dd0 f   KERNEL:hal.obj
 0001:000169f0       ?inl@@YAIG@Z               00116df0 f   KERNEL:hal.obj
 0001:00016a10       ?inw@@YAGG@Z               00116e10 f   KERNEL:hal.obj
 0001:00016a30       ?outb@@YAXGE@Z             00116e30 f   KERNEL:hal.obj
 0001:00016a40       ?outl@@YAXGI@Z             00116e40 f   KERNEL:hal.obj
 0001:00016a50       ?outw@@YAXGG@Z             00116e50 f   KERNEL:hal.obj
 0001:00016a60       ?DefaultISR@Exceptions@@SAXXZ 00116e60 f   KERNEL:exceptions.obj
 0001:00016a80       ?ISR0@Exceptions@@CAXXZ    00116e80 f   KERNEL:exceptions.obj
 0001:00016aa0       ?ISR10@Exceptions@@CAXXZ   00116ea0 f   KERNEL:exceptions.obj
 0001:00016ac0       ?ISR11@Exceptions@@CAXXZ   00116ec0 f   KERNEL:exceptions.obj
 0001:00016ae0       ?ISR12@Exceptions@@CAXXZ   00116ee0 f   KERNEL:exceptions.obj
 0001:00016b00       ?ISR13@Exceptions@@CAXXZ   00116f00 f   KERNEL:exceptions.obj
 0001:00016b20       ?ISR14@Exceptions@@CAXXZ   00116f20 f   KERNEL:exceptions.obj
 0001:00016b40       ?ISR15@Exceptions@@CAXXZ   00116f40 f   KERNEL:exceptions.obj
 0001:00016b60       ?ISR16@Exceptions@@CAXXZ   00116f60 f   KERNEL:exceptions.obj
 0001:00016b80       ?ISR17@Exceptions@@CAXXZ   00116f80 f   KERNEL:exceptions.obj
 0001:00016ba0       ?ISR18@Exceptions@@CAXXZ   00116fa0 f   KERNEL:exceptions.obj
 0001:00016bc0       ?ISR19@Exceptions@@CAXXZ   00116fc0 f   KERNEL:exceptions.obj
 0001:00016be0       ?ISR1@Exceptions@@CAXXZ    00116fe0 f   KERNEL:exceptions.obj
 0001:00016c00       ?ISR2@Exceptions@@CAXXZ    00117000 f   KERNEL:exceptions.obj
 0001:00016c20       ?ISR3@Exceptions@@CAXXZ    00117020 f   KERNEL:exceptions.obj
 0001:00016c40       ?ISR4@Exceptions@@CAXXZ    00117040 f   KERNEL:exceptions.obj
 0001:00016c60       ?ISR5@Exceptions@@CAXXZ    00117060 f   KERNEL:exceptions.obj
 0001:00016c80       ?ISR6@Exceptions@@CAXIII@Z 00117080 f   KERNEL:exceptions.obj
 0001:00016d00       ?ISR7@Exceptions@@CAXXZ    00117100 f   KERNEL:exceptions.obj
 0001:00016d20       ?ISR8@Exceptions@@CAXXZ    00117120 f   KERNEL:exceptions.obj
 0001:00016d40       ?ISR9@Exceptions@@CAXXZ    00117140 f   KERNEL:exceptions.obj
 0001:00016d60       ?Init@Exceptions@@SAIXZ    00117160 f   KERNEL:exceptions.obj
 0001:00016e60       ??0E1000@@QAE@PAUPCI_DEVICE@@@Z 00117260 f   KERNEL:ne1000.obj
 0001:00016f80       ?DetectEEPROM@E1000@@AAE_NXZ 00117380 f   KERNEL:ne1000.obj
 0001:00016ff0       ?E1000_Interrupt@E1000@@CAXXZ 001173f0 f   KERNEL:ne1000.obj
 0001:00017050       ?EnableIRQ@E1000@@AAEXXZ   00117450 f   KERNEL:ne1000.obj
 0001:000170e0       ?GetIP@E1000@@UAE?AUIPv4Address@@XZ 001174e0 f   KERNEL:ne1000.obj
 0001:00017100       ?GetMac@E1000@@UAE?AUMacAddress@@XZ 00117500 f   KERNEL:ne1000.obj
 0001:00017120       ?InitRX@E1000@@AAEXXZ      00117520 f   KERNEL:ne1000.obj
 0001:00017280       ?InitTX@E1000@@AAEXXZ      00117680 f   KERNEL:ne1000.obj
 0001:00017400       ?Linkup@E1000@@AAEXXZ      00117800 f   KERNEL:ne1000.obj
 0001:00017450       ?Poll@E1000@@UAEXXZ        00117850 f   KERNEL:ne1000.obj
 0001:000174f0       ?ReadCommand@E1000@@AAEIG@Z 001178f0 f   KERNEL:ne1000.obj
 0001:00017520       ?ReadEEPROM@E1000@@AAEIE@Z 00117920 f   KERNEL:ne1000.obj
 0001:000175e0       ?ReadMac@E1000@@AAEXXZ     001179e0 f   KERNEL:ne1000.obj
 0001:00017620       ?Send@E1000@@UAEXPAUNetPacket@@@Z 00117a20 f   KERNEL:ne1000.obj
 0001:000176c0       ?Start@E1000@@AAEXXZ       00117ac0 f   KERNEL:ne1000.obj
 0001:00017ad0       ?WriteCommand@E1000@@AAEXGI@Z 00117ed0 f   KERNEL:ne1000.obj
 0001:00017b10       ?EmptyISR@IDT@@SAXXZ       00117f10 f   KERNEL:idt.obj
 0001:00017b20       ?GetIR@IDT@@SAPAUIDT_DESCRIPTOR@@I@Z 00117f20 f   KERNEL:idt.obj
 0001:00017b30       ?GetVect@IDT@@SAP6AXXZH@Z  00117f30 f   KERNEL:idt.obj
 0001:00017b60       ?Init@IDT@@SAIXZ           00117f60 f   KERNEL:idt.obj
 0001:00017be0       ?SetISR@IDT@@SAIIP6AXXZ@Z  00117fe0 f   KERNEL:idt.obj
 0001:00017c20       ?Init@PIC@@SAIXZ           00118020 f   KERNEL:pic.obj
 0001:00017c80       ?InterruptDone@PIC@@SAXG@Z 00118080 f   KERNEL:pic.obj
 0001:00017cb0       ?ReadData@PIC@@CAEE@Z      001180b0 f   KERNEL:pic.obj
 0001:00017ce0       ?SendCommand@PIC@@CAXEE@Z  001180e0 f   KERNEL:pic.obj
 0001:00017d10       ?SendData@PIC@@CAXGE@Z     00118110 f   KERNEL:pic.obj
 0001:00017d40       ??0NetInterface@@QAE@PAUPCI_DEVICE@@@Z 00118140 f   KERNEL:netinterface.obj
 0001:00017d60       ?GetIP@NetInterface@@UAE?AUIPv4Address@@XZ 00118160 f i KERNEL:netinterface.obj
 0001:00017d70       ?GetMac@NetInterface@@UAE?AUMacAddress@@XZ 00118170 f i KERNEL:netinterface.obj
 0001:00017d90       ?Poll@NetInterface@@UAEXXZ 00118190 f i KERNEL:netinterface.obj
 0001:00017da0       ?Send@NetInterface@@UAEXPAUNetPacket@@@Z 001181a0 f i KERNEL:netinterface.obj
 0001:00017da3       ??1type_info@@UAE@XZ       001181a3 f   LIBCMT:std_type_info_static.obj
 0001:00017daa       ??_Etype_info@@UAEPAXI@Z   001181aa f i LIBCMT:std_type_info_static.obj
 0001:00017daa       ??_Gtype_info@@UAEPAXI@Z   001181aa f i LIBCMT:std_type_info_static.obj
 0001:00017dcd       ??3@YAXPAXI@Z              001181cd f   LIBCMT:delete_scalar_size.obj
 0002:00000004       ??_7Control@gui@@6B@       00118204     Button.obj
 0002:00000010       ??_7Button@gui@@6B@        00118210     Button.obj
 0002:0000001c       ??_7Canvas@gui@@6B@        0011821c     Canvas.obj
 0002:00000024       ??_C@_0BC@HJLBEKHE@Delta?3?5?$CFi?7FPS?3?5?$CFi?$AA@ 00118224     GUI.obj
 0002:00000038       ??_C@_06LAFIDHKA@?$CFi?6?$CFi?6?$AA@ 00118238     GUI.obj
 0002:00000040       __xmm@0000000e000000080000000000000000 00118240     GUI.obj
 0002:00000050       ??_C@_06JJGECBPI@?$CFs?5?$CFi?6?$AA@ 00118250     iso.obj
 0002:00000058       ??_C@_03OFAPEBGM@?$CFs?6?$AA@ 00118258     iso.obj
 0002:00000060       ??_7Label@gui@@6B@         00118260     Label.obj
 0002:00000068       ??_C@_03PELOGHMK@?$CFi?6?$AA@ 00118268     Mandelbrot.obj
 0002:0000006c       ??_C@_06CMGOICJA@Start?6?$AA@ 0011826c     Mandelbrot.obj
 0002:00000074       ??_C@_0BD@OAOOOKEK@Ticks?3?5?$CFi?7FPS?3?5?$CFi?6?$AA@ 00118274     Mandelbrot.obj
 0002:00000088       ??_C@_09JHEKFLJE@Zoom?3?5?$CFf?6?$AA@ 00118288     Mandelbrot.obj
 0002:00000094       __real@1adaca00            00118294     Mandelbrot.obj
 0002:00000098       __real@3ff0000000000000    00118298     Mandelbrot.obj
 0002:000000a0       __real@4010000000000000    001182a0     Mandelbrot.obj
 0002:000000a8       __real@40f0000000000000    001182a8     Mandelbrot.obj
 0002:000000b0       __real@437f0000            001182b0     Mandelbrot.obj
 0002:000000b4       __real@447a0000            001182b4     Mandelbrot.obj
 0002:000000b8       ??_C@_0BJ@FHJFEPME@arp?3?5sending?5request?5to?5?$AA@ 001182b8     arp.obj
 0002:000000d4       ??_C@_0BH@NFEPIOCG@arp?3?5sending?5reply?5to?5?$AA@ 001182d4     arp.obj
 0002:000000ec       ??_C@_0BB@NPEPEJMJ@ARP?5added?5entry?5?$AA@ 001182ec     arp.obj
 0002:00000100       ??_C@_0O@MBFFJLEF@DHCP?5RECEIVE?6?$AA@ 00118300     dhcp.obj
 0002:00000110       ??_C@_0O@IJAKJLNJ@Received?5DNS?6?$AA@ 00118310     dns.obj
 0002:00000120       ??_C@_0BF@DPFFLPFA@DNS?5added?5entry?3?5?$CFs?5?$AA@ 00118320     dns.obj
 0002:00000135       ??_C@_00CNPNBAHC@?$AA@     00118335     dns.obj
 0002:00000138       ??_C@_0M@KNKKGHNO@PARSED?5IP?3?5?$AA@ 00118338     http.obj
 0002:00000144       ??_C@_0BO@OHMKJDEI@Flags?3?5?$CFux?7ACK?3?5?$CFui?7SEQ?3?5?$CFui?6?$AA@ 00118344     tcpsession.obj
 0002:00000164       ??_C@_0L@EIILFCEB@Connected?6?$AA@ 00118364     tcpsession.obj
 0002:00000170       ??_C@_07IPMAGINO@Closed?6?$AA@ 00118370     tcpsession.obj
 0002:00000178       ??_C@_0BA@FHBAHEGN@Timeout?5closed?6?$AA@ 00118378     tcpsession.obj
 0002:0000018c       ??_7TextBox@gui@@6B@       0011838c     TextBox.obj
 0002:00000194       ??_C@_05PABKJLOM@Title?$AA@ 00118394     TextEdit.obj
 0002:0000019c       ??_C@_05IEIONIFO@Label?$AA@ 0011839c     TextEdit.obj
 0002:000001a4       ??_C@_06LKBCGDFD@Button?$AA@ 001183a4     TextEdit.obj
 0002:000001ac       ??_C@_04LBABLPF@Exit?$AA@  001183ac     TextEdit.obj
 0002:000001b4       ??_C@_07IFDKABCP@Receive?$AA@ 001183b4     TextEdit.obj
 0002:000001bc       ??_C@_0O@FOFNHLMB@Another?5title?$AA@ 001183bc     TextEdit.obj
 0002:000001cc       ??_C@_07CDBKEHGM@Clicked?$AA@ 001183cc     TextEdit.obj
 0002:000001d4       ??_C@_05KHPFCEDO@?$CFi?5?$CFi?$AA@ 001183d4     TextEdit.obj
 0002:000001dc       ??_C@_0BE@FOMLPMPJ@Found?5audio?5device?6?$AA@ 001183dc     OS.obj
 0002:000001f0       ??_C@_0BJ@MJFONFFA@Audio?5device?5not?5found?$CB?6?$AA@ 001183f0     OS.obj
 0002:0000020c       ??_C@_09JLKFIKHH@arial?4ttf?$AA@ 0011840c     OS.obj
 0002:00000218       ??_C@_0BL@BJMMDIGF@Could?5not?5read?5font?5file?$CB?6?$AA@ 00118418     OS.obj
 0002:00000234       ??_C@_04CDEGOFNM@Cam1?$AA@ 00118434     3DGame:3DGame.obj
 0002:0000023c       ??_C@_05FOLLILPC@Thing?$AA@ 0011843c     3DGame:3DGame.obj
 0002:00000244       ??_C@_05PGDJFNFN@Floor?$AA@ 00118444     3DGame:3DGame.obj
 0002:0000024c       ??_C@_04BPGKJMON@Box_?$AA@ 0011844c     3DGame:3DGame.obj
 0002:00000254       __real@3f800000            00118454     3DGame:3DGame.obj
 0002:00000258       __real@40a00000            00118458     3DGame:3DGame.obj
 0002:0000025c       __real@41200000            0011845c     3DGame:3DGame.obj
 0002:00000260       __real@c1700000            00118460     3DGame:3DGame.obj
 0002:00000268       ??_7MyBox@@6B@             00118468     3DGame:MyBox.obj
 0002:00000270       ??_C@_0L@IDFINJJI@sphere?4a3d?$AA@ 00118470     3DGame:MyBox.obj
 0002:0000027c       ??_C@_07CKAHAGKJ@img?4bmp?$AA@ 0011847c     3DGame:MyBox.obj
 0002:00000284       ??_C@_0O@NJFLLBAD@bmp?5not?5found?$AA@ 00118484     3DGame:MyBox.obj
 0002:00000294       ??_C@_04GONFKEIN@Mesh?$AA@ 00118494     3DGame:MyBox.obj
 0002:0000029c       ??_C@_09DHKFHJOA@Rigidbody?$AA@ 0011849c     3DGame:MyBox.obj
 0002:000002ac       ??_7Thing@@6B@             001184ac     3DGame:Thing.obj
 0002:000002b4       ??_C@_08GGPPOII@cube?4a3d?$AA@ 001184b4     3DGame:Thing.obj
 0002:000002c0       ??_C@_09PCLIKNNA@earth?4bmp?$AA@ 001184c0     3DGame:Thing.obj
 0002:000002cc       __real@41a00000            001184cc     3DGame:Thing.obj
 0002:000002d0       __xmm@80000000800000008000000080000000 001184d0     3DGame:Thing.obj
 0002:000002e0       __real@0000000000000000    001184e0     GL:Matrix4.obj
 0002:000002e8       __real@3fe0000000000000    001184e8     GL:Matrix4.obj
 0002:000002f0       __real@40000000            001184f0     GL:Matrix4.obj
 0002:000002f8       __real@400921fb54442eea    001184f8     GL:Matrix4.obj
 0002:00000300       __real@4066800000000000    00118500     GL:Matrix4.obj
 0002:00000308       __real@3fb1eb851eb851ec    00118508     GL:Color.obj
 0002:00000310       __real@3fcae147ae147ae1    00118510     GL:Color.obj
 0002:00000318       __real@3fe70a3d70a3d70a    00118518     GL:Color.obj
 0002:00000320       __xmm@41f00000000000000000000000000000 00118520     GL:Color.obj
 0002:00000330       ??_C@_05JODGIKH@Light?$AA@ 00118530     GameEngine:Engine.obj
 0002:00000338       ??_C@_06LOJNHMMK@Thing2?$AA@ 00118538     GameEngine:Engine.obj
 0002:00000340       ??_C@_0BJ@JEFINMGB@FPS?3?5?$CFi?7DT?3?$CFi?7AvgDT?3?5?$CFi?6?$AA@ 00118540     GameEngine:Engine.obj
 0002:0000035c       ??_C@_0L@KCHEIND@Ticks?3?5?$CFi?6?$AA@ 0011855c     GameEngine:Engine.obj
 0002:00000368       ??_C@_08DAHIJCLH@Free?5?$CFi?6?$AA@ 00118568     GameEngine:Engine.obj
 0002:00000374       ??_C@_08FHFNDDND@Cam?3?5?$CFs?6?$AA@ 00118574     GameEngine:Engine.obj
 0002:00000380       ??_C@_07JOHLBHPG@P1?3?5?$CFs?6?$AA@ 00118580     GameEngine:Engine.obj
 0002:00000388       ??_C@_0BC@KLOOLLKI@V1?3?5?$FL?$CFf?0?5?$CFf?0?5?$CFf?$FN?6?$AA@ 00118588     GameEngine:Engine.obj
 0002:0000039c       ??_C@_0M@CBHEFHKI@Energy?3?5?$CFf?6?$AA@ 0011859c     GameEngine:Engine.obj
 0002:000003a8       ??_C@_0N@MDOCIACE@?$CFf?5?$CFf?5?$CFf?5?$CFf?6?$AA@ 001185a8     GameEngine:Engine.obj
 0002:000003b8       ??_C@_08FNAIPBCN@Err?3?5?$CFf?6?$AA@ 001185b8     GameEngine:Engine.obj
 0002:000003c4       ??_C@_0BA@DLCGCPOP@?$CFi?5?$CFi?7?$CFf?5?$CFf?5?$CFf?6?$AA@ 001185c4     GameEngine:Engine.obj
 0002:000003d4       ??_C@_09MALOBAAJ@?$CFf?5?$CFf?5?$CFf?6?$AA@ 001185d4     GameEngine:Engine.obj
 0002:000003e0       ??_C@_08GDLGNBJK@?$CFf?7?$CFf?7?$CFf?$AA@ 001185e0     GameEngine:Engine.obj
 0002:000003ec       ??_C@_0BB@PIJAIOHM@List?3?3operator?$FL?$FN?$AA@ 001185ec     GameEngine:Engine.obj
 0002:00000400       ??_C@_0BN@NJEFJLOF@Index?5out?5of?5range?5exception?$AA@ 00118600     GameEngine:Engine.obj
 0002:00000420       __real@2edbe6ff            00118620     GameEngine:Engine.obj
 0002:00000424       __real@3c23d70a            00118624     GameEngine:Engine.obj
 0002:00000428       __real@3ff921fb54442eea    00118628     GameEngine:Engine.obj
 0002:00000430       __real@401921fb54442eea    00118630     GameEngine:Engine.obj
 0002:00000438       __real@402399999999999a    00118638     GameEngine:Engine.obj
 0002:00000440       __real@40800000            00118640     GameEngine:Engine.obj
 0002:00000444       __real@41400000            00118644     GameEngine:Engine.obj
 0002:00000448       __real@43c80000            00118648     GameEngine:Engine.obj
 0002:0000044c       __real@44fa0000            0011864c     GameEngine:Engine.obj
 0002:00000450       __real@501502f9            00118650     GameEngine:Engine.obj
 0002:00000458       ??_7GameObject@@6B@        00118658     GameEngine:GameObject.obj
 0002:00000460       ??_C@_0L@EJMOOPIK@GameObject?$AA@ 00118660     GameEngine:GameObject.obj
 0002:00000470       ??_7Camera@@6B@            00118670     GameEngine:Camera.obj
 0002:0000047c       ??_7Component@@6B@         0011867c     GameEngine:Component.obj
 0002:00000488       ??_7MeshComponent@@6B@     00118688     GameEngine:MeshComponent.obj
 0002:00000494       ??_7Rigidbody@@6B@         00118694     GameEngine:Rigidbody.obj
 0002:000004a0       ??_7BoxCollider@@6B@       001186a0     GameEngine:BoxCollider.obj
 0002:000004b0       __real@bff921fb54442eea    001186b0     GameEngine:BoxCollider.obj
 0002:000004c0       __xmm@7fffffffffffffff7fffffffffffffff 001186c0     GameEngine:BoxCollider.obj
 0002:000004d0       __xmm@80000000000000008000000000000000 001186d0     GameEngine:BoxCollider.obj
 0002:000004e0       ??_C@_05MBDEGLCK@ERROR?$AA@ 001186e0     GameEngine:ModelLoader.obj
 0002:000004f0       __xmm@0000000000000000000000003f800000 001186f0     GameEngine:Matrix3.obj
 0002:00000500       __xmm@3f800000000000000000000000000000 00118700     GameEngine:Matrix3.obj
 0002:00000510       ??_C@_0CL@CEJFKDDD@?$FL?$CFf?0?5?$CFf?0?5?$CFf?$FN?5?$FL?$CFf?0?5?$CFf?0?5?$CFf?0?5?$CFf?$FN?5?$FL?$CF@ 00118710     GameEngine:Transform.obj
 0002:0000053c       __real@3f000000            0011873c     GameEngine:Transform.obj
 0002:00000540       ??_C@_03PPOCCAPH@?$CFf?6?$AA@ 00118740     GameEngine:Collision.obj
 0002:00000544       __real@00000000            00118744     GameEngine:Collision.obj
 0002:00000548       __real@3727c5ac            00118748     GameEngine:Collision.obj
 0002:0000054c       __real@3d4ccccd            0011874c     GameEngine:Collision.obj
 0002:00000550       __real@3dcccccd            00118750     GameEngine:Collision.obj
 0002:00000554       __real@7f800000            00118754     GameEngine:Collision.obj
 0002:00000558       __real@bf800000            00118758     GameEngine:Collision.obj
 0002:00000560       __xmm@7fffffff7fffffff7fffffff7fffffff 00118760     GameEngine:Collision.obj
 0002:00000574       ??_7Collider@@6B@          00118774     GameEngine:Collider.obj
 0002:00000584       __real@3e8f5c29            00118784     Lib:math.obj
 0002:00000588       __real@40490fdb            00118788     Lib:math.obj
 0002:0000058c       __real@bfc90fdb            0011878c     Lib:math.obj
 0002:00000590       ??_C@_03LHCJEHON@nan?$AA@  00118790     Lib:stdio.obj
 0002:00000594       ??_C@_03OJHLLCGB@inf?$AA@  00118794     Lib:stdio.obj
 0002:00000598       ??_C@_01GBGANLPD@0?$AA@    00118798     Lib:stdio.obj
 0002:000005a0       __real@3f1a36e2eb1c432d    001187a0     Lib:stdio.obj
 0002:000005b0       __xmm@46454443424139383736353433323130 001187b0     Lib:stdio.obj
 0002:000005c0       ??_C@_0BE@FFHLEPEC@Found?5network?5card?6?$AA@ 001187c0     KERNEL:kernel.obj
 0002:000005d4       __real@39800000            001187d4     KERNEL:kernel.obj
 0002:000005d8       __real@3c000000            001187d8     KERNEL:drawing.obj
 0002:000005dc       ??_C@_04PFOHOKJK@?5?5?5?5?$AA@ 001187dc     KERNEL:debug.obj
 0002:000005e4       ??_C@_01CLKCMJKC@?5?$AA@   001187e4     KERNEL:debug.obj
 0002:000005e8       ??_C@_03IKGEINEE@?$CFs?5?$AA@ 001187e8     KERNEL:debug.obj
 0002:00000760       ??_C@_0P@JJOCPBNH@?$CFs?$CFi?4?$CFi?4?$CFi?4?$CFi?6?$AA@ 00118960     KERNEL:net.obj
 0002:00000770       ??_C@_0BF@MCJEFIGG@?$CFs?$CFx?3?$CFx?3?$CFx?3?$CFx?3?$CFx?3?$CFx?6?$AA@ 00118970     KERNEL:net.obj
 0002:00000788       ??_C@_0BC@MPIDCBCK@table?5?$CFux?5?$CFux?5?$CFux?$AA@ 00118988     KERNEL:font.obj
 0002:0000079c       ??_C@_04NEODDMOL@head?$AA@ 0011899c     KERNEL:font.obj
 0002:000007a8       ??_C@_0EO@NIHBEAOP@Bus?3?5?$CFx?5Device?3?5?$CFx?5Function?3?5?$CFx?5@ 001189a8     KERNEL:pci.obj
 0002:000007f8       ??_C@_06NIEMCLMH@0x?$CFux?6?$AA@ 001189f8     KERNEL:ac97.obj
 0002:00000800       ??_C@_0BD@DMEBPKNG@Sample?5rate?548kHz?6?$AA@ 00118a00     KERNEL:ac97.obj
 0002:00000814       ??_C@_0BF@CIKPHNMK@Sample?5rate?544?41kHz?6?$AA@ 00118a14     KERNEL:ac97.obj
 0002:0000082c       ??_C@_0L@FDAJDMJO@SR?3?5?$CFx?5?5?5?6?$AA@ 00118a2c     KERNEL:ac97.obj
 0002:00000838       ??_C@_02NPPIEBMA@1?6?$AA@  00118a38     KERNEL:ac97.obj
 0002:0000083c       ??_C@_02NNLOPPJJ@2?6?$AA@  00118a3c     KERNEL:ac97.obj
 0002:00000840       ??_C@_02NJDDIDCL@4?6?$AA@  00118a40     KERNEL:ac97.obj
 0002:00000844       ??_C@_0BK@KHJFGGEJ@Default?5interrupt?5handler?$AA@ 00118a44     KERNEL:exceptions.obj
 0002:00000860       ??_C@_0BB@CAGHCAFL@Division?5by?5zero?$AA@ 00118a60     KERNEL:exceptions.obj
 0002:00000874       ??_C@_05GCIPIGEI@Debug?$AA@ 00118a74     KERNEL:exceptions.obj
 0002:0000087c       ??_C@_0BH@DLMGGJOP@Non?9Maskable?5interrupt?$AA@ 00118a7c     KERNEL:exceptions.obj
 0002:00000894       ??_C@_0L@DEJAMIEF@Breakpoint?$AA@ 00118a94     KERNEL:exceptions.obj
 0002:000008a0       ??_C@_08KJPBNJGC@Overflow?$AA@ 00118aa0     KERNEL:exceptions.obj
 0002:000008ac       ??_C@_0BF@KABNNNC@Bound?5range?5exceeded?$AA@ 00118aac     KERNEL:exceptions.obj
 0002:000008c4       ??_C@_0BJ@JILCCCBH@0x?$CFux?70x?$CFux?70x?$CFux?70x?$CFux?6?$AA@ 00118ac4     KERNEL:exceptions.obj
 0002:000008e0       ??_C@_0P@GJJPHHDN@Invalid?5opcode?$AA@ 00118ae0     KERNEL:exceptions.obj
 0002:000008f0       ??_C@_0BF@COPPNEEP@Device?5not?5available?$AA@ 00118af0     KERNEL:exceptions.obj
 0002:00000908       ??_C@_0N@EMHPBCJE@Double?5fault?$AA@ 00118b08     KERNEL:exceptions.obj
 0002:00000918       ??_C@_0BM@FLNHCLJG@Coprocessor?5segment?5overrun?$AA@ 00118b18     KERNEL:exceptions.obj
 0002:00000934       ??_C@_0M@OLMALBPG@Invalid?5TSS?$AA@ 00118b34     KERNEL:exceptions.obj
 0002:00000940       ??_C@_0BE@FPPPAKKN@Segment?5not?5present?$AA@ 00118b40     KERNEL:exceptions.obj
 0002:00000954       ??_C@_0BE@OLMOIPB@Stack?9segment?5fault?$AA@ 00118b54     KERNEL:exceptions.obj
 0002:00000968       ??_C@_0BJ@LDJBBLLL@General?5protection?5fault?$AA@ 00118b68     KERNEL:exceptions.obj
 0002:00000984       ??_C@_0L@JBNHOLPF@Page?5fault?$AA@ 00118b84     KERNEL:exceptions.obj
 0002:00000990       ??_C@_0O@EBPJONIA@15?5?$CIReserved?$CJ?$AA@ 00118b90     KERNEL:exceptions.obj
 0002:000009a0       ??_C@_0BN@OAPCMCOK@x87?5Floating?9point?5exception?$AA@ 00118ba0     KERNEL:exceptions.obj
 0002:000009c0       ??_C@_0BA@DMDLEFCI@Alignment?5check?$AA@ 00118bc0     KERNEL:exceptions.obj
 0002:000009d0       ??_C@_0O@LHBOKIFP@Machine?5check?$AA@ 00118bd0     KERNEL:exceptions.obj
 0002:000009e0       ??_C@_0BO@PAHIJHOM@SIMD?5floating?9point?5exception?$AA@ 00118be0     KERNEL:exceptions.obj
 0002:00000a04       ??_7E1000@@6B@             00118c04     KERNEL:ne1000.obj
 0002:00000a14       ??_C@_04BLELHJJM@IP?3?5?$AA@ 00118c14     KERNEL:ne1000.obj
 0002:00000a1c       ??_C@_05MMECAFBK@Mac?3?5?$AA@ 00118c1c     KERNEL:ne1000.obj
 0002:00000a28       ??_7NetInterface@@6B@      00118c28     KERNEL:netinterface.obj
 0002:00000a3c       ??_7type_info@@6B@         00118c3c     LIBCMT:std_type_info_static.obj
 0002:00000a94       ??_R4Control@gui@@6B@      00118c94     Button.obj
 0002:00000aa8       ??_R3Control@gui@@8        00118ca8     Button.obj
 0002:00000ab8       ??_R2Control@gui@@8        00118cb8     Button.obj
 0002:00000ac0       ??_R1A@?0A@EA@Control@gui@@8 00118cc0     Button.obj
 0002:00000adc       ??_R4Button@gui@@6B@       00118cdc     Button.obj
 0002:00000af0       ??_R3Button@gui@@8         00118cf0     Button.obj
 0002:00000b00       ??_R2Button@gui@@8         00118d00     Button.obj
 0002:00000b0c       ??_R1A@?0A@EA@Button@gui@@8 00118d0c     Button.obj
 0002:00000b28       ??_R4Canvas@gui@@6B@       00118d28     Canvas.obj
 0002:00000b3c       ??_R3Canvas@gui@@8         00118d3c     Canvas.obj
 0002:00000b4c       ??_R2Canvas@gui@@8         00118d4c     Canvas.obj
 0002:00000b58       ??_R1A@?0A@EA@Canvas@gui@@8 00118d58     Canvas.obj
 0002:00000b74       ??_R4Label@gui@@6B@        00118d74     Label.obj
 0002:00000b88       ??_R3Label@gui@@8          00118d88     Label.obj
 0002:00000b98       ??_R2Label@gui@@8          00118d98     Label.obj
 0002:00000ba4       ??_R1A@?0A@EA@Label@gui@@8 00118da4     Label.obj
 0002:00000bc0       ??_R4TextBox@gui@@6B@      00118dc0     TextBox.obj
 0002:00000bd4       ??_R3TextBox@gui@@8        00118dd4     TextBox.obj
 0002:00000be4       ??_R2TextBox@gui@@8        00118de4     TextBox.obj
 0002:00000bf0       ??_R1A@?0A@EA@TextBox@gui@@8 00118df0     TextBox.obj
 0002:00000c0c       ??_R4MyBox@@6B@            00118e0c     3DGame:MyBox.obj
 0002:00000c20       ??_R3MyBox@@8              00118e20     3DGame:MyBox.obj
 0002:00000c30       ??_R2MyBox@@8              00118e30     3DGame:MyBox.obj
 0002:00000c3c       ??_R1A@?0A@EA@MyBox@@8     00118e3c     3DGame:MyBox.obj
 0002:00000c58       ??_R1A@?0A@EA@GameObject@@8 00118e58     3DGame:MyBox.obj
 0002:00000c74       ??_R3GameObject@@8         00118e74     3DGame:MyBox.obj
 0002:00000c84       ??_R2GameObject@@8         00118e84     3DGame:MyBox.obj
 0002:00000c8c       ??_R4Thing@@6B@            00118e8c     3DGame:Thing.obj
 0002:00000ca0       ??_R3Thing@@8              00118ea0     3DGame:Thing.obj
 0002:00000cb0       ??_R2Thing@@8              00118eb0     3DGame:Thing.obj
 0002:00000cbc       ??_R1A@?0A@EA@Thing@@8     00118ebc     3DGame:Thing.obj
 0002:00000cd8       ??_R4GameObject@@6B@       00118ed8     GameEngine:GameObject.obj
 0002:00000cec       ??_R4Camera@@6B@           00118eec     GameEngine:Camera.obj
 0002:00000d00       ??_R3Camera@@8             00118f00     GameEngine:Camera.obj
 0002:00000d10       ??_R2Camera@@8             00118f10     GameEngine:Camera.obj
 0002:00000d1c       ??_R1A@?0A@EA@Camera@@8    00118f1c     GameEngine:Camera.obj
 0002:00000d38       ??_R4Component@@6B@        00118f38     GameEngine:Component.obj
 0002:00000d4c       ??_R3Component@@8          00118f4c     GameEngine:Component.obj
 0002:00000d5c       ??_R2Component@@8          00118f5c     GameEngine:Component.obj
 0002:00000d64       ??_R1A@?0A@EA@Component@@8 00118f64     GameEngine:Component.obj
 0002:00000d80       ??_R4MeshComponent@@6B@    00118f80     GameEngine:MeshComponent.obj
 0002:00000d94       ??_R3MeshComponent@@8      00118f94     GameEngine:MeshComponent.obj
 0002:00000da4       ??_R2MeshComponent@@8      00118fa4     GameEngine:MeshComponent.obj
 0002:00000db4       ??_R1A@?0A@EA@MeshComponent@@8 00118fb4     GameEngine:MeshComponent.obj
 0002:00000dd0       ??_R1M@?0A@EA@IMesh@@8     00118fd0     GameEngine:MeshComponent.obj
 0002:00000dec       ??_R3IMesh@@8              00118fec     GameEngine:MeshComponent.obj
 0002:00000dfc       ??_R2IMesh@@8              00118ffc     GameEngine:MeshComponent.obj
 0002:00000e04       ??_R1A@?0A@EA@IMesh@@8     00119004     GameEngine:MeshComponent.obj
 0002:00000e20       ??_R4Rigidbody@@6B@        00119020     GameEngine:Rigidbody.obj
 0002:00000e34       ??_R3Rigidbody@@8          00119034     GameEngine:Rigidbody.obj
 0002:00000e44       ??_R2Rigidbody@@8          00119044     GameEngine:Rigidbody.obj
 0002:00000e50       ??_R1A@?0A@EA@Rigidbody@@8 00119050     GameEngine:Rigidbody.obj
 0002:00000e6c       ??_R4BoxCollider@@6B@      0011906c     GameEngine:BoxCollider.obj
 0002:00000e80       ??_R3BoxCollider@@8        00119080     GameEngine:BoxCollider.obj
 0002:00000e90       ??_R2BoxCollider@@8        00119090     GameEngine:BoxCollider.obj
 0002:00000e9c       ??_R1A@?0A@EA@BoxCollider@@8 0011909c     GameEngine:BoxCollider.obj
 0002:00000eb8       ??_R1A@?0A@EA@Collider@@8  001190b8     GameEngine:BoxCollider.obj
 0002:00000ed4       ??_R3Collider@@8           001190d4     GameEngine:BoxCollider.obj
 0002:00000ee4       ??_R2Collider@@8           001190e4     GameEngine:BoxCollider.obj
 0002:00000eec       ??_R4Collider@@6B@         001190ec     GameEngine:Collider.obj
 0002:00000f00       ??_R4E1000@@6B@            00119100     KERNEL:ne1000.obj
 0002:00000f14       ??_R3E1000@@8              00119114     KERNEL:ne1000.obj
 0002:00000f24       ??_R2E1000@@8              00119124     KERNEL:ne1000.obj
 0002:00000f30       ??_R1A@?0A@EA@E1000@@8     00119130     KERNEL:ne1000.obj
 0002:00000f4c       ??_R1A@?0A@EA@NetInterface@@8 0011914c     KERNEL:ne1000.obj
 0002:00000f68       ??_R3NetInterface@@8       00119168     KERNEL:ne1000.obj
 0002:00000f78       ??_R2NetInterface@@8       00119178     KERNEL:ne1000.obj
 0002:00000f80       ??_R4NetInterface@@6B@     00119180     KERNEL:netinterface.obj
 0002:00000f94       ??_R4type_info@@6B@        00119194     LIBCMT:std_type_info_static.obj
 0002:00000fa8       ??_R3type_info@@8          001191a8     LIBCMT:std_type_info_static.obj
 0002:00000fb8       ??_R2type_info@@8          001191b8     LIBCMT:std_type_info_static.obj
 0002:00000fc0       ??_R1A@?0A@EA@type_info@@8 001191c0     LIBCMT:std_type_info_static.obj
 0003:00000000       ?cursor_bitmap@gui@@3PAIA  00119400     GUI.obj
 0003:000001c0       ?col_taskbar@gui@@3IA      001195c0     GUI.obj
 0003:000001c4       ?col_desktop_bg@gui@@3IA   001195c4     GUI.obj
 0003:000001c8       ?count@@3HA                001195c8     Mandelbrot.obj
 0003:000001cc       ?col_background@gui@@3IA   001195cc     Window.obj
 0003:000001d0       ?col_foreground@gui@@3IA   001195d0     Window.obj
 0003:000001d4       ?col_title@gui@@3IA        001195d4     Window.obj
 0003:000031e0       ?acc@@3MA                  0011c5e0     3DGame:Thing.obj
 0003:000031e4       ?bound_tex@gl@@3HA         0011c5e4     GL:GL.obj
 0003:000031e8       ?__LINE__Var@?0???0GC@@QAE@XZ@4JA 0011c5e8     GL:GL.obj
 0003:000031ec       ?p4@@3MA                   0011c5ec     GameEngine:Engine.obj
 0003:000031f0       ?p5@@3MA                   0011c5f0     GameEngine:Engine.obj
 0003:000031f4       ?__LINE__Var@?0???0Manifold@@QAE@XZ@4JA 0011c5f4     GameEngine:Collision.obj
 0003:00004200       ?color@Debug@@2IA          0011d600     KERNEL:debug.obj
 0003:00004204       ?bcolor@Debug@@2IA         0011d604     KERNEL:debug.obj
 0003:00004208       __fltused                  0011d608     LIBCMT:fltused.obj
 0003:0000420c       ??_R0?AVControl@gui@@@8    0011d60c     Button.obj
 0003:00004228       ??_R0?AVButton@gui@@@8     0011d628     Button.obj
 0003:00004244       ??_R0?AVCanvas@gui@@@8     0011d644     Canvas.obj
 0003:00004260       ??_R0?AVLabel@gui@@@8      0011d660     Label.obj
 0003:00004278       ??_R0?AVTextBox@gui@@@8    0011d678     TextBox.obj
 0003:00004294       ??_R0?AVMyBox@@@8          0011d694     3DGame:MyBox.obj
 0003:000042a8       ??_R0?AVGameObject@@@8     0011d6a8     3DGame:MyBox.obj
 0003:000042c4       ??_R0?AVThing@@@8          0011d6c4     3DGame:Thing.obj
 0003:000042d8       ??_R0?AVCamera@@@8         0011d6d8     GameEngine:Camera.obj
 0003:000042f0       ??_R0?AVComponent@@@8      0011d6f0     GameEngine:Component.obj
 0003:00004308       ??_R0?AVMeshComponent@@@8  0011d708     GameEngine:MeshComponent.obj
 0003:00004324       ??_R0?AVIMesh@@@8          0011d724     GameEngine:MeshComponent.obj
 0003:00004338       ??_R0?AVRigidbody@@@8      0011d738     GameEngine:Rigidbody.obj
 0003:00004350       ??_R0?AVBoxCollider@@@8    0011d750     GameEngine:BoxCollider.obj
 0003:0000436c       ??_R0?AVCollider@@@8       0011d76c     GameEngine:BoxCollider.obj
 0003:00004384       ??_R0?AVE1000@@@8          0011d784     KERNEL:ne1000.obj
 0003:00004398       ??_R0?AVNetInterface@@@8   0011d798     KERNEL:ne1000.obj
 0003:000043b4       ??_R0?AVtype_info@@@8      0011d7b4     LIBCMT:std_type_info_static.obj
 0003:000043d0       ?_kernel_stack@@3PADA      0011d7d0     boot.obj
 0003:00006370       ?bmp_background@gui@@3PAUBMP@@A 0011f770     GUI.obj
 0003:00006374       ?window_count@gui@@3HA     0011f774     GUI.obj
 0003:00006378       ?first_window@gui@@3PAVWindow@1@A 0011f778     GUI.obj
 0003:0000637c       ?last_window@gui@@3PAVWindow@1@A 0011f77c     GUI.obj
 0003:00006380       ?focused_window@gui@@3PAVWindow@1@A 0011f780     GUI.obj
 0003:00006384       ?cursor_x@gui@@3HA         0011f784     GUI.obj
 0003:00006388       ?cursor_y@gui@@3HA         0011f788     GUI.obj
 0003:0000638c       ?mouse_click_L@gui@@3_NA   0011f78c     GUI.obj
 0003:0000638d       ?mouse_click_R@gui@@3_NA   0011f78d     GUI.obj
 0003:0000638e       ?mouse_click_M@gui@@3_NA   0011f78e     GUI.obj
 0003:0000638f       ?window_drag@gui@@3_NA     0011f78f     GUI.obj
 0003:00006390       ?mouse_click_L_info@gui@@3UMOUSE_CLICK_INFO@1@A 0011f790     GUI.obj
 0003:000063b0       ?mouse_click_R_info@gui@@3UMOUSE_CLICK_INFO@1@A 0011f7b0     GUI.obj
 0003:000063d0       ?mouse_click_M_info@gui@@3UMOUSE_CLICK_INFO@1@A 0011f7d0     GUI.obj
 0003:000063f0       ?window_drag_info@gui@@3UWINDOW_DRAG_INFO@1@A 0011f7f0     GUI.obj
 0003:000063fc       ?hover_window@gui@@3PAVWindow@1@A 0011f7fc     GUI.obj
 0003:00006400       ?hover_control@gui@@3PAVControl@1@A 0011f800     GUI.obj
 0003:00006404       ?gc_taskbar@gui@@3UGC@@A   0011f804     GUI.obj
 0003:0000641c       ?gc_background@gui@@3UGC@@A 0011f81c     GUI.obj
 0003:00006434       ?gc_cursor@gui@@3UGC@@A    0011f834     GUI.obj
 0003:0000644c       ?desc@@3PAUISO_PRIMARYDESC@@A 0011f84c     iso.obj
 0003:00006450       ?root@@3PAUISO_DIRECTORY@@A 0011f850     iso.obj
 0003:00006454       ?tz@@3UComplex@@A          0011f854     Mandelbrot.obj
 0003:00006460       ?arp_cache@ARP@@0PAUARP_TABLE_ENTRY@@A 0011f860     arp.obj
 0003:000065a0       ?dns_server@DNS@@2UIPv4Address@@A 0011f9a0     dns.obj
 0003:000065a8       ?dns_cache@DNS@@0PAUDNS_TABLE_ENTRY@@A 0011f9a8     dns.obj
 0003:000067a8       ?sessions@TCP@@2PAPAVTcpSession@@A 0011fba8     tcp.obj
 0003:00006828       ?tmp1@apps@@3PAVCanvas@gui@@A 0011fc28     TextEdit.obj
 0003:0000682c       ?tmp2@apps@@3PAVCanvas@gui@@A 0011fc2c     TextEdit.obj
 0003:00006830       ?socket@apps@@3PAVUdpSocket@@A 0011fc30     TextEdit.obj
 0003:00006834       ?rec_label@apps@@3PAVLabel@gui@@A 0011fc34     TextEdit.obj
 0003:00006838       ?sockets@@3PAPAVUdpSocket@@A 0011fc38     udp.obj
 0003:0000683c       ?gameGC@@3UGC@@A           0011fc3c     OS.obj
 0003:00006854       ?mod@@3PAVModel3D@@A       0011fc54     3DGame:MyBox.obj
 0003:00006858       ?img_buf@@3PADA            0011fc58     3DGame:MyBox.obj
 0003:0000685c       ?bmp@@3PAUBMP@@A           0011fc5c     3DGame:MyBox.obj
 0003:00006860       ?phys@@3PAVRigidbody@@A    0011fc60     3DGame:Thing.obj
 0003:00006864       ?vel@@3MA                  0011fc64     3DGame:Thing.obj
 0003:00006868       ?m_width@GL@gl@@2IA        0011fc68     GL:GL.obj
 0003:0000686c       ?m_height@GL@gl@@2IA       0011fc6c     GL:GL.obj
 0003:00006870       ?m_stride@GL@gl@@2IA       0011fc70     GL:GL.obj
 0003:00006874       ?m_textures@GL@gl@@2PAPAUBMP@@A 0011fc74     GL:GL.obj
 0003:00006878       ?tex_index@gl@@3HA         0011fc78     GL:GL.obj
 0003:0000687c       ?light_index@gl@@3HA       0011fc7c     GL:GL.obj
 0003:00006880       ?mat_mode@gl@@3W4GLMatrixMode@@A 0011fc80     GL:GL.obj
 0003:00006884       ?mat_stack@gl@@3PAUMatrix4@1@A 0011fc84     GL:GL.obj
 0003:00006888       ?mat_stack_index@gl@@3HA   0011fc88     GL:GL.obj
 0003:0000688c       ?vert_ptr@gl@@3PAUVertex@1@A 0011fc8c     GL:GL.obj
 0003:00006890       ?mat_viewmodel@gl@@3UMatrix4@1@A 0011fc90     GL:GL.obj
 0003:000068d0       ?lightsources@gl@@3PAUVector4@1@A 0011fcd0     GL:GL.obj
 0003:00006910       ?gc_out@GL@gl@@2UGC@@A     0011fd10     GL:GL.obj
 0003:00006928       ?gc_buf@GL@gl@@2UGC@@A     0011fd28     GL:GL.obj
 0003:00006940       ?mat_projection@gl@@3UMatrix4@1@A 0011fd40     GL:GL.obj
 0003:00006980       ?depth_buffer@Rasterizer@gl@@2PAMA 0011fd80     GL:Rasterizer.obj
 0003:00006984       ?p1@@3HA                   0011fd84     GameEngine:Engine.obj
 0003:00006988       ?p2@@3MA                   0011fd88     GameEngine:Engine.obj
 0003:0000698c       ?p3@@3MA                   0011fd8c     GameEngine:Engine.obj
 0003:00006990       ?ticks@@3HA                0011fd90     GameEngine:Engine.obj
 0003:00006994       ?totalFrames@@3HA          0011fd94     GameEngine:Engine.obj
 0003:00006998       ?startTicks@@3HA           0011fd98     GameEngine:Engine.obj
 0003:0000699c       ?BOOL1@@3_NA               0011fd9c     GameEngine:Engine.obj
 0003:000069a0       ?err@@3MA                  0011fda0     GameEngine:Engine.obj
 0003:000069a4       ?last_mouse_pos@@3UVector3@@A 0011fda4     GameEngine:Engine.obj
 0003:000069b0       ?_gc@@3UGC@@A              0011fdb0     GameEngine:Engine.obj
 0003:000069c8       ?n@@3HA                    0011fdc8     GameEngine:BoxCollider.obj
 0003:000069cc       ?c@@3UVector3@@A           0011fdcc     GameEngine:BoxCollider.obj
 0003:000069d8       ?v@@3UVector3@@A           0011fdd8     GameEngine:BoxCollider.obj
 0003:000069e4       ?d@@3UVector3@@A           0011fde4     GameEngine:BoxCollider.obj
 0003:000069f0       ?b@@3UVector3@@A           0011fdf0     GameEngine:BoxCollider.obj
 0003:00006a00       ?cols@@3PAUManifold@@A     0011fe00     GameEngine:Collision.obj
 0003:000079a0       ?mem_left@@3HA             00120da0     KERNEL:kernel.obj
 0003:000079a4       ?mem_ptr@@3PAEA            00120da4     KERNEL:kernel.obj
 0003:000079a8       ?idle_thread@@3PAVThread@@A 00120da8     KERNEL:task.obj
 0003:000079ac       ?current_thread@@3PAVThread@@A 00120dac     KERNEL:task.obj
 0003:000079b0       ?first_thread@@3PAVThread@@A 00120db0     KERNEL:task.obj
 0003:000079b4       ?last_thread@@3PAVThread@@A 00120db4     KERNEL:task.obj
 0003:000079b8       ?pit_isr@@3PAXA            00120db8     KERNEL:task.obj
 0003:000079bc       ?screenBuffer@@3PAIA       00120dbc     KERNEL:drawing.obj
 0003:000079c0       ?gc@Drawing@@2UGC@@A       00120dc0     KERNEL:drawing.obj
 0003:000079d8       ?gc_direct@Drawing@@2UGC@@A 00120dd8     KERNEL:drawing.obj
 0003:000079f0       ?x@Debug@@2HA              00120df0     KERNEL:debug.obj
 0003:000079f4       ?y@Debug@@2HA              00120df4     KERNEL:debug.obj
 0003:000079f8       ?ctrl@Keyboard@@2_NA       00120df8     KERNEL:keyboard.obj
 0003:000079f9       ?shift@Keyboard@@2_NA      00120df9     KERNEL:keyboard.obj
 0003:000079fa       ?alt@Keyboard@@2_NA        00120dfa     KERNEL:keyboard.obj
 0003:000079fb       ?caps@Keyboard@@2_NA       00120dfb     KERNEL:keyboard.obj
 0003:000079fc       ?num@Keyboard@@2_NA        00120dfc     KERNEL:keyboard.obj
 0003:000079fd       ?scroll@Keyboard@@2_NA     00120dfd     KERNEL:keyboard.obj
 0003:000079fe       ?extended@@3_NA            00120dfe     KERNEL:keyboard.obj
 0003:000079ff       ?scancode@@3EA             00120dff     KERNEL:keyboard.obj
 0003:00007a00       ?keystates@@3PA_NA         00120e00     KERNEL:keyboard.obj
 0003:00007aff       ?scan@@3EA                 00120eff     KERNEL:keyboard.obj
 0003:00007b00       ?last_key@@3UKEY_PACKET@@A 00120f00     KERNEL:keyboard.obj
 0003:00007b0c       ?pressed@@3_NA             00120f0c     KERNEL:keyboard.obj
 0003:00007b10       ?key@@3W4KEYCODE@@A        00120f10     KERNEL:keyboard.obj
 0003:00007b14       ?ticks@PIT@@2IA            00120f14     KERNEL:pit.obj
 0003:00007b18       ?x@Mouse@@2HA              00120f18     KERNEL:mouse.obj
 0003:00007b1c       ?y@Mouse@@2HA              00120f1c     KERNEL:mouse.obj
 0003:00007b20       ?sensitivity@Mouse@@2MA    00120f20     KERNEL:mouse.obj
 0003:00007b24       ?mouse_L@Mouse@@2_NA       00120f24     KERNEL:mouse.obj
 0003:00007b25       ?mouse_R@Mouse@@2_NA       00120f25     KERNEL:mouse.obj
 0003:00007b26       ?mouse_M@Mouse@@2_NA       00120f26     KERNEL:mouse.obj
 0003:00007b27       ?mouse_cycle@Mouse@@0EA    00120f27     KERNEL:mouse.obj
 0003:00007b28       ?scroll_x@Mouse@@2HA       00120f28     KERNEL:mouse.obj
 0003:00007b2c       ?scroll_y@Mouse@@2HA       00120f2c     KERNEL:mouse.obj
 0003:00007b30       ?w@Mouse@@0IA              00120f30     KERNEL:mouse.obj
 0003:00007b34       ?h@Mouse@@0IA              00120f34     KERNEL:mouse.obj
 0003:00007b38       ?mouse_byte@Mouse@@0PACA   00120f38     KERNEL:mouse.obj
 0003:00007b3c       ?initialized@Mouse@@0_NA   00120f3c     KERNEL:mouse.obj
 0003:00007b40       ?intf@KNet@@2PAVNetInterface@@A 00120f40     KERNEL:net.obj
 0003:00007b44       ?GatewayIPv4@KNet@@2UIPv4Address@@A 00120f44     KERNEL:net.obj
 0003:00007b48       ?GatewayMAC@KNet@@2UMacAddress@@A 00120f48     KERNEL:net.obj
 0003:00007b50       ?BroadcastMAC@KNet@@2UMacAddress@@A 00120f50     KERNEL:net.obj
 0003:00007b58       ?BroadcastIPv4@KNet@@2UIPv4Address@@A 00120f58     KERNEL:net.obj
 0003:00007b5c       ?NullMAC@KNet@@2UMacAddress@@A 00120f5c     KERNEL:net.obj
 0003:00007b64       ?NullIPv4@KNet@@2UIPv4Address@@A 00120f64     KERNEL:net.obj
 0003:00007b68       ?device@AC97@@2UAC97_DEVICE@@A 00120f68     KERNEL:ac97.obj
 0003:00007b7c       ?buf@@3PAEA                00120f7c     KERNEL:ac97.obj
 0003:00007b80       ?num_blocks@Memory@@2IA    00120f80     KERNEL:memory.obj
 0003:00007b84       ?num_free@Memory@@2IA      00120f84     KERNEL:memory.obj
 0003:00007b88       ?mem_size@Memory@@2IA      00120f88     KERNEL:memory.obj
 0003:00007b8c       ?mem_map@Memory@@0PAIA     00120f8c     KERNEL:memory.obj
 0003:00007b90       ?mode@VBE@@2UVBE_MODE_INFO@@A 00120f90     KERNEL:vbe.obj
 0003:00007c90       ?mem_base@@3PAIA           00121090     KERNEL:vbe.obj
 0003:00007c94       ?mem_max@@3PAIA            00121094     KERNEL:vbe.obj
 0003:00007c98       ?mem_size@@3IA             00121098     KERNEL:vbe.obj
 0003:00007c9c       ?bytes_per_pixel@@3IA      0012109c     KERNEL:vbe.obj
 0003:00007ca0       ?pixel_count@@3IA          001210a0     KERNEL:vbe.obj
 0003:00007ca4       ?global_e@E1000@@0PAV1@A   001210a4     KERNEL:ne1000.obj
 0003:00007ca8       ?idt@IDT@@0PAUIDT_DESCRIPTOR@@A 001210a8     KERNEL:idt.obj
 0003:000084a8       ?idt_reg@IDT@@0UIDT_REG@@A 001218a8     KERNEL:idt.obj

 entry point at        0000:00000000

 Static symbols

 0002:fffe7e00       __guard_fids__             00100000     LIBCMT:std_type_info_static.obj
 0001:fffffd08       $LN15                      00100108     GameEngine:Collider.obj
 0001:fffffd18       $LN24                      00100118     GameEngine:Collider.obj
 0001:fffffd24       $LN29                      00100124     GameEngine:Collider.obj
 0001:00000000       ??__Elightsources@gl@@YAXXZ 00100400 f   GL:GL.obj
 0001:00000030       ??__Emat_projection@gl@@YAXXZ 00100430 f   GL:GL.obj
 0001:00000040       ??__Emat_viewmodel@gl@@YAXXZ 00100440 f   GL:GL.obj
 0001:00000050       ??__Elast_mouse_pos@@YAXXZ 00100450 f   GameEngine:Engine.obj
 0001:00000060       ??__Eb@@YAXXZ              00100460 f   GameEngine:BoxCollider.obj
 0001:00000070       ??__Ec@@YAXXZ              00100470 f   GameEngine:BoxCollider.obj
 0001:00000080       ??__Ed@@YAXXZ              00100480 f   GameEngine:BoxCollider.obj
 0001:00000090       ??__Ev@@YAXXZ              00100490 f   GameEngine:BoxCollider.obj
 0001:000000a0       ??__Ecols@@YAXXZ           001004a0 f   GameEngine:Collision.obj
 0001:00000268       $LN11                      00100668     Button.obj
 0001:00003318       $LN28                      00103718     tcpsession.obj
 0001:000045ec       $LN55                      001049ec     Window.obj
 0001:0000cfb4       $LN29                      0010d3b4     GameEngine:BoxCollider.obj
 0001:0000d188       $LN15                      0010d588     GameEngine:BoxCollider.obj
 0001:0000d2b8       $LN24                      0010d6b8     GameEngine:BoxCollider.obj
 0001:0000e0b8       $LN70                      0010e4b8     GameEngine:BoxCollider.obj
 0001:00012d78       $LN49                      00113178     Lib:stdio.obj
 0001:00012d94       $LN44                      00113194     Lib:stdio.obj
 0001:00014468       $LN28                      00114868     KERNEL:debug.obj
 0001:00014684       $LN22                      00114a84     KERNEL:debug.obj
 0001:00014890       $LN64                      00114c90     KERNEL:keyboard.obj
 0001:000148a4       $LN61                      00114ca4     KERNEL:keyboard.obj
 0001:000148b0       $LN65                      00114cb0     KERNEL:keyboard.obj
 0001:000148e0       $LN66                      00114ce0     KERNEL:keyboard.obj
 0001:00014908       $LN67                      00114d08     KERNEL:keyboard.obj
 0001:00014940       $LN62                      00114d40     KERNEL:keyboard.obj
 0002:000005f0       ?scancodes@@3QBW4KEYCODE@@B 001187f0     KERNEL:keyboard.obj
 0003:000001d8       ?new_id@gui@@3HA           001195d8     Window.obj
 0003:000001e0       ?DEFAULT_FONT@@3PAEA       001195e0     3DGame:3DGame.obj
 0003:000011e0       ?DEFAULT_FONT@@3PAEA       0011a5e0     3DGame:MyBox.obj
 0003:000021e0       ?DEFAULT_FONT@@3PAEA       0011b5e0     3DGame:Thing.obj
 0003:000031f8       ?next@@3KA                 0011c5f8     Lib:math.obj
 0003:00003200       ?DEFAULT_FONT@@3PAEA       0011c600     KERNEL:drawing.obj
 0004:00000000       ?lightsources$initializer$@gl@@3P6AXXZA 00121a00     GL:GL.obj
 0004:00000004       ?mat_projection$initializer$@gl@@3P6AXXZA 00121a04     GL:GL.obj
 0004:00000008       ?mat_viewmodel$initializer$@gl@@3P6AXXZA 00121a08     GL:GL.obj
 0004:0000000c       ?last_mouse_pos$initializer$@@3P6AXXZA 00121a0c     GameEngine:Engine.obj
 0004:00000010       ?v$initializer$@@3P6AXXZA  00121a10     GameEngine:BoxCollider.obj
 0004:00000014       ?c$initializer$@@3P6AXXZA  00121a14     GameEngine:BoxCollider.obj
 0004:00000018       ?b$initializer$@@3P6AXXZA  00121a18     GameEngine:BoxCollider.obj
 0004:0000001c       ?d$initializer$@@3P6AXXZA  00121a1c     GameEngine:BoxCollider.obj
 0004:00000020       ?cols$initializer$@@3P6AXXZA 00121a20     GameEngine:Collision.obj
